Archive member included to satisfy reference by file (symbol)

/Applications/ArmGNUToolchain/12.2.rel1/arm-none-eabi/bin/../lib/gcc/arm-none-eabi/12.2.1/../../../../arm-none-eabi/lib/thumb/v7e-m+fp/hard/libc_nano.a(libc_a-atoi.o)
                              Debug/application.o (atoi)
/Applications/ArmGNUToolchain/12.2.rel1/arm-none-eabi/bin/../lib/gcc/arm-none-eabi/12.2.1/../../../../arm-none-eabi/lib/thumb/v7e-m+fp/hard/libc_nano.a(libc_a-snprintf.o)
                              Debug/application.o (snprintf)
/Applications/ArmGNUToolchain/12.2.rel1/arm-none-eabi/bin/../lib/gcc/arm-none-eabi/12.2.1/../../../../arm-none-eabi/lib/thumb/v7e-m+fp/hard/libc_nano.a(libc_a-sprintf.o)
                              Debug/application.o (sprintf)
/Applications/ArmGNUToolchain/12.2.rel1/arm-none-eabi/bin/../lib/gcc/arm-none-eabi/12.2.1/../../../../arm-none-eabi/lib/thumb/v7e-m+fp/hard/libc_nano.a(libc_a-strtol.o)
                              /Applications/ArmGNUToolchain/12.2.rel1/arm-none-eabi/bin/../lib/gcc/arm-none-eabi/12.2.1/../../../../arm-none-eabi/lib/thumb/v7e-m+fp/hard/libc_nano.a(libc_a-atoi.o) (_strtol_r)
/Applications/ArmGNUToolchain/12.2.rel1/arm-none-eabi/bin/../lib/gcc/arm-none-eabi/12.2.1/../../../../arm-none-eabi/lib/thumb/v7e-m+fp/hard/libc_nano.a(libc_a-memset.o)
                              Debug/application.o (memset)
/Applications/ArmGNUToolchain/12.2.rel1/arm-none-eabi/bin/../lib/gcc/arm-none-eabi/12.2.1/../../../../arm-none-eabi/lib/thumb/v7e-m+fp/hard/libc_nano.a(libc_a-impure.o)
                              /Applications/ArmGNUToolchain/12.2.rel1/arm-none-eabi/bin/../lib/gcc/arm-none-eabi/12.2.1/../../../../arm-none-eabi/lib/thumb/v7e-m+fp/hard/libc_nano.a(libc_a-snprintf.o) (_impure_ptr)
/Applications/ArmGNUToolchain/12.2.rel1/arm-none-eabi/bin/../lib/gcc/arm-none-eabi/12.2.1/../../../../arm-none-eabi/lib/thumb/v7e-m+fp/hard/libc_nano.a(libc_a-errno.o)
                              /Applications/ArmGNUToolchain/12.2.rel1/arm-none-eabi/bin/../lib/gcc/arm-none-eabi/12.2.1/../../../../arm-none-eabi/lib/thumb/v7e-m+fp/hard/libc_nano.a(libc_a-strtol.o) (__errno)
/Applications/ArmGNUToolchain/12.2.rel1/arm-none-eabi/bin/../lib/gcc/arm-none-eabi/12.2.1/../../../../arm-none-eabi/lib/thumb/v7e-m+fp/hard/libc_nano.a(libc_a-strcpy.o)
                              Debug/application.o (strcpy)
/Applications/ArmGNUToolchain/12.2.rel1/arm-none-eabi/bin/../lib/gcc/arm-none-eabi/12.2.1/../../../../arm-none-eabi/lib/thumb/v7e-m+fp/hard/libc_nano.a(libc_a-ctype_.o)
                              /Applications/ArmGNUToolchain/12.2.rel1/arm-none-eabi/bin/../lib/gcc/arm-none-eabi/12.2.1/../../../../arm-none-eabi/lib/thumb/v7e-m+fp/hard/libc_nano.a(libc_a-strtol.o) (_ctype_)
/Applications/ArmGNUToolchain/12.2.rel1/arm-none-eabi/bin/../lib/gcc/arm-none-eabi/12.2.1/../../../../arm-none-eabi/lib/thumb/v7e-m+fp/hard/libc_nano.a(libc_a-nano-svfprintf.o)
                              /Applications/ArmGNUToolchain/12.2.rel1/arm-none-eabi/bin/../lib/gcc/arm-none-eabi/12.2.1/../../../../arm-none-eabi/lib/thumb/v7e-m+fp/hard/libc_nano.a(libc_a-snprintf.o) (_svfprintf_r)
/Applications/ArmGNUToolchain/12.2.rel1/arm-none-eabi/bin/../lib/gcc/arm-none-eabi/12.2.1/../../../../arm-none-eabi/lib/thumb/v7e-m+fp/hard/libc_nano.a(libc_a-mallocr.o)
                              /Applications/ArmGNUToolchain/12.2.rel1/arm-none-eabi/bin/../lib/gcc/arm-none-eabi/12.2.1/../../../../arm-none-eabi/lib/thumb/v7e-m+fp/hard/libc_nano.a(libc_a-nano-svfprintf.o) (_malloc_r)
/Applications/ArmGNUToolchain/12.2.rel1/arm-none-eabi/bin/../lib/gcc/arm-none-eabi/12.2.1/../../../../arm-none-eabi/lib/thumb/v7e-m+fp/hard/libc_nano.a(libc_a-nano-vfprintf_i.o)
                              /Applications/ArmGNUToolchain/12.2.rel1/arm-none-eabi/bin/../lib/gcc/arm-none-eabi/12.2.1/../../../../arm-none-eabi/lib/thumb/v7e-m+fp/hard/libc_nano.a(libc_a-nano-svfprintf.o) (_printf_i)
/Applications/ArmGNUToolchain/12.2.rel1/arm-none-eabi/bin/../lib/gcc/arm-none-eabi/12.2.1/../../../../arm-none-eabi/lib/thumb/v7e-m+fp/hard/libc_nano.a(libc_a-mlock.o)
                              /Applications/ArmGNUToolchain/12.2.rel1/arm-none-eabi/bin/../lib/gcc/arm-none-eabi/12.2.1/../../../../arm-none-eabi/lib/thumb/v7e-m+fp/hard/libc_nano.a(libc_a-mallocr.o) (__malloc_lock)
/Applications/ArmGNUToolchain/12.2.rel1/arm-none-eabi/bin/../lib/gcc/arm-none-eabi/12.2.1/../../../../arm-none-eabi/lib/thumb/v7e-m+fp/hard/libc_nano.a(libc_a-reallocr.o)
                              /Applications/ArmGNUToolchain/12.2.rel1/arm-none-eabi/bin/../lib/gcc/arm-none-eabi/12.2.1/../../../../arm-none-eabi/lib/thumb/v7e-m+fp/hard/libc_nano.a(libc_a-nano-svfprintf.o) (_realloc_r)
/Applications/ArmGNUToolchain/12.2.rel1/arm-none-eabi/bin/../lib/gcc/arm-none-eabi/12.2.1/../../../../arm-none-eabi/lib/thumb/v7e-m+fp/hard/libc_nano.a(libc_a-memmove.o)
[...]
Memory Configuration

Name             Origin             Length             Attributes
RAM              0x0000000020000000 0x000000000001c000 xrw
*default*        0x0000000000000000 0xffffffffffffffff

Linker script and memory map

LOAD Debug/dispatch.o
LOAD Debug/TinyTimber.o
LOAD Debug/canTinyTimber.o
LOAD Debug/sciTinyTimber.o
LOAD Debug/sioTinyTimber.o
LOAD Debug/stm32f4xx_can.o
LOAD Debug/stm32f4xx_dac.o
LOAD Debug/stm32f4xx_exti.o
LOAD Debug/stm32f4xx_gpio.o
LOAD Debug/stm32f4xx_rcc.o
LOAD Debug/stm32f4xx_syscfg.o
LOAD Debug/stm32f4xx_tim.o
LOAD Debug/stm32f4xx_usart.o
LOAD Debug/startup.o
LOAD Debug/application.o
LOAD /Applications/ArmGNUToolchain/12.2.rel1/arm-none-eabi/bin/../lib/gcc/arm-none-eabi/12.2.1/../../../../arm-none-eabi/lib/thumb/v7e-m+fp/hard/libstdc++_nano.a
LOAD /Applications/ArmGNUToolchain/12.2.rel1/arm-none-eabi/bin/../lib/gcc/arm-none-eabi/12.2.1/../../../../arm-none-eabi/lib/thumb/v7e-m+fp/hard/libm.a
START GROUP
LOAD /Applications/ArmGNUToolchain/12.2.rel1/arm-none-eabi/bin/../lib/gcc/arm-none-eabi/12.2.1/thumb/v7e-m+fp/hard/libgcc.a
LOAD /Applications/ArmGNUToolchain/12.2.rel1/arm-none-eabi/bin/../lib/gcc/arm-none-eabi/12.2.1/../../../../arm-none-eabi/lib/thumb/v7e-m+fp/hard/libc_nano.a
END GROUP
START GROUP
LOAD /Applications/ArmGNUToolchain/12.2.rel1/arm-none-eabi/bin/../lib/gcc/arm-none-eabi/12.2.1/thumb/v7e-m+fp/hard/libgcc.a
LOAD /Applications/ArmGNUToolchain/12.2.rel1/arm-none-eabi/bin/../lib/gcc/arm-none-eabi/12.2.1/../../../../arm-none-eabi/lib/thumb/v7e-m+fp/hard/libc_nano.a
END GROUP

.text           0x0000000020000000     0x96f8
                0x0000000020000000                . = ALIGN (0x4)
 *(.start_section)
 .start_section
                0x0000000020000000       0x1c Debug/startup.o
                0x0000000020000000                startup
 *(.text)
 .text          0x000000002000001c       0xf4 Debug/dispatch.o
                0x000000002000001c                vect_SVCall
                0x0000000020000020                vect_PendSV
 .text          0x0000000020000110      0xf54 Debug/TinyTimber.o
                0x0000000020000198                DUMP
                0x00000000200001d2                DUMPH
                0x0000000020000230                DUMPD
                0x00000000200002d4                sei
                0x00000000200002f2                cli
                0x0000000020000310                _sbrk
                0x0000000020000354                SETSTACK
                0x00000000200003bc                SETPC
                0x00000000200003e0                TIMER_INIT
                0x0000000020000478                DUMPC
                0x00000000200004ac                vect_USART1
                0x0000000020000514                vect_CAN1
                0x000000002000057c                vect_EXTI9_5
                0x00000000200005e4                enqueueByDeadline
                0x000000002000063c                enqueueByBaseline
                0x0000000020000694                dequeue
                0x00000000200006e4                dequeue_pool
                0x0000000020000734                insert
                0x0000000020000758                push
                0x000000002000077c                pop
                0x00000000200007fe                vect_TIM5
                0x0000000020000890                __svc_dispatch
                0x00000000200008a0                __pendSV_dispatch
                0x0000000020000a10                async
                0x0000000020000b4c                sync
                0x0000000020000c58                ABORT
                0x0000000020000d0c                T_RESET
                0x0000000020000d48                T_SAMPLE
                0x0000000020000d88                CURRENT_OFFSET
                0x0000000020000f34                install
                0x0000000020001000                tinytimber
 .text          0x0000000020001064      0x444 Debug/canTinyTimber.o
                0x00000000200010ec                can_init
                0x00000000200011ac                can_interrupt
                0x0000000020001334                can_receive
                0x00000000200013fe                can_send
 .text          0x00000000200014a8      0x294 Debug/sciTinyTimber.o
                0x0000000020001530                sci_init
                0x00000000200015d6                sci_write
                0x000000002000162c                sci_writechar
                0x0000000020001662                sci_interrupt
 .text          0x000000002000173c      0x1b0 Debug/sioTinyTimber.o
                0x00000000200017c4                sio_init
                0x00000000200017f4                sio_read
                0x0000000020001814                sio_write
                0x0000000020001836                sio_toggle
                0x0000000020001854                sio_trig
                0x0000000020001894                sio_interrupt
 .text          0x00000000200018ec     0x11b4 Debug/stm32f4xx_can.o
                0x00000000200018ec                CAN_DeInit
                0x0000000020001934                CAN_Init
                0x0000000020001ad6                CAN_FilterInit
                0x0000000020001c5c                CAN_StructInit
                0x0000000020001cb2                CAN_SlaveStartBank
                0x0000000020001d14                CAN_DBGFreeze
                0x0000000020001d4c                CAN_TTComModeCmd
                0x0000000020001de4                CAN_Transmit
                0x0000000020001f86                CAN_TransmitStatus
                0x000000002000208c                CAN_CancelTransmit
                0x00000000200020e4                CAN_Receive
                0x0000000020002260                CAN_FIFORelease
                0x0000000020002298                CAN_MessagePending
                0x00000000200022e2                CAN_OperatingModeRequest
                0x00000000200023de                CAN_Sleep
                0x0000000020002418                CAN_WakeUp
                0x000000002000246e                CAN_GetLastErrorCode
                0x0000000020002494                CAN_GetReceiveErrorCounter
                0x00000000200024b6                CAN_GetLSBTransmitErrorCounter
                0x00000000200024d8                CAN_ITConfig
                0x0000000020002514                CAN_GetFlagStatus
                0x00000000200025e2                CAN_ClearFlag
                0x0000000020002654                CAN_GetITStatus
                0x00000000200028b8                CAN_ClearITPendingBit
 .text          0x0000000020002aa0      0x450 Debug/stm32f4xx_dac.o
                0x0000000020002aa0                DAC_DeInit
                0x0000000020002abc                DAC_Init
                0x0000000020002b24                DAC_StructInit
                0x0000000020002b50                DAC_Cmd
                0x0000000020002b9c                DAC_SoftwareTriggerCmd
                0x0000000020002bec                DAC_DualSoftwareTriggerCmd
                0x0000000020002c28                DAC_WaveGenerationCmd
                0x0000000020002c74                DAC_SetChannel1Data
                0x0000000020002cac                DAC_SetChannel2Data
                0x0000000020002ce4                DAC_SetDualChannelData
                0x0000000020002d3c                DAC_GetDataOutputValue
                0x0000000020002d70                DAC_DMACmd
                0x0000000020002dc0                DAC_ITConfig
                0x0000000020002e0c                DAC_GetFlagStatus
                0x0000000020002e48                DAC_ClearFlag
                0x0000000020002e70                DAC_GetITStatus
                0x0000000020002ec8                DAC_ClearITPendingBit
 .text          0x0000000020002ef0      0x210 Debug/stm32f4xx_exti.o
                0x0000000020002ef0                EXTI_DeInit
                0x0000000020002f24                EXTI_Init
                0x0000000020003008                EXTI_StructInit
                0x0000000020003034                EXTI_GenerateSWInterrupt
                0x0000000020003058                EXTI_GetFlagStatus
                0x000000002000308c                EXTI_ClearFlag
                0x00000000200030ac                EXTI_GetITStatus
                0x00000000200030e0                EXTI_ClearITPendingBit
 .text          0x0000000020003100      0x4d8 Debug/stm32f4xx_gpio.o
                0x0000000020003100                GPIO_DeInit
                0x0000000020003264                GPIO_Init
                0x0000000020003382                GPIO_StructInit
                0x00000000200033b6                GPIO_PinLockConfig
                0x00000000200033fa                GPIO_ReadInputDataBit
                0x000000002000342e                GPIO_ReadInputData
                0x0000000020003448                GPIO_ReadOutputDataBit
                0x000000002000347c                GPIO_ReadOutputData
                0x0000000020003496                GPIO_SetBits
                0x00000000200034b4                GPIO_ResetBits
                0x00000000200034d2                GPIO_WriteBit
                0x0000000020003502                GPIO_Write
                0x0000000020003520                GPIO_ToggleBits
                0x0000000020003544                GPIO_PinAFConfig
 .text          0x00000000200035d8      0xcb0 Debug/stm32f4xx_rcc.o
                0x00000000200035d8                RCC_DeInit
                0x0000000020003648                RCC_HSEConfig
                0x0000000020003670                RCC_WaitForHSEStartUp
                0x00000000200036c0                RCC_AdjustHSICalibrationValue
                0x00000000200036fc                RCC_HSICmd
                0x000000002000371c                RCC_LSEConfig
                0x0000000020003760                RCC_LSICmd
                0x0000000020003780                RCC_PLLConfig
                0x00000000200037c0                RCC_PLLCmd
                0x00000000200037e0                RCC_PLLI2SConfig
                0x000000002000380c                RCC_PLLI2SCmd
                0x000000002000382c                RCC_PLLSAIConfig
                0x0000000020003860                RCC_PLLSAICmd
                0x0000000020003880                RCC_ClockSecuritySystemCmd
                0x00000000200038a0                RCC_MCO1Config
                0x00000000200038e0                RCC_MCO2Config
                0x0000000020003920                RCC_SYSCLKConfig
                0x0000000020003958                RCC_GetSYSCLKSource
                0x0000000020003978                RCC_HCLKConfig
                0x00000000200039b0                RCC_PCLK1Config
                0x00000000200039e8                RCC_PCLK2Config
                0x0000000020003a24                RCC_GetClocksFreq
                0x0000000020003b80                RCC_RTCCLKConfig
                0x0000000020003bdc                RCC_RTCCLKCmd
                0x0000000020003bfc                RCC_BackupResetCmd
                0x0000000020003c1c                RCC_I2SCLKConfig
                0x0000000020003c3c                RCC_SAIPLLI2SClkDivConfig
                0x0000000020003c7c                RCC_SAIPLLSAIClkDivConfig
                0x0000000020003cbc                RCC_SAIBlockACLKConfig
                0x0000000020003cf8                RCC_SAIBlockBCLKConfig
                0x0000000020003d34                RCC_LTDCCLKDivConfig
                0x0000000020003d70                RCC_TIMCLKPresConfig
                0x0000000020003d90                RCC_AHB1PeriphClockCmd
                0x0000000020003dd0                RCC_AHB2PeriphClockCmd
                0x0000000020003e10                RCC_AHB3PeriphClockCmd
                0x0000000020003e50                RCC_APB1PeriphClockCmd
                0x0000000020003e90                RCC_APB2PeriphClockCmd
                0x0000000020003ed0                RCC_AHB1PeriphResetCmd
                0x0000000020003f10                RCC_AHB2PeriphResetCmd
                0x0000000020003f50                RCC_AHB3PeriphResetCmd
                0x0000000020003f90                RCC_APB1PeriphResetCmd
                0x0000000020003fd0                RCC_APB2PeriphResetCmd
                0x0000000020004010                RCC_AHB1PeriphClockLPModeCmd
                0x0000000020004050                RCC_AHB2PeriphClockLPModeCmd
                0x0000000020004090                RCC_AHB3PeriphClockLPModeCmd
                0x00000000200040d0                RCC_APB1PeriphClockLPModeCmd
                0x0000000020004110                RCC_APB2PeriphClockLPModeCmd
                0x0000000020004150                RCC_ITConfig
                0x000000002000419c                RCC_GetFlagStatus
                0x0000000020004210                RCC_ClearFlag
                0x0000000020004230                RCC_GetITStatus
                0x0000000020004268                RCC_ClearITPendingBit
 .text          0x0000000020004288      0x154 Debug/stm32f4xx_syscfg.o
                0x0000000020004288                SYSCFG_DeInit
                0x00000000200042a4                SYSCFG_MemoryRemapConfig
                0x00000000200042c4                SYSCFG_MemorySwappingBank
                0x00000000200042e4                SYSCFG_EXTILineConfig
                0x0000000020004368                SYSCFG_ETH_MediaInterfaceConfig
                0x0000000020004388                SYSCFG_CompensationCellCmd
                0x00000000200043a8                SYSCFG_GetCompensationCellStatus
 .text          0x00000000200043dc     0x1c1c Debug/stm32f4xx_tim.o
                0x00000000200043dc                TIM_DeInit
                0x000000002000459c                TIM_TimeBaseInit
                0x0000000020004674                TIM_TimeBaseStructInit
                0x00000000200046a8                TIM_PrescalerConfig
                0x00000000200046d0                TIM_CounterModeConfig
                0x0000000020004708                TIM_SetCounter
                0x0000000020004724                TIM_SetAutoreload
                0x0000000020004740                TIM_GetCounter
                0x0000000020004758                TIM_GetPrescaler
                0x0000000020004772                TIM_UpdateDisableConfig
                0x00000000200047b2                TIM_UpdateRequestConfig
                0x00000000200047f2                TIM_ARRPreloadConfig
                0x0000000020004832                TIM_SelectOnePulseMode
                0x000000002000486a                TIM_SetClockDivision
                0x00000000200048a2                TIM_Cmd
                0x00000000200048e2                TIM_OC1Init
                0x00000000200049d8                TIM_OC2Init
                0x0000000020004ae8                TIM_OC3Init
                0x0000000020004bf4                TIM_OC4Init
                0x0000000020004cc4                TIM_OCStructInit
                0x0000000020004d08                TIM_SelectOCxM
                0x0000000020004dbe                TIM_SetCompare1
                0x0000000020004dda                TIM_SetCompare2
                0x0000000020004df6                TIM_SetCompare3
                0x0000000020004e12                TIM_SetCompare4
                0x0000000020004e2e                TIM_ForcedOC1Config
                0x0000000020004e66                TIM_ForcedOC2Config
                0x0000000020004ea2                TIM_ForcedOC3Config
                0x0000000020004eda                TIM_ForcedOC4Config
                0x0000000020004f16                TIM_OC1PreloadConfig
                0x0000000020004f4e                TIM_OC2PreloadConfig
                0x0000000020004f8a                TIM_OC3PreloadConfig
                0x0000000020004fc2                TIM_OC4PreloadConfig
                0x0000000020004ffe                TIM_OC1FastConfig
                0x0000000020005036                TIM_OC2FastConfig
                0x0000000020005072                TIM_OC3FastConfig
                0x00000000200050aa                TIM_OC4FastConfig
                0x00000000200050e6                TIM_ClearOC1Ref
                0x000000002000511e                TIM_ClearOC2Ref
                0x000000002000515a                TIM_ClearOC3Ref
                0x0000000020005192                TIM_ClearOC4Ref
                0x00000000200051ce                TIM_OC1PolarityConfig
                0x0000000020005206                TIM_OC1NPolarityConfig
                0x000000002000523e                TIM_OC2PolarityConfig
                0x000000002000527a                TIM_OC2NPolarityConfig
                0x00000000200052b6                TIM_OC3PolarityConfig
                0x00000000200052f2                TIM_OC3NPolarityConfig
                0x000000002000532e                TIM_OC4PolarityConfig
                0x000000002000536a                TIM_CCxCmd
                0x00000000200053c0                TIM_CCxNCmd
                0x0000000020005416                TIM_ICInit
                0x00000000200054be                TIM_ICStructInit
                0x00000000200054f0                TIM_PWMIConfig
                0x00000000200055a8                TIM_GetCapture1
                0x00000000200055c0                TIM_GetCapture2
                0x00000000200055d8                TIM_GetCapture3
                0x00000000200055f0                TIM_GetCapture4
                0x0000000020005608                TIM_SetIC1Prescaler
                0x0000000020005640                TIM_SetIC2Prescaler
                0x000000002000567c                TIM_SetIC3Prescaler
                0x00000000200056b4                TIM_SetIC4Prescaler
                0x00000000200056f0                TIM_BDTRConfig
                0x0000000020005740                TIM_BDTRStructInit
                0x000000002000577e                TIM_CtrlPWMOutputs
                0x00000000200057ca                TIM_SelectCOM
                0x000000002000580a                TIM_CCPreloadControl
                0x000000002000584a                TIM_ITConfig
                0x0000000020005892                TIM_GenerateEvent
                0x00000000200058b0                TIM_GetFlagStatus
                0x00000000200058e8                TIM_ClearFlag
                0x000000002000590a                TIM_GetITStatus
                0x000000002000595e                TIM_ClearITPendingBit
                0x0000000020005980                TIM_DMAConfig
                0x00000000200059aa                TIM_DMACmd
                0x00000000200059f2                TIM_SelectCCDMA
                0x0000000020005a32                TIM_InternalClockConfig
                0x0000000020005a56                TIM_ITRxExternalClockConfig
                0x0000000020005a84                TIM_TIxExternalClockConfig
                0x0000000020005ae0                TIM_ETRClockMode1Config
                0x0000000020005b3e                TIM_ETRClockMode2Config
                0x0000000020005b7c                TIM_SelectInputTrigger
                0x0000000020005bb4                TIM_SelectOutputTrigger
                0x0000000020005bec                TIM_SelectSlaveMode
                0x0000000020005c24                TIM_SelectMasterSlaveMode
                0x0000000020005c5c                TIM_ETRConfig
                0x0000000020005cb0                TIM_EncoderInterfaceConfig
                0x0000000020005d48                TIM_SelectHallSensor
                0x0000000020005d88                TIM_RemapConfig
 .text          0x0000000020005ff8      0x970 Debug/stm32f4xx_usart.o
                0x0000000020005ff8                USART_DeInit
                0x0000000020006110                USART_Init
                0x0000000020006284                USART_StructInit
                0x00000000200062be                USART_ClockInit
                0x0000000020006314                USART_ClockStructInit
                0x0000000020006340                USART_Cmd
                0x0000000020006380                USART_SetPrescaler
                0x00000000200063ba                USART_OverSampling8Cmd
                0x00000000200063fe                USART_OneBitMethodCmd
                0x000000002000643e                USART_SendData
                0x0000000020006462                USART_ReceiveData
                0x0000000020006482                USART_SetAddress
                0x00000000200064bc                USART_ReceiverWakeUpCmd
                0x00000000200064fc                USART_WakeUpConfig
                0x0000000020006534                USART_LINBreakDetectLengthConfig
                0x000000002000656c                USART_LINCmd
                0x00000000200065ac                USART_SendBreak
                0x00000000200065d0                USART_HalfDuplexCmd
                0x0000000020006610                USART_SetGuardTime
                0x000000002000664c                USART_SmartCardCmd
                0x000000002000668c                USART_SmartCardNACKCmd
                0x00000000200066cc                USART_IrDAConfig
                0x0000000020006704                USART_IrDACmd
                0x0000000020006744                USART_DMACmd
                0x000000002000678c                USART_ITConfig
                0x000000002000681c                USART_GetFlagStatus
                0x0000000020006854                USART_ClearFlag
                0x0000000020006876                USART_GetITStatus
                0x000000002000692c                USART_ClearITPendingBit
 .text          0x0000000020006968      0x32c Debug/startup.o
 .text          0x0000000020006c94     0x1578 Debug/application.o
                0x0000000020006c94                playMelody
                0x0000000020006e10                start
                0x0000000020006ea4                stop
                0x0000000020006ec0                enablePlay
                0x0000000020006edc                lowerVolume
                0x0000000020006f08                raiseVolume
                0x0000000020006f34                mute
                0x0000000020006f68                setPeriod
                0x0000000020006f84                conductor
                0x0000000020007444                loopConductor
                0x00000000200077e8                receiver
                0x00000000200079f4                loopReceiver
                0x0000000020007b5c                buttonOld
                0x0000000020007c74                buttonOld2
                0x0000000020007dbc                button
                0x0000000020008008                averageTempo
                0x0000000020008090                validTempoBurst
                0x0000000020008108                checkLongPress
                0x000000002000815c                main
                0x00000000200081b0                startApp
 .text          0x000000002000820c        0x0 /Applications/ArmGNUToolchain/12.2.rel1/arm-none-eabi/bin/../lib/gcc/arm-none-eabi/12.2.1/../../../../arm-none-eabi/lib/thumb/v7e-m+fp/hard/libc_nano.a(libc_a-atoi.o)
 .text          0x000000002000820c        0x0 /Applications/ArmGNUToolchain/12.2.rel1/arm-none-eabi/bin/../lib/gcc/arm-none-eabi/12.2.1/../../../../arm-none-eabi/lib/thumb/v7e-m+fp/hard/libc_nano.a(libc_a-snprintf.o)
 .text          0x000000002000820c        0x0 /Applications/ArmGNUToolchain/12.2.rel1/arm-none-eabi/bin/../lib/gcc/arm-none-eabi/12.2.1/../../../../arm-none-eabi/lib/thumb/v7e-m+fp/hard/libc_nano.a(libc_a-sprintf.o)
 .text          0x000000002000820c        0x0 /Applications/ArmGNUToolchain/12.2.rel1/arm-none-eabi/bin/../lib/gcc/arm-none-eabi/12.2.1/../../../../arm-none-eabi/lib/thumb/v7e-m+fp/hard/libc_nano.a(libc_a-strtol.o)
 .text          0x000000002000820c        0x0 /Applications/ArmGNUToolchain/12.2.rel1/arm-none-eabi/bin/../lib/gcc/arm-none-eabi/12.2.1/../../../../arm-none-eabi/lib/thumb/v7e-m+fp/hard/libc_nano.a(libc_a-memset.o)
 .text          0x000000002000820c        0x0 /Applications/ArmGNUToolchain/12.2.rel1/arm-none-eabi/bin/../lib/gcc/arm-none-eabi/12.2.1/../../../../arm-none-eabi/lib/thumb/v7e-m+fp/hard/libc_nano.a(libc_a-impure.o)
 .text          0x000000002000820c        0x0 /Applications/ArmGNUToolchain/12.2.rel1/arm-none-eabi/bin/../lib/gcc/arm-none-eabi/12.2.1/../../../../arm-none-eabi/lib/thumb/v7e-m+fp/hard/libc_nano.a(libc_a-errno.o)
 .text          0x000000002000820c        0x0 /Applications/ArmGNUToolchain/12.2.rel1/arm-none-eabi/bin/../lib/gcc/arm-none-eabi/12.2.1/../../../../arm-none-eabi/lib/thumb/v7e-m+fp/hard/libc_nano.a(libc_a-strcpy.o)
 .text          0x000000002000820c        0x0 /Applications/ArmGNUToolchain/12.2.rel1/arm-none-eabi/bin/../lib/gcc/arm-none-eabi/12.2.1/../../../../arm-none-eabi/lib/thumb/v7e-m+fp/hard/libc_nano.a(libc_a-ctype_.o)
 .text          0x000000002000820c        0x0 /Applications/ArmGNUToolchain/12.2.rel1/arm-none-eabi/bin/../lib/gcc/arm-none-eabi/12.2.1/../../../../arm-none-eabi/lib/thumb/v7e-m+fp/hard/libc_nano.a(libc_a-nano-svfprintf.o)
 .text          0x000000002000820c        0x0 /Applications/ArmGNUToolchain/12.2.rel1/arm-none-eabi/bin/../lib/gcc/arm-none-eabi/12.2.1/../../../../arm-none-eabi/lib/thumb/v7e-m+fp/hard/libc_nano.a(libc_a-mallocr.o)
 .text          0x000000002000820c        0x0 /Applications/ArmGNUToolchain/12.2.rel1/arm-none-eabi/bin/../lib/gcc/arm-none-eabi/12.2.1/../../../../arm-none-eabi/lib/thumb/v7e-m+fp/hard/libc_nano.a(libc_a-nano-vfprintf_i.o)
 .text          0x000000002000820c        0x0 /Applications/ArmGNUToolchain/12.2.rel1/arm-none-eabi/bin/../lib/gcc/arm-none-eabi/12.2.1/../../../../arm-none-eabi/lib/thumb/v7e-m+fp/hard/libc_nano.a(libc_a-mlock.o)
 .text          0x000000002000820c        0x0 /Applications/ArmGNUToolchain/12.2.rel1/arm-none-eabi/bin/../lib/gcc/arm-none-eabi/12.2.1/../../../../arm-none-eabi/lib/thumb/v7e-m+fp/hard/libc_nano.a(libc_a-reallocr.o)
 .text          0x000000002000820c        0x0 /Applications/ArmGNUToolchain/12.2.rel1/arm-none-eabi/bin/../lib/gcc/arm-none-eabi/12.2.1/../../../../arm-none-eabi/lib/thumb/v7e-m+fp/hard/libc_nano.a(libc_a-memmove.o)
 .text          0x000000002000820c        0x0 /Applications/ArmGNUToolchain/12.2.rel1/arm-none-eabi/bin/../lib/gcc/arm-none-eabi/12.2.1/../../../../arm-none-eabi/lib/thumb/v7e-m+fp/hard/libc_nano.a(libc_a-sbrkr.o)
 .text          0x000000002000820c        0x0 /Applications/ArmGNUToolchain/12.2.rel1/arm-none-eabi/bin/../lib/gcc/arm-none-eabi/12.2.1/../../../../arm-none-eabi/lib/thumb/v7e-m+fp/hard/libc_nano.a(libc_a-lock.o)
 *fill*         0x000000002000820c        0x4 
 .text          0x0000000020008210       0xa0 /Applications/ArmGNUToolchain/12.2.rel1/arm-none-eabi/bin/../lib/gcc/arm-none-eabi/12.2.1/../../../../arm-none-eabi/lib/thumb/v7e-m+fp/hard/libc_nano.a(libc_a-memchr.o)
                0x0000000020008210                memchr
 .text          0x00000000200082b0        0x0 /Applications/ArmGNUToolchain/12.2.rel1/arm-none-eabi/bin/../lib/gcc/arm-none-eabi/12.2.1/../../../../arm-none-eabi/lib/thumb/v7e-m+fp/hard/libc_nano.a(libc_a-memcpy-stub.o)
 .text          0x00000000200082b0        0x0 /Applications/ArmGNUToolchain/12.2.rel1/arm-none-eabi/bin/../lib/gcc/arm-none-eabi/12.2.1/../../../../arm-none-eabi/lib/thumb/v7e-m+fp/hard/libc_nano.a(libc_a-freer.o)
 .text          0x00000000200082b0        0x0 /Applications/ArmGNUToolchain/12.2.rel1/arm-none-eabi/bin/../lib/gcc/arm-none-eabi/12.2.1/../../../../arm-none-eabi/lib/thumb/v7e-m+fp/hard/libc_nano.a(libc_a-msizer.o)
 .text          0x00000000200082b0        0x0 /Applications/ArmGNUToolchain/12.2.rel1/arm-none-eabi/bin/../lib/gcc/arm-none-eabi/12.2.1/../../../../arm-none-eabi/lib/thumb/v7e-m+fp/hard/libc_nano.a(libc_a-reent.o)
 *(.text.*)
 .text.atoi     0x00000000200082b0        0x8 /Applications/ArmGNUToolchain/12.2.rel1/arm-none-eabi/bin/../lib/gcc/arm-none-eabi/12.2.1/../../../../arm-none-eabi/lib/thumb/v7e-m+fp/hard/libc_nano.a(libc_a-atoi.o)
                0x00000000200082b0                atoi
 .text._atoi_r  0x00000000200082b8        0x8 /Applications/ArmGNUToolchain/12.2.rel1/arm-none-eabi/bin/../lib/gcc/arm-none-eabi/12.2.1/../../../../arm-none-eabi/lib/thumb/v7e-m+fp/hard/libc_nano.a(libc_a-atoi.o)
                0x00000000200082b8                _atoi_r
 .text._snprintf_r
                0x00000000200082c0       0x5e /Applications/ArmGNUToolchain/12.2.rel1/arm-none-eabi/bin/../lib/gcc/arm-none-eabi/12.2.1/../../../../arm-none-eabi/lib/thumb/v7e-m+fp/hard/libc_nano.a(libc_a-snprintf.o)
                0x00000000200082c0                _sniprintf_r
                0x00000000200082c0                _snprintf_r
 *fill*         0x000000002000831e        0x2 
 .text.snprintf
                0x0000000020008320       0x68 /Applications/ArmGNUToolchain/12.2.rel1/arm-none-eabi/bin/../lib/gcc/arm-none-eabi/12.2.1/../../../../arm-none-eabi/lib/thumb/v7e-m+fp/hard/libc_nano.a(libc_a-snprintf.o)
                0x0000000020008320                snprintf
                0x0000000020008320                sniprintf
 .text._sprintf_r
                0x0000000020008388       0x38 /Applications/ArmGNUToolchain/12.2.rel1/arm-none-eabi/bin/../lib/gcc/arm-none-eabi/12.2.1/../../../../arm-none-eabi/lib/thumb/v7e-m+fp/hard/libc_nano.a(libc_a-sprintf.o)
                0x0000000020008388                _siprintf_r
                0x0000000020008388                _sprintf_r
 .text.sprintf  0x00000000200083c0       0x40 /Applications/ArmGNUToolchain/12.2.rel1/arm-none-eabi/bin/../lib/gcc/arm-none-eabi/12.2.1/../../../../arm-none-eabi/lib/thumb/v7e-m+fp/hard/libc_nano.a(libc_a-sprintf.o)
                0x00000000200083c0                sprintf
                0x00000000200083c0                siprintf
 .text._strtol_l.constprop.0
                0x0000000020008400       0xfc /Applications/ArmGNUToolchain/12.2.rel1/arm-none-eabi/bin/../lib/gcc/arm-none-eabi/12.2.1/../../../../arm-none-eabi/lib/thumb/v7e-m+fp/hard/libc_nano.a(libc_a-strtol.o)
 .text._strtol_r
                0x00000000200084fc        0x4 /Applications/ArmGNUToolchain/12.2.rel1/arm-none-eabi/bin/../lib/gcc/arm-none-eabi/12.2.1/../../../../arm-none-eabi/lib/thumb/v7e-m+fp/hard/libc_nano.a(libc_a-strtol.o)
                0x00000000200084fc                _strtol_r
 .text.strtol_l
                0x0000000020008500       0x14 /Applications/ArmGNUToolchain/12.2.rel1/arm-none-eabi/bin/../lib/gcc/arm-none-eabi/12.2.1/../../../../arm-none-eabi/lib/thumb/v7e-m+fp/hard/libc_nano.a(libc_a-strtol.o)
                0x0000000020008500                strtol_l
 .text.strtol   0x0000000020008514       0x14 /Applications/ArmGNUToolchain/12.2.rel1/arm-none-eabi/bin/../lib/gcc/arm-none-eabi/12.2.1/../../../../arm-none-eabi/lib/thumb/v7e-m+fp/hard/libc_nano.a(libc_a-strtol.o)
                0x0000000020008514                strtol
 .text.memset   0x0000000020008528       0x10 /Applications/ArmGNUToolchain/12.2.rel1/arm-none-eabi/bin/../lib/gcc/arm-none-eabi/12.2.1/../../../../arm-none-eabi/lib/thumb/v7e-m+fp/hard/libc_nano.a(libc_a-memset.o)
                0x0000000020008528                memset
 .text.__errno  0x0000000020008538        0xc /Applications/ArmGNUToolchain/12.2.rel1/arm-none-eabi/bin/../lib/gcc/arm-none-eabi/12.2.1/../../../../arm-none-eabi/lib/thumb/v7e-m+fp/hard/libc_nano.a(libc_a-errno.o)
                0x0000000020008538                __errno
 .text.strcpy   0x0000000020008544       0x10 /Applications/ArmGNUToolchain/12.2.rel1/arm-none-eabi/bin/../lib/gcc/arm-none-eabi/12.2.1/../../../../arm-none-eabi/lib/thumb/v7e-m+fp/hard/libc_nano.a(libc_a-strcpy.o)
                0x0000000020008544                strcpy
 .text.__ssputs_r
                0x0000000020008554       0xb6 /Applications/ArmGNUToolchain/12.2.rel1/arm-none-eabi/bin/../lib/gcc/arm-none-eabi/12.2.1/../../../../arm-none-eabi/lib/thumb/v7e-m+fp/hard/libc_nano.a(libc_a-nano-svfprintf.o)
                0x0000000020008554                __ssputs_r
 .text.__ssprint_r
                0x000000002000860a       0xfa /Applications/ArmGNUToolchain/12.2.rel1/arm-none-eabi/bin/../lib/gcc/arm-none-eabi/12.2.1/../../../../arm-none-eabi/lib/thumb/v7e-m+fp/hard/libc_nano.a(libc_a-nano-svfprintf.o)
                0x000000002000860a                __ssprint_r
 .text._svfprintf_r
                0x0000000020008704      0x1f8 /Applications/ArmGNUToolchain/12.2.rel1/arm-none-eabi/bin/../lib/gcc/arm-none-eabi/12.2.1/../../../../arm-none-eabi/lib/thumb/v7e-m+fp/hard/libc_nano.a(libc_a-nano-svfprintf.o)
                0x0000000020008704                _svfprintf_r
                0x0000000020008704                _svfiprintf_r
 .text.sbrk_aligned
                0x00000000200088fc       0x44 /Applications/ArmGNUToolchain/12.2.rel1/arm-none-eabi/bin/../lib/gcc/arm-none-eabi/12.2.1/../../../../arm-none-eabi/lib/thumb/v7e-m+fp/hard/libc_nano.a(libc_a-mallocr.o)
 .text._malloc_r
                0x0000000020008940       0xf0 /Applications/ArmGNUToolchain/12.2.rel1/arm-none-eabi/bin/../lib/gcc/arm-none-eabi/12.2.1/../../../../arm-none-eabi/lib/thumb/v7e-m+fp/hard/libc_nano.a(libc_a-mallocr.o)
                0x0000000020008940                _malloc_r
 .text._printf_common
                0x0000000020008a30       0xda /Applications/ArmGNUToolchain/12.2.rel1/arm-none-eabi/bin/../lib/gcc/arm-none-eabi/12.2.1/../../../../arm-none-eabi/lib/thumb/v7e-m+fp/hard/libc_nano.a(libc_a-nano-vfprintf_i.o)
                0x0000000020008a30                _printf_common
 *fill*         0x0000000020008b0a        0x2 
 .text._printf_i
                0x0000000020008b0c      0x258 /Applications/ArmGNUToolchain/12.2.rel1/arm-none-eabi/bin/../lib/gcc/arm-none-eabi/12.2.1/../../../../arm-none-eabi/lib/thumb/v7e-m+fp/hard/libc_nano.a(libc_a-nano-vfprintf_i.o)
                0x0000000020008b0c                _printf_i
 .text.__malloc_lock
                0x0000000020008d64        0xc /Applications/ArmGNUToolchain/12.2.rel1/arm-none-eabi/bin/../lib/gcc/arm-none-eabi/12.2.1/../../../../arm-none-eabi/lib/thumb/v7e-m+fp/hard/libc_nano.a(libc_a-mlock.o)
                0x0000000020008d64                __malloc_lock
 .text.__malloc_unlock
                0x0000000020008d70        0xc /Applications/ArmGNUToolchain/12.2.rel1/arm-none-eabi/bin/../lib/gcc/arm-none-eabi/12.2.1/../../../../arm-none-eabi/lib/thumb/v7e-m+fp/hard/libc_nano.a(libc_a-mlock.o)
                0x0000000020008d70                __malloc_unlock
 .text._realloc_r
                0x0000000020008d7c       0x5c /Applications/ArmGNUToolchain/12.2.rel1/arm-none-eabi/bin/../lib/gcc/arm-none-eabi/12.2.1/../../../../arm-none-eabi/lib/thumb/v7e-m+fp/hard/libc_nano.a(libc_a-reallocr.o)
                0x0000000020008d7c                _realloc_r
 .text.memmove  0x0000000020008dd8       0x34 /Applications/ArmGNUToolchain/12.2.rel1/arm-none-eabi/bin/../lib/gcc/arm-none-eabi/12.2.1/../../../../arm-none-eabi/lib/thumb/v7e-m+fp/hard/libc_nano.a(libc_a-memmove.o)
                0x0000000020008dd8                memmove
 .text._sbrk_r  0x0000000020008e0c       0x20 /Applications/ArmGNUToolchain/12.2.rel1/arm-none-eabi/bin/../lib/gcc/arm-none-eabi/12.2.1/../../../../arm-none-eabi/lib/thumb/v7e-m+fp/hard/libc_nano.a(libc_a-sbrkr.o)
                0x0000000020008e0c                _sbrk_r
 .text.__retarget_lock_init
                0x0000000020008e2c        0x2 /Applications/ArmGNUToolchain/12.2.rel1/arm-none-eabi/bin/../lib/gcc/arm-none-eabi/12.2.1/../../../../arm-none-eabi/lib/thumb/v7e-m+fp/hard/libc_nano.a(libc_a-lock.o)
                0x0000000020008e2c                __retarget_lock_init
 .text.__retarget_lock_init_recursive
                0x0000000020008e2e        0x2 /Applications/ArmGNUToolchain/12.2.rel1/arm-none-eabi/bin/../lib/gcc/arm-none-eabi/12.2.1/../../../../arm-none-eabi/lib/thumb/v7e-m+fp/hard/libc_nano.a(libc_a-lock.o)
                0x0000000020008e2e                __retarget_lock_init_recursive
 .text.__retarget_lock_close
                0x0000000020008e30        0x2 /Applications/ArmGNUToolchain/12.2.rel1/arm-none-eabi/bin/../lib/gcc/arm-none-eabi/12.2.1/../../../../arm-none-eabi/lib/thumb/v7e-m+fp/hard/libc_nano.a(libc_a-lock.o)
                0x0000000020008e30                __retarget_lock_close
 .text.__retarget_lock_close_recursive
                0x0000000020008e32        0x2 /Applications/ArmGNUToolchain/12.2.rel1/arm-none-eabi/bin/../lib/gcc/arm-none-eabi/12.2.1/../../../../arm-none-eabi/lib/thumb/v7e-m+fp/hard/libc_nano.a(libc_a-lock.o)
                0x0000000020008e32                __retarget_lock_close_recursive
 .text.__retarget_lock_acquire
                0x0000000020008e34        0x2 /Applications/ArmGNUToolchain/12.2.rel1/arm-none-eabi/bin/../lib/gcc/arm-none-eabi/12.2.1/../../../../arm-none-eabi/lib/thumb/v7e-m+fp/hard/libc_nano.a(libc_a-lock.o)
                0x0000000020008e34                __retarget_lock_acquire
 .text.__retarget_lock_acquire_recursive
                0x0000000020008e36        0x2 /Applications/ArmGNUToolchain/12.2.rel1/arm-none-eabi/bin/../lib/gcc/arm-none-eabi/12.2.1/../../../../arm-none-eabi/lib/thumb/v7e-m+fp/hard/libc_nano.a(libc_a-lock.o)
                0x0000000020008e36                __retarget_lock_acquire_recursive
 .text.__retarget_lock_try_acquire
                0x0000000020008e38        0x4 /Applications/ArmGNUToolchain/12.2.rel1/arm-none-eabi/bin/../lib/gcc/arm-none-eabi/12.2.1/../../../../arm-none-eabi/lib/thumb/v7e-m+fp/hard/libc_nano.a(libc_a-lock.o)
                0x0000000020008e38                __retarget_lock_try_acquire
 .text.__retarget_lock_try_acquire_recursive
                0x0000000020008e3c        0x4 /Applications/ArmGNUToolchain/12.2.rel1/arm-none-eabi/bin/../lib/gcc/arm-none-eabi/12.2.1/../../../../arm-none-eabi/lib/thumb/v7e-m+fp/hard/libc_nano.a(libc_a-lock.o)
                0x0000000020008e3c                __retarget_lock_try_acquire_recursive
 .text.__retarget_lock_release
                0x0000000020008e40        0x2 /Applications/ArmGNUToolchain/12.2.rel1/arm-none-eabi/bin/../lib/gcc/arm-none-eabi/12.2.1/../../../../arm-none-eabi/lib/thumb/v7e-m+fp/hard/libc_nano.a(libc_a-lock.o)
                0x0000000020008e40                __retarget_lock_release
 .text.__retarget_lock_release_recursive
                0x0000000020008e42        0x2 /Applications/ArmGNUToolchain/12.2.rel1/arm-none-eabi/bin/../lib/gcc/arm-none-eabi/12.2.1/../../../../arm-none-eabi/lib/thumb/v7e-m+fp/hard/libc_nano.a(libc_a-lock.o)
                0x0000000020008e42                __retarget_lock_release_recursive
 .text.memcpy   0x0000000020008e44       0x1c /Applications/ArmGNUToolchain/12.2.rel1/arm-none-eabi/bin/../lib/gcc/arm-none-eabi/12.2.1/../../../../arm-none-eabi/lib/thumb/v7e-m+fp/hard/libc_nano.a(libc_a-memcpy-stub.o)
                0x0000000020008e44                memcpy
 .text._free_r  0x0000000020008e60       0x94 /Applications/ArmGNUToolchain/12.2.rel1/arm-none-eabi/bin/../lib/gcc/arm-none-eabi/12.2.1/../../../../arm-none-eabi/lib/thumb/v7e-m+fp/hard/libc_nano.a(libc_a-freer.o)
                0x0000000020008e60                _free_r
 .text._malloc_usable_size_r
                0x0000000020008ef4       0x10 /Applications/ArmGNUToolchain/12.2.rel1/arm-none-eabi/bin/../lib/gcc/arm-none-eabi/12.2.1/../../../../arm-none-eabi/lib/thumb/v7e-m+fp/hard/libc_nano.a(libc_a-msizer.o)
                0x0000000020008ef4                _malloc_usable_size_r
 .text._reclaim_reent
                0x0000000020008f04       0xac /Applications/ArmGNUToolchain/12.2.rel1/arm-none-eabi/bin/../lib/gcc/arm-none-eabi/12.2.1/../../../../arm-none-eabi/lib/thumb/v7e-m+fp/hard/libc_nano.a(libc_a-reent.o)
                0x0000000020008f04                _reclaim_reent
 *(.rodata)
 .rodata        0x0000000020008fb0       0x81 Debug/TinyTimber.o
 *fill*         0x0000000020009031        0x3 
 .rodata        0x0000000020009034       0xb2 Debug/canTinyTimber.o
 *fill*         0x00000000200090e6        0x2 
 .rodata        0x00000000200090e8       0x23 Debug/sioTinyTimber.o
 *fill*         0x000000002000910b        0x1 
 .rodata        0x000000002000910c      0x4b6 Debug/application.o
                0x000000002000910c                melody
                0x000000002000918c                period
                0x00000000200091f0                toneLengthFactor
                0x0000000020009270                blinkCountFactor
 *(.rodata*)
 .rodata._ctype_
                0x00000000200095c2      0x101 /Applications/ArmGNUToolchain/12.2.rel1/arm-none-eabi/bin/../lib/gcc/arm-none-eabi/12.2.1/../../../../arm-none-eabi/lib/thumb/v7e-m+fp/hard/libc_nano.a(libc_a-ctype_.o)
                0x00000000200095c2                _ctype_
 .rodata._svfprintf_r.str1.1
                0x00000000200096c3       0x11 /Applications/ArmGNUToolchain/12.2.rel1/arm-none-eabi/bin/../lib/gcc/arm-none-eabi/12.2.1/../../../../arm-none-eabi/lib/thumb/v7e-m+fp/hard/libc_nano.a(libc_a-nano-svfprintf.o)
 .rodata._printf_i.str1.1
                0x00000000200096d4       0x22 /Applications/ArmGNUToolchain/12.2.rel1/arm-none-eabi/bin/../lib/gcc/arm-none-eabi/12.2.1/../../../../arm-none-eabi/lib/thumb/v7e-m+fp/hard/libc_nano.a(libc_a-nano-vfprintf_i.o)
 *(.glue_7)
 .glue_7        0x00000000200096f6        0x0 linker stubs
 *(.glue_7t)
 .glue_7t       0x00000000200096f6        0x0 linker stubs
                0x00000000200096f8                . = ALIGN (0x4)
 *fill*         0x00000000200096f6        0x2 

.vfp11_veneer   0x00000000200096f8        0x0
 .vfp11_veneer  0x00000000200096f8        0x0 linker stubs

.v4_bx          0x00000000200096f8        0x0
 .v4_bx         0x00000000200096f8        0x0 linker stubs

.iplt           0x00000000200096f8        0x0
 .iplt          0x00000000200096f8        0x0 Debug/dispatch.o

.rel.dyn        0x00000000200096f8        0x0
 .rel.iplt      0x00000000200096f8        0x0 Debug/dispatch.o

.data           0x00000000200096f8      0xaa8
                0x00000000200096f8                . = ALIGN (0x4)
 *(.data)
 .data          0x00000000200096f8       0x84 Debug/dispatch.o
 .data          0x000000002000977c       0x24 Debug/TinyTimber.o
                0x000000002000977c                hex
                0x0000000020009790                msgPool
                0x0000000020009794                threadPool
                0x0000000020009798                activeStack
                0x000000002000979c                current
 .data          0x00000000200097a0        0x0 Debug/canTinyTimber.o
 .data          0x00000000200097a0        0x0 Debug/sciTinyTimber.o
 .data          0x00000000200097a0        0x0 Debug/sioTinyTimber.o
 .data          0x00000000200097a0        0x0 Debug/stm32f4xx_can.o
 .data          0x00000000200097a0        0x0 Debug/stm32f4xx_dac.o
 .data          0x00000000200097a0        0x0 Debug/stm32f4xx_exti.o
 .data          0x00000000200097a0        0x0 Debug/stm32f4xx_gpio.o
 .data          0x00000000200097a0       0x10 Debug/stm32f4xx_rcc.o
 .data          0x00000000200097b0        0x0 Debug/stm32f4xx_syscfg.o
 .data          0x00000000200097b0        0x0 Debug/stm32f4xx_tim.o
 .data          0x00000000200097b0        0x0 Debug/stm32f4xx_usart.o
 .data          0x00000000200097b0        0x0 Debug/startup.o
 .data          0x00000000200097b0      0x9a0 Debug/application.o
                0x00000000200097b0                musicPlayer
                0x00000000200097f4                toneGenerator
                0x0000000020009808                addr_dac
                0x000000002000980c                sci0c
                0x0000000020009c2c                sci0m
                0x000000002000a04c                can0m
                0x000000002000a0c4                can0c
                0x000000002000a13c                sio0
 .data          0x000000002000a150        0x0 /Applications/ArmGNUToolchain/12.2.rel1/arm-none-eabi/bin/../lib/gcc/arm-none-eabi/12.2.1/../../../../arm-none-eabi/lib/thumb/v7e-m+fp/hard/libc_nano.a(libc_a-atoi.o)
 .data          0x000000002000a150        0x0 /Applications/ArmGNUToolchain/12.2.rel1/arm-none-eabi/bin/../lib/gcc/arm-none-eabi/12.2.1/../../../../arm-none-eabi/lib/thumb/v7e-m+fp/hard/libc_nano.a(libc_a-snprintf.o)
 .data          0x000000002000a150        0x0 /Applications/ArmGNUToolchain/12.2.rel1/arm-none-eabi/bin/../lib/gcc/arm-none-eabi/12.2.1/../../../../arm-none-eabi/lib/thumb/v7e-m+fp/hard/libc_nano.a(libc_a-sprintf.o)
 .data          0x000000002000a150        0x0 /Applications/ArmGNUToolchain/12.2.rel1/arm-none-eabi/bin/../lib/gcc/arm-none-eabi/12.2.1/../../../../arm-none-eabi/lib/thumb/v7e-m+fp/hard/libc_nano.a(libc_a-strtol.o)
 .data          0x000000002000a150        0x0 /Applications/ArmGNUToolchain/12.2.rel1/arm-none-eabi/bin/../lib/gcc/arm-none-eabi/12.2.1/../../../../arm-none-eabi/lib/thumb/v7e-m+fp/hard/libc_nano.a(libc_a-memset.o)
 .data          0x000000002000a150        0x0 /Applications/ArmGNUToolchain/12.2.rel1/arm-none-eabi/bin/../lib/gcc/arm-none-eabi/12.2.1/../../../../arm-none-eabi/lib/thumb/v7e-m+fp/hard/libc_nano.a(libc_a-impure.o)
 .data          0x000000002000a150        0x0 /Applications/ArmGNUToolchain/12.2.rel1/arm-none-eabi/bin/../lib/gcc/arm-none-eabi/12.2.1/../../../../arm-none-eabi/lib/thumb/v7e-m+fp/hard/libc_nano.a(libc_a-errno.o)
 .data          0x000000002000a150        0x0 /Applications/ArmGNUToolchain/12.2.rel1/arm-none-eabi/bin/../lib/gcc/arm-none-eabi/12.2.1/../../../../arm-none-eabi/lib/thumb/v7e-m+fp/hard/libc_nano.a(libc_a-strcpy.o)
 .data          0x000000002000a150        0x0 /Applications/ArmGNUToolchain/12.2.rel1/arm-none-eabi/bin/../lib/gcc/arm-none-eabi/12.2.1/../../../../arm-none-eabi/lib/thumb/v7e-m+fp/hard/libc_nano.a(libc_a-ctype_.o)
 .data          0x000000002000a150        0x0 /Applications/ArmGNUToolchain/12.2.rel1/arm-none-eabi/bin/../lib/gcc/arm-none-eabi/12.2.1/../../../../arm-none-eabi/lib/thumb/v7e-m+fp/hard/libc_nano.a(libc_a-nano-svfprintf.o)
 .data          0x000000002000a150        0x0 /Applications/ArmGNUToolchain/12.2.rel1/arm-none-eabi/bin/../lib/gcc/arm-none-eabi/12.2.1/../../../../arm-none-eabi/lib/thumb/v7e-m+fp/hard/libc_nano.a(libc_a-mallocr.o)
 .data          0x000000002000a150        0x0 /Applications/ArmGNUToolchain/12.2.rel1/arm-none-eabi/bin/../lib/gcc/arm-none-eabi/12.2.1/../../../../arm-none-eabi/lib/thumb/v7e-m+fp/hard/libc_nano.a(libc_a-nano-vfprintf_i.o)
 .data          0x000000002000a150        0x0 /Applications/ArmGNUToolchain/12.2.rel1/arm-none-eabi/bin/../lib/gcc/arm-none-eabi/12.2.1/../../../../arm-none-eabi/lib/thumb/v7e-m+fp/hard/libc_nano.a(libc_a-mlock.o)
 .data          0x000000002000a150        0x0 /Applications/ArmGNUToolchain/12.2.rel1/arm-none-eabi/bin/../lib/gcc/arm-none-eabi/12.2.1/../../../../arm-none-eabi/lib/thumb/v7e-m+fp/hard/libc_nano.a(libc_a-reallocr.o)
 .data          0x000000002000a150        0x0 /Applications/ArmGNUToolchain/12.2.rel1/arm-none-eabi/bin/../lib/gcc/arm-none-eabi/12.2.1/../../../../arm-none-eabi/lib/thumb/v7e-m+fp/hard/libc_nano.a(libc_a-memmove.o)
 .data          0x000000002000a150        0x0 /Applications/ArmGNUToolchain/12.2.rel1/arm-none-eabi/bin/../lib/gcc/arm-none-eabi/12.2.1/../../../../arm-none-eabi/lib/thumb/v7e-m+fp/hard/libc_nano.a(libc_a-sbrkr.o)
 .data          0x000000002000a150        0x0 /Applications/ArmGNUToolchain/12.2.rel1/arm-none-eabi/bin/../lib/gcc/arm-none-eabi/12.2.1/../../../../arm-none-eabi/lib/thumb/v7e-m+fp/hard/libc_nano.a(libc_a-lock.o)
 .data          0x000000002000a150        0x0 /Applications/ArmGNUToolchain/12.2.rel1/arm-none-eabi/bin/../lib/gcc/arm-none-eabi/12.2.1/../../../../arm-none-eabi/lib/thumb/v7e-m+fp/hard/libc_nano.a(libc_a-memchr.o)
 .data          0x000000002000a150        0x0 /Applications/ArmGNUToolchain/12.2.rel1/arm-none-eabi/bin/../lib/gcc/arm-none-eabi/12.2.1/../../../../arm-none-eabi/lib/thumb/v7e-m+fp/hard/libc_nano.a(libc_a-memcpy-stub.o)
 .data          0x000000002000a150        0x0 /Applications/ArmGNUToolchain/12.2.rel1/arm-none-eabi/bin/../lib/gcc/arm-none-eabi/12.2.1/../../../../arm-none-eabi/lib/thumb/v7e-m+fp/hard/libc_nano.a(libc_a-freer.o)
 .data          0x000000002000a150        0x0 /Applications/ArmGNUToolchain/12.2.rel1/arm-none-eabi/bin/../lib/gcc/arm-none-eabi/12.2.1/../../../../arm-none-eabi/lib/thumb/v7e-m+fp/hard/libc_nano.a(libc_a-msizer.o)
 .data          0x000000002000a150        0x0 /Applications/ArmGNUToolchain/12.2.rel1/arm-none-eabi/bin/../lib/gcc/arm-none-eabi/12.2.1/../../../../arm-none-eabi/lib/thumb/v7e-m+fp/hard/libc_nano.a(libc_a-reent.o)
 *(.data.*)
 .data._impure_ptr
                0x000000002000a150        0x4 /Applications/ArmGNUToolchain/12.2.rel1/arm-none-eabi/bin/../lib/gcc/arm-none-eabi/12.2.1/../../../../arm-none-eabi/lib/thumb/v7e-m+fp/hard/libc_nano.a(libc_a-impure.o)
                0x000000002000a150                _impure_ptr
 .data._impure_data
                0x000000002000a154       0x4c /Applications/ArmGNUToolchain/12.2.rel1/arm-none-eabi/bin/../lib/gcc/arm-none-eabi/12.2.1/../../../../arm-none-eabi/lib/thumb/v7e-m+fp/hard/libc_nano.a(libc_a-impure.o)
                0x000000002000a154                _impure_data
                0x000000002000a1a0                . = ALIGN (0x4)

.igot.plt       0x000000002000a1a0        0x0
 .igot.plt      0x000000002000a1a0        0x0 Debug/dispatch.o

.bss            0x000000002000a1a0     0x8384
                0x000000002000a1a0                . = ALIGN (0x4)
                0x000000002000a1a0                _sbss = .
 *(.bss)
 .bss           0x000000002000a1a0        0x0 Debug/dispatch.o
 .bss           0x000000002000a1a0     0x8370 Debug/TinyTimber.o
                0x000000002000a1a0                __heap_end
                0x000000002000a1a4                messages
                0x000000002000a474                threads
                0x000000002000a4c8                stacks
                0x00000000200124c8                thread0
                0x00000000200124dc                msgQ
                0x00000000200124e0                timerQ
                0x00000000200124e4                runAsHardware
                0x00000000200124e8                doIRQSchedule
                0x00000000200124ec                timestamp
                0x00000000200124f0                overflows
                0x00000000200124f4                upcoming
                0x00000000200124f8                mtable
                0x0000000020012504                otable
 .bss           0x0000000020012510        0x0 Debug/canTinyTimber.o
 .bss           0x0000000020012510        0x0 Debug/sciTinyTimber.o
 .bss           0x0000000020012510        0x0 Debug/sioTinyTimber.o
 .bss           0x0000000020012510        0x0 Debug/stm32f4xx_can.o
 .bss           0x0000000020012510        0x0 Debug/stm32f4xx_dac.o
 .bss           0x0000000020012510        0x0 Debug/stm32f4xx_exti.o
 .bss           0x0000000020012510        0x0 Debug/stm32f4xx_gpio.o
 .bss           0x0000000020012510        0x0 Debug/stm32f4xx_rcc.o
 .bss           0x0000000020012510        0x0 Debug/stm32f4xx_syscfg.o
 .bss           0x0000000020012510        0x0 Debug/stm32f4xx_tim.o
 .bss           0x0000000020012510        0x0 Debug/stm32f4xx_usart.o
 .bss           0x0000000020012510        0x0 Debug/startup.o
 .bss           0x0000000020012510        0x0 Debug/application.o
 .bss           0x0000000020012510        0x0 /Applications/ArmGNUToolchain/12.2.rel1/arm-none-eabi/bin/../lib/gcc/arm-none-eabi/12.2.1/../../../../arm-none-eabi/lib/thumb/v7e-m+fp/hard/libc_nano.a(libc_a-atoi.o)
 .bss           0x0000000020012510        0x0 /Applications/ArmGNUToolchain/12.2.rel1/arm-none-eabi/bin/../lib/gcc/arm-none-eabi/12.2.1/../../../../arm-none-eabi/lib/thumb/v7e-m+fp/hard/libc_nano.a(libc_a-snprintf.o)
 .bss           0x0000000020012510        0x0 /Applications/ArmGNUToolchain/12.2.rel1/arm-none-eabi/bin/../lib/gcc/arm-none-eabi/12.2.1/../../../../arm-none-eabi/lib/thumb/v7e-m+fp/hard/libc_nano.a(libc_a-sprintf.o)
 .bss           0x0000000020012510        0x0 /Applications/ArmGNUToolchain/12.2.rel1/arm-none-eabi/bin/../lib/gcc/arm-none-eabi/12.2.1/../../../../arm-none-eabi/lib/thumb/v7e-m+fp/hard/libc_nano.a(libc_a-strtol.o)
 .bss           0x0000000020012510        0x0 /Applications/ArmGNUToolchain/12.2.rel1/arm-none-eabi/bin/../lib/gcc/arm-none-eabi/12.2.1/../../../../arm-none-eabi/lib/thumb/v7e-m+fp/hard/libc_nano.a(libc_a-memset.o)
 .bss           0x0000000020012510        0x0 /Applications/ArmGNUToolchain/12.2.rel1/arm-none-eabi/bin/../lib/gcc/arm-none-eabi/12.2.1/../../../../arm-none-eabi/lib/thumb/v7e-m+fp/hard/libc_nano.a(libc_a-impure.o)
 .bss           0x0000000020012510        0x0 /Applications/ArmGNUToolchain/12.2.rel1/arm-none-eabi/bin/../lib/gcc/arm-none-eabi/12.2.1/../../../../arm-none-eabi/lib/thumb/v7e-m+fp/hard/libc_nano.a(libc_a-errno.o)
 .bss           0x0000000020012510        0x0 /Applications/ArmGNUToolchain/12.2.rel1/arm-none-eabi/bin/../lib/gcc/arm-none-eabi/12.2.1/../../../../arm-none-eabi/lib/thumb/v7e-m+fp/hard/libc_nano.a(libc_a-strcpy.o)
 .bss           0x0000000020012510        0x0 /Applications/ArmGNUToolchain/12.2.rel1/arm-none-eabi/bin/../lib/gcc/arm-none-eabi/12.2.1/../../../../arm-none-eabi/lib/thumb/v7e-m+fp/hard/libc_nano.a(libc_a-ctype_.o)
 .bss           0x0000000020012510        0x0 /Applications/ArmGNUToolchain/12.2.rel1/arm-none-eabi/bin/../lib/gcc/arm-none-eabi/12.2.1/../../../../arm-none-eabi/lib/thumb/v7e-m+fp/hard/libc_nano.a(libc_a-nano-svfprintf.o)
 .bss           0x0000000020012510        0x0 /Applications/ArmGNUToolchain/12.2.rel1/arm-none-eabi/bin/../lib/gcc/arm-none-eabi/12.2.1/../../../../arm-none-eabi/lib/thumb/v7e-m+fp/hard/libc_nano.a(libc_a-mallocr.o)
 .bss           0x0000000020012510        0x0 /Applications/ArmGNUToolchain/12.2.rel1/arm-none-eabi/bin/../lib/gcc/arm-none-eabi/12.2.1/../../../../arm-none-eabi/lib/thumb/v7e-m+fp/hard/libc_nano.a(libc_a-nano-vfprintf_i.o)
 .bss           0x0000000020012510        0x0 /Applications/ArmGNUToolchain/12.2.rel1/arm-none-eabi/bin/../lib/gcc/arm-none-eabi/12.2.1/../../../../arm-none-eabi/lib/thumb/v7e-m+fp/hard/libc_nano.a(libc_a-mlock.o)
 .bss           0x0000000020012510        0x0 /Applications/ArmGNUToolchain/12.2.rel1/arm-none-eabi/bin/../lib/gcc/arm-none-eabi/12.2.1/../../../../arm-none-eabi/lib/thumb/v7e-m+fp/hard/libc_nano.a(libc_a-reallocr.o)
 .bss           0x0000000020012510        0x0 /Applications/ArmGNUToolchain/12.2.rel1/arm-none-eabi/bin/../lib/gcc/arm-none-eabi/12.2.1/../../../../arm-none-eabi/lib/thumb/v7e-m+fp/hard/libc_nano.a(libc_a-memmove.o)
 .bss           0x0000000020012510        0x0 /Applications/ArmGNUToolchain/12.2.rel1/arm-none-eabi/bin/../lib/gcc/arm-none-eabi/12.2.1/../../../../arm-none-eabi/lib/thumb/v7e-m+fp/hard/libc_nano.a(libc_a-sbrkr.o)
 .bss           0x0000000020012510        0x0 /Applications/ArmGNUToolchain/12.2.rel1/arm-none-eabi/bin/../lib/gcc/arm-none-eabi/12.2.1/../../../../arm-none-eabi/lib/thumb/v7e-m+fp/hard/libc_nano.a(libc_a-lock.o)
 .bss           0x0000000020012510        0x0 /Applications/ArmGNUToolchain/12.2.rel1/arm-none-eabi/bin/../lib/gcc/arm-none-eabi/12.2.1/../../../../arm-none-eabi/lib/thumb/v7e-m+fp/hard/libc_nano.a(libc_a-memchr.o)
 .bss           0x0000000020012510        0x0 /Applications/ArmGNUToolchain/12.2.rel1/arm-none-eabi/bin/../lib/gcc/arm-none-eabi/12.2.1/../../../../arm-none-eabi/lib/thumb/v7e-m+fp/hard/libc_nano.a(libc_a-memcpy-stub.o)
 .bss           0x0000000020012510        0x0 /Applications/ArmGNUToolchain/12.2.rel1/arm-none-eabi/bin/../lib/gcc/arm-none-eabi/12.2.1/../../../../arm-none-eabi/lib/thumb/v7e-m+fp/hard/libc_nano.a(libc_a-freer.o)
 .bss           0x0000000020012510        0x0 /Applications/ArmGNUToolchain/12.2.rel1/arm-none-eabi/bin/../lib/gcc/arm-none-eabi/12.2.1/../../../../arm-none-eabi/lib/thumb/v7e-m+fp/hard/libc_nano.a(libc_a-msizer.o)
 .bss           0x0000000020012510        0x0 /Applications/ArmGNUToolchain/12.2.rel1/arm-none-eabi/bin/../lib/gcc/arm-none-eabi/12.2.1/../../../../arm-none-eabi/lib/thumb/v7e-m+fp/hard/libc_nano.a(libc_a-reent.o)
 *(.bss.*)
 .bss.__malloc_sbrk_start
                0x0000000020012510        0x4 /Applications/ArmGNUToolchain/12.2.rel1/arm-none-eabi/bin/../lib/gcc/arm-none-eabi/12.2.1/../../../../arm-none-eabi/lib/thumb/v7e-m+fp/hard/libc_nano.a(libc_a-mallocr.o)
                0x0000000020012510                __malloc_sbrk_start
 .bss.__malloc_free_list
                0x0000000020012514        0x4 /Applications/ArmGNUToolchain/12.2.rel1/arm-none-eabi/bin/../lib/gcc/arm-none-eabi/12.2.1/../../../../arm-none-eabi/lib/thumb/v7e-m+fp/hard/libc_nano.a(libc_a-mallocr.o)
                0x0000000020012514                __malloc_free_list
 .bss.__lock___arc4random_mutex
                0x0000000020012518        0x1 /Applications/ArmGNUToolchain/12.2.rel1/arm-none-eabi/bin/../lib/gcc/arm-none-eabi/12.2.1/../../../../arm-none-eabi/lib/thumb/v7e-m+fp/hard/libc_nano.a(libc_a-lock.o)
                0x0000000020012518                __lock___arc4random_mutex
 .bss.__lock___dd_hash_mutex
                0x0000000020012519        0x1 /Applications/ArmGNUToolchain/12.2.rel1/arm-none-eabi/bin/../lib/gcc/arm-none-eabi/12.2.1/../../../../arm-none-eabi/lib/thumb/v7e-m+fp/hard/libc_nano.a(libc_a-lock.o)
                0x0000000020012519                __lock___dd_hash_mutex
 .bss.__lock___tz_mutex
                0x000000002001251a        0x1 /Applications/ArmGNUToolchain/12.2.rel1/arm-none-eabi/bin/../lib/gcc/arm-none-eabi/12.2.1/../../../../arm-none-eabi/lib/thumb/v7e-m+fp/hard/libc_nano.a(libc_a-lock.o)
                0x000000002001251a                __lock___tz_mutex
 .bss.__lock___env_recursive_mutex
                0x000000002001251b        0x1 /Applications/ArmGNUToolchain/12.2.rel1/arm-none-eabi/bin/../lib/gcc/arm-none-eabi/12.2.1/../../../../arm-none-eabi/lib/thumb/v7e-m+fp/hard/libc_nano.a(libc_a-lock.o)
                0x000000002001251b                __lock___env_recursive_mutex
 .bss.__lock___malloc_recursive_mutex
                0x000000002001251c        0x1 /Applications/ArmGNUToolchain/12.2.rel1/arm-none-eabi/bin/../lib/gcc/arm-none-eabi/12.2.1/../../../../arm-none-eabi/lib/thumb/v7e-m+fp/hard/libc_nano.a(libc_a-lock.o)
                0x000000002001251c                __lock___malloc_recursive_mutex
 .bss.__lock___at_quick_exit_mutex
                0x000000002001251d        0x1 /Applications/ArmGNUToolchain/12.2.rel1/arm-none-eabi/bin/../lib/gcc/arm-none-eabi/12.2.1/../../../../arm-none-eabi/lib/thumb/v7e-m+fp/hard/libc_nano.a(libc_a-lock.o)
                0x000000002001251d                __lock___at_quick_exit_mutex
 .bss.__lock___atexit_recursive_mutex
                0x000000002001251e        0x1 /Applications/ArmGNUToolchain/12.2.rel1/arm-none-eabi/bin/../lib/gcc/arm-none-eabi/12.2.1/../../../../arm-none-eabi/lib/thumb/v7e-m+fp/hard/libc_nano.a(libc_a-lock.o)
                0x000000002001251e                __lock___atexit_recursive_mutex
 .bss.__lock___sfp_recursive_mutex
                0x000000002001251f        0x1 /Applications/ArmGNUToolchain/12.2.rel1/arm-none-eabi/bin/../lib/gcc/arm-none-eabi/12.2.1/../../../../arm-none-eabi/lib/thumb/v7e-m+fp/hard/libc_nano.a(libc_a-lock.o)
                0x000000002001251f                __lock___sfp_recursive_mutex
 .bss.errno     0x0000000020012520        0x4 /Applications/ArmGNUToolchain/12.2.rel1/arm-none-eabi/bin/../lib/gcc/arm-none-eabi/12.2.1/../../../../arm-none-eabi/lib/thumb/v7e-m+fp/hard/libc_nano.a(libc_a-reent.o)
                0x0000000020012520                errno
 *(COMMON)
                0x0000000020012524                . = ALIGN (0x4)
                0x0000000020012524                _ebss = .
                0x0000000020012524                PROVIDE (end = _ebss)
                [!provide]                        PROVIDE (_end = _ebss)
OUTPUT(Debug/RTS-Lab.elf elf32-littlearm)
LOAD linker stubs

.ARM.attributes
                0x0000000000000000       0x35
 .ARM.attributes
                0x0000000000000000       0x25 Debug/dispatch.o
 .ARM.attributes
                0x0000000000000025       0x34 Debug/TinyTimber.o
 .ARM.attributes
                0x0000000000000059       0x34 Debug/canTinyTimber.o
 .ARM.attributes
                0x000000000000008d       0x34 Debug/sciTinyTimber.o
 .ARM.attributes
                0x00000000000000c1       0x34 Debug/sioTinyTimber.o
 .ARM.attributes
                0x00000000000000f5       0x34 Debug/stm32f4xx_can.o
 .ARM.attributes
                0x0000000000000129       0x34 Debug/stm32f4xx_dac.o
 .ARM.attributes
                0x000000000000015d       0x34 Debug/stm32f4xx_exti.o
 .ARM.attributes
                0x0000000000000191       0x34 Debug/stm32f4xx_gpio.o
 .ARM.attributes
                0x00000000000001c5       0x34 Debug/stm32f4xx_rcc.o
 .ARM.attributes
                0x00000000000001f9       0x34 Debug/stm32f4xx_syscfg.o
 .ARM.attributes
                0x000000000000022d       0x34 Debug/stm32f4xx_tim.o
 .ARM.attributes
                0x0000000000000261       0x34 Debug/stm32f4xx_usart.o
 .ARM.attributes
                0x0000000000000295       0x34 Debug/startup.o
 .ARM.attributes
                0x00000000000002c9       0x34 Debug/application.o
 .ARM.attributes
                0x00000000000002fd       0x34 /Applications/ArmGNUToolchain/12.2.rel1/arm-none-eabi/bin/../lib/gcc/arm-none-eabi/12.2.1/../../../../arm-none-eabi/lib/thumb/v7e-m+fp/hard/libc_nano.a(libc_a-atoi.o)
 .ARM.attributes
                0x0000000000000331       0x34 /Applications/ArmGNUToolchain/12.2.rel1/arm-none-eabi/bin/../lib/gcc/arm-none-eabi/12.2.1/../../../../arm-none-eabi/lib/thumb/v7e-m+fp/hard/libc_nano.a(libc_a-snprintf.o)
 .ARM.attributes
                0x0000000000000365       0x34 /Applications/ArmGNUToolchain/12.2.rel1/arm-none-eabi/bin/../lib/gcc/arm-none-eabi/12.2.1/../../../../arm-none-eabi/lib/thumb/v7e-m+fp/hard/libc_nano.a(libc_a-sprintf.o)
 .ARM.attributes
                0x0000000000000399       0x34 /Applications/ArmGNUToolchain/12.2.rel1/arm-none-eabi/bin/../lib/gcc/arm-none-eabi/12.2.1/../../../../arm-none-eabi/lib/thumb/v7e-m+fp/hard/libc_nano.a(libc_a-strtol.o)
 .ARM.attributes
                0x00000000000003cd       0x34 /Applications/ArmGNUToolchain/12.2.rel1/arm-none-eabi/bin/../lib/gcc/arm-none-eabi/12.2.1/../../../../arm-none-eabi/lib/thumb/v7e-m+fp/hard/libc_nano.a(libc_a-memset.o)
 .ARM.attributes
                0x0000000000000401       0x34 /Applications/ArmGNUToolchain/12.2.rel1/arm-none-eabi/bin/../lib/gcc/arm-none-eabi/12.2.1/../../../../arm-none-eabi/lib/thumb/v7e-m+fp/hard/libc_nano.a(libc_a-impure.o)
 .ARM.attributes
                0x0000000000000435       0x34 /Applications/ArmGNUToolchain/12.2.rel1/arm-none-eabi/bin/../lib/gcc/arm-none-eabi/12.2.1/../../../../arm-none-eabi/lib/thumb/v7e-m+fp/hard/libc_nano.a(libc_a-errno.o)
 .ARM.attributes
                0x0000000000000469       0x34 /Applications/ArmGNUToolchain/12.2.rel1/arm-none-eabi/bin/../lib/gcc/arm-none-eabi/12.2.1/../../../../arm-none-eabi/lib/thumb/v7e-m+fp/hard/libc_nano.a(libc_a-strcpy.o)
 .ARM.attributes
                0x000000000000049d       0x34 /Applications/ArmGNUToolchain/12.2.rel1/arm-none-eabi/bin/../lib/gcc/arm-none-eabi/12.2.1/../../../../arm-none-eabi/lib/thumb/v7e-m+fp/hard/libc_nano.a(libc_a-ctype_.o)
 .ARM.attributes
                0x00000000000004d1       0x34 /Applications/ArmGNUToolchain/12.2.rel1/arm-none-eabi/bin/../lib/gcc/arm-none-eabi/12.2.1/../../../../arm-none-eabi/lib/thumb/v7e-m+fp/hard/libc_nano.a(libc_a-nano-svfprintf.o)
 .ARM.attributes
                0x0000000000000505       0x34 /Applications/ArmGNUToolchain/12.2.rel1/arm-none-eabi/bin/../lib/gcc/arm-none-eabi/12.2.1/../../../../arm-none-eabi/lib/thumb/v7e-m+fp/hard/libc_nano.a(libc_a-mallocr.o)
 .ARM.attributes
                0x0000000000000539       0x34 /Applications/ArmGNUToolchain/12.2.rel1/arm-none-eabi/bin/../lib/gcc/arm-none-eabi/12.2.1/../../../../arm-none-eabi/lib/thumb/v7e-m+fp/hard/libc_nano.a(libc_a-nano-vfprintf_i.o)
 .ARM.attributes
                0x000000000000056d       0x34 /Applications/ArmGNUToolchain/12.2.rel1/arm-none-eabi/bin/../lib/gcc/arm-none-eabi/12.2.1/../../../../arm-none-eabi/lib/thumb/v7e-m+fp/hard/libc_nano.a(libc_a-mlock.o)
 .ARM.attributes
                0x00000000000005a1       0x34 /Applications/ArmGNUToolchain/12.2.rel1/arm-none-eabi/bin/../lib/gcc/arm-none-eabi/12.2.1/../../../../arm-none-eabi/lib/thumb/v7e-m+fp/hard/libc_nano.a(libc_a-reallocr.o)
 .ARM.attributes
                0x00000000000005d5       0x34 /Applications/ArmGNUToolchain/12.2.rel1/arm-none-eabi/bin/../lib/gcc/arm-none-eabi/12.2.1/../../../../arm-none-eabi/lib/thumb/v7e-m+fp/hard/libc_nano.a(libc_a-memmove.o)
 .ARM.attributes
                0x0000000000000609       0x34 /Applications/ArmGNUToolchain/12.2.rel1/arm-none-eabi/bin/../lib/gcc/arm-none-eabi/12.2.1/../../../../arm-none-eabi/lib/thumb/v7e-m+fp/hard/libc_nano.a(libc_a-sbrkr.o)
 .ARM.attributes
                0x000000000000063d       0x34 /Applications/ArmGNUToolchain/12.2.rel1/arm-none-eabi/bin/../lib/gcc/arm-none-eabi/12.2.1/../../../../arm-none-eabi/lib/thumb/v7e-m+fp/hard/libc_nano.a(libc_a-lock.o)
 .ARM.attributes
                0x0000000000000671       0x1c /Applications/ArmGNUToolchain/12.2.rel1/arm-none-eabi/bin/../lib/gcc/arm-none-eabi/12.2.1/../../../../arm-none-eabi/lib/thumb/v7e-m+fp/hard/libc_nano.a(libc_a-memchr.o)
 .ARM.attributes
                0x000000000000068d       0x34 /Applications/ArmGNUToolchain/12.2.rel1/arm-none-eabi/bin/../lib/gcc/arm-none-eabi/12.2.1/../../../../arm-none-eabi/lib/thumb/v7e-m+fp/hard/libc_nano.a(libc_a-memcpy-stub.o)
 .ARM.attributes
                0x00000000000006c1       0x34 /Applications/ArmGNUToolchain/12.2.rel1/arm-none-eabi/bin/../lib/gcc/arm-none-eabi/12.2.1/../../../../arm-none-eabi/lib/thumb/v7e-m+fp/hard/libc_nano.a(libc_a-freer.o)
 .ARM.attributes
                0x00000000000006f5       0x34 /Applications/ArmGNUToolchain/12.2.rel1/arm-none-eabi/bin/../lib/gcc/arm-none-eabi/12.2.1/../../../../arm-none-eabi/lib/thumb/v7e-m+fp/hard/libc_nano.a(libc_a-msizer.o)
 .ARM.attributes
                0x0000000000000729       0x34 /Applications/ArmGNUToolchain/12.2.rel1/arm-none-eabi/bin/../lib/gcc/arm-none-eabi/12.2.1/../../../../arm-none-eabi/lib/thumb/v7e-m+fp/hard/libc_nano.a(libc_a-reent.o)

.comment        0x0000000000000000       0x45
 .comment       0x0000000000000000       0x45 Debug/TinyTimber.o
                                         0x46 (size before relaxing)
 .comment       0x0000000000000045       0x46 Debug/canTinyTimber.o
 .comment       0x0000000000000045       0x46 Debug/sciTinyTimber.o
 .comment       0x0000000000000045       0x46 Debug/sioTinyTimber.o
 .comment       0x0000000000000045       0x46 Debug/stm32f4xx_can.o
 .comment       0x0000000000000045       0x46 Debug/stm32f4xx_dac.o
 .comment       0x0000000000000045       0x46 Debug/stm32f4xx_exti.o
 .comment       0x0000000000000045       0x46 Debug/stm32f4xx_gpio.o
 .comment       0x0000000000000045       0x46 Debug/stm32f4xx_rcc.o
 .comment       0x0000000000000045       0x46 Debug/stm32f4xx_syscfg.o
 .comment       0x0000000000000045       0x46 Debug/stm32f4xx_tim.o
 .comment       0x0000000000000045       0x46 Debug/stm32f4xx_usart.o
 .comment       0x0000000000000045       0x46 Debug/startup.o
 .comment       0x0000000000000045       0x46 Debug/application.o

.debug_info     0x0000000000000000     0xabb5
 .debug_info    0x0000000000000000     0x18b3 Debug/TinyTimber.o
 .debug_info    0x00000000000018b3      0xe78 Debug/canTinyTimber.o
 .debug_info    0x000000000000272b      0xa14 Debug/sciTinyTimber.o
 .debug_info    0x000000000000313f      0xae6 Debug/sioTinyTimber.o
 .debug_info    0x0000000000003c25      0xb71 Debug/stm32f4xx_can.o
 .debug_info    0x0000000000004796      0x61b Debug/stm32f4xx_dac.o
 .debug_info    0x0000000000004db1      0x31b Debug/stm32f4xx_exti.o
 .debug_info    0x00000000000050cc      0x608 Debug/stm32f4xx_gpio.o
 .debug_info    0x00000000000056d4      0xda3 Debug/stm32f4xx_rcc.o
 .debug_info    0x0000000000006477      0x284 Debug/stm32f4xx_syscfg.o
 .debug_info    0x00000000000066fb     0x1bf1 Debug/stm32f4xx_tim.o
 .debug_info    0x00000000000082ec      0x9be Debug/stm32f4xx_usart.o
 .debug_info    0x0000000000008caa      0xc29 Debug/startup.o
 .debug_info    0x00000000000098d3     0x12e2 Debug/application.o

.debug_abbrev   0x0000000000000000     0x21ea
 .debug_abbrev  0x0000000000000000      0x536 Debug/TinyTimber.o
 .debug_abbrev  0x0000000000000536      0x2c8 Debug/canTinyTimber.o
 .debug_abbrev  0x00000000000007fe      0x2c0 Debug/sciTinyTimber.o
 .debug_abbrev  0x0000000000000abe      0x2bb Debug/sioTinyTimber.o
 .debug_abbrev  0x0000000000000d79      0x240 Debug/stm32f4xx_can.o
 .debug_abbrev  0x0000000000000fb9      0x1c0 Debug/stm32f4xx_dac.o
 .debug_abbrev  0x0000000000001179      0x1d1 Debug/stm32f4xx_exti.o
 .debug_abbrev  0x000000000000134a      0x1ec Debug/stm32f4xx_gpio.o
 .debug_abbrev  0x0000000000001536      0x1df Debug/stm32f4xx_rcc.o
 .debug_abbrev  0x0000000000001715      0x161 Debug/stm32f4xx_syscfg.o
 .debug_abbrev  0x0000000000001876      0x1cc Debug/stm32f4xx_tim.o
 .debug_abbrev  0x0000000000001a42      0x1af Debug/stm32f4xx_usart.o
 .debug_abbrev  0x0000000000001bf1      0x2c3 Debug/startup.o
 .debug_abbrev  0x0000000000001eb4      0x336 Debug/application.o

.debug_aranges  0x0000000000000000      0x1c8
 .debug_aranges
                0x0000000000000000       0x20 Debug/TinyTimber.o
 .debug_aranges
                0x0000000000000020       0x20 Debug/canTinyTimber.o
 .debug_aranges
                0x0000000000000040       0x20 Debug/sciTinyTimber.o
 .debug_aranges
                0x0000000000000060       0x20 Debug/sioTinyTimber.o
 .debug_aranges
                0x0000000000000080       0x20 Debug/stm32f4xx_can.o
 .debug_aranges
                0x00000000000000a0       0x20 Debug/stm32f4xx_dac.o
 .debug_aranges
                0x00000000000000c0       0x20 Debug/stm32f4xx_exti.o
 .debug_aranges
                0x00000000000000e0       0x20 Debug/stm32f4xx_gpio.o
 .debug_aranges
                0x0000000000000100       0x20 Debug/stm32f4xx_rcc.o
 .debug_aranges
                0x0000000000000120       0x20 Debug/stm32f4xx_syscfg.o
 .debug_aranges
                0x0000000000000140       0x20 Debug/stm32f4xx_tim.o
 .debug_aranges
                0x0000000000000160       0x20 Debug/stm32f4xx_usart.o
 .debug_aranges
                0x0000000000000180       0x28 Debug/startup.o
 .debug_aranges
                0x00000000000001a8       0x20 Debug/application.o

.debug_line     0x0000000000000000     0x4bd2
 .debug_line    0x0000000000000000      0xa38 Debug/TinyTimber.o
 .debug_line    0x0000000000000a38      0x3a9 Debug/canTinyTimber.o
 .debug_line    0x0000000000000de1      0x28f Debug/sciTinyTimber.o
 .debug_line    0x0000000000001070      0x24d Debug/sioTinyTimber.o
 .debug_line    0x00000000000012bd      0x946 Debug/stm32f4xx_can.o
 .debug_line    0x0000000000001c03      0x372 Debug/stm32f4xx_dac.o
 .debug_line    0x0000000000001f75      0x289 Debug/stm32f4xx_exti.o
 .debug_line    0x00000000000021fe      0x3b5 Debug/stm32f4xx_gpio.o
 .debug_line    0x00000000000025b3      0x75d Debug/stm32f4xx_rcc.o
 .debug_line    0x0000000000002d10      0x1e2 Debug/stm32f4xx_syscfg.o
 .debug_line    0x0000000000002ef2      0xbd6 Debug/stm32f4xx_tim.o
 .debug_line    0x0000000000003ac8      0x567 Debug/stm32f4xx_usart.o
 .debug_line    0x000000000000402f      0x32d Debug/startup.o
 .debug_line    0x000000000000435c      0x876 Debug/application.o

.debug_str      0x0000000000000000     0x338c
 .debug_str     0x0000000000000000      0xc99 Debug/TinyTimber.o
                                        0xd36 (size before relaxing)
 .debug_str     0x0000000000000c99      0x251 Debug/canTinyTimber.o
                                        0xa7c (size before relaxing)
 .debug_str     0x0000000000000eea       0x6c Debug/sciTinyTimber.o
                                        0x8d5 (size before relaxing)
 .debug_str     0x0000000000000f56      0x198 Debug/sioTinyTimber.o
                                        0xa16 (size before relaxing)
 .debug_str     0x00000000000010ee      0x360 Debug/stm32f4xx_can.o
                                        0x736 (size before relaxing)
 .debug_str     0x000000000000144e      0x272 Debug/stm32f4xx_dac.o
                                        0x44b (size before relaxing)
 .debug_str     0x00000000000016c0       0x90 Debug/stm32f4xx_exti.o
                                        0x32d (size before relaxing)
 .debug_str     0x0000000000001750      0x282 Debug/stm32f4xx_gpio.o
                                        0x4ab (size before relaxing)
 .debug_str     0x00000000000019d2      0x725 Debug/stm32f4xx_rcc.o
                                        0x976 (size before relaxing)
 .debug_str     0x00000000000020f7      0x14f Debug/stm32f4xx_syscfg.o
                                        0x306 (size before relaxing)
 .debug_str     0x0000000000002246      0x9cc Debug/stm32f4xx_tim.o
                                        0xddf (size before relaxing)
 .debug_str     0x0000000000002c12      0x3b2 Debug/stm32f4xx_usart.o
                                        0x6b0 (size before relaxing)
 .debug_str     0x0000000000002fc4       0xf1 Debug/startup.o
                                        0x8b3 (size before relaxing)
 .debug_str     0x00000000000030b5      0x2d7 Debug/application.o
                                        0x733 (size before relaxing)

.debug_frame    0x0000000000000000     0x38ac
 .debug_frame   0x0000000000000000      0x57c Debug/TinyTimber.o
 .debug_frame   0x000000000000057c      0x100 Debug/canTinyTimber.o
 .debug_frame   0x000000000000067c      0x11c Debug/sciTinyTimber.o
 .debug_frame   0x0000000000000798      0x138 Debug/sioTinyTimber.o
 .debug_frame   0x00000000000008d0      0x3f8 Debug/stm32f4xx_can.o
 .debug_frame   0x0000000000000cc8      0x2ac Debug/stm32f4xx_dac.o
 .debug_frame   0x0000000000000f74      0x148 Debug/stm32f4xx_exti.o
 .debug_frame   0x00000000000010bc      0x23c Debug/stm32f4xx_gpio.o
 .debug_frame   0x00000000000012f8      0x814 Debug/stm32f4xx_rcc.o
 .debug_frame   0x0000000000001b0c      0x11c Debug/stm32f4xx_syscfg.o
 .debug_frame   0x0000000000001c28      0xe54 Debug/stm32f4xx_tim.o
 .debug_frame   0x0000000000002a7c      0x490 Debug/stm32f4xx_usart.o
 .debug_frame   0x0000000000002f0c      0x14c Debug/startup.o
 .debug_frame   0x0000000000003058      0x314 Debug/application.o
 .debug_frame   0x000000000000336c       0x30 /Applications/ArmGNUToolchain/12.2.rel1/arm-none-eabi/bin/../lib/gcc/arm-none-eabi/12.2.1/../../../../arm-none-eabi/lib/thumb/v7e-m+fp/hard/libc_nano.a(libc_a-atoi.o)
 .debug_frame   0x000000000000339c       0x7c /Applications/ArmGNUToolchain/12.2.rel1/arm-none-eabi/bin/../lib/gcc/arm-none-eabi/12.2.1/../../../../arm-none-eabi/lib/thumb/v7e-m+fp/hard/libc_nano.a(libc_a-snprintf.o)
 .debug_frame   0x0000000000003418       0x6c /Applications/ArmGNUToolchain/12.2.rel1/arm-none-eabi/bin/../lib/gcc/arm-none-eabi/12.2.1/../../../../arm-none-eabi/lib/thumb/v7e-m+fp/hard/libc_nano.a(libc_a-sprintf.o)
 .debug_frame   0x0000000000003484       0x64 /Applications/ArmGNUToolchain/12.2.rel1/arm-none-eabi/bin/../lib/gcc/arm-none-eabi/12.2.1/../../../../arm-none-eabi/lib/thumb/v7e-m+fp/hard/libc_nano.a(libc_a-strtol.o)
 .debug_frame   0x00000000000034e8       0x20 /Applications/ArmGNUToolchain/12.2.rel1/arm-none-eabi/bin/../lib/gcc/arm-none-eabi/12.2.1/../../../../arm-none-eabi/lib/thumb/v7e-m+fp/hard/libc_nano.a(libc_a-memset.o)
 .debug_frame   0x0000000000003508       0x20 /Applications/ArmGNUToolchain/12.2.rel1/arm-none-eabi/bin/../lib/gcc/arm-none-eabi/12.2.1/../../../../arm-none-eabi/lib/thumb/v7e-m+fp/hard/libc_nano.a(libc_a-errno.o)
 .debug_frame   0x0000000000003528       0x20 /Applications/ArmGNUToolchain/12.2.rel1/arm-none-eabi/bin/../lib/gcc/arm-none-eabi/12.2.1/../../../../arm-none-eabi/lib/thumb/v7e-m+fp/hard/libc_nano.a(libc_a-strcpy.o)
 .debug_frame   0x0000000000003548       0x90 /Applications/ArmGNUToolchain/12.2.rel1/arm-none-eabi/bin/../lib/gcc/arm-none-eabi/12.2.1/../../../../arm-none-eabi/lib/thumb/v7e-m+fp/hard/libc_nano.a(libc_a-nano-svfprintf.o)
 .debug_frame   0x00000000000035d8       0x4c /Applications/ArmGNUToolchain/12.2.rel1/arm-none-eabi/bin/../lib/gcc/arm-none-eabi/12.2.1/../../../../arm-none-eabi/lib/thumb/v7e-m+fp/hard/libc_nano.a(libc_a-mallocr.o)
 .debug_frame   0x0000000000003624       0x60 /Applications/ArmGNUToolchain/12.2.rel1/arm-none-eabi/bin/../lib/gcc/arm-none-eabi/12.2.1/../../../../arm-none-eabi/lib/thumb/v7e-m+fp/hard/libc_nano.a(libc_a-nano-vfprintf_i.o)
 .debug_frame   0x0000000000003684       0x30 /Applications/ArmGNUToolchain/12.2.rel1/arm-none-eabi/bin/../lib/gcc/arm-none-eabi/12.2.1/../../../../arm-none-eabi/lib/thumb/v7e-m+fp/hard/libc_nano.a(libc_a-mlock.o)
 .debug_frame   0x00000000000036b4       0x3c /Applications/ArmGNUToolchain/12.2.rel1/arm-none-eabi/bin/../lib/gcc/arm-none-eabi/12.2.1/../../../../arm-none-eabi/lib/thumb/v7e-m+fp/hard/libc_nano.a(libc_a-reallocr.o)
 .debug_frame   0x00000000000036f0       0x28 /Applications/ArmGNUToolchain/12.2.rel1/arm-none-eabi/bin/../lib/gcc/arm-none-eabi/12.2.1/../../../../arm-none-eabi/lib/thumb/v7e-m+fp/hard/libc_nano.a(libc_a-memmove.o)
 .debug_frame   0x0000000000003718       0x2c /Applications/ArmGNUToolchain/12.2.rel1/arm-none-eabi/bin/../lib/gcc/arm-none-eabi/12.2.1/../../../../arm-none-eabi/lib/thumb/v7e-m+fp/hard/libc_nano.a(libc_a-sbrkr.o)
 .debug_frame   0x0000000000003744       0xb0 /Applications/ArmGNUToolchain/12.2.rel1/arm-none-eabi/bin/../lib/gcc/arm-none-eabi/12.2.1/../../../../arm-none-eabi/lib/thumb/v7e-m+fp/hard/libc_nano.a(libc_a-lock.o)
 .debug_frame   0x00000000000037f4       0x28 /Applications/ArmGNUToolchain/12.2.rel1/arm-none-eabi/bin/../lib/gcc/arm-none-eabi/12.2.1/../../../../arm-none-eabi/lib/thumb/v7e-m+fp/hard/libc_nano.a(libc_a-memcpy-stub.o)
 .debug_frame   0x000000000000381c       0x38 /Applications/ArmGNUToolchain/12.2.rel1/arm-none-eabi/bin/../lib/gcc/arm-none-eabi/12.2.1/../../../../arm-none-eabi/lib/thumb/v7e-m+fp/hard/libc_nano.a(libc_a-freer.o)
 .debug_frame   0x0000000000003854       0x20 /Applications/ArmGNUToolchain/12.2.rel1/arm-none-eabi/bin/../lib/gcc/arm-none-eabi/12.2.1/../../../../arm-none-eabi/lib/thumb/v7e-m+fp/hard/libc_nano.a(libc_a-msizer.o)
 .debug_frame   0x0000000000003874       0x38 /Applications/ArmGNUToolchain/12.2.rel1/arm-none-eabi/bin/../lib/gcc/arm-none-eabi/12.2.1/../../../../arm-none-eabi/lib/thumb/v7e-m+fp/hard/libc_nano.a(libc_a-reent.o)

.debug_rnglists
                0x0000000000000000       0x3c
 .debug_rnglists
                0x0000000000000000       0x1a Debug/startup.o
 .debug_rnglists
                0x000000000000001a       0x22 Debug/application.o

.debug_line_str
                0x0000000000000000       0xea
 .debug_line_str
                0x0000000000000000       0xea /Applications/ArmGNUToolchain/12.2.rel1/arm-none-eabi/bin/../lib/gcc/arm-none-eabi/12.2.1/../../../../arm-none-eabi/lib/thumb/v7e-m+fp/hard/libc_nano.a(libc_a-memchr.o)

Cross Reference Table

Symbol                                            File
ABORT                                             Debug/TinyTimber.o
CAN_CancelTransmit                                Debug/stm32f4xx_can.o
CAN_ClearFlag                                     Debug/stm32f4xx_can.o
CAN_ClearITPendingBit                             Debug/stm32f4xx_can.o
CAN_DBGFreeze                                     Debug/stm32f4xx_can.o
CAN_DeInit                                        Debug/stm32f4xx_can.o
                                                  Debug/startup.o
CAN_FIFORelease                                   Debug/stm32f4xx_can.o
CAN_FilterInit                                    Debug/stm32f4xx_can.o
                                                  Debug/startup.o
CAN_GetFlagStatus                                 Debug/stm32f4xx_can.o
                                                  Debug/canTinyTimber.o
CAN_GetITStatus                                   Debug/stm32f4xx_can.o
CAN_GetLSBTransmitErrorCounter                    Debug/stm32f4xx_can.o
CAN_GetLastErrorCode                              Debug/stm32f4xx_can.o
CAN_GetReceiveErrorCounter                        Debug/stm32f4xx_can.o
CAN_ITConfig                                      Debug/stm32f4xx_can.o
                                                  Debug/canTinyTimber.o
CAN_Init                                          Debug/stm32f4xx_can.o
                                                  Debug/canTinyTimber.o
CAN_MessagePending                                Debug/stm32f4xx_can.o
CAN_OperatingModeRequest                          Debug/stm32f4xx_can.o
CAN_Receive                                       Debug/stm32f4xx_can.o
                                                  Debug/canTinyTimber.o
CAN_SlaveStartBank                                Debug/stm32f4xx_can.o
CAN_Sleep                                         Debug/stm32f4xx_can.o
CAN_StructInit                                    Debug/stm32f4xx_can.o
                                                  Debug/canTinyTimber.o
CAN_TTComModeCmd                                  Debug/stm32f4xx_can.o
CAN_Transmit                                      Debug/stm32f4xx_can.o
                                                  Debug/canTinyTimber.o
CAN_TransmitStatus                                Debug/stm32f4xx_can.o
CAN_WakeUp                                        Debug/stm32f4xx_can.o
CURRENT_OFFSET                                    Debug/TinyTimber.o
DAC_ClearFlag                                     Debug/stm32f4xx_dac.o
DAC_ClearITPendingBit                             Debug/stm32f4xx_dac.o
DAC_Cmd                                           Debug/stm32f4xx_dac.o
                                                  Debug/startup.o
DAC_DMACmd                                        Debug/stm32f4xx_dac.o
DAC_DeInit                                        Debug/stm32f4xx_dac.o
                                                  Debug/startup.o
DAC_DualSoftwareTriggerCmd                        Debug/stm32f4xx_dac.o
DAC_GetDataOutputValue                            Debug/stm32f4xx_dac.o
DAC_GetFlagStatus                                 Debug/stm32f4xx_dac.o
DAC_GetITStatus                                   Debug/stm32f4xx_dac.o
DAC_ITConfig                                      Debug/stm32f4xx_dac.o
DAC_Init                                          Debug/stm32f4xx_dac.o
                                                  Debug/startup.o
DAC_SetChannel1Data                               Debug/stm32f4xx_dac.o
DAC_SetChannel2Data                               Debug/stm32f4xx_dac.o
                                                  Debug/startup.o
DAC_SetDualChannelData                            Debug/stm32f4xx_dac.o
DAC_SoftwareTriggerCmd                            Debug/stm32f4xx_dac.o
DAC_StructInit                                    Debug/stm32f4xx_dac.o
                                                  Debug/startup.o
DAC_WaveGenerationCmd                             Debug/stm32f4xx_dac.o
DUMP                                              Debug/TinyTimber.o
                                                  Debug/sioTinyTimber.o
                                                  Debug/canTinyTimber.o
                                                  Debug/dispatch.o
DUMPC                                             Debug/TinyTimber.o
DUMPD                                             Debug/TinyTimber.o
                                                  Debug/dispatch.o
DUMPH                                             Debug/TinyTimber.o
                                                  Debug/dispatch.o
EXTI_ClearFlag                                    Debug/stm32f4xx_exti.o
EXTI_ClearITPendingBit                            Debug/stm32f4xx_exti.o
                                                  Debug/sioTinyTimber.o
EXTI_DeInit                                       Debug/stm32f4xx_exti.o
                                                  Debug/startup.o
EXTI_GenerateSWInterrupt                          Debug/stm32f4xx_exti.o
EXTI_GetFlagStatus                                Debug/stm32f4xx_exti.o
EXTI_GetITStatus                                  Debug/stm32f4xx_exti.o
                                                  Debug/sioTinyTimber.o
EXTI_Init                                         Debug/stm32f4xx_exti.o
                                                  Debug/startup.o
                                                  Debug/sioTinyTimber.o
EXTI_StructInit                                   Debug/stm32f4xx_exti.o
                                                  Debug/startup.o
                                                  Debug/sioTinyTimber.o
GPIO_DeInit                                       Debug/stm32f4xx_gpio.o
                                                  Debug/startup.o
GPIO_Init                                         Debug/stm32f4xx_gpio.o
                                                  Debug/startup.o
GPIO_PinAFConfig                                  Debug/stm32f4xx_gpio.o
                                                  Debug/startup.o
GPIO_PinLockConfig                                Debug/stm32f4xx_gpio.o
GPIO_ReadInputData                                Debug/stm32f4xx_gpio.o
GPIO_ReadInputDataBit                             Debug/stm32f4xx_gpio.o
                                                  Debug/sioTinyTimber.o
GPIO_ReadOutputData                               Debug/stm32f4xx_gpio.o
GPIO_ReadOutputDataBit                            Debug/stm32f4xx_gpio.o
GPIO_ResetBits                                    Debug/stm32f4xx_gpio.o
GPIO_SetBits                                      Debug/stm32f4xx_gpio.o
GPIO_StructInit                                   Debug/stm32f4xx_gpio.o
                                                  Debug/startup.o
GPIO_ToggleBits                                   Debug/stm32f4xx_gpio.o
                                                  Debug/sioTinyTimber.o
GPIO_Write                                        Debug/stm32f4xx_gpio.o
GPIO_WriteBit                                     Debug/stm32f4xx_gpio.o
                                                  Debug/startup.o
                                                  Debug/sioTinyTimber.o
                                                  Debug/TinyTimber.o
RCC_AHB1PeriphClockCmd                            Debug/stm32f4xx_rcc.o
                                                  Debug/startup.o
RCC_AHB1PeriphClockLPModeCmd                      Debug/stm32f4xx_rcc.o
RCC_AHB1PeriphResetCmd                            Debug/stm32f4xx_rcc.o
                                                  Debug/stm32f4xx_gpio.o
RCC_AHB2PeriphClockCmd                            Debug/stm32f4xx_rcc.o
RCC_AHB2PeriphClockLPModeCmd                      Debug/stm32f4xx_rcc.o
RCC_AHB2PeriphResetCmd                            Debug/stm32f4xx_rcc.o
RCC_AHB3PeriphClockCmd                            Debug/stm32f4xx_rcc.o
RCC_AHB3PeriphClockLPModeCmd                      Debug/stm32f4xx_rcc.o
RCC_AHB3PeriphResetCmd                            Debug/stm32f4xx_rcc.o
RCC_APB1PeriphClockCmd                            Debug/stm32f4xx_rcc.o
                                                  Debug/startup.o
RCC_APB1PeriphClockLPModeCmd                      Debug/stm32f4xx_rcc.o
                                                  Debug/startup.o
RCC_APB1PeriphResetCmd                            Debug/stm32f4xx_rcc.o
                                                  Debug/stm32f4xx_usart.o
                                                  Debug/stm32f4xx_tim.o
                                                  Debug/stm32f4xx_dac.o
                                                  Debug/stm32f4xx_can.o
RCC_APB2PeriphClockCmd                            Debug/stm32f4xx_rcc.o
                                                  Debug/startup.o
RCC_APB2PeriphClockLPModeCmd                      Debug/stm32f4xx_rcc.o
RCC_APB2PeriphResetCmd                            Debug/stm32f4xx_rcc.o
                                                  Debug/stm32f4xx_usart.o
                                                  Debug/stm32f4xx_tim.o
                                                  Debug/stm32f4xx_syscfg.o
RCC_AdjustHSICalibrationValue                     Debug/stm32f4xx_rcc.o
RCC_BackupResetCmd                                Debug/stm32f4xx_rcc.o
RCC_ClearFlag                                     Debug/stm32f4xx_rcc.o
RCC_ClearITPendingBit                             Debug/stm32f4xx_rcc.o
RCC_ClockSecuritySystemCmd                        Debug/stm32f4xx_rcc.o
RCC_DeInit                                        Debug/stm32f4xx_rcc.o
RCC_GetClocksFreq                                 Debug/stm32f4xx_rcc.o
                                                  Debug/stm32f4xx_usart.o
RCC_GetFlagStatus                                 Debug/stm32f4xx_rcc.o
RCC_GetITStatus                                   Debug/stm32f4xx_rcc.o
RCC_GetSYSCLKSource                               Debug/stm32f4xx_rcc.o
RCC_HCLKConfig                                    Debug/stm32f4xx_rcc.o
RCC_HSEConfig                                     Debug/stm32f4xx_rcc.o
RCC_HSICmd                                        Debug/stm32f4xx_rcc.o
RCC_I2SCLKConfig                                  Debug/stm32f4xx_rcc.o
RCC_ITConfig                                      Debug/stm32f4xx_rcc.o
RCC_LSEConfig                                     Debug/stm32f4xx_rcc.o
RCC_LSICmd                                        Debug/stm32f4xx_rcc.o
RCC_LTDCCLKDivConfig                              Debug/stm32f4xx_rcc.o
RCC_MCO1Config                                    Debug/stm32f4xx_rcc.o
RCC_MCO2Config                                    Debug/stm32f4xx_rcc.o
RCC_PCLK1Config                                   Debug/stm32f4xx_rcc.o
RCC_PCLK2Config                                   Debug/stm32f4xx_rcc.o
RCC_PLLCmd                                        Debug/stm32f4xx_rcc.o
RCC_PLLConfig                                     Debug/stm32f4xx_rcc.o
RCC_PLLI2SCmd                                     Debug/stm32f4xx_rcc.o
RCC_PLLI2SConfig                                  Debug/stm32f4xx_rcc.o
RCC_PLLSAICmd                                     Debug/stm32f4xx_rcc.o
RCC_PLLSAIConfig                                  Debug/stm32f4xx_rcc.o
RCC_RTCCLKCmd                                     Debug/stm32f4xx_rcc.o
RCC_RTCCLKConfig                                  Debug/stm32f4xx_rcc.o
RCC_SAIBlockACLKConfig                            Debug/stm32f4xx_rcc.o
RCC_SAIBlockBCLKConfig                            Debug/stm32f4xx_rcc.o
RCC_SAIPLLI2SClkDivConfig                         Debug/stm32f4xx_rcc.o
RCC_SAIPLLSAIClkDivConfig                         Debug/stm32f4xx_rcc.o
RCC_SYSCLKConfig                                  Debug/stm32f4xx_rcc.o
RCC_TIMCLKPresConfig                              Debug/stm32f4xx_rcc.o
RCC_WaitForHSEStartUp                             Debug/stm32f4xx_rcc.o
SETPC                                             Debug/TinyTimber.o
SETSTACK                                          Debug/TinyTimber.o
SYSCFG_CompensationCellCmd                        Debug/stm32f4xx_syscfg.o
SYSCFG_DeInit                                     Debug/stm32f4xx_syscfg.o
SYSCFG_ETH_MediaInterfaceConfig                   Debug/stm32f4xx_syscfg.o
SYSCFG_EXTILineConfig                             Debug/stm32f4xx_syscfg.o
                                                  Debug/startup.o
SYSCFG_GetCompensationCellStatus                  Debug/stm32f4xx_syscfg.o
SYSCFG_MemoryRemapConfig                          Debug/stm32f4xx_syscfg.o
SYSCFG_MemorySwappingBank                         Debug/stm32f4xx_syscfg.o
TIMER_INIT                                        Debug/TinyTimber.o
TIM_ARRPreloadConfig                              Debug/stm32f4xx_tim.o
TIM_BDTRConfig                                    Debug/stm32f4xx_tim.o
TIM_BDTRStructInit                                Debug/stm32f4xx_tim.o
TIM_CCPreloadControl                              Debug/stm32f4xx_tim.o
TIM_CCxCmd                                        Debug/stm32f4xx_tim.o
TIM_CCxNCmd                                       Debug/stm32f4xx_tim.o
TIM_ClearFlag                                     Debug/stm32f4xx_tim.o
TIM_ClearITPendingBit                             Debug/stm32f4xx_tim.o
                                                  Debug/TinyTimber.o
TIM_ClearOC1Ref                                   Debug/stm32f4xx_tim.o
TIM_ClearOC2Ref                                   Debug/stm32f4xx_tim.o
TIM_ClearOC3Ref                                   Debug/stm32f4xx_tim.o
TIM_ClearOC4Ref                                   Debug/stm32f4xx_tim.o
TIM_Cmd                                           Debug/stm32f4xx_tim.o
                                                  Debug/TinyTimber.o
TIM_CounterModeConfig                             Debug/stm32f4xx_tim.o
TIM_CtrlPWMOutputs                                Debug/stm32f4xx_tim.o
TIM_DMACmd                                        Debug/stm32f4xx_tim.o
TIM_DMAConfig                                     Debug/stm32f4xx_tim.o
TIM_DeInit                                        Debug/stm32f4xx_tim.o
                                                  Debug/TinyTimber.o
TIM_ETRClockMode1Config                           Debug/stm32f4xx_tim.o
TIM_ETRClockMode2Config                           Debug/stm32f4xx_tim.o
TIM_ETRConfig                                     Debug/stm32f4xx_tim.o
TIM_EncoderInterfaceConfig                        Debug/stm32f4xx_tim.o
TIM_ForcedOC1Config                               Debug/stm32f4xx_tim.o
TIM_ForcedOC2Config                               Debug/stm32f4xx_tim.o
TIM_ForcedOC3Config                               Debug/stm32f4xx_tim.o
TIM_ForcedOC4Config                               Debug/stm32f4xx_tim.o
TIM_GenerateEvent                                 Debug/stm32f4xx_tim.o
TIM_GetCapture1                                   Debug/stm32f4xx_tim.o
TIM_GetCapture2                                   Debug/stm32f4xx_tim.o
TIM_GetCapture3                                   Debug/stm32f4xx_tim.o
TIM_GetCapture4                                   Debug/stm32f4xx_tim.o
TIM_GetCounter                                    Debug/stm32f4xx_tim.o
                                                  Debug/TinyTimber.o