Archive member included to satisfy reference by file (symbol)

/usr/lib/gcc/arm-none-eabi/9.2.1/../../../arm-none-eabi/lib/thumb/v7e-m+fp/hard/libc_nano.a(lib_a-snprintf.o)
                              Debug/application.o (snprintf)
/usr/lib/gcc/arm-none-eabi/9.2.1/../../../arm-none-eabi/lib/thumb/v7e-m+fp/hard/libc_nano.a(lib_a-sprintf.o)
                              Debug/application.o (sprintf)
/usr/lib/gcc/arm-none-eabi/9.2.1/../../../arm-none-eabi/lib/thumb/v7e-m+fp/hard/libc_nano.a(lib_a-impure.o)
                              /usr/lib/gcc/arm-none-eabi/9.2.1/../../../arm-none-eabi/lib/thumb/v7e-m+fp/hard/libc_nano.a(lib_a-snprintf.o) (_impure_ptr)
/usr/lib/gcc/arm-none-eabi/9.2.1/../../../arm-none-eabi/lib/thumb/v7e-m+fp/hard/libc_nano.a(lib_a-nano-svfprintf.o)
                              /usr/lib/gcc/arm-none-eabi/9.2.1/../../../arm-none-eabi/lib/thumb/v7e-m+fp/hard/libc_nano.a(lib_a-snprintf.o) (_svfprintf_r)
/usr/lib/gcc/arm-none-eabi/9.2.1/../../../arm-none-eabi/lib/thumb/v7e-m+fp/hard/libc_nano.a(lib_a-nano-vfprintf_i.o)
                              /usr/lib/gcc/arm-none-eabi/9.2.1/../../../arm-none-eabi/lib/thumb/v7e-m+fp/hard/libc_nano.a(lib_a-nano-svfprintf.o) (_printf_i)
/usr/lib/gcc/arm-none-eabi/9.2.1/../../../arm-none-eabi/lib/thumb/v7e-m+fp/hard/libc_nano.a(lib_a-memchr.o)
                              /usr/lib/gcc/arm-none-eabi/9.2.1/../../../arm-none-eabi/lib/thumb/v7e-m+fp/hard/libc_nano.a(lib_a-nano-svfprintf.o) (memchr)
/usr/lib/gcc/arm-none-eabi/9.2.1/../../../arm-none-eabi/lib/thumb/v7e-m+fp/hard/libc_nano.a(lib_a-memcpy.o)
                              /usr/lib/gcc/arm-none-eabi/9.2.1/../../../arm-none-eabi/lib/thumb/v7e-m+fp/hard/libc_nano.a(lib_a-nano-svfprintf.o) (memcpy)
/usr/lib/gcc/arm-none-eabi/9.2.1/../../../arm-none-eabi/lib/thumb/v7e-m+fp/hard/libc_nano.a(lib_a-memmove.o)
                              /usr/lib/gcc/arm-none-eabi/9.2.1/../../../arm-none-eabi/lib/thumb/v7e-m+fp/hard/libc_nano.a(lib_a-nano-svfprintf.o) (memmove)
/usr/lib/gcc/arm-none-eabi/9.2.1/../../../arm-none-eabi/lib/thumb/v7e-m+fp/hard/libc_nano.a(lib_a-nano-freer.o)
                              /usr/lib/gcc/arm-none-eabi/9.2.1/../../../arm-none-eabi/lib/thumb/v7e-m+fp/hard/libc_nano.a(lib_a-nano-svfprintf.o) (_free_r)
/usr/lib/gcc/arm-none-eabi/9.2.1/../../../arm-none-eabi/lib/thumb/v7e-m+fp/hard/libc_nano.a(lib_a-nano-mallocr.o)
                              /usr/lib/gcc/arm-none-eabi/9.2.1/../../../arm-none-eabi/lib/thumb/v7e-m+fp/hard/libc_nano.a(lib_a-nano-svfprintf.o) (_malloc_r)
/usr/lib/gcc/arm-none-eabi/9.2.1/../../../arm-none-eabi/lib/thumb/v7e-m+fp/hard/libc_nano.a(lib_a-nano-reallocr.o)
                              /usr/lib/gcc/arm-none-eabi/9.2.1/../../../arm-none-eabi/lib/thumb/v7e-m+fp/hard/libc_nano.a(lib_a-nano-svfprintf.o) (_realloc_r)
/usr/lib/gcc/arm-none-eabi/9.2.1/../../../arm-none-eabi/lib/thumb/v7e-m+fp/hard/libc_nano.a(lib_a-sbrkr.o)
                              /usr/lib/gcc/arm-none-eabi/9.2.1/../../../arm-none-eabi/lib/thumb/v7e-m+fp/hard/libc_nano.a(lib_a-nano-mallocr.o) (_sbrk_r)
/usr/lib/gcc/arm-none-eabi/9.2.1/../../../arm-none-eabi/lib/thumb/v7e-m+fp/hard/libc_nano.a(lib_a-mlock.o)
                              /usr/lib/gcc/arm-none-eabi/9.2.1/../../../arm-none-eabi/lib/thumb/v7e-m+fp/hard/libc_nano.a(lib_a-nano-freer.o) (__malloc_lock)
/usr/lib/gcc/arm-none-eabi/9.2.1/../../../arm-none-eabi/lib/thumb/v7e-m+fp/hard/libc_nano.a(lib_a-nano-msizer.o)
                              /usr/lib/gcc/arm-none-eabi/9.2.1/../../../arm-none-eabi/lib/thumb/v7e-m+fp/hard/libc_nano.a(lib_a-nano-reallocr.o) (_malloc_usable_size_r)
/usr/lib/gcc/arm-none-eabi/9.2.1/../../../arm-none-eabi/lib/thumb/v7e-m+fp/hard/libc_nano.a(lib_a-reent.o)
                              /usr/lib/gcc/arm-none-eabi/9.2.1/../../../arm-none-eabi/lib/thumb/v7e-m+fp/hard/libc_nano.a(lib_a-sbrkr.o) (errno)

Allocating common symbols
Common symbol       size              file

errno               0x4               /usr/lib/gcc/arm-none-eabi/9.2.1/../../../arm-none-eabi/lib/thumb/v7e-m+fp/hard/libc_nano.a(lib_a-reent.o)
otable              0xc               Debug/TinyTimber.o
upcoming            0x4               Debug/TinyTimber.o
threads             0x50              Debug/TinyTimber.o
mtable              0xc               Debug/TinyTimber.o
thread0             0x14              Debug/TinyTimber.o
messages            0x2d0             Debug/TinyTimber.o
__heap_end          0x4               Debug/TinyTimber.o
stacks              0x8000            Debug/TinyTimber.o

Memory Configuration

Name             Origin             Length             Attributes
RAM              0x0000000020000000 0x000000000001c000 xrw
*default*        0x0000000000000000 0xffffffffffffffff

Linker script and memory map

LOAD Debug/dispatch.o
LOAD Debug/TinyTimber.o
LOAD Debug/canTinyTimber.o
LOAD Debug/sciTinyTimber.o
LOAD Debug/stm32f4xx_can.o
LOAD Debug/stm32f4xx_dac.o
LOAD Debug/stm32f4xx_exti.o
LOAD Debug/stm32f4xx_gpio.o
LOAD Debug/stm32f4xx_rcc.o
LOAD Debug/stm32f4xx_syscfg.o
LOAD Debug/stm32f4xx_tim.o
LOAD Debug/stm32f4xx_usart.o
LOAD Debug/startup.o
LOAD Debug/application.o
LOAD /usr/lib/gcc/arm-none-eabi/9.2.1/../../../arm-none-eabi/lib/thumb/v7e-m+fp/hard/libstdc++_nano.a
LOAD /usr/lib/gcc/arm-none-eabi/9.2.1/../../../arm-none-eabi/lib/thumb/v7e-m+fp/hard/libm.a
START GROUP
LOAD /usr/lib/gcc/arm-none-eabi/9.2.1/thumb/v7e-m+fp/hard/libgcc.a
LOAD /usr/lib/gcc/arm-none-eabi/9.2.1/../../../arm-none-eabi/lib/thumb/v7e-m+fp/hard/libc_nano.a
END GROUP
START GROUP
LOAD /usr/lib/gcc/arm-none-eabi/9.2.1/thumb/v7e-m+fp/hard/libgcc.a
LOAD /usr/lib/gcc/arm-none-eabi/9.2.1/../../../arm-none-eabi/lib/thumb/v7e-m+fp/hard/libc_nano.a
END GROUP

.text           0x0000000020000000     0x8230
                0x0000000020000000                . = ALIGN (0x4)
 *(.start_section)
 .start_section
                0x0000000020000000       0x1c Debug/startup.o
                0x0000000020000000                startup
 *(.text)
 .text          0x000000002000001c       0xf4 Debug/dispatch.o
                0x000000002000001c                vect_SVCall
                0x0000000020000020                vect_PendSV
 .text          0x0000000020000110      0xf54 Debug/TinyTimber.o
                0x0000000020000198                DUMP
                0x00000000200001d2                DUMPH
                0x0000000020000230                DUMPD
                0x00000000200002d4                sei
                0x00000000200002f2                cli
                0x0000000020000310                _sbrk
                0x0000000020000354                SETSTACK
                0x00000000200003bc                SETPC
                0x00000000200003e0                TIMER_INIT
                0x0000000020000478                DUMPC
                0x00000000200004ac                vect_USART1
                0x0000000020000514                vect_CAN1
                0x000000002000057c                vect_EXTI9_5
                0x00000000200005e4                enqueueByDeadline
                0x000000002000063c                enqueueByBaseline
                0x0000000020000694                dequeue
                0x00000000200006e4                dequeue_pool
                0x0000000020000734                insert
                0x0000000020000758                push
                0x000000002000077c                pop
                0x00000000200007fe                vect_TIM5
                0x0000000020000890                __svc_dispatch
                0x00000000200008a0                __pendSV_dispatch
                0x0000000020000a10                async
                0x0000000020000b4c                sync
                0x0000000020000c58                ABORT
                0x0000000020000d0c                T_RESET
                0x0000000020000d48                T_SAMPLE
                0x0000000020000d88                CURRENT_OFFSET
                0x0000000020000f34                install
                0x0000000020001000                tinytimber
 .text          0x0000000020001064      0x434 Debug/canTinyTimber.o
                0x00000000200010ec                can_init
                0x00000000200011a4                can_interrupt
                0x000000002000132c                can_receive
                0x00000000200013f6                can_send
 .text          0x0000000020001498      0x294 Debug/sciTinyTimber.o
                0x0000000020001520                sci_init
                0x00000000200015c6                sci_write
                0x000000002000161c                sci_writechar
                0x0000000020001652                sci_interrupt
 .text          0x000000002000172c     0x11b4 Debug/stm32f4xx_can.o
                0x000000002000172c                CAN_DeInit
                0x0000000020001774                CAN_Init
                0x0000000020001916                CAN_FilterInit
                0x0000000020001a9c                CAN_StructInit
                0x0000000020001af2                CAN_SlaveStartBank
                0x0000000020001b54                CAN_DBGFreeze
                0x0000000020001b8c                CAN_TTComModeCmd
                0x0000000020001c24                CAN_Transmit
                0x0000000020001dc6                CAN_TransmitStatus
                0x0000000020001ecc                CAN_CancelTransmit
                0x0000000020001f24                CAN_Receive
                0x00000000200020a0                CAN_FIFORelease
                0x00000000200020d8                CAN_MessagePending
                0x0000000020002122                CAN_OperatingModeRequest
                0x000000002000221e                CAN_Sleep
                0x0000000020002258                CAN_WakeUp
                0x00000000200022ae                CAN_GetLastErrorCode
                0x00000000200022d4                CAN_GetReceiveErrorCounter
                0x00000000200022f6                CAN_GetLSBTransmitErrorCounter
                0x0000000020002318                CAN_ITConfig
                0x0000000020002354                CAN_GetFlagStatus
                0x0000000020002422                CAN_ClearFlag
                0x0000000020002494                CAN_GetITStatus
                0x00000000200026f8                CAN_ClearITPendingBit
 .text          0x00000000200028e0      0x450 Debug/stm32f4xx_dac.o
                0x00000000200028e0                DAC_DeInit
                0x00000000200028fc                DAC_Init
                0x0000000020002964                DAC_StructInit
                0x0000000020002990                DAC_Cmd
                0x00000000200029dc                DAC_SoftwareTriggerCmd
                0x0000000020002a2c                DAC_DualSoftwareTriggerCmd
                0x0000000020002a68                DAC_WaveGenerationCmd
                0x0000000020002ab4                DAC_SetChannel1Data
                0x0000000020002aec                DAC_SetChannel2Data
                0x0000000020002b24                DAC_SetDualChannelData
                0x0000000020002b7c                DAC_GetDataOutputValue
                0x0000000020002bb0                DAC_DMACmd
                0x0000000020002c00                DAC_ITConfig
                0x0000000020002c4c                DAC_GetFlagStatus
                0x0000000020002c88                DAC_ClearFlag
                0x0000000020002cb0                DAC_GetITStatus
                0x0000000020002d08                DAC_ClearITPendingBit
 .text          0x0000000020002d30      0x210 Debug/stm32f4xx_exti.o
                0x0000000020002d30                EXTI_DeInit
                0x0000000020002d64                EXTI_Init
                0x0000000020002e48                EXTI_StructInit
                0x0000000020002e74                EXTI_GenerateSWInterrupt
                0x0000000020002e98                EXTI_GetFlagStatus
                0x0000000020002ecc                EXTI_ClearFlag
                0x0000000020002eec                EXTI_GetITStatus
                0x0000000020002f20                EXTI_ClearITPendingBit
 .text          0x0000000020002f40      0x4d8 Debug/stm32f4xx_gpio.o
                0x0000000020002f40                GPIO_DeInit
                0x00000000200030a4                GPIO_Init
                0x00000000200031c2                GPIO_StructInit
                0x00000000200031f6                GPIO_PinLockConfig
                0x000000002000323a                GPIO_ReadInputDataBit
                0x000000002000326e                GPIO_ReadInputData
                0x0000000020003288                GPIO_ReadOutputDataBit
                0x00000000200032bc                GPIO_ReadOutputData
                0x00000000200032d6                GPIO_SetBits
                0x00000000200032f4                GPIO_ResetBits
                0x0000000020003312                GPIO_WriteBit
                0x0000000020003342                GPIO_Write
                0x0000000020003360                GPIO_ToggleBits
                0x0000000020003384                GPIO_PinAFConfig
 .text          0x0000000020003418      0xcb0 Debug/stm32f4xx_rcc.o
                0x0000000020003418                RCC_DeInit
                0x0000000020003488                RCC_HSEConfig
                0x00000000200034b0                RCC_WaitForHSEStartUp
                0x0000000020003500                RCC_AdjustHSICalibrationValue
                0x000000002000353c                RCC_HSICmd
                0x000000002000355c                RCC_LSEConfig
                0x00000000200035a0                RCC_LSICmd
                0x00000000200035c0                RCC_PLLConfig
                0x0000000020003600                RCC_PLLCmd
                0x0000000020003620                RCC_PLLI2SConfig
                0x000000002000364c                RCC_PLLI2SCmd
                0x000000002000366c                RCC_PLLSAIConfig
                0x00000000200036a0                RCC_PLLSAICmd
                0x00000000200036c0                RCC_ClockSecuritySystemCmd
                0x00000000200036e0                RCC_MCO1Config
                0x0000000020003720                RCC_MCO2Config
                0x0000000020003760                RCC_SYSCLKConfig
                0x0000000020003798                RCC_GetSYSCLKSource
                0x00000000200037b8                RCC_HCLKConfig
                0x00000000200037f0                RCC_PCLK1Config
                0x0000000020003828                RCC_PCLK2Config
                0x0000000020003864                RCC_GetClocksFreq
                0x00000000200039c0                RCC_RTCCLKConfig
                0x0000000020003a1c                RCC_RTCCLKCmd
                0x0000000020003a3c                RCC_BackupResetCmd
                0x0000000020003a5c                RCC_I2SCLKConfig
                0x0000000020003a7c                RCC_SAIPLLI2SClkDivConfig
                0x0000000020003abc                RCC_SAIPLLSAIClkDivConfig
                0x0000000020003afc                RCC_SAIBlockACLKConfig
                0x0000000020003b38                RCC_SAIBlockBCLKConfig
                0x0000000020003b74                RCC_LTDCCLKDivConfig
                0x0000000020003bb0                RCC_TIMCLKPresConfig
                0x0000000020003bd0                RCC_AHB1PeriphClockCmd
                0x0000000020003c10                RCC_AHB2PeriphClockCmd
                0x0000000020003c50                RCC_AHB3PeriphClockCmd
                0x0000000020003c90                RCC_APB1PeriphClockCmd
                0x0000000020003cd0                RCC_APB2PeriphClockCmd
                0x0000000020003d10                RCC_AHB1PeriphResetCmd
                0x0000000020003d50                RCC_AHB2PeriphResetCmd
                0x0000000020003d90                RCC_AHB3PeriphResetCmd
                0x0000000020003dd0                RCC_APB1PeriphResetCmd
                0x0000000020003e10                RCC_APB2PeriphResetCmd
                0x0000000020003e50                RCC_AHB1PeriphClockLPModeCmd
                0x0000000020003e90                RCC_AHB2PeriphClockLPModeCmd
                0x0000000020003ed0                RCC_AHB3PeriphClockLPModeCmd
                0x0000000020003f10                RCC_APB1PeriphClockLPModeCmd
                0x0000000020003f50                RCC_APB2PeriphClockLPModeCmd
                0x0000000020003f90                RCC_ITConfig
                0x0000000020003fdc                RCC_GetFlagStatus
                0x0000000020004050                RCC_ClearFlag
                0x0000000020004070                RCC_GetITStatus
                0x00000000200040a8                RCC_ClearITPendingBit
 .text          0x00000000200040c8      0x154 Debug/stm32f4xx_syscfg.o
                0x00000000200040c8                SYSCFG_DeInit
                0x00000000200040e4                SYSCFG_MemoryRemapConfig
                0x0000000020004104                SYSCFG_MemorySwappingBank
                0x0000000020004124                SYSCFG_EXTILineConfig
                0x00000000200041a8                SYSCFG_ETH_MediaInterfaceConfig
                0x00000000200041c8                SYSCFG_CompensationCellCmd
                0x00000000200041e8                SYSCFG_GetCompensationCellStatus
 .text          0x000000002000421c     0x1c1c Debug/stm32f4xx_tim.o
                0x000000002000421c                TIM_DeInit
                0x00000000200043dc                TIM_TimeBaseInit
                0x00000000200044b4                TIM_TimeBaseStructInit
                0x00000000200044e8                TIM_PrescalerConfig
                0x0000000020004510                TIM_CounterModeConfig
                0x0000000020004548                TIM_SetCounter
                0x0000000020004564                TIM_SetAutoreload
                0x0000000020004580                TIM_GetCounter
                0x0000000020004598                TIM_GetPrescaler
                0x00000000200045b2                TIM_UpdateDisableConfig
                0x00000000200045f2                TIM_UpdateRequestConfig
                0x0000000020004632                TIM_ARRPreloadConfig
                0x0000000020004672                TIM_SelectOnePulseMode
                0x00000000200046aa                TIM_SetClockDivision
                0x00000000200046e2                TIM_Cmd
                0x0000000020004722                TIM_OC1Init
                0x0000000020004818                TIM_OC2Init
                0x0000000020004928                TIM_OC3Init
                0x0000000020004a34                TIM_OC4Init
                0x0000000020004b04                TIM_OCStructInit
                0x0000000020004b48                TIM_SelectOCxM
                0x0000000020004bfe                TIM_SetCompare1
                0x0000000020004c1a                TIM_SetCompare2
                0x0000000020004c36                TIM_SetCompare3
                0x0000000020004c52                TIM_SetCompare4
                0x0000000020004c6e                TIM_ForcedOC1Config
                0x0000000020004ca6                TIM_ForcedOC2Config
                0x0000000020004ce2                TIM_ForcedOC3Config
                0x0000000020004d1a                TIM_ForcedOC4Config
                0x0000000020004d56                TIM_OC1PreloadConfig
                0x0000000020004d8e                TIM_OC2PreloadConfig
                0x0000000020004dca                TIM_OC3PreloadConfig
                0x0000000020004e02                TIM_OC4PreloadConfig
                0x0000000020004e3e                TIM_OC1FastConfig
                0x0000000020004e76                TIM_OC2FastConfig
                0x0000000020004eb2                TIM_OC3FastConfig
                0x0000000020004eea                TIM_OC4FastConfig
                0x0000000020004f26                TIM_ClearOC1Ref
                0x0000000020004f5e                TIM_ClearOC2Ref
                0x0000000020004f9a                TIM_ClearOC3Ref
                0x0000000020004fd2                TIM_ClearOC4Ref
                0x000000002000500e                TIM_OC1PolarityConfig
                0x0000000020005046                TIM_OC1NPolarityConfig
                0x000000002000507e                TIM_OC2PolarityConfig
                0x00000000200050ba                TIM_OC2NPolarityConfig
                0x00000000200050f6                TIM_OC3PolarityConfig
                0x0000000020005132                TIM_OC3NPolarityConfig
                0x000000002000516e                TIM_OC4PolarityConfig
                0x00000000200051aa                TIM_CCxCmd
                0x0000000020005200                TIM_CCxNCmd
                0x0000000020005256                TIM_ICInit
                0x00000000200052fe                TIM_ICStructInit
                0x0000000020005330                TIM_PWMIConfig
                0x00000000200053e8                TIM_GetCapture1
                0x0000000020005400                TIM_GetCapture2
                0x0000000020005418                TIM_GetCapture3
                0x0000000020005430                TIM_GetCapture4
                0x0000000020005448                TIM_SetIC1Prescaler
                0x0000000020005480                TIM_SetIC2Prescaler
                0x00000000200054bc                TIM_SetIC3Prescaler
                0x00000000200054f4                TIM_SetIC4Prescaler
                0x0000000020005530                TIM_BDTRConfig
                0x0000000020005580                TIM_BDTRStructInit
                0x00000000200055be                TIM_CtrlPWMOutputs
                0x000000002000560a                TIM_SelectCOM
                0x000000002000564a                TIM_CCPreloadControl
                0x000000002000568a                TIM_ITConfig
                0x00000000200056d2                TIM_GenerateEvent
                0x00000000200056f0                TIM_GetFlagStatus
                0x0000000020005728                TIM_ClearFlag
                0x000000002000574a                TIM_GetITStatus
                0x000000002000579e                TIM_ClearITPendingBit
                0x00000000200057c0                TIM_DMAConfig
                0x00000000200057ea                TIM_DMACmd
                0x0000000020005832                TIM_SelectCCDMA
                0x0000000020005872                TIM_InternalClockConfig
                0x0000000020005896                TIM_ITRxExternalClockConfig
                0x00000000200058c4                TIM_TIxExternalClockConfig
                0x0000000020005920                TIM_ETRClockMode1Config
                0x000000002000597e                TIM_ETRClockMode2Config
                0x00000000200059bc                TIM_SelectInputTrigger
                0x00000000200059f4                TIM_SelectOutputTrigger
                0x0000000020005a2c                TIM_SelectSlaveMode
                0x0000000020005a64                TIM_SelectMasterSlaveMode
                0x0000000020005a9c                TIM_ETRConfig
                0x0000000020005af0                TIM_EncoderInterfaceConfig
                0x0000000020005b88                TIM_SelectHallSensor
                0x0000000020005bc8                TIM_RemapConfig
 .text          0x0000000020005e38      0x970 Debug/stm32f4xx_usart.o
                0x0000000020005e38                USART_DeInit
                0x0000000020005f50                USART_Init
                0x00000000200060c4                USART_StructInit
                0x00000000200060fe                USART_ClockInit
                0x0000000020006154                USART_ClockStructInit
                0x0000000020006180                USART_Cmd
                0x00000000200061c0                USART_SetPrescaler
                0x00000000200061fa                USART_OverSampling8Cmd
                0x000000002000623e                USART_OneBitMethodCmd
                0x000000002000627e                USART_SendData
                0x00000000200062a2                USART_ReceiveData
                0x00000000200062c2                USART_SetAddress
                0x00000000200062fc                USART_ReceiverWakeUpCmd
                0x000000002000633c                USART_WakeUpConfig
                0x0000000020006374                USART_LINBreakDetectLengthConfig
                0x00000000200063ac                USART_LINCmd
                0x00000000200063ec                USART_SendBreak
                0x0000000020006410                USART_HalfDuplexCmd
                0x0000000020006450                USART_SetGuardTime
                0x000000002000648c                USART_SmartCardCmd
                0x00000000200064cc                USART_SmartCardNACKCmd
                0x000000002000650c                USART_IrDAConfig
                0x0000000020006544                USART_IrDACmd
                0x0000000020006584                USART_DMACmd
                0x00000000200065cc                USART_ITConfig
                0x000000002000665c                USART_GetFlagStatus
                0x0000000020006694                USART_ClearFlag
                0x00000000200066b6                USART_GetITStatus
                0x000000002000676c                USART_ClearITPendingBit
 .text          0x00000000200067a8      0x32c Debug/startup.o
 .text          0x0000000020006ad4      0x5ac Debug/application.o
                0x0000000020006ad4                playTone
                0x0000000020006b80                lowerVolume
                0x0000000020006bac                raiseVolume
                0x0000000020006bd8                mute
                0x0000000020006c0c                setPeriod
                0x0000000020006c28                setWork
                0x0000000020006c56                lowerWorkload
                0x0000000020006c84                toggleWorkDeadline
                0x0000000020006cb8                toggleToneDeadline
                0x0000000020006cec                increaseWorkload
                0x0000000020006d12                controller
                0x0000000020006eac                startApp
                0x0000000020006f14                runTest
                0x0000000020007008                average
                0x0000000020007050                main
 .text          0x0000000020007080      0x110 /usr/lib/gcc/arm-none-eabi/9.2.1/../../../arm-none-eabi/lib/thumb/v7e-m+fp/hard/libc_nano.a(lib_a-snprintf.o)
                0x0000000020007080                _sniprintf_r
                0x0000000020007080                _snprintf_r
                0x0000000020007104                snprintf
                0x0000000020007104                sniprintf
 .text          0x0000000020007190       0x80 /usr/lib/gcc/arm-none-eabi/9.2.1/../../../arm-none-eabi/lib/thumb/v7e-m+fp/hard/libc_nano.a(lib_a-sprintf.o)
                0x0000000020007190                _siprintf_r
                0x0000000020007190                _sprintf_r
                0x00000000200071cc                sprintf
                0x00000000200071cc                siprintf
 .text          0x0000000020007210        0x0 /usr/lib/gcc/arm-none-eabi/9.2.1/../../../arm-none-eabi/lib/thumb/v7e-m+fp/hard/libc_nano.a(lib_a-impure.o)
 .text          0x0000000020007210      0x42c /usr/lib/gcc/arm-none-eabi/9.2.1/../../../arm-none-eabi/lib/thumb/v7e-m+fp/hard/libc_nano.a(lib_a-nano-svfprintf.o)
                0x0000000020007210                __ssputs_r
                0x00000000200072d0                __ssprint_r
                0x00000000200073c8                _svfprintf_r
                0x00000000200073c8                _svfiprintf_r
 .text          0x000000002000763c      0x3c4 /usr/lib/gcc/arm-none-eabi/9.2.1/../../../arm-none-eabi/lib/thumb/v7e-m+fp/hard/libc_nano.a(lib_a-nano-vfprintf_i.o)
                0x000000002000763c                _printf_common
                0x0000000020007768                _printf_i
 .text          0x0000000020007a00       0xa0 /usr/lib/gcc/arm-none-eabi/9.2.1/../../../arm-none-eabi/lib/thumb/v7e-m+fp/hard/libc_nano.a(lib_a-memchr.o)
                0x0000000020007a00                memchr
 .text          0x0000000020007aa0      0x134 /usr/lib/gcc/arm-none-eabi/9.2.1/../../../arm-none-eabi/lib/thumb/v7e-m+fp/hard/libc_nano.a(lib_a-memcpy.o)
                0x0000000020007aa0                memcpy
 .text          0x0000000020007bd4       0xd0 /usr/lib/gcc/arm-none-eabi/9.2.1/../../../arm-none-eabi/lib/thumb/v7e-m+fp/hard/libc_nano.a(lib_a-memmove.o)
                0x0000000020007bd4                memmove
 .text          0x0000000020007ca4       0xac /usr/lib/gcc/arm-none-eabi/9.2.1/../../../arm-none-eabi/lib/thumb/v7e-m+fp/hard/libc_nano.a(lib_a-nano-freer.o)
                0x0000000020007ca4                _free_r
 .text          0x0000000020007d50       0xc8 /usr/lib/gcc/arm-none-eabi/9.2.1/../../../arm-none-eabi/lib/thumb/v7e-m+fp/hard/libc_nano.a(lib_a-nano-mallocr.o)
                0x0000000020007d50                _malloc_r
 .text          0x0000000020007e18       0x4c /usr/lib/gcc/arm-none-eabi/9.2.1/../../../arm-none-eabi/lib/thumb/v7e-m+fp/hard/libc_nano.a(lib_a-nano-reallocr.o)
                0x0000000020007e18                _realloc_r
 .text          0x0000000020007e64       0x24 /usr/lib/gcc/arm-none-eabi/9.2.1/../../../arm-none-eabi/lib/thumb/v7e-m+fp/hard/libc_nano.a(lib_a-sbrkr.o)
                0x0000000020007e64                _sbrk_r
 .text          0x0000000020007e88        0x8 /usr/lib/gcc/arm-none-eabi/9.2.1/../../../arm-none-eabi/lib/thumb/v7e-m+fp/hard/libc_nano.a(lib_a-mlock.o)
                0x0000000020007e88                __malloc_lock
                0x0000000020007e8c                __malloc_unlock
 .text          0x0000000020007e90       0x10 /usr/lib/gcc/arm-none-eabi/9.2.1/../../../arm-none-eabi/lib/thumb/v7e-m+fp/hard/libc_nano.a(lib_a-nano-msizer.o)
                0x0000000020007e90                _malloc_usable_size_r
 .text          0x0000000020007ea0       0xe8 /usr/lib/gcc/arm-none-eabi/9.2.1/../../../arm-none-eabi/lib/thumb/v7e-m+fp/hard/libc_nano.a(lib_a-reent.o)
                0x0000000020007ea0                cleanup_glue
                0x0000000020007ebc                _reclaim_reent
 *(.text.*)
 *(.rodata)
 .rodata        0x0000000020007f88       0x81 Debug/TinyTimber.o
 *fill*         0x0000000020008009        0x3 
 .rodata        0x000000002000800c       0x8a Debug/canTinyTimber.o
 *fill*         0x0000000020008096        0x2 
 .rodata        0x0000000020008098      0x158 Debug/application.o
                0x0000000020008098                melody
                0x0000000020008118                period
 .rodata        0x00000000200081f0        0x4 /usr/lib/gcc/arm-none-eabi/9.2.1/../../../arm-none-eabi/lib/thumb/v7e-m+fp/hard/libc_nano.a(lib_a-impure.o)
                0x00000000200081f0                _global_impure_ptr
 *(.rodata*)
 .rodata.str1.4
                0x00000000200081f4       0x13 /usr/lib/gcc/arm-none-eabi/9.2.1/../../../arm-none-eabi/lib/thumb/v7e-m+fp/hard/libc_nano.a(lib_a-nano-svfprintf.o)
 *fill*         0x0000000020008207        0x1 
 .rodata.str1.4
                0x0000000020008208       0x25 /usr/lib/gcc/arm-none-eabi/9.2.1/../../../arm-none-eabi/lib/thumb/v7e-m+fp/hard/libc_nano.a(lib_a-nano-vfprintf_i.o)
 *(.glue_7)
 .glue_7        0x000000002000822d        0x0 linker stubs
 *(.glue_7t)
 .glue_7t       0x000000002000822d        0x0 linker stubs
                0x0000000020008230                . = ALIGN (0x4)
 *fill*         0x000000002000822d        0x3 

.vfp11_veneer   0x0000000020008230        0x0
 .vfp11_veneer  0x0000000020008230        0x0 linker stubs

.v4_bx          0x0000000020008230        0x0
 .v4_bx         0x0000000020008230        0x0 linker stubs

.iplt           0x0000000020008230        0x0
 .iplt          0x0000000020008230        0x0 Debug/dispatch.o

.rel.dyn        0x0000000020008230        0x0
 .rel.iplt      0x0000000020008230        0x0 Debug/dispatch.o

.data           0x0000000020008230      0x57c
                0x0000000020008230                . = ALIGN (0x4)
 *(.data)
 .data          0x0000000020008230       0x84 Debug/dispatch.o
 .data          0x00000000200082b4       0x24 Debug/TinyTimber.o
                0x00000000200082b4                hex
                0x00000000200082c8                msgPool
                0x00000000200082cc                threadPool
                0x00000000200082d0                activeStack
                0x00000000200082d4                current
 .data          0x00000000200082d8        0x0 Debug/canTinyTimber.o
 .data          0x00000000200082d8        0x0 Debug/sciTinyTimber.o
 .data          0x00000000200082d8        0x0 Debug/stm32f4xx_can.o
 .data          0x00000000200082d8        0x0 Debug/stm32f4xx_dac.o
 .data          0x00000000200082d8        0x0 Debug/stm32f4xx_exti.o
 .data          0x00000000200082d8        0x0 Debug/stm32f4xx_gpio.o
 .data          0x00000000200082d8       0x10 Debug/stm32f4xx_rcc.o
 .data          0x00000000200082e8        0x0 Debug/stm32f4xx_syscfg.o
 .data          0x00000000200082e8        0x0 Debug/stm32f4xx_tim.o
 .data          0x00000000200082e8        0x0 Debug/stm32f4xx_usart.o
 .data          0x00000000200082e8        0x0 Debug/startup.o
 .data          0x00000000200082e8      0x460 Debug/application.o
                0x00000000200082e8                app
                0x00000000200082f4                tone
                0x0000000020008308                work
                0x000000002000831c                addr_DAC
                0x0000000020008320                SYSTICK_CTRL
                0x0000000020008324                SYSTICK_RELOAD
                0x0000000020008328                sci0
 .data          0x0000000020008748        0x0 /usr/lib/gcc/arm-none-eabi/9.2.1/../../../arm-none-eabi/lib/thumb/v7e-m+fp/hard/libc_nano.a(lib_a-snprintf.o)
 .data          0x0000000020008748        0x0 /usr/lib/gcc/arm-none-eabi/9.2.1/../../../arm-none-eabi/lib/thumb/v7e-m+fp/hard/libc_nano.a(lib_a-sprintf.o)
 .data          0x0000000020008748       0x64 /usr/lib/gcc/arm-none-eabi/9.2.1/../../../arm-none-eabi/lib/thumb/v7e-m+fp/hard/libc_nano.a(lib_a-impure.o)
                0x0000000020008748                _impure_ptr
 .data          0x00000000200087ac        0x0 /usr/lib/gcc/arm-none-eabi/9.2.1/../../../arm-none-eabi/lib/thumb/v7e-m+fp/hard/libc_nano.a(lib_a-nano-svfprintf.o)
 .data          0x00000000200087ac        0x0 /usr/lib/gcc/arm-none-eabi/9.2.1/../../../arm-none-eabi/lib/thumb/v7e-m+fp/hard/libc_nano.a(lib_a-nano-vfprintf_i.o)
 .data          0x00000000200087ac        0x0 /usr/lib/gcc/arm-none-eabi/9.2.1/../../../arm-none-eabi/lib/thumb/v7e-m+fp/hard/libc_nano.a(lib_a-memchr.o)
 .data          0x00000000200087ac        0x0 /usr/lib/gcc/arm-none-eabi/9.2.1/../../../arm-none-eabi/lib/thumb/v7e-m+fp/hard/libc_nano.a(lib_a-memcpy.o)
 .data          0x00000000200087ac        0x0 /usr/lib/gcc/arm-none-eabi/9.2.1/../../../arm-none-eabi/lib/thumb/v7e-m+fp/hard/libc_nano.a(lib_a-memmove.o)
 .data          0x00000000200087ac        0x0 /usr/lib/gcc/arm-none-eabi/9.2.1/../../../arm-none-eabi/lib/thumb/v7e-m+fp/hard/libc_nano.a(lib_a-nano-freer.o)
 .data          0x00000000200087ac        0x0 /usr/lib/gcc/arm-none-eabi/9.2.1/../../../arm-none-eabi/lib/thumb/v7e-m+fp/hard/libc_nano.a(lib_a-nano-mallocr.o)
 .data          0x00000000200087ac        0x0 /usr/lib/gcc/arm-none-eabi/9.2.1/../../../arm-none-eabi/lib/thumb/v7e-m+fp/hard/libc_nano.a(lib_a-nano-reallocr.o)
 .data          0x00000000200087ac        0x0 /usr/lib/gcc/arm-none-eabi/9.2.1/../../../arm-none-eabi/lib/thumb/v7e-m+fp/hard/libc_nano.a(lib_a-sbrkr.o)
 .data          0x00000000200087ac        0x0 /usr/lib/gcc/arm-none-eabi/9.2.1/../../../arm-none-eabi/lib/thumb/v7e-m+fp/hard/libc_nano.a(lib_a-mlock.o)
 .data          0x00000000200087ac        0x0 /usr/lib/gcc/arm-none-eabi/9.2.1/../../../arm-none-eabi/lib/thumb/v7e-m+fp/hard/libc_nano.a(lib_a-nano-msizer.o)
 .data          0x00000000200087ac        0x0 /usr/lib/gcc/arm-none-eabi/9.2.1/../../../arm-none-eabi/lib/thumb/v7e-m+fp/hard/libc_nano.a(lib_a-reent.o)
 *(.data.*)
                0x00000000200087ac                . = ALIGN (0x4)

.igot.plt       0x00000000200087ac        0x0
 .igot.plt      0x00000000200087ac        0x0 Debug/dispatch.o

.bss            0x00000000200087b0     0x837c
                0x00000000200087b0                . = ALIGN (0x4)
                0x00000000200087b0                _sbss = .
 *(.bss)
 .bss           0x00000000200087b0        0x0 Debug/dispatch.o
 .bss           0x00000000200087b0       0x18 Debug/TinyTimber.o
                0x00000000200087b0                msgQ
                0x00000000200087b4                timerQ
                0x00000000200087b8                runAsHardware
                0x00000000200087bc                doIRQSchedule
                0x00000000200087c0                timestamp
                0x00000000200087c4                overflows
 .bss           0x00000000200087c8        0x0 Debug/canTinyTimber.o
 .bss           0x00000000200087c8        0x0 Debug/sciTinyTimber.o
 .bss           0x00000000200087c8        0x0 Debug/stm32f4xx_can.o
 .bss           0x00000000200087c8        0x0 Debug/stm32f4xx_dac.o
 .bss           0x00000000200087c8        0x0 Debug/stm32f4xx_exti.o
 .bss           0x00000000200087c8        0x0 Debug/stm32f4xx_gpio.o
 .bss           0x00000000200087c8        0x0 Debug/stm32f4xx_rcc.o
 .bss           0x00000000200087c8        0x0 Debug/stm32f4xx_syscfg.o
 .bss           0x00000000200087c8        0x0 Debug/stm32f4xx_tim.o
 .bss           0x00000000200087c8        0x0 Debug/stm32f4xx_usart.o
 .bss           0x00000000200087c8        0x0 Debug/startup.o
 .bss           0x00000000200087c8        0x0 Debug/application.o
 .bss           0x00000000200087c8        0x0 /usr/lib/gcc/arm-none-eabi/9.2.1/../../../arm-none-eabi/lib/thumb/v7e-m+fp/hard/libc_nano.a(lib_a-snprintf.o)
 .bss           0x00000000200087c8        0x0 /usr/lib/gcc/arm-none-eabi/9.2.1/../../../arm-none-eabi/lib/thumb/v7e-m+fp/hard/libc_nano.a(lib_a-sprintf.o)
 .bss           0x00000000200087c8        0x0 /usr/lib/gcc/arm-none-eabi/9.2.1/../../../arm-none-eabi/lib/thumb/v7e-m+fp/hard/libc_nano.a(lib_a-impure.o)
 .bss           0x00000000200087c8        0x0 /usr/lib/gcc/arm-none-eabi/9.2.1/../../../arm-none-eabi/lib/thumb/v7e-m+fp/hard/libc_nano.a(lib_a-nano-svfprintf.o)
 .bss           0x00000000200087c8        0x0 /usr/lib/gcc/arm-none-eabi/9.2.1/../../../arm-none-eabi/lib/thumb/v7e-m+fp/hard/libc_nano.a(lib_a-nano-vfprintf_i.o)
 .bss           0x00000000200087c8        0x0 /usr/lib/gcc/arm-none-eabi/9.2.1/../../../arm-none-eabi/lib/thumb/v7e-m+fp/hard/libc_nano.a(lib_a-memchr.o)
 .bss           0x00000000200087c8        0x0 /usr/lib/gcc/arm-none-eabi/9.2.1/../../../arm-none-eabi/lib/thumb/v7e-m+fp/hard/libc_nano.a(lib_a-memcpy.o)
 .bss           0x00000000200087c8        0x0 /usr/lib/gcc/arm-none-eabi/9.2.1/../../../arm-none-eabi/lib/thumb/v7e-m+fp/hard/libc_nano.a(lib_a-memmove.o)
 .bss           0x00000000200087c8        0x0 /usr/lib/gcc/arm-none-eabi/9.2.1/../../../arm-none-eabi/lib/thumb/v7e-m+fp/hard/libc_nano.a(lib_a-nano-freer.o)
 .bss           0x00000000200087c8        0x8 /usr/lib/gcc/arm-none-eabi/9.2.1/../../../arm-none-eabi/lib/thumb/v7e-m+fp/hard/libc_nano.a(lib_a-nano-mallocr.o)
                0x00000000200087c8                __malloc_free_list
                0x00000000200087cc                __malloc_sbrk_start
 .bss           0x00000000200087d0        0x0 /usr/lib/gcc/arm-none-eabi/9.2.1/../../../arm-none-eabi/lib/thumb/v7e-m+fp/hard/libc_nano.a(lib_a-nano-reallocr.o)
 .bss           0x00000000200087d0        0x0 /usr/lib/gcc/arm-none-eabi/9.2.1/../../../arm-none-eabi/lib/thumb/v7e-m+fp/hard/libc_nano.a(lib_a-sbrkr.o)
 .bss           0x00000000200087d0        0x0 /usr/lib/gcc/arm-none-eabi/9.2.1/../../../arm-none-eabi/lib/thumb/v7e-m+fp/hard/libc_nano.a(lib_a-mlock.o)
 .bss           0x00000000200087d0        0x0 /usr/lib/gcc/arm-none-eabi/9.2.1/../../../arm-none-eabi/lib/thumb/v7e-m+fp/hard/libc_nano.a(lib_a-nano-msizer.o)
 .bss           0x00000000200087d0        0x0 /usr/lib/gcc/arm-none-eabi/9.2.1/../../../arm-none-eabi/lib/thumb/v7e-m+fp/hard/libc_nano.a(lib_a-reent.o)
 *(.bss.*)
 *(COMMON)
 COMMON         0x00000000200087d0     0x8358 Debug/TinyTimber.o
                0x00000000200087d0                otable
                0x00000000200087dc                upcoming
                0x00000000200087e0                threads
                0x0000000020008830                mtable
                0x000000002000883c                thread0
                0x0000000020008850                messages
                0x0000000020008b20                __heap_end
                0x0000000020008b28                stacks
 COMMON         0x0000000020010b28        0x4 /usr/lib/gcc/arm-none-eabi/9.2.1/../../../arm-none-eabi/lib/thumb/v7e-m+fp/hard/libc_nano.a(lib_a-reent.o)
                0x0000000020010b28                errno
                0x0000000020010b2c                . = ALIGN (0x4)
                0x0000000020010b2c                _ebss = .
                0x0000000020010b2c                PROVIDE (end = _ebss)
                [!provide]                        PROVIDE (_end = _ebss)
OUTPUT(Debug/RTS-Lab.elf elf32-littlearm)
LOAD linker stubs

.ARM.attributes
                0x0000000000000000       0x35
 .ARM.attributes
                0x0000000000000000       0x25 Debug/dispatch.o
 .ARM.attributes
                0x0000000000000025       0x34 Debug/TinyTimber.o
 .ARM.attributes
                0x0000000000000059       0x34 Debug/canTinyTimber.o
 .ARM.attributes
                0x000000000000008d       0x34 Debug/sciTinyTimber.o
 .ARM.attributes
                0x00000000000000c1       0x34 Debug/stm32f4xx_can.o
 .ARM.attributes
                0x00000000000000f5       0x34 Debug/stm32f4xx_dac.o
 .ARM.attributes
                0x0000000000000129       0x34 Debug/stm32f4xx_exti.o
 .ARM.attributes
                0x000000000000015d       0x34 Debug/stm32f4xx_gpio.o
 .ARM.attributes
                0x0000000000000191       0x34 Debug/stm32f4xx_rcc.o
 .ARM.attributes
                0x00000000000001c5       0x34 Debug/stm32f4xx_syscfg.o
 .ARM.attributes
                0x00000000000001f9       0x34 Debug/stm32f4xx_tim.o
 .ARM.attributes
                0x000000000000022d       0x34 Debug/stm32f4xx_usart.o
 .ARM.attributes
                0x0000000000000261       0x34 Debug/startup.o
 .ARM.attributes
                0x0000000000000295       0x34 Debug/application.o
 .ARM.attributes
                0x00000000000002c9       0x34 /usr/lib/gcc/arm-none-eabi/9.2.1/../../../arm-none-eabi/lib/thumb/v7e-m+fp/hard/libc_nano.a(lib_a-snprintf.o)
 .ARM.attributes
                0x00000000000002fd       0x34 /usr/lib/gcc/arm-none-eabi/9.2.1/../../../arm-none-eabi/lib/thumb/v7e-m+fp/hard/libc_nano.a(lib_a-sprintf.o)
 .ARM.attributes
                0x0000000000000331       0x32 /usr/lib/gcc/arm-none-eabi/9.2.1/../../../arm-none-eabi/lib/thumb/v7e-m+fp/hard/libc_nano.a(lib_a-impure.o)
 .ARM.attributes
                0x0000000000000363       0x34 /usr/lib/gcc/arm-none-eabi/9.2.1/../../../arm-none-eabi/lib/thumb/v7e-m+fp/hard/libc_nano.a(lib_a-nano-svfprintf.o)
 .ARM.attributes
                0x0000000000000397       0x34 /usr/lib/gcc/arm-none-eabi/9.2.1/../../../arm-none-eabi/lib/thumb/v7e-m+fp/hard/libc_nano.a(lib_a-nano-vfprintf_i.o)
 .ARM.attributes
                0x00000000000003cb       0x1c /usr/lib/gcc/arm-none-eabi/9.2.1/../../../arm-none-eabi/lib/thumb/v7e-m+fp/hard/libc_nano.a(lib_a-memchr.o)
 .ARM.attributes
                0x00000000000003e7       0x1c /usr/lib/gcc/arm-none-eabi/9.2.1/../../../arm-none-eabi/lib/thumb/v7e-m+fp/hard/libc_nano.a(lib_a-memcpy.o)
 .ARM.attributes
                0x0000000000000403       0x34 /usr/lib/gcc/arm-none-eabi/9.2.1/../../../arm-none-eabi/lib/thumb/v7e-m+fp/hard/libc_nano.a(lib_a-memmove.o)
 .ARM.attributes
                0x0000000000000437       0x34 /usr/lib/gcc/arm-none-eabi/9.2.1/../../../arm-none-eabi/lib/thumb/v7e-m+fp/hard/libc_nano.a(lib_a-nano-freer.o)
 .ARM.attributes
                0x000000000000046b       0x34 /usr/lib/gcc/arm-none-eabi/9.2.1/../../../arm-none-eabi/lib/thumb/v7e-m+fp/hard/libc_nano.a(lib_a-nano-mallocr.o)
 .ARM.attributes
                0x000000000000049f       0x34 /usr/lib/gcc/arm-none-eabi/9.2.1/../../../arm-none-eabi/lib/thumb/v7e-m+fp/hard/libc_nano.a(lib_a-nano-reallocr.o)
 .ARM.attributes
                0x00000000000004d3       0x34 /usr/lib/gcc/arm-none-eabi/9.2.1/../../../arm-none-eabi/lib/thumb/v7e-m+fp/hard/libc_nano.a(lib_a-sbrkr.o)
 .ARM.attributes
                0x0000000000000507       0x34 /usr/lib/gcc/arm-none-eabi/9.2.1/../../../arm-none-eabi/lib/thumb/v7e-m+fp/hard/libc_nano.a(lib_a-mlock.o)
 .ARM.attributes
                0x000000000000053b       0x34 /usr/lib/gcc/arm-none-eabi/9.2.1/../../../arm-none-eabi/lib/thumb/v7e-m+fp/hard/libc_nano.a(lib_a-nano-msizer.o)
 .ARM.attributes
                0x000000000000056f       0x34 /usr/lib/gcc/arm-none-eabi/9.2.1/../../../arm-none-eabi/lib/thumb/v7e-m+fp/hard/libc_nano.a(lib_a-reent.o)

.comment        0x0000000000000000       0xa7
 .comment       0x0000000000000000       0x59 Debug/TinyTimber.o
                                         0x5a (size before relaxing)
 .comment       0x0000000000000059       0x5a Debug/canTinyTimber.o
 .comment       0x0000000000000059       0x5a Debug/sciTinyTimber.o
 .comment       0x0000000000000059       0x5a Debug/stm32f4xx_can.o
 .comment       0x0000000000000059       0x5a Debug/stm32f4xx_dac.o
 .comment       0x0000000000000059       0x5a Debug/stm32f4xx_exti.o
 .comment       0x0000000000000059       0x5a Debug/stm32f4xx_gpio.o
 .comment       0x0000000000000059       0x5a Debug/stm32f4xx_rcc.o
 .comment       0x0000000000000059       0x5a Debug/stm32f4xx_syscfg.o
 .comment       0x0000000000000059       0x5a Debug/stm32f4xx_tim.o
 .comment       0x0000000000000059       0x5a Debug/stm32f4xx_usart.o
 .comment       0x0000000000000059       0x5a Debug/startup.o
 .comment       0x0000000000000059       0x5a Debug/application.o
 .comment       0x0000000000000059       0x4e /usr/lib/gcc/arm-none-eabi/9.2.1/../../../arm-none-eabi/lib/thumb/v7e-m+fp/hard/libc_nano.a(lib_a-snprintf.o)
                                         0x4f (size before relaxing)
 .comment       0x00000000000000a7       0x4f /usr/lib/gcc/arm-none-eabi/9.2.1/../../../arm-none-eabi/lib/thumb/v7e-m+fp/hard/libc_nano.a(lib_a-sprintf.o)
 .comment       0x00000000000000a7       0x4f /usr/lib/gcc/arm-none-eabi/9.2.1/../../../arm-none-eabi/lib/thumb/v7e-m+fp/hard/libc_nano.a(lib_a-impure.o)
 .comment       0x00000000000000a7       0x4f /usr/lib/gcc/arm-none-eabi/9.2.1/../../../arm-none-eabi/lib/thumb/v7e-m+fp/hard/libc_nano.a(lib_a-nano-svfprintf.o)
 .comment       0x00000000000000a7       0x4f /usr/lib/gcc/arm-none-eabi/9.2.1/../../../arm-none-eabi/lib/thumb/v7e-m+fp/hard/libc_nano.a(lib_a-nano-vfprintf_i.o)
 .comment       0x00000000000000a7       0x4f /usr/lib/gcc/arm-none-eabi/9.2.1/../../../arm-none-eabi/lib/thumb/v7e-m+fp/hard/libc_nano.a(lib_a-memmove.o)
 .comment       0x00000000000000a7       0x4f /usr/lib/gcc/arm-none-eabi/9.2.1/../../../arm-none-eabi/lib/thumb/v7e-m+fp/hard/libc_nano.a(lib_a-nano-freer.o)
 .comment       0x00000000000000a7       0x4f /usr/lib/gcc/arm-none-eabi/9.2.1/../../../arm-none-eabi/lib/thumb/v7e-m+fp/hard/libc_nano.a(lib_a-nano-mallocr.o)
 .comment       0x00000000000000a7       0x4f /usr/lib/gcc/arm-none-eabi/9.2.1/../../../arm-none-eabi/lib/thumb/v7e-m+fp/hard/libc_nano.a(lib_a-nano-reallocr.o)
 .comment       0x00000000000000a7       0x4f /usr/lib/gcc/arm-none-eabi/9.2.1/../../../arm-none-eabi/lib/thumb/v7e-m+fp/hard/libc_nano.a(lib_a-sbrkr.o)
 .comment       0x00000000000000a7       0x4f /usr/lib/gcc/arm-none-eabi/9.2.1/../../../arm-none-eabi/lib/thumb/v7e-m+fp/hard/libc_nano.a(lib_a-mlock.o)
 .comment       0x00000000000000a7       0x4f /usr/lib/gcc/arm-none-eabi/9.2.1/../../../arm-none-eabi/lib/thumb/v7e-m+fp/hard/libc_nano.a(lib_a-nano-msizer.o)
 .comment       0x00000000000000a7       0x4f /usr/lib/gcc/arm-none-eabi/9.2.1/../../../arm-none-eabi/lib/thumb/v7e-m+fp/hard/libc_nano.a(lib_a-reent.o)

.debug_info     0x0000000000000000    0x14ddc
 .debug_info    0x0000000000000000     0x180c Debug/TinyTimber.o
 .debug_info    0x000000000000180c      0xd84 Debug/canTinyTimber.o
 .debug_info    0x0000000000002590      0x9a1 Debug/sciTinyTimber.o
 .debug_info    0x0000000000002f31      0xc30 Debug/stm32f4xx_can.o
 .debug_info    0x0000000000003b61      0x67f Debug/stm32f4xx_dac.o
 .debug_info    0x00000000000041e0      0x36b Debug/stm32f4xx_exti.o
 .debug_info    0x000000000000454b      0x64f Debug/stm32f4xx_gpio.o
 .debug_info    0x0000000000004b9a      0xec4 Debug/stm32f4xx_rcc.o
 .debug_info    0x0000000000005a5e      0x2a0 Debug/stm32f4xx_syscfg.o
 .debug_info    0x0000000000005cfe     0x1df6 Debug/stm32f4xx_tim.o
 .debug_info    0x0000000000007af4      0xa38 Debug/stm32f4xx_usart.o
 .debug_info    0x000000000000852c      0xaae Debug/startup.o
 .debug_info    0x0000000000008fda     0x11aa Debug/application.o
 .debug_info    0x000000000000a184      0xd4a /usr/lib/gcc/arm-none-eabi/9.2.1/../../../arm-none-eabi/lib/thumb/v7e-m+fp/hard/libc_nano.a(lib_a-snprintf.o)
 .debug_info    0x000000000000aece      0xc90 /usr/lib/gcc/arm-none-eabi/9.2.1/../../../arm-none-eabi/lib/thumb/v7e-m+fp/hard/libc_nano.a(lib_a-sprintf.o)
 .debug_info    0x000000000000bb5e      0x92a /usr/lib/gcc/arm-none-eabi/9.2.1/../../../arm-none-eabi/lib/thumb/v7e-m+fp/hard/libc_nano.a(lib_a-impure.o)
 .debug_info    0x000000000000c488     0x17e4 /usr/lib/gcc/arm-none-eabi/9.2.1/../../../arm-none-eabi/lib/thumb/v7e-m+fp/hard/libc_nano.a(lib_a-nano-svfprintf.o)
 .debug_info    0x000000000000dc6c     0x1592 /usr/lib/gcc/arm-none-eabi/9.2.1/../../../arm-none-eabi/lib/thumb/v7e-m+fp/hard/libc_nano.a(lib_a-nano-vfprintf_i.o)
 .debug_info    0x000000000000f1fe       0x26 /usr/lib/gcc/arm-none-eabi/9.2.1/../../../arm-none-eabi/lib/thumb/v7e-m+fp/hard/libc_nano.a(lib_a-memchr.o)
 .debug_info    0x000000000000f224       0x26 /usr/lib/gcc/arm-none-eabi/9.2.1/../../../arm-none-eabi/lib/thumb/v7e-m+fp/hard/libc_nano.a(lib_a-memcpy.o)
 .debug_info    0x000000000000f24a      0xf2b /usr/lib/gcc/arm-none-eabi/9.2.1/../../../arm-none-eabi/lib/thumb/v7e-m+fp/hard/libc_nano.a(lib_a-memmove.o)
 .debug_info    0x0000000000010175      0xb85 /usr/lib/gcc/arm-none-eabi/9.2.1/../../../arm-none-eabi/lib/thumb/v7e-m+fp/hard/libc_nano.a(lib_a-nano-freer.o)
 .debug_info    0x0000000000010cfa      0xc5a /usr/lib/gcc/arm-none-eabi/9.2.1/../../../arm-none-eabi/lib/thumb/v7e-m+fp/hard/libc_nano.a(lib_a-nano-mallocr.o)
 .debug_info    0x0000000000011954      0xb77 /usr/lib/gcc/arm-none-eabi/9.2.1/../../../arm-none-eabi/lib/thumb/v7e-m+fp/hard/libc_nano.a(lib_a-nano-reallocr.o)
 .debug_info    0x00000000000124cb      0x9fb /usr/lib/gcc/arm-none-eabi/9.2.1/../../../arm-none-eabi/lib/thumb/v7e-m+fp/hard/libc_nano.a(lib_a-sbrkr.o)
 .debug_info    0x0000000000012ec6      0x961 /usr/lib/gcc/arm-none-eabi/9.2.1/../../../arm-none-eabi/lib/thumb/v7e-m+fp/hard/libc_nano.a(lib_a-mlock.o)
 .debug_info    0x0000000000013827      0xaa6 /usr/lib/gcc/arm-none-eabi/9.2.1/../../../arm-none-eabi/lib/thumb/v7e-m+fp/hard/libc_nano.a(lib_a-nano-msizer.o)
 .debug_info    0x00000000000142cd      0xb0f /usr/lib/gcc/arm-none-eabi/9.2.1/../../../arm-none-eabi/lib/thumb/v7e-m+fp/hard/libc_nano.a(lib_a-reent.o)

.debug_abbrev   0x0000000000000000     0x3c29
 .debug_abbrev  0x0000000000000000      0x4f2 Debug/TinyTimber.o
 .debug_abbrev  0x00000000000004f2      0x277 Debug/canTinyTimber.o
 .debug_abbrev  0x0000000000000769      0x273 Debug/sciTinyTimber.o
 .debug_abbrev  0x00000000000009dc      0x238 Debug/stm32f4xx_can.o
 .debug_abbrev  0x0000000000000c14      0x1b9 Debug/stm32f4xx_dac.o
 .debug_abbrev  0x0000000000000dcd      0x1ea Debug/stm32f4xx_exti.o
 .debug_abbrev  0x0000000000000fb7      0x1e6 Debug/stm32f4xx_gpio.o
 .debug_abbrev  0x000000000000119d      0x1f9 Debug/stm32f4xx_rcc.o
 .debug_abbrev  0x0000000000001396      0x164 Debug/stm32f4xx_syscfg.o
 .debug_abbrev  0x00000000000014fa      0x1c2 Debug/stm32f4xx_tim.o
 .debug_abbrev  0x00000000000016bc      0x1a8 Debug/stm32f4xx_usart.o
 .debug_abbrev  0x0000000000001864      0x286 Debug/startup.o
 .debug_abbrev  0x0000000000001aea      0x30f Debug/application.o
 .debug_abbrev  0x0000000000001df9      0x27c /usr/lib/gcc/arm-none-eabi/9.2.1/../../../arm-none-eabi/lib/thumb/v7e-m+fp/hard/libc_nano.a(lib_a-snprintf.o)
 .debug_abbrev  0x0000000000002075      0x274 /usr/lib/gcc/arm-none-eabi/9.2.1/../../../arm-none-eabi/lib/thumb/v7e-m+fp/hard/libc_nano.a(lib_a-sprintf.o)
 .debug_abbrev  0x00000000000022e9      0x17a /usr/lib/gcc/arm-none-eabi/9.2.1/../../../arm-none-eabi/lib/thumb/v7e-m+fp/hard/libc_nano.a(lib_a-impure.o)
 .debug_abbrev  0x0000000000002463      0x33f /usr/lib/gcc/arm-none-eabi/9.2.1/../../../arm-none-eabi/lib/thumb/v7e-m+fp/hard/libc_nano.a(lib_a-nano-svfprintf.o)
 .debug_abbrev  0x00000000000027a2      0x2dc /usr/lib/gcc/arm-none-eabi/9.2.1/../../../arm-none-eabi/lib/thumb/v7e-m+fp/hard/libc_nano.a(lib_a-nano-vfprintf_i.o)
 .debug_abbrev  0x0000000000002a7e       0x14 /usr/lib/gcc/arm-none-eabi/9.2.1/../../../arm-none-eabi/lib/thumb/v7e-m+fp/hard/libc_nano.a(lib_a-memchr.o)
 .debug_abbrev  0x0000000000002a92       0x14 /usr/lib/gcc/arm-none-eabi/9.2.1/../../../arm-none-eabi/lib/thumb/v7e-m+fp/hard/libc_nano.a(lib_a-memcpy.o)
 .debug_abbrev  0x0000000000002aa6      0x1de /usr/lib/gcc/arm-none-eabi/9.2.1/../../../arm-none-eabi/lib/thumb/v7e-m+fp/hard/libc_nano.a(lib_a-memmove.o)
 .debug_abbrev  0x0000000000002c84      0x286 /usr/lib/gcc/arm-none-eabi/9.2.1/../../../arm-none-eabi/lib/thumb/v7e-m+fp/hard/libc_nano.a(lib_a-nano-freer.o)
 .debug_abbrev  0x0000000000002f0a      0x2d1 /usr/lib/gcc/arm-none-eabi/9.2.1/../../../arm-none-eabi/lib/thumb/v7e-m+fp/hard/libc_nano.a(lib_a-nano-mallocr.o)
 .debug_abbrev  0x00000000000031db      0x22a /usr/lib/gcc/arm-none-eabi/9.2.1/../../../arm-none-eabi/lib/thumb/v7e-m+fp/hard/libc_nano.a(lib_a-nano-reallocr.o)
 .debug_abbrev  0x0000000000003405      0x212 /usr/lib/gcc/arm-none-eabi/9.2.1/../../../arm-none-eabi/lib/thumb/v7e-m+fp/hard/libc_nano.a(lib_a-sbrkr.o)
 .debug_abbrev  0x0000000000003617      0x1c5 /usr/lib/gcc/arm-none-eabi/9.2.1/../../../arm-none-eabi/lib/thumb/v7e-m+fp/hard/libc_nano.a(lib_a-mlock.o)
 .debug_abbrev  0x00000000000037dc      0x1e5 /usr/lib/gcc/arm-none-eabi/9.2.1/../../../arm-none-eabi/lib/thumb/v7e-m+fp/hard/libc_nano.a(lib_a-nano-msizer.o)
 .debug_abbrev  0x00000000000039c1      0x268 /usr/lib/gcc/arm-none-eabi/9.2.1/../../../arm-none-eabi/lib/thumb/v7e-m+fp/hard/libc_nano.a(lib_a-reent.o)

.debug_aranges  0x0000000000000000      0x380
 .debug_aranges
                0x0000000000000000       0x20 Debug/TinyTimber.o
 .debug_aranges
                0x0000000000000020       0x20 Debug/canTinyTimber.o
 .debug_aranges
                0x0000000000000040       0x20 Debug/sciTinyTimber.o
 .debug_aranges
                0x0000000000000060       0x20 Debug/stm32f4xx_can.o
 .debug_aranges
                0x0000000000000080       0x20 Debug/stm32f4xx_dac.o
 .debug_aranges
                0x00000000000000a0       0x20 Debug/stm32f4xx_exti.o
 .debug_aranges
                0x00000000000000c0       0x20 Debug/stm32f4xx_gpio.o
 .debug_aranges
                0x00000000000000e0       0x20 Debug/stm32f4xx_rcc.o
 .debug_aranges
                0x0000000000000100       0x20 Debug/stm32f4xx_syscfg.o
 .debug_aranges
                0x0000000000000120       0x20 Debug/stm32f4xx_tim.o
 .debug_aranges
                0x0000000000000140       0x20 Debug/stm32f4xx_usart.o
 .debug_aranges
                0x0000000000000160       0x28 Debug/startup.o
 .debug_aranges
                0x0000000000000188       0x20 Debug/application.o
 .debug_aranges
                0x00000000000001a8       0x20 /usr/lib/gcc/arm-none-eabi/9.2.1/../../../arm-none-eabi/lib/thumb/v7e-m+fp/hard/libc_nano.a(lib_a-snprintf.o)
 .debug_aranges
                0x00000000000001c8       0x20 /usr/lib/gcc/arm-none-eabi/9.2.1/../../../arm-none-eabi/lib/thumb/v7e-m+fp/hard/libc_nano.a(lib_a-sprintf.o)
 .debug_aranges
                0x00000000000001e8       0x18 /usr/lib/gcc/arm-none-eabi/9.2.1/../../../arm-none-eabi/lib/thumb/v7e-m+fp/hard/libc_nano.a(lib_a-impure.o)
 .debug_aranges
                0x0000000000000200       0x20 /usr/lib/gcc/arm-none-eabi/9.2.1/../../../arm-none-eabi/lib/thumb/v7e-m+fp/hard/libc_nano.a(lib_a-nano-svfprintf.o)
 .debug_aranges
                0x0000000000000220       0x20 /usr/lib/gcc/arm-none-eabi/9.2.1/../../../arm-none-eabi/lib/thumb/v7e-m+fp/hard/libc_nano.a(lib_a-nano-vfprintf_i.o)
 .debug_aranges
                0x0000000000000240       0x20 /usr/lib/gcc/arm-none-eabi/9.2.1/../../../arm-none-eabi/lib/thumb/v7e-m+fp/hard/libc_nano.a(lib_a-memchr.o)
 .debug_aranges
                0x0000000000000260       0x20 /usr/lib/gcc/arm-none-eabi/9.2.1/../../../arm-none-eabi/lib/thumb/v7e-m+fp/hard/libc_nano.a(lib_a-memcpy.o)
 .debug_aranges
                0x0000000000000280       0x20 /usr/lib/gcc/arm-none-eabi/9.2.1/../../../arm-none-eabi/lib/thumb/v7e-m+fp/hard/libc_nano.a(lib_a-memmove.o)
 .debug_aranges
                0x00000000000002a0       0x20 /usr/lib/gcc/arm-none-eabi/9.2.1/../../../arm-none-eabi/lib/thumb/v7e-m+fp/hard/libc_nano.a(lib_a-nano-freer.o)
 .debug_aranges
                0x00000000000002c0       0x20 /usr/lib/gcc/arm-none-eabi/9.2.1/../../../arm-none-eabi/lib/thumb/v7e-m+fp/hard/libc_nano.a(lib_a-nano-mallocr.o)
 .debug_aranges
                0x00000000000002e0       0x20 /usr/lib/gcc/arm-none-eabi/9.2.1/../../../arm-none-eabi/lib/thumb/v7e-m+fp/hard/libc_nano.a(lib_a-nano-reallocr.o)
 .debug_aranges
                0x0000000000000300       0x20 /usr/lib/gcc/arm-none-eabi/9.2.1/../../../arm-none-eabi/lib/thumb/v7e-m+fp/hard/libc_nano.a(lib_a-sbrkr.o)
 .debug_aranges
                0x0000000000000320       0x20 /usr/lib/gcc/arm-none-eabi/9.2.1/../../../arm-none-eabi/lib/thumb/v7e-m+fp/hard/libc_nano.a(lib_a-mlock.o)
 .debug_aranges
                0x0000000000000340       0x20 /usr/lib/gcc/arm-none-eabi/9.2.1/../../../arm-none-eabi/lib/thumb/v7e-m+fp/hard/libc_nano.a(lib_a-nano-msizer.o)
 .debug_aranges
                0x0000000000000360       0x20 /usr/lib/gcc/arm-none-eabi/9.2.1/../../../arm-none-eabi/lib/thumb/v7e-m+fp/hard/libc_nano.a(lib_a-reent.o)

.debug_line     0x0000000000000000     0x63c2
 .debug_line    0x0000000000000000      0x993 Debug/TinyTimber.o
 .debug_line    0x0000000000000993      0x32d Debug/canTinyTimber.o
 .debug_line    0x0000000000000cc0      0x1f1 Debug/sciTinyTimber.o
 .debug_line    0x0000000000000eb1      0x7d1 Debug/stm32f4xx_can.o
 .debug_line    0x0000000000001682      0x2cf Debug/stm32f4xx_dac.o
 .debug_line    0x0000000000001951      0x1f9 Debug/stm32f4xx_exti.o
 .debug_line    0x0000000000001b4a      0x32a Debug/stm32f4xx_gpio.o
 .debug_line    0x0000000000001e74      0x682 Debug/stm32f4xx_rcc.o
 .debug_line    0x00000000000024f6      0x142 Debug/stm32f4xx_syscfg.o
 .debug_line    0x0000000000002638      0xa9f Debug/stm32f4xx_tim.o
 .debug_line    0x00000000000030d7      0x48c Debug/stm32f4xx_usart.o
 .debug_line    0x0000000000003563      0x285 Debug/startup.o
 .debug_line    0x00000000000037e8      0x323 Debug/application.o
 .debug_line    0x0000000000003b0b      0x3ab /usr/lib/gcc/arm-none-eabi/9.2.1/../../../arm-none-eabi/lib/thumb/v7e-m+fp/hard/libc_nano.a(lib_a-snprintf.o)
 .debug_line    0x0000000000003eb6      0x22c /usr/lib/gcc/arm-none-eabi/9.2.1/../../../arm-none-eabi/lib/thumb/v7e-m+fp/hard/libc_nano.a(lib_a-sprintf.o)
 .debug_line    0x00000000000040e2       0xe3 /usr/lib/gcc/arm-none-eabi/9.2.1/../../../arm-none-eabi/lib/thumb/v7e-m+fp/hard/libc_nano.a(lib_a-impure.o)
 .debug_line    0x00000000000041c5      0x884 /usr/lib/gcc/arm-none-eabi/9.2.1/../../../arm-none-eabi/lib/thumb/v7e-m+fp/hard/libc_nano.a(lib_a-nano-svfprintf.o)
 .debug_line    0x0000000000004a49      0x790 /usr/lib/gcc/arm-none-eabi/9.2.1/../../../arm-none-eabi/lib/thumb/v7e-m+fp/hard/libc_nano.a(lib_a-nano-vfprintf_i.o)
 .debug_line    0x00000000000051d9       0xa4 /usr/lib/gcc/arm-none-eabi/9.2.1/../../../arm-none-eabi/lib/thumb/v7e-m+fp/hard/libc_nano.a(lib_a-memchr.o)
 .debug_line    0x000000000000527d       0xbe /usr/lib/gcc/arm-none-eabi/9.2.1/../../../arm-none-eabi/lib/thumb/v7e-m+fp/hard/libc_nano.a(lib_a-memcpy.o)
 .debug_line    0x000000000000533b      0x287 /usr/lib/gcc/arm-none-eabi/9.2.1/../../../arm-none-eabi/lib/thumb/v7e-m+fp/hard/libc_nano.a(lib_a-memmove.o)
 .debug_line    0x00000000000055c2      0x2af /usr/lib/gcc/arm-none-eabi/9.2.1/../../../arm-none-eabi/lib/thumb/v7e-m+fp/hard/libc_nano.a(lib_a-nano-freer.o)
 .debug_line    0x0000000000005871      0x2f2 /usr/lib/gcc/arm-none-eabi/9.2.1/../../../arm-none-eabi/lib/thumb/v7e-m+fp/hard/libc_nano.a(lib_a-nano-mallocr.o)
 .debug_line    0x0000000000005b63      0x1c5 /usr/lib/gcc/arm-none-eabi/9.2.1/../../../arm-none-eabi/lib/thumb/v7e-m+fp/hard/libc_nano.a(lib_a-nano-reallocr.o)
 .debug_line    0x0000000000005d28      0x182 /usr/lib/gcc/arm-none-eabi/9.2.1/../../../arm-none-eabi/lib/thumb/v7e-m+fp/hard/libc_nano.a(lib_a-sbrkr.o)
 .debug_line    0x0000000000005eaa      0x13d /usr/lib/gcc/arm-none-eabi/9.2.1/../../../arm-none-eabi/lib/thumb/v7e-m+fp/hard/libc_nano.a(lib_a-mlock.o)
 .debug_line    0x0000000000005fe7      0x166 /usr/lib/gcc/arm-none-eabi/9.2.1/../../../arm-none-eabi/lib/thumb/v7e-m+fp/hard/libc_nano.a(lib_a-nano-msizer.o)
 .debug_line    0x000000000000614d      0x275 /usr/lib/gcc/arm-none-eabi/9.2.1/../../../arm-none-eabi/lib/thumb/v7e-m+fp/hard/libc_nano.a(lib_a-reent.o)

.debug_str      0x0000000000000000     0x428d
 .debug_str     0x0000000000000000      0xbba Debug/TinyTimber.o
                                        0xc43 (size before relaxing)
 .debug_str     0x0000000000000bba      0x210 Debug/canTinyTimber.o
                                        0xa04 (size before relaxing)
 .debug_str     0x0000000000000dca       0x4b Debug/sciTinyTimber.o
                                        0x863 (size before relaxing)
 .debug_str     0x0000000000000e15      0x393 Debug/stm32f4xx_can.o
                                        0x72e (size before relaxing)
 .debug_str     0x00000000000011a8      0x26d Debug/stm32f4xx_dac.o
                                        0x443 (size before relaxing)
 .debug_str     0x0000000000001415      0x19f Debug/stm32f4xx_exti.o
                                        0x351 (size before relaxing)
 .debug_str     0x00000000000015b4      0x29f Debug/stm32f4xx_gpio.o
                                        0x493 (size before relaxing)
 .debug_str     0x0000000000001853      0x753 Debug/stm32f4xx_rcc.o
                                        0x985 (size before relaxing)
 .debug_str     0x0000000000001fa6      0x14f Debug/stm32f4xx_syscfg.o
                                        0x309 (size before relaxing)
 .debug_str     0x00000000000020f5      0xa58 Debug/stm32f4xx_tim.o
                                        0xdc0 (size before relaxing)
 .debug_str     0x0000000000002b4d      0x3f6 Debug/stm32f4xx_usart.o
                                        0x67f (size before relaxing)
 .debug_str     0x0000000000002f43      0x104 Debug/startup.o
                                        0x786 (size before relaxing)
 .debug_str     0x0000000000003047      0x521 Debug/application.o
                                        0x82a (size before relaxing)
 .debug_str     0x0000000000003568      0x317 /usr/lib/gcc/arm-none-eabi/9.2.1/../../../arm-none-eabi/lib/thumb/v7e-m+fp/hard/libc_nano.a(lib_a-snprintf.o)
                                        0x783 (size before relaxing)
 .debug_str     0x000000000000387f       0x47 /usr/lib/gcc/arm-none-eabi/9.2.1/../../../arm-none-eabi/lib/thumb/v7e-m+fp/hard/libc_nano.a(lib_a-sprintf.o)
                                        0x75d (size before relaxing)
 .debug_str     0x00000000000038c6       0xa0 /usr/lib/gcc/arm-none-eabi/9.2.1/../../../arm-none-eabi/lib/thumb/v7e-m+fp/hard/libc_nano.a(lib_a-impure.o)
                                        0x5e2 (size before relaxing)
 .debug_str     0x0000000000003966      0x414 /usr/lib/gcc/arm-none-eabi/9.2.1/../../../arm-none-eabi/lib/thumb/v7e-m+fp/hard/libc_nano.a(lib_a-nano-svfprintf.o)
                                        0xc15 (size before relaxing)
 .debug_str     0x0000000000003d7a       0x94 /usr/lib/gcc/arm-none-eabi/9.2.1/../../../arm-none-eabi/lib/thumb/v7e-m+fp/hard/libc_nano.a(lib_a-nano-vfprintf_i.o)
                                        0xbac (size before relaxing)
 .debug_str     0x0000000000003e0e       0xaf /usr/lib/gcc/arm-none-eabi/9.2.1/../../../arm-none-eabi/lib/thumb/v7e-m+fp/hard/libc_nano.a(lib_a-memchr.o)
 .debug_str     0x0000000000003ebd       0x43 /usr/lib/gcc/arm-none-eabi/9.2.1/../../../arm-none-eabi/lib/thumb/v7e-m+fp/hard/libc_nano.a(lib_a-memcpy.o)
                                         0xb6 (size before relaxing)
 .debug_str     0x0000000000003f00       0xc1 /usr/lib/gcc/arm-none-eabi/9.2.1/../../../arm-none-eabi/lib/thumb/v7e-m+fp/hard/libc_nano.a(lib_a-memmove.o)
                                        0x92e (size before relaxing)
 .debug_str     0x0000000000003fc1      0x182 /usr/lib/gcc/arm-none-eabi/9.2.1/../../../arm-none-eabi/lib/thumb/v7e-m+fp/hard/libc_nano.a(lib_a-nano-freer.o)
                                        0x712 (size before relaxing)
 .debug_str     0x0000000000004143       0x32 /usr/lib/gcc/arm-none-eabi/9.2.1/../../../arm-none-eabi/lib/thumb/v7e-m+fp/hard/libc_nano.a(lib_a-nano-mallocr.o)
                                        0x729 (size before relaxing)
 .debug_str     0x0000000000004175       0x23 /usr/lib/gcc/arm-none-eabi/9.2.1/../../../arm-none-eabi/lib/thumb/v7e-m+fp/hard/libc_nano.a(lib_a-nano-reallocr.o)
                                        0x70f (size before relaxing)
 .debug_str     0x0000000000004198       0x3c /usr/lib/gcc/arm-none-eabi/9.2.1/../../../arm-none-eabi/lib/thumb/v7e-m+fp/hard/libc_nano.a(lib_a-sbrkr.o)
                                        0x625 (size before relaxing)
 .debug_str     0x00000000000041d4       0x4c /usr/lib/gcc/arm-none-eabi/9.2.1/../../../arm-none-eabi/lib/thumb/v7e-m+fp/hard/libc_nano.a(lib_a-mlock.o)
                                        0x60e (size before relaxing)
 .debug_str     0x0000000000004220        0xf /usr/lib/gcc/arm-none-eabi/9.2.1/../../../arm-none-eabi/lib/thumb/v7e-m+fp/hard/libc_nano.a(lib_a-nano-msizer.o)
                                        0x6ed (size before relaxing)
 .debug_str     0x000000000000422f       0x5e /usr/lib/gcc/arm-none-eabi/9.2.1/../../../arm-none-eabi/lib/thumb/v7e-m+fp/hard/libc_nano.a(lib_a-reent.o)
                                        0x61e (size before relaxing)

.debug_frame    0x0000000000000000     0x357c
 .debug_frame   0x0000000000000000      0x57c Debug/TinyTimber.o
 .debug_frame   0x000000000000057c      0x100 Debug/canTinyTimber.o
 .debug_frame   0x000000000000067c      0x11c Debug/sciTinyTimber.o
 .debug_frame   0x0000000000000798      0x3f8 Debug/stm32f4xx_can.o
 .debug_frame   0x0000000000000b90      0x2ac Debug/stm32f4xx_dac.o
 .debug_frame   0x0000000000000e3c      0x148 Debug/stm32f4xx_exti.o
 .debug_frame   0x0000000000000f84      0x23c Debug/stm32f4xx_gpio.o
 .debug_frame   0x00000000000011c0      0x814 Debug/stm32f4xx_rcc.o
 .debug_frame   0x00000000000019d4      0x11c Debug/stm32f4xx_syscfg.o
 .debug_frame   0x0000000000001af0      0xe54 Debug/stm32f4xx_tim.o
 .debug_frame   0x0000000000002944      0x490 Debug/stm32f4xx_usart.o
 .debug_frame   0x0000000000002dd4      0x14c Debug/startup.o
 .debug_frame   0x0000000000002f20      0x258 Debug/application.o
 .debug_frame   0x0000000000003178       0x9c /usr/lib/gcc/arm-none-eabi/9.2.1/../../../arm-none-eabi/lib/thumb/v7e-m+fp/hard/libc_nano.a(lib_a-snprintf.o)
 .debug_frame   0x0000000000003214       0x80 /usr/lib/gcc/arm-none-eabi/9.2.1/../../../arm-none-eabi/lib/thumb/v7e-m+fp/hard/libc_nano.a(lib_a-sprintf.o)
 .debug_frame   0x0000000000003294       0x98 /usr/lib/gcc/arm-none-eabi/9.2.1/../../../arm-none-eabi/lib/thumb/v7e-m+fp/hard/libc_nano.a(lib_a-nano-svfprintf.o)
 .debug_frame   0x000000000000332c       0x68 /usr/lib/gcc/arm-none-eabi/9.2.1/../../../arm-none-eabi/lib/thumb/v7e-m+fp/hard/libc_nano.a(lib_a-nano-vfprintf_i.o)
 .debug_frame   0x0000000000003394       0x40 /usr/lib/gcc/arm-none-eabi/9.2.1/../../../arm-none-eabi/lib/thumb/v7e-m+fp/hard/libc_nano.a(lib_a-memmove.o)
 .debug_frame   0x00000000000033d4       0x58 /usr/lib/gcc/arm-none-eabi/9.2.1/../../../arm-none-eabi/lib/thumb/v7e-m+fp/hard/libc_nano.a(lib_a-nano-freer.o)
 .debug_frame   0x000000000000342c       0x30 /usr/lib/gcc/arm-none-eabi/9.2.1/../../../arm-none-eabi/lib/thumb/v7e-m+fp/hard/libc_nano.a(lib_a-nano-mallocr.o)
 .debug_frame   0x000000000000345c       0x38 /usr/lib/gcc/arm-none-eabi/9.2.1/../../../arm-none-eabi/lib/thumb/v7e-m+fp/hard/libc_nano.a(lib_a-nano-reallocr.o)
 .debug_frame   0x0000000000003494       0x2c /usr/lib/gcc/arm-none-eabi/9.2.1/../../../arm-none-eabi/lib/thumb/v7e-m+fp/hard/libc_nano.a(lib_a-sbrkr.o)
 .debug_frame   0x00000000000034c0       0x30 /usr/lib/gcc/arm-none-eabi/9.2.1/../../../arm-none-eabi/lib/thumb/v7e-m+fp/hard/libc_nano.a(lib_a-mlock.o)
 .debug_frame   0x00000000000034f0       0x20 /usr/lib/gcc/arm-none-eabi/9.2.1/../../../arm-none-eabi/lib/thumb/v7e-m+fp/hard/libc_nano.a(lib_a-nano-msizer.o)
 .debug_frame   0x0000000000003510       0x6c /usr/lib/gcc/arm-none-eabi/9.2.1/../../../arm-none-eabi/lib/thumb/v7e-m+fp/hard/libc_nano.a(lib_a-reent.o)

.debug_ranges   0x0000000000000000      0x138
 .debug_ranges  0x0000000000000000       0x18 Debug/startup.o
 .debug_ranges  0x0000000000000018       0x38 /usr/lib/gcc/arm-none-eabi/9.2.1/../../../arm-none-eabi/lib/thumb/v7e-m+fp/hard/libc_nano.a(lib_a-nano-svfprintf.o)
 .debug_ranges  0x0000000000000050       0x98 /usr/lib/gcc/arm-none-eabi/9.2.1/../../../arm-none-eabi/lib/thumb/v7e-m+fp/hard/libc_nano.a(lib_a-nano-vfprintf_i.o)
 .debug_ranges  0x00000000000000e8       0x18 /usr/lib/gcc/arm-none-eabi/9.2.1/../../../arm-none-eabi/lib/thumb/v7e-m+fp/hard/libc_nano.a(lib_a-nano-freer.o)
 .debug_ranges  0x0000000000000100       0x38 /usr/lib/gcc/arm-none-eabi/9.2.1/../../../arm-none-eabi/lib/thumb/v7e-m+fp/hard/libc_nano.a(lib_a-nano-mallocr.o)

.debug_loc      0x0000000000000000     0x2046
 .debug_loc     0x0000000000000000      0x301 /usr/lib/gcc/arm-none-eabi/9.2.1/../../../arm-none-eabi/lib/thumb/v7e-m+fp/hard/libc_nano.a(lib_a-snprintf.o)
 .debug_loc     0x0000000000000301       0xc2 /usr/lib/gcc/arm-none-eabi/9.2.1/../../../arm-none-eabi/lib/thumb/v7e-m+fp/hard/libc_nano.a(lib_a-sprintf.o)
 .debug_loc     0x00000000000003c3      0x845 /usr/lib/gcc/arm-none-eabi/9.2.1/../../../arm-none-eabi/lib/thumb/v7e-m+fp/hard/libc_nano.a(lib_a-nano-svfprintf.o)
 .debug_loc     0x0000000000000c08      0x7ab /usr/lib/gcc/arm-none-eabi/9.2.1/../../../arm-none-eabi/lib/thumb/v7e-m+fp/hard/libc_nano.a(lib_a-nano-vfprintf_i.o)
 .debug_loc     0x00000000000013b3      0x2f1 /usr/lib/gcc/arm-none-eabi/9.2.1/../../../arm-none-eabi/lib/thumb/v7e-m+fp/hard/libc_nano.a(lib_a-memmove.o)
 .debug_loc     0x00000000000016a4      0x211 /usr/lib/gcc/arm-none-eabi/9.2.1/../../../arm-none-eabi/lib/thumb/v7e-m+fp/hard/libc_nano.a(lib_a-nano-freer.o)
 .debug_loc     0x00000000000018b5      0x437 /usr/lib/gcc/arm-none-eabi/9.2.1/../../../arm-none-eabi/lib/thumb/v7e-m+fp/hard/libc_nano.a(lib_a-nano-mallocr.o)
 .debug_loc     0x0000000000001cec      0x133 /usr/lib/gcc/arm-none-eabi/9.2.1/../../../arm-none-eabi/lib/thumb/v7e-m+fp/hard/libc_nano.a(lib_a-nano-reallocr.o)
 .debug_loc     0x0000000000001e1f       0x6c /usr/lib/gcc/arm-none-eabi/9.2.1/../../../arm-none-eabi/lib/thumb/v7e-m+fp/hard/libc_nano.a(lib_a-sbrkr.o)
 .debug_loc     0x0000000000001e8b       0x86 /usr/lib/gcc/arm-none-eabi/9.2.1/../../../arm-none-eabi/lib/thumb/v7e-m+fp/hard/libc_nano.a(lib_a-nano-msizer.o)
 .debug_loc     0x0000000000001f11      0x135 /usr/lib/gcc/arm-none-eabi/9.2.1/../../../arm-none-eabi/lib/thumb/v7e-m+fp/hard/libc_nano.a(lib_a-reent.o)

Cross Reference Table

Symbol                                            File
ABORT                                             Debug/TinyTimber.o
CAN_CancelTransmit                                Debug/stm32f4xx_can.o
CAN_ClearFlag                                     Debug/stm32f4xx_can.o
CAN_ClearITPendingBit                             Debug/stm32f4xx_can.o
CAN_DBGFreeze                                     Debug/stm32f4xx_can.o
CAN_DeInit                                        Debug/stm32f4xx_can.o
                                                  Debug/startup.o
CAN_FIFORelease                                   Debug/stm32f4xx_can.o
CAN_FilterInit                                    Debug/stm32f4xx_can.o
                                                  Debug/startup.o
CAN_GetFlagStatus                                 Debug/stm32f4xx_can.o
                                                  Debug/canTinyTimber.o
CAN_GetITStatus                                   Debug/stm32f4xx_can.o
CAN_GetLSBTransmitErrorCounter                    Debug/stm32f4xx_can.o
CAN_GetLastErrorCode                              Debug/stm32f4xx_can.o
CAN_GetReceiveErrorCounter                        Debug/stm32f4xx_can.o
CAN_ITConfig                                      Debug/stm32f4xx_can.o
                                                  Debug/canTinyTimber.o
CAN_Init                                          Debug/stm32f4xx_can.o
                                                  Debug/canTinyTimber.o
CAN_MessagePending                                Debug/stm32f4xx_can.o
CAN_OperatingModeRequest                          Debug/stm32f4xx_can.o
CAN_Receive                                       Debug/stm32f4xx_can.o
                                                  Debug/canTinyTimber.o
CAN_SlaveStartBank                                Debug/stm32f4xx_can.o
CAN_Sleep                                         Debug/stm32f4xx_can.o
CAN_StructInit                                    Debug/stm32f4xx_can.o
                                                  Debug/canTinyTimber.o
CAN_TTComModeCmd                                  Debug/stm32f4xx_can.o
CAN_Transmit                                      Debug/stm32f4xx_can.o
                                                  Debug/canTinyTimber.o
CAN_TransmitStatus                                Debug/stm32f4xx_can.o
CAN_WakeUp                                        Debug/stm32f4xx_can.o
CURRENT_OFFSET                                    Debug/TinyTimber.o
DAC_ClearFlag                                     Debug/stm32f4xx_dac.o
DAC_ClearITPendingBit                             Debug/stm32f4xx_dac.o
DAC_Cmd                                           Debug/stm32f4xx_dac.o
                                                  Debug/startup.o
DAC_DMACmd                                        Debug/stm32f4xx_dac.o
DAC_DeInit                                        Debug/stm32f4xx_dac.o
                                                  Debug/startup.o
DAC_DualSoftwareTriggerCmd                        Debug/stm32f4xx_dac.o
DAC_GetDataOutputValue                            Debug/stm32f4xx_dac.o
DAC_GetFlagStatus                                 Debug/stm32f4xx_dac.o
DAC_GetITStatus                                   Debug/stm32f4xx_dac.o
DAC_ITConfig                                      Debug/stm32f4xx_dac.o
DAC_Init                                          Debug/stm32f4xx_dac.o
                                                  Debug/startup.o
DAC_SetChannel1Data                               Debug/stm32f4xx_dac.o
DAC_SetChannel2Data                               Debug/stm32f4xx_dac.o
                                                  Debug/startup.o
DAC_SetDualChannelData                            Debug/stm32f4xx_dac.o
DAC_SoftwareTriggerCmd                            Debug/stm32f4xx_dac.o
DAC_StructInit                                    Debug/stm32f4xx_dac.o
                                                  Debug/startup.o
DAC_WaveGenerationCmd                             Debug/stm32f4xx_dac.o
DUMP                                              Debug/TinyTimber.o
                                                  Debug/canTinyTimber.o
                                                  Debug/dispatch.o
DUMPC                                             Debug/TinyTimber.o
DUMPD                                             Debug/TinyTimber.o
                                                  Debug/dispatch.o
DUMPH                                             Debug/TinyTimber.o
                                                  Debug/dispatch.o
EXTI_ClearFlag                                    Debug/stm32f4xx_exti.o
EXTI_ClearITPendingBit                            Debug/stm32f4xx_exti.o
EXTI_DeInit                                       Debug/stm32f4xx_exti.o
                                                  Debug/startup.o
EXTI_GenerateSWInterrupt                          Debug/stm32f4xx_exti.o
EXTI_GetFlagStatus                                Debug/stm32f4xx_exti.o
EXTI_GetITStatus                                  Debug/stm32f4xx_exti.o
EXTI_Init                                         Debug/stm32f4xx_exti.o
                                                  Debug/startup.o
EXTI_StructInit                                   Debug/stm32f4xx_exti.o
                                                  Debug/startup.o
GPIO_DeInit                                       Debug/stm32f4xx_gpio.o
                                                  Debug/startup.o
GPIO_Init                                         Debug/stm32f4xx_gpio.o
                                                  Debug/startup.o
GPIO_PinAFConfig                                  Debug/stm32f4xx_gpio.o
                                                  Debug/startup.o
GPIO_PinLockConfig                                Debug/stm32f4xx_gpio.o
GPIO_ReadInputData                                Debug/stm32f4xx_gpio.o
GPIO_ReadInputDataBit                             Debug/stm32f4xx_gpio.o
GPIO_ReadOutputData                               Debug/stm32f4xx_gpio.o
GPIO_ReadOutputDataBit                            Debug/stm32f4xx_gpio.o
GPIO_ResetBits                                    Debug/stm32f4xx_gpio.o
GPIO_SetBits                                      Debug/stm32f4xx_gpio.o
GPIO_StructInit                                   Debug/stm32f4xx_gpio.o
                                                  Debug/startup.o
GPIO_ToggleBits                                   Debug/stm32f4xx_gpio.o
GPIO_Write                                        Debug/stm32f4xx_gpio.o
GPIO_WriteBit                                     Debug/stm32f4xx_gpio.o
                                                  Debug/startup.o
                                                  Debug/TinyTimber.o
RCC_AHB1PeriphClockCmd                            Debug/stm32f4xx_rcc.o
                                                  Debug/startup.o
RCC_AHB1PeriphClockLPModeCmd                      Debug/stm32f4xx_rcc.o
RCC_AHB1PeriphResetCmd                            Debug/stm32f4xx_rcc.o
                                                  Debug/stm32f4xx_gpio.o
[...]
TIM_SetCounter                                    Debug/stm32f4xx_tim.o
                                                  Debug/TinyTimber.o
TIM_SetIC1Prescaler                               Debug/stm32f4xx_tim.o
TIM_SetIC2Prescaler                               Debug/stm32f4xx_tim.o
TIM_SetIC3Prescaler                               Debug/stm32f4xx_tim.o
TIM_SetIC4Prescaler                               Debug/stm32f4xx_tim.o
TIM_TIxExternalClockConfig                        Debug/stm32f4xx_tim.o
TIM_TimeBaseInit                                  Debug/stm32f4xx_tim.o
                                                  Debug/TinyTimber.o
TIM_TimeBaseStructInit                            Debug/stm32f4xx_tim.o
                                                  Debug/TinyTimber.o
TIM_UpdateDisableConfig                           Debug/stm32f4xx_tim.o
TIM_UpdateRequestConfig                           Debug/stm32f4xx_tim.o
T_RESET                                           Debug/TinyTimber.o
T_SAMPLE                                          Debug/TinyTimber.o
USART_ClearFlag                                   Debug/stm32f4xx_usart.o
USART_ClearITPendingBit                           Debug/stm32f4xx_usart.o
USART_ClockInit                                   Debug/stm32f4xx_usart.o
USART_ClockStructInit                             Debug/stm32f4xx_usart.o
USART_Cmd                                         Debug/stm32f4xx_usart.o
USART_DMACmd                                      Debug/stm32f4xx_usart.o
USART_DeInit                                      Debug/stm32f4xx_usart.o
USART_GetFlagStatus                               Debug/stm32f4xx_usart.o
                                                  Debug/sciTinyTimber.o
                                                  Debug/TinyTimber.o
USART_GetITStatus                                 Debug/stm32f4xx_usart.o
USART_HalfDuplexCmd                               Debug/stm32f4xx_usart.o
USART_ITConfig                                    Debug/stm32f4xx_usart.o
                                                  Debug/sciTinyTimber.o
USART_Init                                        Debug/stm32f4xx_usart.o
USART_IrDACmd                                     Debug/stm32f4xx_usart.o
USART_IrDAConfig                                  Debug/stm32f4xx_usart.o
USART_LINBreakDetectLengthConfig                  Debug/stm32f4xx_usart.o
USART_LINCmd                                      Debug/stm32f4xx_usart.o
USART_OneBitMethodCmd                             Debug/stm32f4xx_usart.o
USART_OverSampling8Cmd                            Debug/stm32f4xx_usart.o
USART_ReceiveData                                 Debug/stm32f4xx_usart.o
                                                  Debug/sciTinyTimber.o
USART_ReceiverWakeUpCmd                           Debug/stm32f4xx_usart.o
USART_SendBreak                                   Debug/stm32f4xx_usart.o
USART_SendData                                    Debug/stm32f4xx_usart.o
                                                  Debug/sciTinyTimber.o
                                                  Debug/TinyTimber.o
USART_SetAddress                                  Debug/stm32f4xx_usart.o
USART_SetGuardTime                                Debug/stm32f4xx_usart.o
USART_SetPrescaler                                Debug/stm32f4xx_usart.o
USART_SmartCardCmd                                Debug/stm32f4xx_usart.o
USART_SmartCardNACKCmd                            Debug/stm32f4xx_usart.o
USART_StructInit                                  Debug/stm32f4xx_usart.o
USART_WakeUpConfig                                Debug/stm32f4xx_usart.o
__heap_end                                        Debug/TinyTimber.o
__malloc_free_list                                /usr/lib/gcc/arm-none-eabi/9.2.1/../../../arm-none-eabi/lib/thumb/v7e-m+fp/hard/libc_nano.a(lib_a-nano-mallocr.o)
                                                  /usr/lib/gcc/arm-none-eabi/9.2.1/../../../arm-none-eabi/lib/thumb/v7e-m+fp/hard/libc_nano.a(lib_a-nano-freer.o)
__malloc_lock                                     /usr/lib/gcc/arm-none-eabi/9.2.1/../../../arm-none-eabi/lib/thumb/v7e-m+fp/hard/libc_nano.a(lib_a-mlock.o)
                                                  /usr/lib/gcc/arm-none-eabi/9.2.1/../../../arm-none-eabi/lib/thumb/v7e-m+fp/hard/libc_nano.a(lib_a-nano-mallocr.o)
                                                  /usr/lib/gcc/arm-none-eabi/9.2.1/../../../arm-none-eabi/lib/thumb/v7e-m+fp/hard/libc_nano.a(lib_a-nano-freer.o)
__malloc_sbrk_start                               /usr/lib/gcc/arm-none-eabi/9.2.1/../../../arm-none-eabi/lib/thumb/v7e-m+fp/hard/libc_nano.a(lib_a-nano-mallocr.o)
__malloc_unlock                                   /usr/lib/gcc/arm-none-eabi/9.2.1/../../../arm-none-eabi/lib/thumb/v7e-m+fp/hard/libc_nano.a(lib_a-mlock.o)
                                                  /usr/lib/gcc/arm-none-eabi/9.2.1/../../../arm-none-eabi/lib/thumb/v7e-m+fp/hard/libc_nano.a(lib_a-nano-mallocr.o)
                                                  /usr/lib/gcc/arm-none-eabi/9.2.1/../../../arm-none-eabi/lib/thumb/v7e-m+fp/hard/libc_nano.a(lib_a-nano-freer.o)
__pendSV_dispatch                                 Debug/TinyTimber.o
__sf_fake_stderr                                  /usr/lib/gcc/arm-none-eabi/9.2.1/../../../arm-none-eabi/lib/thumb/v7e-m+fp/hard/libc_nano.a(lib_a-impure.o)
__sf_fake_stdin                                   /usr/lib/gcc/arm-none-eabi/9.2.1/../../../arm-none-eabi/lib/thumb/v7e-m+fp/hard/libc_nano.a(lib_a-impure.o)
__sf_fake_stdout                                  /usr/lib/gcc/arm-none-eabi/9.2.1/../../../arm-none-eabi/lib/thumb/v7e-m+fp/hard/libc_nano.a(lib_a-impure.o)
__ssprint_r                                       /usr/lib/gcc/arm-none-eabi/9.2.1/../../../arm-none-eabi/lib/thumb/v7e-m+fp/hard/libc_nano.a(lib_a-nano-svfprintf.o)
__ssputs_r                                        /usr/lib/gcc/arm-none-eabi/9.2.1/../../../arm-none-eabi/lib/thumb/v7e-m+fp/hard/libc_nano.a(lib_a-nano-svfprintf.o)
__svc_dispatch                                    Debug/TinyTimber.o
_ebss                                             Debug/startup.o
_free_r                                           /usr/lib/gcc/arm-none-eabi/9.2.1/../../../arm-none-eabi/lib/thumb/v7e-m+fp/hard/libc_nano.a(lib_a-nano-freer.o)
                                                  /usr/lib/gcc/arm-none-eabi/9.2.1/../../../arm-none-eabi/lib/thumb/v7e-m+fp/hard/libc_nano.a(lib_a-reent.o)
                                                  /usr/lib/gcc/arm-none-eabi/9.2.1/../../../arm-none-eabi/lib/thumb/v7e-m+fp/hard/libc_nano.a(lib_a-nano-reallocr.o)
                                                  /usr/lib/gcc/arm-none-eabi/9.2.1/../../../arm-none-eabi/lib/thumb/v7e-m+fp/hard/libc_nano.a(lib_a-nano-svfprintf.o)
_global_impure_ptr                                /usr/lib/gcc/arm-none-eabi/9.2.1/../../../arm-none-eabi/lib/thumb/v7e-m+fp/hard/libc_nano.a(lib_a-impure.o)
_impure_ptr                                       /usr/lib/gcc/arm-none-eabi/9.2.1/../../../arm-none-eabi/lib/thumb/v7e-m+fp/hard/libc_nano.a(lib_a-impure.o)
                                                  /usr/lib/gcc/arm-none-eabi/9.2.1/../../../arm-none-eabi/lib/thumb/v7e-m+fp/hard/libc_nano.a(lib_a-reent.o)
                                                  /usr/lib/gcc/arm-none-eabi/9.2.1/../../../arm-none-eabi/lib/thumb/v7e-m+fp/hard/libc_nano.a(lib_a-sprintf.o)
                                                  /usr/lib/gcc/arm-none-eabi/9.2.1/../../../arm-none-eabi/lib/thumb/v7e-m+fp/hard/libc_nano.a(lib_a-snprintf.o)
_malloc_r                                         /usr/lib/gcc/arm-none-eabi/9.2.1/../../../arm-none-eabi/lib/thumb/v7e-m+fp/hard/libc_nano.a(lib_a-nano-mallocr.o)
                                                  /usr/lib/gcc/arm-none-eabi/9.2.1/../../../arm-none-eabi/lib/thumb/v7e-m+fp/hard/libc_nano.a(lib_a-nano-reallocr.o)
                                                  /usr/lib/gcc/arm-none-eabi/9.2.1/../../../arm-none-eabi/lib/thumb/v7e-m+fp/hard/libc_nano.a(lib_a-nano-svfprintf.o)
_malloc_usable_size_r                             /usr/lib/gcc/arm-none-eabi/9.2.1/../../../arm-none-eabi/lib/thumb/v7e-m+fp/hard/libc_nano.a(lib_a-nano-msizer.o)
                                                  /usr/lib/gcc/arm-none-eabi/9.2.1/../../../arm-none-eabi/lib/thumb/v7e-m+fp/hard/libc_nano.a(lib_a-nano-reallocr.o)
_printf_common                                    /usr/lib/gcc/arm-none-eabi/9.2.1/../../../arm-none-eabi/lib/thumb/v7e-m+fp/hard/libc_nano.a(lib_a-nano-vfprintf_i.o)
_printf_float                                     /usr/lib/gcc/arm-none-eabi/9.2.1/../../../arm-none-eabi/lib/thumb/v7e-m+fp/hard/libc_nano.a(lib_a-nano-svfprintf.o)
_printf_i                                         /usr/lib/gcc/arm-none-eabi/9.2.1/../../../arm-none-eabi/lib/thumb/v7e-m+fp/hard/libc_nano.a(lib_a-nano-vfprintf_i.o)
                                                  /usr/lib/gcc/arm-none-eabi/9.2.1/../../../arm-none-eabi/lib/thumb/v7e-m+fp/hard/libc_nano.a(lib_a-nano-svfprintf.o)
_realloc_r                                        /usr/lib/gcc/arm-none-eabi/9.2.1/../../../arm-none-eabi/lib/thumb/v7e-m+fp/hard/libc_nano.a(lib_a-nano-reallocr.o)
                                                  /usr/lib/gcc/arm-none-eabi/9.2.1/../../../arm-none-eabi/lib/thumb/v7e-m+fp/hard/libc_nano.a(lib_a-nano-svfprintf.o)
_reclaim_reent                                    /usr/lib/gcc/arm-none-eabi/9.2.1/../../../arm-none-eabi/lib/thumb/v7e-m+fp/hard/libc_nano.a(lib_a-reent.o)
_sbrk                                             Debug/TinyTimber.o
                                                  /usr/lib/gcc/arm-none-eabi/9.2.1/../../../arm-none-eabi/lib/thumb/v7e-m+fp/hard/libc_nano.a(lib_a-sbrkr.o)
_sbrk_r                                           /usr/lib/gcc/arm-none-eabi/9.2.1/../../../arm-none-eabi/lib/thumb/v7e-m+fp/hard/libc_nano.a(lib_a-sbrkr.o)
                                                  /usr/lib/gcc/arm-none-eabi/9.2.1/../../../arm-none-eabi/lib/thumb/v7e-m+fp/hard/libc_nano.a(lib_a-nano-mallocr.o)
_sbss                                             Debug/startup.o
_siprintf_r                                       /usr/lib/gcc/arm-none-eabi/9.2.1/../../../arm-none-eabi/lib/thumb/v7e-m+fp/hard/libc_nano.a(lib_a-sprintf.o)
_sniprintf_r                                      /usr/lib/gcc/arm-none-eabi/9.2.1/../../../arm-none-eabi/lib/thumb/v7e-m+fp/hard/libc_nano.a(lib_a-snprintf.o)
_snprintf_r                                       /usr/lib/gcc/arm-none-eabi/9.2.1/../../../arm-none-eabi/lib/thumb/v7e-m+fp/hard/libc_nano.a(lib_a-snprintf.o)
_sprintf_r                                        /usr/lib/gcc/arm-none-eabi/9.2.1/../../../arm-none-eabi/lib/thumb/v7e-m+fp/hard/libc_nano.a(lib_a-sprintf.o)
_svfiprintf_r                                     /usr/lib/gcc/arm-none-eabi/9.2.1/../../../arm-none-eabi/lib/thumb/v7e-m+fp/hard/libc_nano.a(lib_a-nano-svfprintf.o)
_svfprintf_r                                      /usr/lib/gcc/arm-none-eabi/9.2.1/../../../arm-none-eabi/lib/thumb/v7e-m+fp/hard/libc_nano.a(lib_a-nano-svfprintf.o)
                                                  /usr/lib/gcc/arm-none-eabi/9.2.1/../../../arm-none-eabi/lib/thumb/v7e-m+fp/hard/libc_nano.a(lib_a-sprintf.o)
                                                  /usr/lib/gcc/arm-none-eabi/9.2.1/../../../arm-none-eabi/lib/thumb/v7e-m+fp/hard/libc_nano.a(lib_a-snprintf.o)
activeStack                                       Debug/TinyTimber.o
addr_DAC                                          Debug/application.o
app                                               Debug/application.o
async                                             Debug/TinyTimber.o
                                                  Debug/application.o
                                                  Debug/sciTinyTimber.o
                                                  Debug/canTinyTimber.o
average                                           Debug/application.o
can_init                                          Debug/canTinyTimber.o
can_interrupt                                     Debug/canTinyTimber.o
can_receive                                       Debug/canTinyTimber.o
can_send                                          Debug/canTinyTimber.o
cleanup_glue                                      /usr/lib/gcc/arm-none-eabi/9.2.1/../../../arm-none-eabi/lib/thumb/v7e-m+fp/hard/libc_nano.a(lib_a-reent.o)
cli                                               Debug/TinyTimber.o
controller                                        Debug/application.o
current                                           Debug/TinyTimber.o
                                                  Debug/dispatch.o
dequeue                                           Debug/TinyTimber.o
dequeue_pool                                      Debug/TinyTimber.o
doIRQSchedule                                     Debug/TinyTimber.o
                                                  Debug/sciTinyTimber.o
                                                  Debug/canTinyTimber.o
end                                               Debug/TinyTimber.o
enqueueByBaseline                                 Debug/TinyTimber.o
enqueueByDeadline                                 Debug/TinyTimber.o
errno                                             /usr/lib/gcc/arm-none-eabi/9.2.1/../../../arm-none-eabi/lib/thumb/v7e-m+fp/hard/libc_nano.a(lib_a-reent.o)
                                                  /usr/lib/gcc/arm-none-eabi/9.2.1/../../../arm-none-eabi/lib/thumb/v7e-m+fp/hard/libc_nano.a(lib_a-sbrkr.o)
hex                                               Debug/TinyTimber.o
increaseWorkload                                  Debug/application.o
insert                                            Debug/TinyTimber.o
install                                           Debug/TinyTimber.o
                                                  Debug/application.o
lowerVolume                                       Debug/application.o
lowerWorkload                                     Debug/application.o
main                                              Debug/application.o
                                                  Debug/startup.o
melody                                            Debug/application.o
memchr                                            /usr/lib/gcc/arm-none-eabi/9.2.1/../../../arm-none-eabi/lib/thumb/v7e-m+fp/hard/libc_nano.a(lib_a-memchr.o)
                                                  /usr/lib/gcc/arm-none-eabi/9.2.1/../../../arm-none-eabi/lib/thumb/v7e-m+fp/hard/libc_nano.a(lib_a-nano-vfprintf_i.o)
                                                  /usr/lib/gcc/arm-none-eabi/9.2.1/../../../arm-none-eabi/lib/thumb/v7e-m+fp/hard/libc_nano.a(lib_a-nano-svfprintf.o)
memcpy                                            /usr/lib/gcc/arm-none-eabi/9.2.1/../../../arm-none-eabi/lib/thumb/v7e-m+fp/hard/libc_nano.a(lib_a-memcpy.o)
                                                  /usr/lib/gcc/arm-none-eabi/9.2.1/../../../arm-none-eabi/lib/thumb/v7e-m+fp/hard/libc_nano.a(lib_a-nano-reallocr.o)
                                                  /usr/lib/gcc/arm-none-eabi/9.2.1/../../../arm-none-eabi/lib/thumb/v7e-m+fp/hard/libc_nano.a(lib_a-nano-svfprintf.o)
memmove                                           /usr/lib/gcc/arm-none-eabi/9.2.1/../../../arm-none-eabi/lib/thumb/v7e-m+fp/hard/libc_nano.a(lib_a-memmove.o)
                                                  /usr/lib/gcc/arm-none-eabi/9.2.1/../../../arm-none-eabi/lib/thumb/v7e-m+fp/hard/libc_nano.a(lib_a-nano-svfprintf.o)
messages                                          Debug/TinyTimber.o
msgPool                                           Debug/TinyTimber.o
msgQ                                              Debug/TinyTimber.o
mtable                                            Debug/TinyTimber.o
mute                                              Debug/application.o
otable                                            Debug/TinyTimber.o
overflows                                         Debug/TinyTimber.o
period                                            Debug/application.o
playTone                                          Debug/application.o
pop                                               Debug/TinyTimber.o
push                                              Debug/TinyTimber.o
raiseVolume                                       Debug/application.o
runAsHardware                                     Debug/TinyTimber.o
runTest                                           Debug/application.o
sci0                                              Debug/application.o
sci_init                                          Debug/sciTinyTimber.o
                                                  Debug/application.o
sci_interrupt                                     Debug/sciTinyTimber.o
                                                  Debug/application.o
sci_write                                         Debug/sciTinyTimber.o
                                                  Debug/application.o
sci_writechar                                     Debug/sciTinyTimber.o
sei                                               Debug/TinyTimber.o
setPeriod                                         Debug/application.o
setWork                                           Debug/application.o
siprintf                                          /usr/lib/gcc/arm-none-eabi/9.2.1/../../../arm-none-eabi/lib/thumb/v7e-m+fp/hard/libc_nano.a(lib_a-sprintf.o)
sniprintf                                         /usr/lib/gcc/arm-none-eabi/9.2.1/../../../arm-none-eabi/lib/thumb/v7e-m+fp/hard/libc_nano.a(lib_a-snprintf.o)
snprintf                                          /usr/lib/gcc/arm-none-eabi/9.2.1/../../../arm-none-eabi/lib/thumb/v7e-m+fp/hard/libc_nano.a(lib_a-snprintf.o)
                                                  Debug/application.o
sprintf                                           /usr/lib/gcc/arm-none-eabi/9.2.1/../../../arm-none-eabi/lib/thumb/v7e-m+fp/hard/libc_nano.a(lib_a-sprintf.o)
                                                  Debug/application.o
stacks                                            Debug/TinyTimber.o
startApp                                          Debug/application.o
startup                                           Debug/startup.o
sync                                              Debug/TinyTimber.o
                                                  Debug/application.o
thread0                                           Debug/TinyTimber.o
threadPool                                        Debug/TinyTimber.o
threads                                           Debug/TinyTimber.o
timerQ                                            Debug/TinyTimber.o
timestamp                                         Debug/TinyTimber.o
tinytimber                                        Debug/TinyTimber.o
                                                  Debug/application.o
toggleToneDeadline                                Debug/application.o
toggleWorkDeadline                                Debug/application.o
tone                                              Debug/application.o
upcoming                                          Debug/TinyTimber.o
                                                  Debug/dispatch.o
vect_CAN1                                         Debug/TinyTimber.o
vect_EXTI9_5                                      Debug/TinyTimber.o
vect_PendSV                                       Debug/dispatch.o
                                                  Debug/TinyTimber.o
vect_SVCall                                       Debug/dispatch.o
                                                  Debug/TinyTimber.o
vect_TIM5                                         Debug/TinyTimber.o
vect_USART1                                       Debug/TinyTimber.o
work                                              Debug/application.o
