Archive member included to satisfy reference by file (symbol)

/usr/lib/gcc/arm-none-eabi/9.2.1/../../../arm-none-eabi/lib/thumb/v7e-m+fp/hard/libc_nano.a(lib_a-atoi.o)
                              Debug/application.o (atoi)
/usr/lib/gcc/arm-none-eabi/9.2.1/../../../arm-none-eabi/lib/thumb/v7e-m+fp/hard/libc_nano.a(lib_a-memset.o)
                              Debug/application.o (memset)
/usr/lib/gcc/arm-none-eabi/9.2.1/../../../arm-none-eabi/lib/thumb/v7e-m+fp/hard/libc_nano.a(lib_a-sprintf.o)
                              Debug/application.o (sprintf)
/usr/lib/gcc/arm-none-eabi/9.2.1/../../../arm-none-eabi/lib/thumb/v7e-m+fp/hard/libc_nano.a(lib_a-strtol.o)
                              /usr/lib/gcc/arm-none-eabi/9.2.1/../../../arm-none-eabi/lib/thumb/v7e-m+fp/hard/libc_nano.a(lib_a-atoi.o) (_strtol_r)
/usr/lib/gcc/arm-none-eabi/9.2.1/../../../arm-none-eabi/lib/thumb/v7e-m+fp/hard/libc_nano.a(lib_a-ctype_.o)
                              /usr/lib/gcc/arm-none-eabi/9.2.1/../../../arm-none-eabi/lib/thumb/v7e-m+fp/hard/libc_nano.a(lib_a-strtol.o) (_ctype_)
/usr/lib/gcc/arm-none-eabi/9.2.1/../../../arm-none-eabi/lib/thumb/v7e-m+fp/hard/libc_nano.a(lib_a-errno.o)
                              /usr/lib/gcc/arm-none-eabi/9.2.1/../../../arm-none-eabi/lib/thumb/v7e-m+fp/hard/libc_nano.a(lib_a-strtol.o) (__errno)
/usr/lib/gcc/arm-none-eabi/9.2.1/../../../arm-none-eabi/lib/thumb/v7e-m+fp/hard/libc_nano.a(lib_a-impure.o)
                              /usr/lib/gcc/arm-none-eabi/9.2.1/../../../arm-none-eabi/lib/thumb/v7e-m+fp/hard/libc_nano.a(lib_a-sprintf.o) (_impure_ptr)
/usr/lib/gcc/arm-none-eabi/9.2.1/../../../arm-none-eabi/lib/thumb/v7e-m+fp/hard/libc_nano.a(lib_a-nano-svfprintf.o)
                              /usr/lib/gcc/arm-none-eabi/9.2.1/../../../arm-none-eabi/lib/thumb/v7e-m+fp/hard/libc_nano.a(lib_a-sprintf.o) (_svfprintf_r)
/usr/lib/gcc/arm-none-eabi/9.2.1/../../../arm-none-eabi/lib/thumb/v7e-m+fp/hard/libc_nano.a(lib_a-nano-vfprintf_i.o)
                              /usr/lib/gcc/arm-none-eabi/9.2.1/../../../arm-none-eabi/lib/thumb/v7e-m+fp/hard/libc_nano.a(lib_a-nano-svfprintf.o) (_printf_i)
/usr/lib/gcc/arm-none-eabi/9.2.1/../../../arm-none-eabi/lib/thumb/v7e-m+fp/hard/libc_nano.a(lib_a-memchr.o)
                              /usr/lib/gcc/arm-none-eabi/9.2.1/../../../arm-none-eabi/lib/thumb/v7e-m+fp/hard/libc_nano.a(lib_a-nano-svfprintf.o) (memchr)
/usr/lib/gcc/arm-none-eabi/9.2.1/../../../arm-none-eabi/lib/thumb/v7e-m+fp/hard/libc_nano.a(lib_a-memcpy.o)
                              /usr/lib/gcc/arm-none-eabi/9.2.1/../../../arm-none-eabi/lib/thumb/v7e-m+fp/hard/libc_nano.a(lib_a-nano-svfprintf.o) (memcpy)
/usr/lib/gcc/arm-none-eabi/9.2.1/../../../arm-none-eabi/lib/thumb/v7e-m+fp/hard/libc_nano.a(lib_a-memmove.o)
                              /usr/lib/gcc/arm-none-eabi/9.2.1/../../../arm-none-eabi/lib/thumb/v7e-m+fp/hard/libc_nano.a(lib_a-nano-svfprintf.o) (memmove)
/usr/lib/gcc/arm-none-eabi/9.2.1/../../../arm-none-eabi/lib/thumb/v7e-m+fp/hard/libc_nano.a(lib_a-nano-freer.o)
                              /usr/lib/gcc/arm-none-eabi/9.2.1/../../../arm-none-eabi/lib/thumb/v7e-m+fp/hard/libc_nano.a(lib_a-nano-svfprintf.o) (_free_r)
/usr/lib/gcc/arm-none-eabi/9.2.1/../../../arm-none-eabi/lib/thumb/v7e-m+fp/hard/libc_nano.a(lib_a-nano-mallocr.o)
                              /usr/lib/gcc/arm-none-eabi/9.2.1/../../../arm-none-eabi/lib/thumb/v7e-m+fp/hard/libc_nano.a(lib_a-nano-svfprintf.o) (_malloc_r)
/usr/lib/gcc/arm-none-eabi/9.2.1/../../../arm-none-eabi/lib/thumb/v7e-m+fp/hard/libc_nano.a(lib_a-nano-reallocr.o)
                              /usr/lib/gcc/arm-none-eabi/9.2.1/../../../arm-none-eabi/lib/thumb/v7e-m+fp/hard/libc_nano.a(lib_a-nano-svfprintf.o) (_realloc_r)
/usr/lib/gcc/arm-none-eabi/9.2.1/../../../arm-none-eabi/lib/thumb/v7e-m+fp/hard/libc_nano.a(lib_a-sbrkr.o)
                              /usr/lib/gcc/arm-none-eabi/9.2.1/../../../arm-none-eabi/lib/thumb/v7e-m+fp/hard/libc_nano.a(lib_a-nano-mallocr.o) (_sbrk_r)
/usr/lib/gcc/arm-none-eabi/9.2.1/../../../arm-none-eabi/lib/thumb/v7e-m+fp/hard/libc_nano.a(lib_a-mlock.o)
                              /usr/lib/gcc/arm-none-eabi/9.2.1/../../../arm-none-eabi/lib/thumb/v7e-m+fp/hard/libc_nano.a(lib_a-nano-freer.o) (__malloc_lock)
/usr/lib/gcc/arm-none-eabi/9.2.1/../../../arm-none-eabi/lib/thumb/v7e-m+fp/hard/libc_nano.a(lib_a-nano-msizer.o)
                              /usr/lib/gcc/arm-none-eabi/9.2.1/../../../arm-none-eabi/lib/thumb/v7e-m+fp/hard/libc_nano.a(lib_a-nano-reallocr.o) (_malloc_usable_size_r)
/usr/lib/gcc/arm-none-eabi/9.2.1/../../../arm-none-eabi/lib/thumb/v7e-m+fp/hard/libc_nano.a(lib_a-reent.o)
                              /usr/lib/gcc/arm-none-eabi/9.2.1/../../../arm-none-eabi/lib/thumb/v7e-m+fp/hard/libc_nano.a(lib_a-sbrkr.o) (errno)

Allocating common symbols
Common symbol       size              file

[...]
Memory Configuration

Name             Origin             Length             Attributes
RAM              0x0000000020000000 0x000000000001c000 xrw
*default*        0x0000000000000000 0xffffffffffffffff

Linker script and memory map

LOAD Debug/dispatch.o
LOAD Debug/TinyTimber.o
LOAD Debug/canTinyTimber.o
LOAD Debug/sciTinyTimber.o
LOAD Debug/stm32f4xx_can.o
LOAD Debug/stm32f4xx_dac.o
LOAD Debug/stm32f4xx_exti.o
LOAD Debug/stm32f4xx_gpio.o
LOAD Debug/stm32f4xx_rcc.o
LOAD Debug/stm32f4xx_syscfg.o
LOAD Debug/stm32f4xx_tim.o
LOAD Debug/stm32f4xx_usart.o
LOAD Debug/startup.o
LOAD Debug/application.o
LOAD /usr/lib/gcc/arm-none-eabi/9.2.1/../../../arm-none-eabi/lib/thumb/v7e-m+fp/hard/libstdc++_nano.a
LOAD /usr/lib/gcc/arm-none-eabi/9.2.1/../../../arm-none-eabi/lib/thumb/v7e-m+fp/hard/libm.a
START GROUP
LOAD /usr/lib/gcc/arm-none-eabi/9.2.1/thumb/v7e-m+fp/hard/libgcc.a
LOAD /usr/lib/gcc/arm-none-eabi/9.2.1/../../../arm-none-eabi/lib/thumb/v7e-m+fp/hard/libc_nano.a
END GROUP
START GROUP
LOAD /usr/lib/gcc/arm-none-eabi/9.2.1/thumb/v7e-m+fp/hard/libgcc.a
LOAD /usr/lib/gcc/arm-none-eabi/9.2.1/../../../arm-none-eabi/lib/thumb/v7e-m+fp/hard/libc_nano.a
END GROUP

.text           0x0000000020000000     0x8b8c
                0x0000000020000000                . = ALIGN (0x4)
 *(.start_section)
 .start_section
                0x0000000020000000       0x1c Debug/startup.o
                0x0000000020000000                startup
 *(.text)
 .text          0x000000002000001c       0xf4 Debug/dispatch.o
                0x000000002000001c                vect_SVCall
                0x0000000020000020                vect_PendSV
 .text          0x0000000020000110      0xf54 Debug/TinyTimber.o
                0x0000000020000198                DUMP
                0x00000000200001d2                DUMPH
                0x0000000020000230                DUMPD
                0x00000000200002d4                sei
                0x00000000200002f2                cli
                0x0000000020000310                _sbrk
                0x0000000020000354                SETSTACK
                0x00000000200003bc                SETPC
                0x00000000200003e0                TIMER_INIT
                0x0000000020000478                DUMPC
                0x00000000200004ac                vect_USART1
                0x0000000020000514                vect_CAN1
                0x000000002000057c                vect_EXTI9_5
                0x00000000200005e4                enqueueByDeadline
                0x000000002000063c                enqueueByBaseline
                0x0000000020000694                dequeue
                0x00000000200006e4                dequeue_pool
                0x0000000020000734                insert
                0x0000000020000758                push
                0x000000002000077c                pop
                0x00000000200007fe                vect_TIM5
                0x0000000020000890                __svc_dispatch
                0x00000000200008a0                __pendSV_dispatch
                0x0000000020000a10                async
                0x0000000020000b4c                sync
                0x0000000020000c58                ABORT
                0x0000000020000d0c                T_RESET
                0x0000000020000d48                T_SAMPLE
                0x0000000020000d88                CURRENT_OFFSET
                0x0000000020000f34                install
                0x0000000020001000                tinytimber
 .text          0x0000000020001064      0x444 Debug/canTinyTimber.o
                0x00000000200010ec                can_init
                0x00000000200011ac                can_interrupt
                0x0000000020001334                can_receive
                0x00000000200013fe                can_send
 .text          0x00000000200014a8      0x294 Debug/sciTinyTimber.o
                0x0000000020001530                sci_init
                0x00000000200015d6                sci_write
                0x000000002000162c                sci_writechar
                0x0000000020001662                sci_interrupt
 .text          0x000000002000173c     0x11b4 Debug/stm32f4xx_can.o
                0x000000002000173c                CAN_DeInit
                0x0000000020001784                CAN_Init
                0x0000000020001926                CAN_FilterInit
                0x0000000020001aac                CAN_StructInit
                0x0000000020001b02                CAN_SlaveStartBank
                0x0000000020001b64                CAN_DBGFreeze
                0x0000000020001b9c                CAN_TTComModeCmd
                0x0000000020001c34                CAN_Transmit
                0x0000000020001dd6                CAN_TransmitStatus
                0x0000000020001edc                CAN_CancelTransmit
                0x0000000020001f34                CAN_Receive
                0x00000000200020b0                CAN_FIFORelease
                0x00000000200020e8                CAN_MessagePending
                0x0000000020002132                CAN_OperatingModeRequest
                0x000000002000222e                CAN_Sleep
                0x0000000020002268                CAN_WakeUp
                0x00000000200022be                CAN_GetLastErrorCode
                0x00000000200022e4                CAN_GetReceiveErrorCounter
                0x0000000020002306                CAN_GetLSBTransmitErrorCounter
                0x0000000020002328                CAN_ITConfig
                0x0000000020002364                CAN_GetFlagStatus
                0x0000000020002432                CAN_ClearFlag
                0x00000000200024a4                CAN_GetITStatus
                0x0000000020002708                CAN_ClearITPendingBit
 .text          0x00000000200028f0      0x450 Debug/stm32f4xx_dac.o
                0x00000000200028f0                DAC_DeInit
                0x000000002000290c                DAC_Init
                0x0000000020002974                DAC_StructInit
                0x00000000200029a0                DAC_Cmd
                0x00000000200029ec                DAC_SoftwareTriggerCmd
                0x0000000020002a3c                DAC_DualSoftwareTriggerCmd
                0x0000000020002a78                DAC_WaveGenerationCmd
                0x0000000020002ac4                DAC_SetChannel1Data
                0x0000000020002afc                DAC_SetChannel2Data
                0x0000000020002b34                DAC_SetDualChannelData
                0x0000000020002b8c                DAC_GetDataOutputValue
                0x0000000020002bc0                DAC_DMACmd
                0x0000000020002c10                DAC_ITConfig
                0x0000000020002c5c                DAC_GetFlagStatus
                0x0000000020002c98                DAC_ClearFlag
                0x0000000020002cc0                DAC_GetITStatus
                0x0000000020002d18                DAC_ClearITPendingBit
 .text          0x0000000020002d40      0x210 Debug/stm32f4xx_exti.o
                0x0000000020002d40                EXTI_DeInit
                0x0000000020002d74                EXTI_Init
                0x0000000020002e58                EXTI_StructInit
                0x0000000020002e84                EXTI_GenerateSWInterrupt
                0x0000000020002ea8                EXTI_GetFlagStatus
                0x0000000020002edc                EXTI_ClearFlag
                0x0000000020002efc                EXTI_GetITStatus
                0x0000000020002f30                EXTI_ClearITPendingBit
 .text          0x0000000020002f50      0x4d8 Debug/stm32f4xx_gpio.o
                0x0000000020002f50                GPIO_DeInit
                0x00000000200030b4                GPIO_Init
                0x00000000200031d2                GPIO_StructInit
                0x0000000020003206                GPIO_PinLockConfig
                0x000000002000324a                GPIO_ReadInputDataBit
                0x000000002000327e                GPIO_ReadInputData
                0x0000000020003298                GPIO_ReadOutputDataBit
                0x00000000200032cc                GPIO_ReadOutputData
                0x00000000200032e6                GPIO_SetBits
                0x0000000020003304                GPIO_ResetBits
                0x0000000020003322                GPIO_WriteBit
                0x0000000020003352                GPIO_Write
                0x0000000020003370                GPIO_ToggleBits
                0x0000000020003394                GPIO_PinAFConfig
 .text          0x0000000020003428      0xcb0 Debug/stm32f4xx_rcc.o
                0x0000000020003428                RCC_DeInit
                0x0000000020003498                RCC_HSEConfig
                0x00000000200034c0                RCC_WaitForHSEStartUp
                0x0000000020003510                RCC_AdjustHSICalibrationValue
                0x000000002000354c                RCC_HSICmd
                0x000000002000356c                RCC_LSEConfig
                0x00000000200035b0                RCC_LSICmd
                0x00000000200035d0                RCC_PLLConfig
                0x0000000020003610                RCC_PLLCmd
                0x0000000020003630                RCC_PLLI2SConfig
                0x000000002000365c                RCC_PLLI2SCmd
                0x000000002000367c                RCC_PLLSAIConfig
                0x00000000200036b0                RCC_PLLSAICmd
                0x00000000200036d0                RCC_ClockSecuritySystemCmd
                0x00000000200036f0                RCC_MCO1Config
                0x0000000020003730                RCC_MCO2Config
                0x0000000020003770                RCC_SYSCLKConfig
                0x00000000200037a8                RCC_GetSYSCLKSource
                0x00000000200037c8                RCC_HCLKConfig
                0x0000000020003800                RCC_PCLK1Config
                0x0000000020003838                RCC_PCLK2Config
                0x0000000020003874                RCC_GetClocksFreq
                0x00000000200039d0                RCC_RTCCLKConfig
                0x0000000020003a2c                RCC_RTCCLKCmd
                0x0000000020003a4c                RCC_BackupResetCmd
                0x0000000020003a6c                RCC_I2SCLKConfig
                0x0000000020003a8c                RCC_SAIPLLI2SClkDivConfig
                0x0000000020003acc                RCC_SAIPLLSAIClkDivConfig
                0x0000000020003b0c                RCC_SAIBlockACLKConfig
                0x0000000020003b48                RCC_SAIBlockBCLKConfig
                0x0000000020003b84                RCC_LTDCCLKDivConfig
                0x0000000020003bc0                RCC_TIMCLKPresConfig
                0x0000000020003be0                RCC_AHB1PeriphClockCmd
                0x0000000020003c20                RCC_AHB2PeriphClockCmd
                0x0000000020003c60                RCC_AHB3PeriphClockCmd
                0x0000000020003ca0                RCC_APB1PeriphClockCmd
                0x0000000020003ce0                RCC_APB2PeriphClockCmd
                0x0000000020003d20                RCC_AHB1PeriphResetCmd
                0x0000000020003d60                RCC_AHB2PeriphResetCmd
                0x0000000020003da0                RCC_AHB3PeriphResetCmd
                0x0000000020003de0                RCC_APB1PeriphResetCmd
                0x0000000020003e20                RCC_APB2PeriphResetCmd
                0x0000000020003e60                RCC_AHB1PeriphClockLPModeCmd
                0x0000000020003ea0                RCC_AHB2PeriphClockLPModeCmd
                0x0000000020003ee0                RCC_AHB3PeriphClockLPModeCmd
                0x0000000020003f20                RCC_APB1PeriphClockLPModeCmd
                0x0000000020003f60                RCC_APB2PeriphClockLPModeCmd
                0x0000000020003fa0                RCC_ITConfig
                0x0000000020003fec                RCC_GetFlagStatus
                0x0000000020004060                RCC_ClearFlag
                0x0000000020004080                RCC_GetITStatus
                0x00000000200040b8                RCC_ClearITPendingBit
 .text          0x00000000200040d8      0x154 Debug/stm32f4xx_syscfg.o
                0x00000000200040d8                SYSCFG_DeInit
                0x00000000200040f4                SYSCFG_MemoryRemapConfig
                0x0000000020004114                SYSCFG_MemorySwappingBank
                0x0000000020004134                SYSCFG_EXTILineConfig
                0x00000000200041b8                SYSCFG_ETH_MediaInterfaceConfig
                0x00000000200041d8                SYSCFG_CompensationCellCmd
                0x00000000200041f8                SYSCFG_GetCompensationCellStatus
 .text          0x000000002000422c     0x1c1c Debug/stm32f4xx_tim.o
                0x000000002000422c                TIM_DeInit
                0x00000000200043ec                TIM_TimeBaseInit
                0x00000000200044c4                TIM_TimeBaseStructInit
                0x00000000200044f8                TIM_PrescalerConfig
                0x0000000020004520                TIM_CounterModeConfig
                0x0000000020004558                TIM_SetCounter
                0x0000000020004574                TIM_SetAutoreload
                0x0000000020004590                TIM_GetCounter
                0x00000000200045a8                TIM_GetPrescaler
                0x00000000200045c2                TIM_UpdateDisableConfig
                0x0000000020004602                TIM_UpdateRequestConfig
                0x0000000020004642                TIM_ARRPreloadConfig
                0x0000000020004682                TIM_SelectOnePulseMode
                0x00000000200046ba                TIM_SetClockDivision
                0x00000000200046f2                TIM_Cmd
                0x0000000020004732                TIM_OC1Init
                0x0000000020004828                TIM_OC2Init
                0x0000000020004938                TIM_OC3Init
                0x0000000020004a44                TIM_OC4Init
                0x0000000020004b14                TIM_OCStructInit
                0x0000000020004b58                TIM_SelectOCxM
                0x0000000020004c0e                TIM_SetCompare1
                0x0000000020004c2a                TIM_SetCompare2
                0x0000000020004c46                TIM_SetCompare3
                0x0000000020004c62                TIM_SetCompare4
                0x0000000020004c7e                TIM_ForcedOC1Config
                0x0000000020004cb6                TIM_ForcedOC2Config
                0x0000000020004cf2                TIM_ForcedOC3Config
                0x0000000020004d2a                TIM_ForcedOC4Config
                0x0000000020004d66                TIM_OC1PreloadConfig
                0x0000000020004d9e                TIM_OC2PreloadConfig
                0x0000000020004dda                TIM_OC3PreloadConfig
                0x0000000020004e12                TIM_OC4PreloadConfig
                0x0000000020004e4e                TIM_OC1FastConfig
                0x0000000020004e86                TIM_OC2FastConfig
                0x0000000020004ec2                TIM_OC3FastConfig
                0x0000000020004efa                TIM_OC4FastConfig
                0x0000000020004f36                TIM_ClearOC1Ref
                0x0000000020004f6e                TIM_ClearOC2Ref
                0x0000000020004faa                TIM_ClearOC3Ref
                0x0000000020004fe2                TIM_ClearOC4Ref
                0x000000002000501e                TIM_OC1PolarityConfig
                0x0000000020005056                TIM_OC1NPolarityConfig
                0x000000002000508e                TIM_OC2PolarityConfig
                0x00000000200050ca                TIM_OC2NPolarityConfig
                0x0000000020005106                TIM_OC3PolarityConfig
                0x0000000020005142                TIM_OC3NPolarityConfig
                0x000000002000517e                TIM_OC4PolarityConfig
                0x00000000200051ba                TIM_CCxCmd
                0x0000000020005210                TIM_CCxNCmd
                0x0000000020005266                TIM_ICInit
                0x000000002000530e                TIM_ICStructInit
                0x0000000020005340                TIM_PWMIConfig
                0x00000000200053f8                TIM_GetCapture1
                0x0000000020005410                TIM_GetCapture2
                0x0000000020005428                TIM_GetCapture3
                0x0000000020005440                TIM_GetCapture4
                0x0000000020005458                TIM_SetIC1Prescaler
                0x0000000020005490                TIM_SetIC2Prescaler
                0x00000000200054cc                TIM_SetIC3Prescaler
                0x0000000020005504                TIM_SetIC4Prescaler
                0x0000000020005540                TIM_BDTRConfig
                0x0000000020005590                TIM_BDTRStructInit
                0x00000000200055ce                TIM_CtrlPWMOutputs
                0x000000002000561a                TIM_SelectCOM
                0x000000002000565a                TIM_CCPreloadControl
                0x000000002000569a                TIM_ITConfig
                0x00000000200056e2                TIM_GenerateEvent
                0x0000000020005700                TIM_GetFlagStatus
                0x0000000020005738                TIM_ClearFlag
                0x000000002000575a                TIM_GetITStatus
                0x00000000200057ae                TIM_ClearITPendingBit
                0x00000000200057d0                TIM_DMAConfig
                0x00000000200057fa                TIM_DMACmd
                0x0000000020005842                TIM_SelectCCDMA
                0x0000000020005882                TIM_InternalClockConfig
                0x00000000200058a6                TIM_ITRxExternalClockConfig
                0x00000000200058d4                TIM_TIxExternalClockConfig
                0x0000000020005930                TIM_ETRClockMode1Config
                0x000000002000598e                TIM_ETRClockMode2Config
                0x00000000200059cc                TIM_SelectInputTrigger
                0x0000000020005a04                TIM_SelectOutputTrigger
                0x0000000020005a3c                TIM_SelectSlaveMode
                0x0000000020005a74                TIM_SelectMasterSlaveMode
                0x0000000020005aac                TIM_ETRConfig
                0x0000000020005b00                TIM_EncoderInterfaceConfig
                0x0000000020005b98                TIM_SelectHallSensor
                0x0000000020005bd8                TIM_RemapConfig
 .text          0x0000000020005e48      0x970 Debug/stm32f4xx_usart.o
                0x0000000020005e48                USART_DeInit
                0x0000000020005f60                USART_Init
                0x00000000200060d4                USART_StructInit
                0x000000002000610e                USART_ClockInit
                0x0000000020006164                USART_ClockStructInit
                0x0000000020006190                USART_Cmd
                0x00000000200061d0                USART_SetPrescaler
                0x000000002000620a                USART_OverSampling8Cmd
                0x000000002000624e                USART_OneBitMethodCmd
                0x000000002000628e                USART_SendData
                0x00000000200062b2                USART_ReceiveData
                0x00000000200062d2                USART_SetAddress
                0x000000002000630c                USART_ReceiverWakeUpCmd
                0x000000002000634c                USART_WakeUpConfig
                0x0000000020006384                USART_LINBreakDetectLengthConfig
                0x00000000200063bc                USART_LINCmd
                0x00000000200063fc                USART_SendBreak
                0x0000000020006420                USART_HalfDuplexCmd
                0x0000000020006460                USART_SetGuardTime
                0x000000002000649c                USART_SmartCardCmd
                0x00000000200064dc                USART_SmartCardNACKCmd
                0x000000002000651c                USART_IrDAConfig
                0x0000000020006554                USART_IrDACmd
                0x0000000020006594                USART_DMACmd
                0x00000000200065dc                USART_ITConfig
                0x000000002000666c                USART_GetFlagStatus
                0x00000000200066a4                USART_ClearFlag
                0x00000000200066c6                USART_GetITStatus
                0x000000002000677c                USART_ClearITPendingBit
 .text          0x00000000200067b8      0x32c Debug/startup.o
 .text          0x0000000020006ae4      0xb9c Debug/application.o
                0x0000000020006ae4                playMelody
                0x0000000020006be4                start
                0x0000000020006c78                toggleStop
                0x0000000020006c94                enablePlay
                0x0000000020006cb0                lowerVolume
                0x0000000020006cdc                raiseVolume
                0x0000000020006d08                mute
                0x0000000020006d3c                setPeriod
                0x0000000020006d58                controller
                0x0000000020007330                sendCanMsg
                0x000000002000740c                receiver
                0x00000000200075f4                main
                0x0000000020007634                startApp
 .text          0x0000000020007680       0x10 /usr/lib/gcc/arm-none-eabi/9.2.1/../../../arm-none-eabi/lib/thumb/v7e-m+fp/hard/libc_nano.a(lib_a-atoi.o)
                0x0000000020007680                atoi
                0x0000000020007688                _atoi_r
 .text          0x0000000020007690       0xa0 /usr/lib/gcc/arm-none-eabi/9.2.1/../../../arm-none-eabi/lib/thumb/v7e-m+fp/hard/libc_nano.a(lib_a-memset.o)
                0x0000000020007690                memset
 .text          0x0000000020007730       0x80 /usr/lib/gcc/arm-none-eabi/9.2.1/../../../arm-none-eabi/lib/thumb/v7e-m+fp/hard/libc_nano.a(lib_a-sprintf.o)
                0x0000000020007730                _siprintf_r
                0x0000000020007730                _sprintf_r
                0x000000002000776c                sprintf
                0x000000002000776c                siprintf
 .text          0x00000000200077b0      0x168 /usr/lib/gcc/arm-none-eabi/9.2.1/../../../arm-none-eabi/lib/thumb/v7e-m+fp/hard/libc_nano.a(lib_a-strtol.o)
                0x00000000200078e4                _strtol_r
                0x00000000200078e8                strtol_l
                0x0000000020007900                strtol
 .text          0x0000000020007918        0x0 /usr/lib/gcc/arm-none-eabi/9.2.1/../../../arm-none-eabi/lib/thumb/v7e-m+fp/hard/libc_nano.a(lib_a-ctype_.o)
 .text          0x0000000020007918        0xc /usr/lib/gcc/arm-none-eabi/9.2.1/../../../arm-none-eabi/lib/thumb/v7e-m+fp/hard/libc_nano.a(lib_a-errno.o)
                0x0000000020007918                __errno
 .text          0x0000000020007924        0x0 /usr/lib/gcc/arm-none-eabi/9.2.1/../../../arm-none-eabi/lib/thumb/v7e-m+fp/hard/libc_nano.a(lib_a-impure.o)
 .text          0x0000000020007924      0x42c /usr/lib/gcc/arm-none-eabi/9.2.1/../../../arm-none-eabi/lib/thumb/v7e-m+fp/hard/libc_nano.a(lib_a-nano-svfprintf.o)
                0x0000000020007924                __ssputs_r
                0x00000000200079e4                __ssprint_r
                0x0000000020007adc                _svfprintf_r
                0x0000000020007adc                _svfiprintf_r
 .text          0x0000000020007d50      0x3c4 /usr/lib/gcc/arm-none-eabi/9.2.1/../../../arm-none-eabi/lib/thumb/v7e-m+fp/hard/libc_nano.a(lib_a-nano-vfprintf_i.o)
                0x0000000020007d50                _printf_common
                0x0000000020007e7c                _printf_i
 *fill*         0x0000000020008114        0xc 
 .text          0x0000000020008120       0xa0 /usr/lib/gcc/arm-none-eabi/9.2.1/../../../arm-none-eabi/lib/thumb/v7e-m+fp/hard/libc_nano.a(lib_a-memchr.o)
                0x0000000020008120                memchr
 .text          0x00000000200081c0      0x134 /usr/lib/gcc/arm-none-eabi/9.2.1/../../../arm-none-eabi/lib/thumb/v7e-m+fp/hard/libc_nano.a(lib_a-memcpy.o)
                0x00000000200081c0                memcpy
 .text          0x00000000200082f4       0xd0 /usr/lib/gcc/arm-none-eabi/9.2.1/../../../arm-none-eabi/lib/thumb/v7e-m+fp/hard/libc_nano.a(lib_a-memmove.o)
                0x00000000200082f4                memmove
 .text          0x00000000200083c4       0xac /usr/lib/gcc/arm-none-eabi/9.2.1/../../../arm-none-eabi/lib/thumb/v7e-m+fp/hard/libc_nano.a(lib_a-nano-freer.o)
                0x00000000200083c4                _free_r
 .text          0x0000000020008470       0xc8 /usr/lib/gcc/arm-none-eabi/9.2.1/../../../arm-none-eabi/lib/thumb/v7e-m+fp/hard/libc_nano.a(lib_a-nano-mallocr.o)
                0x0000000020008470                _malloc_r
 .text          0x0000000020008538       0x4c /usr/lib/gcc/arm-none-eabi/9.2.1/../../../arm-none-eabi/lib/thumb/v7e-m+fp/hard/libc_nano.a(lib_a-nano-reallocr.o)
                0x0000000020008538                _realloc_r
 .text          0x0000000020008584       0x24 /usr/lib/gcc/arm-none-eabi/9.2.1/../../../arm-none-eabi/lib/thumb/v7e-m+fp/hard/libc_nano.a(lib_a-sbrkr.o)
                0x0000000020008584                _sbrk_r
 .text          0x00000000200085a8        0x8 /usr/lib/gcc/arm-none-eabi/9.2.1/../../../arm-none-eabi/lib/thumb/v7e-m+fp/hard/libc_nano.a(lib_a-mlock.o)
                0x00000000200085a8                __malloc_lock
                0x00000000200085ac                __malloc_unlock
 .text          0x00000000200085b0       0x10 /usr/lib/gcc/arm-none-eabi/9.2.1/../../../arm-none-eabi/lib/thumb/v7e-m+fp/hard/libc_nano.a(lib_a-nano-msizer.o)
                0x00000000200085b0                _malloc_usable_size_r
 .text          0x00000000200085c0       0xe8 /usr/lib/gcc/arm-none-eabi/9.2.1/../../../arm-none-eabi/lib/thumb/v7e-m+fp/hard/libc_nano.a(lib_a-reent.o)
                0x00000000200085c0                cleanup_glue
                0x00000000200085dc                _reclaim_reent
 *(.text.*)
 *(.rodata)
 .rodata        0x00000000200086a8       0x81 Debug/TinyTimber.o
 *fill*         0x0000000020008729        0x3 
 .rodata        0x000000002000872c       0xb2 Debug/canTinyTimber.o
 *fill*         0x00000000200087de        0x2 
 .rodata        0x00000000200087e0      0x268 Debug/application.o
                0x00000000200087e0                melody
                0x0000000020008860                period
                0x00000000200088c4                toneLengthFactor
 .rodata        0x0000000020008a48      0x101 /usr/lib/gcc/arm-none-eabi/9.2.1/../../../arm-none-eabi/lib/thumb/v7e-m+fp/hard/libc_nano.a(lib_a-ctype_.o)
                0x0000000020008a48                _ctype_
 *fill*         0x0000000020008b49        0x3 
 .rodata        0x0000000020008b4c        0x4 /usr/lib/gcc/arm-none-eabi/9.2.1/../../../arm-none-eabi/lib/thumb/v7e-m+fp/hard/libc_nano.a(lib_a-impure.o)
                0x0000000020008b4c                _global_impure_ptr
 *(.rodata*)
 .rodata.str1.4
                0x0000000020008b50       0x13 /usr/lib/gcc/arm-none-eabi/9.2.1/../../../arm-none-eabi/lib/thumb/v7e-m+fp/hard/libc_nano.a(lib_a-nano-svfprintf.o)
 *fill*         0x0000000020008b63        0x1 
 .rodata.str1.4
                0x0000000020008b64       0x25 /usr/lib/gcc/arm-none-eabi/9.2.1/../../../arm-none-eabi/lib/thumb/v7e-m+fp/hard/libc_nano.a(lib_a-nano-vfprintf_i.o)
 *(.glue_7)
 .glue_7        0x0000000020008b89        0x0 linker stubs
 *(.glue_7t)
 .glue_7t       0x0000000020008b89        0x0 linker stubs
                0x0000000020008b8c                . = ALIGN (0x4)
 *fill*         0x0000000020008b89        0x3 

.vfp11_veneer   0x0000000020008b8c        0x0
 .vfp11_veneer  0x0000000020008b8c        0x0 linker stubs

.v4_bx          0x0000000020008b8c        0x0
 .v4_bx         0x0000000020008b8c        0x0 linker stubs

.iplt           0x0000000020008b8c        0x0
 .iplt          0x0000000020008b8c        0x0 Debug/dispatch.o

.rel.dyn        0x0000000020008b8c        0x0
 .rel.iplt      0x0000000020008b8c        0x0 Debug/dispatch.o

.data           0x0000000020008b8c      0x604
                0x0000000020008b8c                . = ALIGN (0x4)
 *(.data)
 .data          0x0000000020008b8c       0x84 Debug/dispatch.o
 .data          0x0000000020008c10       0x24 Debug/TinyTimber.o
                0x0000000020008c10                hex
                0x0000000020008c24                msgPool
                0x0000000020008c28                threadPool
                0x0000000020008c2c                activeStack
                0x0000000020008c30                current
 .data          0x0000000020008c34        0x0 Debug/canTinyTimber.o
 .data          0x0000000020008c34        0x0 Debug/sciTinyTimber.o
 .data          0x0000000020008c34        0x0 Debug/stm32f4xx_can.o
 .data          0x0000000020008c34        0x0 Debug/stm32f4xx_dac.o
 .data          0x0000000020008c34        0x0 Debug/stm32f4xx_exti.o
 .data          0x0000000020008c34        0x0 Debug/stm32f4xx_gpio.o
 .data          0x0000000020008c34       0x10 Debug/stm32f4xx_rcc.o
 .data          0x0000000020008c44        0x0 Debug/stm32f4xx_syscfg.o
 .data          0x0000000020008c44        0x0 Debug/stm32f4xx_tim.o
 .data          0x0000000020008c44        0x0 Debug/stm32f4xx_usart.o
 .data          0x0000000020008c44        0x0 Debug/startup.o
 .data          0x0000000020008c44      0x4e8 Debug/application.o
                0x0000000020008c44                musicPlayer
                0x0000000020008c7c                toneGenerator
                0x0000000020008c90                addr_dac
                0x0000000020008c94                sci0
                0x00000000200090b4                can0
 .data          0x000000002000912c        0x0 /usr/lib/gcc/arm-none-eabi/9.2.1/../../../arm-none-eabi/lib/thumb/v7e-m+fp/hard/libc_nano.a(lib_a-atoi.o)
 .data          0x000000002000912c        0x0 /usr/lib/gcc/arm-none-eabi/9.2.1/../../../arm-none-eabi/lib/thumb/v7e-m+fp/hard/libc_nano.a(lib_a-memset.o)
 .data          0x000000002000912c        0x0 /usr/lib/gcc/arm-none-eabi/9.2.1/../../../arm-none-eabi/lib/thumb/v7e-m+fp/hard/libc_nano.a(lib_a-sprintf.o)
 .data          0x000000002000912c        0x0 /usr/lib/gcc/arm-none-eabi/9.2.1/../../../arm-none-eabi/lib/thumb/v7e-m+fp/hard/libc_nano.a(lib_a-strtol.o)
 .data          0x000000002000912c        0x0 /usr/lib/gcc/arm-none-eabi/9.2.1/../../../arm-none-eabi/lib/thumb/v7e-m+fp/hard/libc_nano.a(lib_a-ctype_.o)
 .data          0x000000002000912c        0x0 /usr/lib/gcc/arm-none-eabi/9.2.1/../../../arm-none-eabi/lib/thumb/v7e-m+fp/hard/libc_nano.a(lib_a-errno.o)
 .data          0x000000002000912c       0x64 /usr/lib/gcc/arm-none-eabi/9.2.1/../../../arm-none-eabi/lib/thumb/v7e-m+fp/hard/libc_nano.a(lib_a-impure.o)
                0x000000002000912c                _impure_ptr
 .data          0x0000000020009190        0x0 /usr/lib/gcc/arm-none-eabi/9.2.1/../../../arm-none-eabi/lib/thumb/v7e-m+fp/hard/libc_nano.a(lib_a-nano-svfprintf.o)
 .data          0x0000000020009190        0x0 /usr/lib/gcc/arm-none-eabi/9.2.1/../../../arm-none-eabi/lib/thumb/v7e-m+fp/hard/libc_nano.a(lib_a-nano-vfprintf_i.o)
 .data          0x0000000020009190        0x0 /usr/lib/gcc/arm-none-eabi/9.2.1/../../../arm-none-eabi/lib/thumb/v7e-m+fp/hard/libc_nano.a(lib_a-memchr.o)
 .data          0x0000000020009190        0x0 /usr/lib/gcc/arm-none-eabi/9.2.1/../../../arm-none-eabi/lib/thumb/v7e-m+fp/hard/libc_nano.a(lib_a-memcpy.o)
 .data          0x0000000020009190        0x0 /usr/lib/gcc/arm-none-eabi/9.2.1/../../../arm-none-eabi/lib/thumb/v7e-m+fp/hard/libc_nano.a(lib_a-memmove.o)
 .data          0x0000000020009190        0x0 /usr/lib/gcc/arm-none-eabi/9.2.1/../../../arm-none-eabi/lib/thumb/v7e-m+fp/hard/libc_nano.a(lib_a-nano-freer.o)
 .data          0x0000000020009190        0x0 /usr/lib/gcc/arm-none-eabi/9.2.1/../../../arm-none-eabi/lib/thumb/v7e-m+fp/hard/libc_nano.a(lib_a-nano-mallocr.o)
 .data          0x0000000020009190        0x0 /usr/lib/gcc/arm-none-eabi/9.2.1/../../../arm-none-eabi/lib/thumb/v7e-m+fp/hard/libc_nano.a(lib_a-nano-reallocr.o)
 .data          0x0000000020009190        0x0 /usr/lib/gcc/arm-none-eabi/9.2.1/../../../arm-none-eabi/lib/thumb/v7e-m+fp/hard/libc_nano.a(lib_a-sbrkr.o)
 .data          0x0000000020009190        0x0 /usr/lib/gcc/arm-none-eabi/9.2.1/../../../arm-none-eabi/lib/thumb/v7e-m+fp/hard/libc_nano.a(lib_a-mlock.o)
 .data          0x0000000020009190        0x0 /usr/lib/gcc/arm-none-eabi/9.2.1/../../../arm-none-eabi/lib/thumb/v7e-m+fp/hard/libc_nano.a(lib_a-nano-msizer.o)
 .data          0x0000000020009190        0x0 /usr/lib/gcc/arm-none-eabi/9.2.1/../../../arm-none-eabi/lib/thumb/v7e-m+fp/hard/libc_nano.a(lib_a-reent.o)
 *(.data.*)
                0x0000000020009190                . = ALIGN (0x4)

.igot.plt       0x0000000020009190        0x0
 .igot.plt      0x0000000020009190        0x0 Debug/dispatch.o

.bss            0x0000000020009190     0x837c
                0x0000000020009190                . = ALIGN (0x4)
                0x0000000020009190                _sbss = .
 *(.bss)
 .bss           0x0000000020009190        0x0 Debug/dispatch.o
 .bss           0x0000000020009190       0x18 Debug/TinyTimber.o
                0x0000000020009190                msgQ
                0x0000000020009194                timerQ
                0x0000000020009198                runAsHardware
                0x000000002000919c                doIRQSchedule
                0x00000000200091a0                timestamp
                0x00000000200091a4                overflows
 .bss           0x00000000200091a8        0x0 Debug/canTinyTimber.o
 .bss           0x00000000200091a8        0x0 Debug/sciTinyTimber.o
 .bss           0x00000000200091a8        0x0 Debug/stm32f4xx_can.o
 .bss           0x00000000200091a8        0x0 Debug/stm32f4xx_dac.o
 .bss           0x00000000200091a8        0x0 Debug/stm32f4xx_exti.o
 .bss           0x00000000200091a8        0x0 Debug/stm32f4xx_gpio.o
 .bss           0x00000000200091a8        0x0 Debug/stm32f4xx_rcc.o
 .bss           0x00000000200091a8        0x0 Debug/stm32f4xx_syscfg.o
 .bss           0x00000000200091a8        0x0 Debug/stm32f4xx_tim.o
 .bss           0x00000000200091a8        0x0 Debug/stm32f4xx_usart.o
 .bss           0x00000000200091a8        0x0 Debug/startup.o
 .bss           0x00000000200091a8        0x0 Debug/application.o
 .bss           0x00000000200091a8        0x0 /usr/lib/gcc/arm-none-eabi/9.2.1/../../../arm-none-eabi/lib/thumb/v7e-m+fp/hard/libc_nano.a(lib_a-atoi.o)
 .bss           0x00000000200091a8        0x0 /usr/lib/gcc/arm-none-eabi/9.2.1/../../../arm-none-eabi/lib/thumb/v7e-m+fp/hard/libc_nano.a(lib_a-memset.o)
 .bss           0x00000000200091a8        0x0 /usr/lib/gcc/arm-none-eabi/9.2.1/../../../arm-none-eabi/lib/thumb/v7e-m+fp/hard/libc_nano.a(lib_a-sprintf.o)
 .bss           0x00000000200091a8        0x0 /usr/lib/gcc/arm-none-eabi/9.2.1/../../../arm-none-eabi/lib/thumb/v7e-m+fp/hard/libc_nano.a(lib_a-strtol.o)
 .bss           0x00000000200091a8        0x0 /usr/lib/gcc/arm-none-eabi/9.2.1/../../../arm-none-eabi/lib/thumb/v7e-m+fp/hard/libc_nano.a(lib_a-ctype_.o)
 .bss           0x00000000200091a8        0x0 /usr/lib/gcc/arm-none-eabi/9.2.1/../../../arm-none-eabi/lib/thumb/v7e-m+fp/hard/libc_nano.a(lib_a-errno.o)
 .bss           0x00000000200091a8        0x0 /usr/lib/gcc/arm-none-eabi/9.2.1/../../../arm-none-eabi/lib/thumb/v7e-m+fp/hard/libc_nano.a(lib_a-impure.o)
 .bss           0x00000000200091a8        0x0 /usr/lib/gcc/arm-none-eabi/9.2.1/../../../arm-none-eabi/lib/thumb/v7e-m+fp/hard/libc_nano.a(lib_a-nano-svfprintf.o)
 .bss           0x00000000200091a8        0x0 /usr/lib/gcc/arm-none-eabi/9.2.1/../../../arm-none-eabi/lib/thumb/v7e-m+fp/hard/libc_nano.a(lib_a-nano-vfprintf_i.o)
 .bss           0x00000000200091a8        0x0 /usr/lib/gcc/arm-none-eabi/9.2.1/../../../arm-none-eabi/lib/thumb/v7e-m+fp/hard/libc_nano.a(lib_a-memchr.o)
 .bss           0x00000000200091a8        0x0 /usr/lib/gcc/arm-none-eabi/9.2.1/../../../arm-none-eabi/lib/thumb/v7e-m+fp/hard/libc_nano.a(lib_a-memcpy.o)
 .bss           0x00000000200091a8        0x0 /usr/lib/gcc/arm-none-eabi/9.2.1/../../../arm-none-eabi/lib/thumb/v7e-m+fp/hard/libc_nano.a(lib_a-memmove.o)
 .bss           0x00000000200091a8        0x0 /usr/lib/gcc/arm-none-eabi/9.2.1/../../../arm-none-eabi/lib/thumb/v7e-m+fp/hard/libc_nano.a(lib_a-nano-freer.o)
 .bss           0x00000000200091a8        0x8 /usr/lib/gcc/arm-none-eabi/9.2.1/../../../arm-none-eabi/lib/thumb/v7e-m+fp/hard/libc_nano.a(lib_a-nano-mallocr.o)
                0x00000000200091a8                __malloc_free_list
                0x00000000200091ac                __malloc_sbrk_start
 .bss           0x00000000200091b0        0x0 /usr/lib/gcc/arm-none-eabi/9.2.1/../../../arm-none-eabi/lib/thumb/v7e-m+fp/hard/libc_nano.a(lib_a-nano-reallocr.o)
 .bss           0x00000000200091b0        0x0 /usr/lib/gcc/arm-none-eabi/9.2.1/../../../arm-none-eabi/lib/thumb/v7e-m+fp/hard/libc_nano.a(lib_a-sbrkr.o)
 .bss           0x00000000200091b0        0x0 /usr/lib/gcc/arm-none-eabi/9.2.1/../../../arm-none-eabi/lib/thumb/v7e-m+fp/hard/libc_nano.a(lib_a-mlock.o)
 .bss           0x00000000200091b0        0x0 /usr/lib/gcc/arm-none-eabi/9.2.1/../../../arm-none-eabi/lib/thumb/v7e-m+fp/hard/libc_nano.a(lib_a-nano-msizer.o)
 .bss           0x00000000200091b0        0x0 /usr/lib/gcc/arm-none-eabi/9.2.1/../../../arm-none-eabi/lib/thumb/v7e-m+fp/hard/libc_nano.a(lib_a-reent.o)
 *(.bss.*)
 *(COMMON)
 COMMON         0x00000000200091b0     0x8358 Debug/TinyTimber.o
                0x00000000200091b0                otable
                0x00000000200091bc                upcoming
                0x00000000200091c0                threads
                0x0000000020009210                mtable
                0x000000002000921c                thread0
                0x0000000020009230                messages
                0x0000000020009500                __heap_end
                0x0000000020009508                stacks
 COMMON         0x0000000020011508        0x4 /usr/lib/gcc/arm-none-eabi/9.2.1/../../../arm-none-eabi/lib/thumb/v7e-m+fp/hard/libc_nano.a(lib_a-reent.o)
                0x0000000020011508                errno
                0x000000002001150c                . = ALIGN (0x4)
                0x000000002001150c                _ebss = .
                0x000000002001150c                PROVIDE (end = _ebss)
                [!provide]                        PROVIDE (_end = _ebss)
OUTPUT(Debug/RTS-Lab.elf elf32-littlearm)
LOAD linker stubs

.ARM.attributes
                0x0000000000000000       0x35
 .ARM.attributes
                0x0000000000000000       0x25 Debug/dispatch.o
 .ARM.attributes
                0x0000000000000025       0x34 Debug/TinyTimber.o
 .ARM.attributes
                0x0000000000000059       0x34 Debug/canTinyTimber.o
 .ARM.attributes
                0x000000000000008d       0x34 Debug/sciTinyTimber.o
 .ARM.attributes
                0x00000000000000c1       0x34 Debug/stm32f4xx_can.o
 .ARM.attributes
                0x00000000000000f5       0x34 Debug/stm32f4xx_dac.o
 .ARM.attributes
                0x0000000000000129       0x34 Debug/stm32f4xx_exti.o
 .ARM.attributes
                0x000000000000015d       0x34 Debug/stm32f4xx_gpio.o
 .ARM.attributes
                0x0000000000000191       0x34 Debug/stm32f4xx_rcc.o
 .ARM.attributes
                0x00000000000001c5       0x34 Debug/stm32f4xx_syscfg.o
 .ARM.attributes
                0x00000000000001f9       0x34 Debug/stm32f4xx_tim.o
 .ARM.attributes
                0x000000000000022d       0x34 Debug/stm32f4xx_usart.o
 .ARM.attributes
                0x0000000000000261       0x34 Debug/startup.o
 .ARM.attributes
                0x0000000000000295       0x34 Debug/application.o
 .ARM.attributes
                0x00000000000002c9       0x34 /usr/lib/gcc/arm-none-eabi/9.2.1/../../../arm-none-eabi/lib/thumb/v7e-m+fp/hard/libc_nano.a(lib_a-atoi.o)
 .ARM.attributes
                0x00000000000002fd       0x34 /usr/lib/gcc/arm-none-eabi/9.2.1/../../../arm-none-eabi/lib/thumb/v7e-m+fp/hard/libc_nano.a(lib_a-memset.o)
 .ARM.attributes
                0x0000000000000331       0x34 /usr/lib/gcc/arm-none-eabi/9.2.1/../../../arm-none-eabi/lib/thumb/v7e-m+fp/hard/libc_nano.a(lib_a-sprintf.o)
 .ARM.attributes
                0x0000000000000365       0x34 /usr/lib/gcc/arm-none-eabi/9.2.1/../../../arm-none-eabi/lib/thumb/v7e-m+fp/hard/libc_nano.a(lib_a-strtol.o)
 .ARM.attributes
                0x0000000000000399       0x32 /usr/lib/gcc/arm-none-eabi/9.2.1/../../../arm-none-eabi/lib/thumb/v7e-m+fp/hard/libc_nano.a(lib_a-ctype_.o)
 .ARM.attributes
                0x00000000000003cb       0x34 /usr/lib/gcc/arm-none-eabi/9.2.1/../../../arm-none-eabi/lib/thumb/v7e-m+fp/hard/libc_nano.a(lib_a-errno.o)
 .ARM.attributes
                0x00000000000003ff       0x32 /usr/lib/gcc/arm-none-eabi/9.2.1/../../../arm-none-eabi/lib/thumb/v7e-m+fp/hard/libc_nano.a(lib_a-impure.o)
 .ARM.attributes
                0x0000000000000431       0x34 /usr/lib/gcc/arm-none-eabi/9.2.1/../../../arm-none-eabi/lib/thumb/v7e-m+fp/hard/libc_nano.a(lib_a-nano-svfprintf.o)
 .ARM.attributes
                0x0000000000000465       0x34 /usr/lib/gcc/arm-none-eabi/9.2.1/../../../arm-none-eabi/lib/thumb/v7e-m+fp/hard/libc_nano.a(lib_a-nano-vfprintf_i.o)
 .ARM.attributes
                0x0000000000000499       0x1c /usr/lib/gcc/arm-none-eabi/9.2.1/../../../arm-none-eabi/lib/thumb/v7e-m+fp/hard/libc_nano.a(lib_a-memchr.o)
 .ARM.attributes
                0x00000000000004b5       0x1c /usr/lib/gcc/arm-none-eabi/9.2.1/../../../arm-none-eabi/lib/thumb/v7e-m+fp/hard/libc_nano.a(lib_a-memcpy.o)
 .ARM.attributes
                0x00000000000004d1       0x34 /usr/lib/gcc/arm-none-eabi/9.2.1/../../../arm-none-eabi/lib/thumb/v7e-m+fp/hard/libc_nano.a(lib_a-memmove.o)
 .ARM.attributes
                0x0000000000000505       0x34 /usr/lib/gcc/arm-none-eabi/9.2.1/../../../arm-none-eabi/lib/thumb/v7e-m+fp/hard/libc_nano.a(lib_a-nano-freer.o)
 .ARM.attributes
                0x0000000000000539       0x34 /usr/lib/gcc/arm-none-eabi/9.2.1/../../../arm-none-eabi/lib/thumb/v7e-m+fp/hard/libc_nano.a(lib_a-nano-mallocr.o)
 .ARM.attributes
                0x000000000000056d       0x34 /usr/lib/gcc/arm-none-eabi/9.2.1/../../../arm-none-eabi/lib/thumb/v7e-m+fp/hard/libc_nano.a(lib_a-nano-reallocr.o)
 .ARM.attributes
                0x00000000000005a1       0x34 /usr/lib/gcc/arm-none-eabi/9.2.1/../../../arm-none-eabi/lib/thumb/v7e-m+fp/hard/libc_nano.a(lib_a-sbrkr.o)
 .ARM.attributes
                0x00000000000005d5       0x34 /usr/lib/gcc/arm-none-eabi/9.2.1/../../../arm-none-eabi/lib/thumb/v7e-m+fp/hard/libc_nano.a(lib_a-mlock.o)
 .ARM.attributes
                0x0000000000000609       0x34 /usr/lib/gcc/arm-none-eabi/9.2.1/../../../arm-none-eabi/lib/thumb/v7e-m+fp/hard/libc_nano.a(lib_a-nano-msizer.o)
 .ARM.attributes
                0x000000000000063d       0x34 /usr/lib/gcc/arm-none-eabi/9.2.1/../../../arm-none-eabi/lib/thumb/v7e-m+fp/hard/libc_nano.a(lib_a-reent.o)

.comment        0x0000000000000000       0xa7
 .comment       0x0000000000000000       0x59 Debug/TinyTimber.o
                                         0x5a (size before relaxing)
 .comment       0x0000000000000059       0x5a Debug/canTinyTimber.o
 .comment       0x0000000000000059       0x5a Debug/sciTinyTimber.o
 .comment       0x0000000000000059       0x5a Debug/stm32f4xx_can.o
 .comment       0x0000000000000059       0x5a Debug/stm32f4xx_dac.o
 .comment       0x0000000000000059       0x5a Debug/stm32f4xx_exti.o
 .comment       0x0000000000000059       0x5a Debug/stm32f4xx_gpio.o
 .comment       0x0000000000000059       0x5a Debug/stm32f4xx_rcc.o
 .comment       0x0000000000000059       0x5a Debug/stm32f4xx_syscfg.o
 .comment       0x0000000000000059       0x5a Debug/stm32f4xx_tim.o
 .comment       0x0000000000000059       0x5a Debug/stm32f4xx_usart.o
 .comment       0x0000000000000059       0x5a Debug/startup.o
 .comment       0x0000000000000059       0x5a Debug/application.o
 .comment       0x0000000000000059       0x4e /usr/lib/gcc/arm-none-eabi/9.2.1/../../../arm-none-eabi/lib/thumb/v7e-m+fp/hard/libc_nano.a(lib_a-atoi.o)
                                         0x4f (size before relaxing)
 .comment       0x00000000000000a7       0x4f /usr/lib/gcc/arm-none-eabi/9.2.1/../../../arm-none-eabi/lib/thumb/v7e-m+fp/hard/libc_nano.a(lib_a-memset.o)
 .comment       0x00000000000000a7       0x4f /usr/lib/gcc/arm-none-eabi/9.2.1/../../../arm-none-eabi/lib/thumb/v7e-m+fp/hard/libc_nano.a(lib_a-sprintf.o)
 .comment       0x00000000000000a7       0x4f /usr/lib/gcc/arm-none-eabi/9.2.1/../../../arm-none-eabi/lib/thumb/v7e-m+fp/hard/libc_nano.a(lib_a-strtol.o)
 .comment       0x00000000000000a7       0x4f /usr/lib/gcc/arm-none-eabi/9.2.1/../../../arm-none-eabi/lib/thumb/v7e-m+fp/hard/libc_nano.a(lib_a-ctype_.o)
 .comment       0x00000000000000a7       0x4f /usr/lib/gcc/arm-none-eabi/9.2.1/../../../arm-none-eabi/lib/thumb/v7e-m+fp/hard/libc_nano.a(lib_a-errno.o)
 .comment       0x00000000000000a7       0x4f /usr/lib/gcc/arm-none-eabi/9.2.1/../../../arm-none-eabi/lib/thumb/v7e-m+fp/hard/libc_nano.a(lib_a-impure.o)
 .comment       0x00000000000000a7       0x4f /usr/lib/gcc/arm-none-eabi/9.2.1/../../../arm-none-eabi/lib/thumb/v7e-m+fp/hard/libc_nano.a(lib_a-nano-svfprintf.o)
 .comment       0x00000000000000a7       0x4f /usr/lib/gcc/arm-none-eabi/9.2.1/../../../arm-none-eabi/lib/thumb/v7e-m+fp/hard/libc_nano.a(lib_a-nano-vfprintf_i.o)
 .comment       0x00000000000000a7       0x4f /usr/lib/gcc/arm-none-eabi/9.2.1/../../../arm-none-eabi/lib/thumb/v7e-m+fp/hard/libc_nano.a(lib_a-memmove.o)
 .comment       0x00000000000000a7       0x4f /usr/lib/gcc/arm-none-eabi/9.2.1/../../../arm-none-eabi/lib/thumb/v7e-m+fp/hard/libc_nano.a(lib_a-nano-freer.o)
 .comment       0x00000000000000a7       0x4f /usr/lib/gcc/arm-none-eabi/9.2.1/../../../arm-none-eabi/lib/thumb/v7e-m+fp/hard/libc_nano.a(lib_a-nano-mallocr.o)
 .comment       0x00000000000000a7       0x4f /usr/lib/gcc/arm-none-eabi/9.2.1/../../../arm-none-eabi/lib/thumb/v7e-m+fp/hard/libc_nano.a(lib_a-nano-reallocr.o)
 .comment       0x00000000000000a7       0x4f /usr/lib/gcc/arm-none-eabi/9.2.1/../../../arm-none-eabi/lib/thumb/v7e-m+fp/hard/libc_nano.a(lib_a-sbrkr.o)
 .comment       0x00000000000000a7       0x4f /usr/lib/gcc/arm-none-eabi/9.2.1/../../../arm-none-eabi/lib/thumb/v7e-m+fp/hard/libc_nano.a(lib_a-mlock.o)
 .comment       0x00000000000000a7       0x4f /usr/lib/gcc/arm-none-eabi/9.2.1/../../../arm-none-eabi/lib/thumb/v7e-m+fp/hard/libc_nano.a(lib_a-nano-msizer.o)
 .comment       0x00000000000000a7       0x4f /usr/lib/gcc/arm-none-eabi/9.2.1/../../../arm-none-eabi/lib/thumb/v7e-m+fp/hard/libc_nano.a(lib_a-reent.o)

.debug_info     0x0000000000000000    0x1874a
 .debug_info    0x0000000000000000     0x180c Debug/TinyTimber.o
 .debug_info    0x000000000000180c      0xd84 Debug/canTinyTimber.o
 .debug_info    0x0000000000002590      0x9a1 Debug/sciTinyTimber.o
 .debug_info    0x0000000000002f31      0xc30 Debug/stm32f4xx_can.o
 .debug_info    0x0000000000003b61      0x67f Debug/stm32f4xx_dac.o
 .debug_info    0x00000000000041e0      0x36b Debug/stm32f4xx_exti.o
 .debug_info    0x000000000000454b      0x64f Debug/stm32f4xx_gpio.o
 .debug_info    0x0000000000004b9a      0xec4 Debug/stm32f4xx_rcc.o
 .debug_info    0x0000000000005a5e      0x2a0 Debug/stm32f4xx_syscfg.o
 .debug_info    0x0000000000005cfe     0x1df6 Debug/stm32f4xx_tim.o
 .debug_info    0x0000000000007af4      0xa38 Debug/stm32f4xx_usart.o
 .debug_info    0x000000000000852c      0xaae Debug/startup.o
 .debug_info    0x0000000000008fda     0x1519 Debug/application.o
 .debug_info    0x000000000000a4f3      0x9d9 /usr/lib/gcc/arm-none-eabi/9.2.1/../../../arm-none-eabi/lib/thumb/v7e-m+fp/hard/libc_nano.a(lib_a-atoi.o)
 .debug_info    0x000000000000aecc      0xf21 /usr/lib/gcc/arm-none-eabi/9.2.1/../../../arm-none-eabi/lib/thumb/v7e-m+fp/hard/libc_nano.a(lib_a-memset.o)
 .debug_info    0x000000000000bded      0xc90 /usr/lib/gcc/arm-none-eabi/9.2.1/../../../arm-none-eabi/lib/thumb/v7e-m+fp/hard/libc_nano.a(lib_a-sprintf.o)
 .debug_info    0x000000000000ca7d     0x126b /usr/lib/gcc/arm-none-eabi/9.2.1/../../../arm-none-eabi/lib/thumb/v7e-m+fp/hard/libc_nano.a(lib_a-strtol.o)
 .debug_info    0x000000000000dce8      0xe91 /usr/lib/gcc/arm-none-eabi/9.2.1/../../../arm-none-eabi/lib/thumb/v7e-m+fp/hard/libc_nano.a(lib_a-ctype_.o)
 .debug_info    0x000000000000eb79      0x953 /usr/lib/gcc/arm-none-eabi/9.2.1/../../../arm-none-eabi/lib/thumb/v7e-m+fp/hard/libc_nano.a(lib_a-errno.o)
 .debug_info    0x000000000000f4cc      0x92a /usr/lib/gcc/arm-none-eabi/9.2.1/../../../arm-none-eabi/lib/thumb/v7e-m+fp/hard/libc_nano.a(lib_a-impure.o)
 .debug_info    0x000000000000fdf6     0x17e4 /usr/lib/gcc/arm-none-eabi/9.2.1/../../../arm-none-eabi/lib/thumb/v7e-m+fp/hard/libc_nano.a(lib_a-nano-svfprintf.o)
 .debug_info    0x00000000000115da     0x1592 /usr/lib/gcc/arm-none-eabi/9.2.1/../../../arm-none-eabi/lib/thumb/v7e-m+fp/hard/libc_nano.a(lib_a-nano-vfprintf_i.o)
 .debug_info    0x0000000000012b6c       0x26 /usr/lib/gcc/arm-none-eabi/9.2.1/../../../arm-none-eabi/lib/thumb/v7e-m+fp/hard/libc_nano.a(lib_a-memchr.o)
 .debug_info    0x0000000000012b92       0x26 /usr/lib/gcc/arm-none-eabi/9.2.1/../../../arm-none-eabi/lib/thumb/v7e-m+fp/hard/libc_nano.a(lib_a-memcpy.o)
 .debug_info    0x0000000000012bb8      0xf2b /usr/lib/gcc/arm-none-eabi/9.2.1/../../../arm-none-eabi/lib/thumb/v7e-m+fp/hard/libc_nano.a(lib_a-memmove.o)
 .debug_info    0x0000000000013ae3      0xb85 /usr/lib/gcc/arm-none-eabi/9.2.1/../../../arm-none-eabi/lib/thumb/v7e-m+fp/hard/libc_nano.a(lib_a-nano-freer.o)
 .debug_info    0x0000000000014668      0xc5a /usr/lib/gcc/arm-none-eabi/9.2.1/../../../arm-none-eabi/lib/thumb/v7e-m+fp/hard/libc_nano.a(lib_a-nano-mallocr.o)
 .debug_info    0x00000000000152c2      0xb77 /usr/lib/gcc/arm-none-eabi/9.2.1/../../../arm-none-eabi/lib/thumb/v7e-m+fp/hard/libc_nano.a(lib_a-nano-reallocr.o)
 .debug_info    0x0000000000015e39      0x9fb /usr/lib/gcc/arm-none-eabi/9.2.1/../../../arm-none-eabi/lib/thumb/v7e-m+fp/hard/libc_nano.a(lib_a-sbrkr.o)
 .debug_info    0x0000000000016834      0x961 /usr/lib/gcc/arm-none-eabi/9.2.1/../../../arm-none-eabi/lib/thumb/v7e-m+fp/hard/libc_nano.a(lib_a-mlock.o)
 .debug_info    0x0000000000017195      0xaa6 /usr/lib/gcc/arm-none-eabi/9.2.1/../../../arm-none-eabi/lib/thumb/v7e-m+fp/hard/libc_nano.a(lib_a-nano-msizer.o)
 .debug_info    0x0000000000017c3b      0xb0f /usr/lib/gcc/arm-none-eabi/9.2.1/../../../arm-none-eabi/lib/thumb/v7e-m+fp/hard/libc_nano.a(lib_a-reent.o)

.debug_abbrev   0x0000000000000000     0x43b0
 .debug_abbrev  0x0000000000000000      0x4f2 Debug/TinyTimber.o
 .debug_abbrev  0x00000000000004f2      0x277 Debug/canTinyTimber.o
 .debug_abbrev  0x0000000000000769      0x273 Debug/sciTinyTimber.o
 .debug_abbrev  0x00000000000009dc      0x238 Debug/stm32f4xx_can.o
 .debug_abbrev  0x0000000000000c14      0x1b9 Debug/stm32f4xx_dac.o
 .debug_abbrev  0x0000000000000dcd      0x1ea Debug/stm32f4xx_exti.o
 .debug_abbrev  0x0000000000000fb7      0x1e6 Debug/stm32f4xx_gpio.o
 .debug_abbrev  0x000000000000119d      0x1f9 Debug/stm32f4xx_rcc.o
 .debug_abbrev  0x0000000000001396      0x164 Debug/stm32f4xx_syscfg.o
 .debug_abbrev  0x00000000000014fa      0x1c2 Debug/stm32f4xx_tim.o
 .debug_abbrev  0x00000000000016bc      0x1a8 Debug/stm32f4xx_usart.o
 .debug_abbrev  0x0000000000001864      0x286 Debug/startup.o
 .debug_abbrev  0x0000000000001aea      0x37f Debug/application.o
 .debug_abbrev  0x0000000000001e69      0x1d6 /usr/lib/gcc/arm-none-eabi/9.2.1/../../../arm-none-eabi/lib/thumb/v7e-m+fp/hard/libc_nano.a(lib_a-atoi.o)
 .debug_abbrev  0x000000000000203f      0x1d9 /usr/lib/gcc/arm-none-eabi/9.2.1/../../../arm-none-eabi/lib/thumb/v7e-m+fp/hard/libc_nano.a(lib_a-memset.o)
 .debug_abbrev  0x0000000000002218      0x274 /usr/lib/gcc/arm-none-eabi/9.2.1/../../../arm-none-eabi/lib/thumb/v7e-m+fp/hard/libc_nano.a(lib_a-sprintf.o)
 .debug_abbrev  0x000000000000248c      0x2d4 /usr/lib/gcc/arm-none-eabi/9.2.1/../../../arm-none-eabi/lib/thumb/v7e-m+fp/hard/libc_nano.a(lib_a-strtol.o)
 .debug_abbrev  0x0000000000002760      0x178 /usr/lib/gcc/arm-none-eabi/9.2.1/../../../arm-none-eabi/lib/thumb/v7e-m+fp/hard/libc_nano.a(lib_a-ctype_.o)
 .debug_abbrev  0x00000000000028d8      0x198 /usr/lib/gcc/arm-none-eabi/9.2.1/../../../arm-none-eabi/lib/thumb/v7e-m+fp/hard/libc_nano.a(lib_a-errno.o)
 .debug_abbrev  0x0000000000002a70      0x17a /usr/lib/gcc/arm-none-eabi/9.2.1/../../../arm-none-eabi/lib/thumb/v7e-m+fp/hard/libc_nano.a(lib_a-impure.o)
 .debug_abbrev  0x0000000000002bea      0x33f /usr/lib/gcc/arm-none-eabi/9.2.1/../../../arm-none-eabi/lib/thumb/v7e-m+fp/hard/libc_nano.a(lib_a-nano-svfprintf.o)
 .debug_abbrev  0x0000000000002f29      0x2dc /usr/lib/gcc/arm-none-eabi/9.2.1/../../../arm-none-eabi/lib/thumb/v7e-m+fp/hard/libc_nano.a(lib_a-nano-vfprintf_i.o)
 .debug_abbrev  0x0000000000003205       0x14 /usr/lib/gcc/arm-none-eabi/9.2.1/../../../arm-none-eabi/lib/thumb/v7e-m+fp/hard/libc_nano.a(lib_a-memchr.o)
 .debug_abbrev  0x0000000000003219       0x14 /usr/lib/gcc/arm-none-eabi/9.2.1/../../../arm-none-eabi/lib/thumb/v7e-m+fp/hard/libc_nano.a(lib_a-memcpy.o)
 .debug_abbrev  0x000000000000322d      0x1de /usr/lib/gcc/arm-none-eabi/9.2.1/../../../arm-none-eabi/lib/thumb/v7e-m+fp/hard/libc_nano.a(lib_a-memmove.o)
 .debug_abbrev  0x000000000000340b      0x286 /usr/lib/gcc/arm-none-eabi/9.2.1/../../../arm-none-eabi/lib/thumb/v7e-m+fp/hard/libc_nano.a(lib_a-nano-freer.o)
 .debug_abbrev  0x0000000000003691      0x2d1 /usr/lib/gcc/arm-none-eabi/9.2.1/../../../arm-none-eabi/lib/thumb/v7e-m+fp/hard/libc_nano.a(lib_a-nano-mallocr.o)
 .debug_abbrev  0x0000000000003962      0x22a /usr/lib/gcc/arm-none-eabi/9.2.1/../../../arm-none-eabi/lib/thumb/v7e-m+fp/hard/libc_nano.a(lib_a-nano-reallocr.o)
 .debug_abbrev  0x0000000000003b8c      0x212 /usr/lib/gcc/arm-none-eabi/9.2.1/../../../arm-none-eabi/lib/thumb/v7e-m+fp/hard/libc_nano.a(lib_a-sbrkr.o)
 .debug_abbrev  0x0000000000003d9e      0x1c5 /usr/lib/gcc/arm-none-eabi/9.2.1/../../../arm-none-eabi/lib/thumb/v7e-m+fp/hard/libc_nano.a(lib_a-mlock.o)
 .debug_abbrev  0x0000000000003f63      0x1e5 /usr/lib/gcc/arm-none-eabi/9.2.1/../../../arm-none-eabi/lib/thumb/v7e-m+fp/hard/libc_nano.a(lib_a-nano-msizer.o)
 .debug_abbrev  0x0000000000004148      0x268 /usr/lib/gcc/arm-none-eabi/9.2.1/../../../arm-none-eabi/lib/thumb/v7e-m+fp/hard/libc_nano.a(lib_a-reent.o)

.debug_aranges  0x0000000000000000      0x3f8
 .debug_aranges
                0x0000000000000000       0x20 Debug/TinyTimber.o
 .debug_aranges
                0x0000000000000020       0x20 Debug/canTinyTimber.o
 .debug_aranges
                0x0000000000000040       0x20 Debug/sciTinyTimber.o
 .debug_aranges
                0x0000000000000060       0x20 Debug/stm32f4xx_can.o
 .debug_aranges
                0x0000000000000080       0x20 Debug/stm32f4xx_dac.o
 .debug_aranges
                0x00000000000000a0       0x20 Debug/stm32f4xx_exti.o
 .debug_aranges
                0x00000000000000c0       0x20 Debug/stm32f4xx_gpio.o
 .debug_aranges
                0x00000000000000e0       0x20 Debug/stm32f4xx_rcc.o
 .debug_aranges
                0x0000000000000100       0x20 Debug/stm32f4xx_syscfg.o
 .debug_aranges
                0x0000000000000120       0x20 Debug/stm32f4xx_tim.o
 .debug_aranges
                0x0000000000000140       0x20 Debug/stm32f4xx_usart.o
 .debug_aranges
                0x0000000000000160       0x28 Debug/startup.o
 .debug_aranges
                0x0000000000000188       0x20 Debug/application.o
 .debug_aranges
                0x00000000000001a8       0x20 /usr/lib/gcc/arm-none-eabi/9.2.1/../../../arm-none-eabi/lib/thumb/v7e-m+fp/hard/libc_nano.a(lib_a-atoi.o)
 .debug_aranges
                0x00000000000001c8       0x20 /usr/lib/gcc/arm-none-eabi/9.2.1/../../../arm-none-eabi/lib/thumb/v7e-m+fp/hard/libc_nano.a(lib_a-memset.o)
 .debug_aranges
                0x00000000000001e8       0x20 /usr/lib/gcc/arm-none-eabi/9.2.1/../../../arm-none-eabi/lib/thumb/v7e-m+fp/hard/libc_nano.a(lib_a-sprintf.o)
 .debug_aranges
                0x0000000000000208       0x20 /usr/lib/gcc/arm-none-eabi/9.2.1/../../../arm-none-eabi/lib/thumb/v7e-m+fp/hard/libc_nano.a(lib_a-strtol.o)
 .debug_aranges
                0x0000000000000228       0x18 /usr/lib/gcc/arm-none-eabi/9.2.1/../../../arm-none-eabi/lib/thumb/v7e-m+fp/hard/libc_nano.a(lib_a-ctype_.o)
 .debug_aranges
                0x0000000000000240       0x20 /usr/lib/gcc/arm-none-eabi/9.2.1/../../../arm-none-eabi/lib/thumb/v7e-m+fp/hard/libc_nano.a(lib_a-errno.o)
 .debug_aranges
                0x0000000000000260       0x18 /usr/lib/gcc/arm-none-eabi/9.2.1/../../../arm-none-eabi/lib/thumb/v7e-m+fp/hard/libc_nano.a(lib_a-impure.o)
 .debug_aranges
                0x0000000000000278       0x20 /usr/lib/gcc/arm-none-eabi/9.2.1/../../../arm-none-eabi/lib/thumb/v7e-m+fp/hard/libc_nano.a(lib_a-nano-svfprintf.o)
 .debug_aranges
                0x0000000000000298       0x20 /usr/lib/gcc/arm-none-eabi/9.2.1/../../../arm-none-eabi/lib/thumb/v7e-m+fp/hard/libc_nano.a(lib_a-nano-vfprintf_i.o)
 .debug_aranges
                0x00000000000002b8       0x20 /usr/lib/gcc/arm-none-eabi/9.2.1/../../../arm-none-eabi/lib/thumb/v7e-m+fp/hard/libc_nano.a(lib_a-memchr.o)
 .debug_aranges
                0x00000000000002d8       0x20 /usr/lib/gcc/arm-none-eabi/9.2.1/../../../arm-none-eabi/lib/thumb/v7e-m+fp/hard/libc_nano.a(lib_a-memcpy.o)
 .debug_aranges
                0x00000000000002f8       0x20 /usr/lib/gcc/arm-none-eabi/9.2.1/../../../arm-none-eabi/lib/thumb/v7e-m+fp/hard/libc_nano.a(lib_a-memmove.o)
 .debug_aranges
                0x0000000000000318       0x20 /usr/lib/gcc/arm-none-eabi/9.2.1/../../../arm-none-eabi/lib/thumb/v7e-m+fp/hard/libc_nano.a(lib_a-nano-freer.o)
 .debug_aranges
                0x0000000000000338       0x20 /usr/lib/gcc/arm-none-eabi/9.2.1/../../../arm-none-eabi/lib/thumb/v7e-m+fp/hard/libc_nano.a(lib_a-nano-mallocr.o)
 .debug_aranges
                0x0000000000000358       0x20 /usr/lib/gcc/arm-none-eabi/9.2.1/../../../arm-none-eabi/lib/thumb/v7e-m+fp/hard/libc_nano.a(lib_a-nano-reallocr.o)
 .debug_aranges
                0x0000000000000378       0x20 /usr/lib/gcc/arm-none-eabi/9.2.1/../../../arm-none-eabi/lib/thumb/v7e-m+fp/hard/libc_nano.a(lib_a-sbrkr.o)
 .debug_aranges
                0x0000000000000398       0x20 /usr/lib/gcc/arm-none-eabi/9.2.1/../../../arm-none-eabi/lib/thumb/v7e-m+fp/hard/libc_nano.a(lib_a-mlock.o)
 .debug_aranges
                0x00000000000003b8       0x20 /usr/lib/gcc/arm-none-eabi/9.2.1/../../../arm-none-eabi/lib/thumb/v7e-m+fp/hard/libc_nano.a(lib_a-nano-msizer.o)
 .debug_aranges
                0x00000000000003d8       0x20 /usr/lib/gcc/arm-none-eabi/9.2.1/../../../arm-none-eabi/lib/thumb/v7e-m+fp/hard/libc_nano.a(lib_a-reent.o)

.debug_line     0x0000000000000000     0x6c2d
 .debug_line    0x0000000000000000      0x993 Debug/TinyTimber.o
 .debug_line    0x0000000000000993      0x32d Debug/canTinyTimber.o
 .debug_line    0x0000000000000cc0      0x1f1 Debug/sciTinyTimber.o
 .debug_line    0x0000000000000eb1      0x7d1 Debug/stm32f4xx_can.o
 .debug_line    0x0000000000001682      0x2cf Debug/stm32f4xx_dac.o
 .debug_line    0x0000000000001951      0x1f9 Debug/stm32f4xx_exti.o
 .debug_line    0x0000000000001b4a      0x32a Debug/stm32f4xx_gpio.o
 .debug_line    0x0000000000001e74      0x682 Debug/stm32f4xx_rcc.o
 .debug_line    0x00000000000024f6      0x142 Debug/stm32f4xx_syscfg.o
 .debug_line    0x0000000000002638      0xa9f Debug/stm32f4xx_tim.o
 .debug_line    0x00000000000030d7      0x48c Debug/stm32f4xx_usart.o
 .debug_line    0x0000000000003563      0x285 Debug/startup.o
 .debug_line    0x00000000000037e8      0x54a Debug/application.o
 .debug_line    0x0000000000003d32      0x14e /usr/lib/gcc/arm-none-eabi/9.2.1/../../../arm-none-eabi/lib/thumb/v7e-m+fp/hard/libc_nano.a(lib_a-atoi.o)
 .debug_line    0x0000000000003e80      0x26b /usr/lib/gcc/arm-none-eabi/9.2.1/../../../arm-none-eabi/lib/thumb/v7e-m+fp/hard/libc_nano.a(lib_a-memset.o)
 .debug_line    0x00000000000040eb      0x22c /usr/lib/gcc/arm-none-eabi/9.2.1/../../../arm-none-eabi/lib/thumb/v7e-m+fp/hard/libc_nano.a(lib_a-sprintf.o)
 .debug_line    0x0000000000004317      0x3da /usr/lib/gcc/arm-none-eabi/9.2.1/../../../arm-none-eabi/lib/thumb/v7e-m+fp/hard/libc_nano.a(lib_a-strtol.o)
 .debug_line    0x00000000000046f1      0x154 /usr/lib/gcc/arm-none-eabi/9.2.1/../../../arm-none-eabi/lib/thumb/v7e-m+fp/hard/libc_nano.a(lib_a-ctype_.o)
 .debug_line    0x0000000000004845      0x108 /usr/lib/gcc/arm-none-eabi/9.2.1/../../../arm-none-eabi/lib/thumb/v7e-m+fp/hard/libc_nano.a(lib_a-errno.o)
 .debug_line    0x000000000000494d       0xe3 /usr/lib/gcc/arm-none-eabi/9.2.1/../../../arm-none-eabi/lib/thumb/v7e-m+fp/hard/libc_nano.a(lib_a-impure.o)
 .debug_line    0x0000000000004a30      0x884 /usr/lib/gcc/arm-none-eabi/9.2.1/../../../arm-none-eabi/lib/thumb/v7e-m+fp/hard/libc_nano.a(lib_a-nano-svfprintf.o)
 .debug_line    0x00000000000052b4      0x790 /usr/lib/gcc/arm-none-eabi/9.2.1/../../../arm-none-eabi/lib/thumb/v7e-m+fp/hard/libc_nano.a(lib_a-nano-vfprintf_i.o)
 .debug_line    0x0000000000005a44       0xa4 /usr/lib/gcc/arm-none-eabi/9.2.1/../../../arm-none-eabi/lib/thumb/v7e-m+fp/hard/libc_nano.a(lib_a-memchr.o)
 .debug_line    0x0000000000005ae8       0xbe /usr/lib/gcc/arm-none-eabi/9.2.1/../../../arm-none-eabi/lib/thumb/v7e-m+fp/hard/libc_nano.a(lib_a-memcpy.o)
 .debug_line    0x0000000000005ba6      0x287 /usr/lib/gcc/arm-none-eabi/9.2.1/../../../arm-none-eabi/lib/thumb/v7e-m+fp/hard/libc_nano.a(lib_a-memmove.o)
 .debug_line    0x0000000000005e2d      0x2af /usr/lib/gcc/arm-none-eabi/9.2.1/../../../arm-none-eabi/lib/thumb/v7e-m+fp/hard/libc_nano.a(lib_a-nano-freer.o)
 .debug_line    0x00000000000060dc      0x2f2 /usr/lib/gcc/arm-none-eabi/9.2.1/../../../arm-none-eabi/lib/thumb/v7e-m+fp/hard/libc_nano.a(lib_a-nano-mallocr.o)
 .debug_line    0x00000000000063ce      0x1c5 /usr/lib/gcc/arm-none-eabi/9.2.1/../../../arm-none-eabi/lib/thumb/v7e-m+fp/hard/libc_nano.a(lib_a-nano-reallocr.o)
 .debug_line    0x0000000000006593      0x182 /usr/lib/gcc/arm-none-eabi/9.2.1/../../../arm-none-eabi/lib/thumb/v7e-m+fp/hard/libc_nano.a(lib_a-sbrkr.o)
 .debug_line    0x0000000000006715      0x13d /usr/lib/gcc/arm-none-eabi/9.2.1/../../../arm-none-eabi/lib/thumb/v7e-m+fp/hard/libc_nano.a(lib_a-mlock.o)
 .debug_line    0x0000000000006852      0x166 /usr/lib/gcc/arm-none-eabi/9.2.1/../../../arm-none-eabi/lib/thumb/v7e-m+fp/hard/libc_nano.a(lib_a-nano-msizer.o)
 .debug_line    0x00000000000069b8      0x275 /usr/lib/gcc/arm-none-eabi/9.2.1/../../../arm-none-eabi/lib/thumb/v7e-m+fp/hard/libc_nano.a(lib_a-reent.o)

.debug_str      0x0000000000000000     0x44f2
 .debug_str     0x0000000000000000      0xbba Debug/TinyTimber.o
                                        0xc43 (size before relaxing)
 .debug_str     0x0000000000000bba      0x20a Debug/canTinyTimber.o
                                        0xa04 (size before relaxing)
 .debug_str     0x0000000000000dc4       0x4b Debug/sciTinyTimber.o
                                        0x863 (size before relaxing)
 .debug_str     0x0000000000000e0f      0x393 Debug/stm32f4xx_can.o
                                        0x72e (size before relaxing)
 .debug_str     0x00000000000011a2      0x26d Debug/stm32f4xx_dac.o
                                        0x443 (size before relaxing)
 .debug_str     0x000000000000140f      0x19f Debug/stm32f4xx_exti.o
                                        0x351 (size before relaxing)
 .debug_str     0x00000000000015ae      0x29f Debug/stm32f4xx_gpio.o
                                        0x493 (size before relaxing)
 .debug_str     0x000000000000184d      0x753 Debug/stm32f4xx_rcc.o
                                        0x985 (size before relaxing)
 .debug_str     0x0000000000001fa0      0x14f Debug/stm32f4xx_syscfg.o
                                        0x309 (size before relaxing)
 .debug_str     0x00000000000020ef      0xa58 Debug/stm32f4xx_tim.o
                                        0xdc0 (size before relaxing)
 .debug_str     0x0000000000002b47      0x3f6 Debug/stm32f4xx_usart.o
                                        0x67f (size before relaxing)
 .debug_str     0x0000000000002f3d      0x104 Debug/startup.o
                                        0x786 (size before relaxing)
 .debug_str     0x0000000000003041      0x56a Debug/application.o
                                        0x965 (size before relaxing)
 .debug_str     0x00000000000035ab      0x1bc /usr/lib/gcc/arm-none-eabi/9.2.1/../../../arm-none-eabi/lib/thumb/v7e-m+fp/hard/libc_nano.a(lib_a-atoi.o)
                                        0x5fe (size before relaxing)
 .debug_str     0x0000000000003767      0x31c /usr/lib/gcc/arm-none-eabi/9.2.1/../../../arm-none-eabi/lib/thumb/v7e-m+fp/hard/libc_nano.a(lib_a-memset.o)
                                        0x90f (size before relaxing)
 .debug_str     0x0000000000003a83      0x1f3 /usr/lib/gcc/arm-none-eabi/9.2.1/../../../arm-none-eabi/lib/thumb/v7e-m+fp/hard/libc_nano.a(lib_a-sprintf.o)
                                        0x75d (size before relaxing)
 .debug_str     0x0000000000003c76       0xbd /usr/lib/gcc/arm-none-eabi/9.2.1/../../../arm-none-eabi/lib/thumb/v7e-m+fp/hard/libc_nano.a(lib_a-strtol.o)
                                        0x9a5 (size before relaxing)
 .debug_str     0x0000000000003d33       0x94 /usr/lib/gcc/arm-none-eabi/9.2.1/../../../arm-none-eabi/lib/thumb/v7e-m+fp/hard/libc_nano.a(lib_a-ctype_.o)
                                        0x8fa (size before relaxing)
 .debug_str     0x0000000000003dc7       0x93 /usr/lib/gcc/arm-none-eabi/9.2.1/../../../arm-none-eabi/lib/thumb/v7e-m+fp/hard/libc_nano.a(lib_a-errno.o)
                                        0x5f4 (size before relaxing)
 .debug_str     0x0000000000003e5a       0xa0 /usr/lib/gcc/arm-none-eabi/9.2.1/../../../arm-none-eabi/lib/thumb/v7e-m+fp/hard/libc_nano.a(lib_a-impure.o)
                                        0x5e2 (size before relaxing)
 .debug_str     0x0000000000003efa      0x1a9 /usr/lib/gcc/arm-none-eabi/9.2.1/../../../arm-none-eabi/lib/thumb/v7e-m+fp/hard/libc_nano.a(lib_a-nano-svfprintf.o)
                                        0xc15 (size before relaxing)
 .debug_str     0x00000000000040a3       0x94 /usr/lib/gcc/arm-none-eabi/9.2.1/../../../arm-none-eabi/lib/thumb/v7e-m+fp/hard/libc_nano.a(lib_a-nano-vfprintf_i.o)
                                        0xbac (size before relaxing)
 .debug_str     0x0000000000004137       0xaf /usr/lib/gcc/arm-none-eabi/9.2.1/../../../arm-none-eabi/lib/thumb/v7e-m+fp/hard/libc_nano.a(lib_a-memchr.o)
 .debug_str     0x00000000000041e6       0x43 /usr/lib/gcc/arm-none-eabi/9.2.1/../../../arm-none-eabi/lib/thumb/v7e-m+fp/hard/libc_nano.a(lib_a-memcpy.o)
                                         0xb6 (size before relaxing)
 .debug_str     0x0000000000004229       0x5f /usr/lib/gcc/arm-none-eabi/9.2.1/../../../arm-none-eabi/lib/thumb/v7e-m+fp/hard/libc_nano.a(lib_a-memmove.o)
                                        0x92e (size before relaxing)
 .debug_str     0x0000000000004288      0x120 /usr/lib/gcc/arm-none-eabi/9.2.1/../../../arm-none-eabi/lib/thumb/v7e-m+fp/hard/libc_nano.a(lib_a-nano-freer.o)
                                        0x712 (size before relaxing)
 .debug_str     0x00000000000043a8       0x32 /usr/lib/gcc/arm-none-eabi/9.2.1/../../../arm-none-eabi/lib/thumb/v7e-m+fp/hard/libc_nano.a(lib_a-nano-mallocr.o)
                                        0x729 (size before relaxing)
 .debug_str     0x00000000000043da       0x23 /usr/lib/gcc/arm-none-eabi/9.2.1/../../../arm-none-eabi/lib/thumb/v7e-m+fp/hard/libc_nano.a(lib_a-nano-reallocr.o)
                                        0x70f (size before relaxing)
 .debug_str     0x00000000000043fd       0x3c /usr/lib/gcc/arm-none-eabi/9.2.1/../../../arm-none-eabi/lib/thumb/v7e-m+fp/hard/libc_nano.a(lib_a-sbrkr.o)
                                        0x625 (size before relaxing)
 .debug_str     0x0000000000004439       0x4c /usr/lib/gcc/arm-none-eabi/9.2.1/../../../arm-none-eabi/lib/thumb/v7e-m+fp/hard/libc_nano.a(lib_a-mlock.o)
                                        0x60e (size before relaxing)
 .debug_str     0x0000000000004485        0xf /usr/lib/gcc/arm-none-eabi/9.2.1/../../../arm-none-eabi/lib/thumb/v7e-m+fp/hard/libc_nano.a(lib_a-nano-msizer.o)
                                        0x6ed (size before relaxing)
 .debug_str     0x0000000000004494       0x5e /usr/lib/gcc/arm-none-eabi/9.2.1/../../../arm-none-eabi/lib/thumb/v7e-m+fp/hard/libc_nano.a(lib_a-reent.o)
                                        0x61e (size before relaxing)

.debug_frame    0x0000000000000000     0x3590
 .debug_frame   0x0000000000000000      0x57c Debug/TinyTimber.o
 .debug_frame   0x000000000000057c      0x100 Debug/canTinyTimber.o
 .debug_frame   0x000000000000067c      0x11c Debug/sciTinyTimber.o
 .debug_frame   0x0000000000000798      0x3f8 Debug/stm32f4xx_can.o
 .debug_frame   0x0000000000000b90      0x2ac Debug/stm32f4xx_dac.o
 .debug_frame   0x0000000000000e3c      0x148 Debug/stm32f4xx_exti.o
 .debug_frame   0x0000000000000f84      0x23c Debug/stm32f4xx_gpio.o
 .debug_frame   0x00000000000011c0      0x814 Debug/stm32f4xx_rcc.o
 .debug_frame   0x00000000000019d4      0x11c Debug/stm32f4xx_syscfg.o
 .debug_frame   0x0000000000001af0      0xe54 Debug/stm32f4xx_tim.o
 .debug_frame   0x0000000000002944      0x490 Debug/stm32f4xx_usart.o
 .debug_frame   0x0000000000002dd4      0x14c Debug/startup.o
 .debug_frame   0x0000000000002f20      0x200 Debug/application.o
 .debug_frame   0x0000000000003120       0x30 /usr/lib/gcc/arm-none-eabi/9.2.1/../../../arm-none-eabi/lib/thumb/v7e-m+fp/hard/libc_nano.a(lib_a-atoi.o)
 .debug_frame   0x0000000000003150       0x38 /usr/lib/gcc/arm-none-eabi/9.2.1/../../../arm-none-eabi/lib/thumb/v7e-m+fp/hard/libc_nano.a(lib_a-memset.o)
 .debug_frame   0x0000000000003188       0x80 /usr/lib/gcc/arm-none-eabi/9.2.1/../../../arm-none-eabi/lib/thumb/v7e-m+fp/hard/libc_nano.a(lib_a-sprintf.o)
 .debug_frame   0x0000000000003208       0x80 /usr/lib/gcc/arm-none-eabi/9.2.1/../../../arm-none-eabi/lib/thumb/v7e-m+fp/hard/libc_nano.a(lib_a-strtol.o)
 .debug_frame   0x0000000000003288       0x20 /usr/lib/gcc/arm-none-eabi/9.2.1/../../../arm-none-eabi/lib/thumb/v7e-m+fp/hard/libc_nano.a(lib_a-errno.o)
 .debug_frame   0x00000000000032a8       0x98 /usr/lib/gcc/arm-none-eabi/9.2.1/../../../arm-none-eabi/lib/thumb/v7e-m+fp/hard/libc_nano.a(lib_a-nano-svfprintf.o)
 .debug_frame   0x0000000000003340       0x68 /usr/lib/gcc/arm-none-eabi/9.2.1/../../../arm-none-eabi/lib/thumb/v7e-m+fp/hard/libc_nano.a(lib_a-nano-vfprintf_i.o)
 .debug_frame   0x00000000000033a8       0x40 /usr/lib/gcc/arm-none-eabi/9.2.1/../../../arm-none-eabi/lib/thumb/v7e-m+fp/hard/libc_nano.a(lib_a-memmove.o)
 .debug_frame   0x00000000000033e8       0x58 /usr/lib/gcc/arm-none-eabi/9.2.1/../../../arm-none-eabi/lib/thumb/v7e-m+fp/hard/libc_nano.a(lib_a-nano-freer.o)
 .debug_frame   0x0000000000003440       0x30 /usr/lib/gcc/arm-none-eabi/9.2.1/../../../arm-none-eabi/lib/thumb/v7e-m+fp/hard/libc_nano.a(lib_a-nano-mallocr.o)
 .debug_frame   0x0000000000003470       0x38 /usr/lib/gcc/arm-none-eabi/9.2.1/../../../arm-none-eabi/lib/thumb/v7e-m+fp/hard/libc_nano.a(lib_a-nano-reallocr.o)
 .debug_frame   0x00000000000034a8       0x2c /usr/lib/gcc/arm-none-eabi/9.2.1/../../../arm-none-eabi/lib/thumb/v7e-m+fp/hard/libc_nano.a(lib_a-sbrkr.o)
 .debug_frame   0x00000000000034d4       0x30 /usr/lib/gcc/arm-none-eabi/9.2.1/../../../arm-none-eabi/lib/thumb/v7e-m+fp/hard/libc_nano.a(lib_a-mlock.o)
 .debug_frame   0x0000000000003504       0x20 /usr/lib/gcc/arm-none-eabi/9.2.1/../../../arm-none-eabi/lib/thumb/v7e-m+fp/hard/libc_nano.a(lib_a-nano-msizer.o)
 .debug_frame   0x0000000000003524       0x6c /usr/lib/gcc/arm-none-eabi/9.2.1/../../../arm-none-eabi/lib/thumb/v7e-m+fp/hard/libc_nano.a(lib_a-reent.o)

.debug_ranges   0x0000000000000000      0x158
 .debug_ranges  0x0000000000000000       0x18 Debug/startup.o
 .debug_ranges  0x0000000000000018       0x20 /usr/lib/gcc/arm-none-eabi/9.2.1/../../../arm-none-eabi/lib/thumb/v7e-m+fp/hard/libc_nano.a(lib_a-strtol.o)
 .debug_ranges  0x0000000000000038       0x38 /usr/lib/gcc/arm-none-eabi/9.2.1/../../../arm-none-eabi/lib/thumb/v7e-m+fp/hard/libc_nano.a(lib_a-nano-svfprintf.o)
 .debug_ranges  0x0000000000000070       0x98 /usr/lib/gcc/arm-none-eabi/9.2.1/../../../arm-none-eabi/lib/thumb/v7e-m+fp/hard/libc_nano.a(lib_a-nano-vfprintf_i.o)
 .debug_ranges  0x0000000000000108       0x18 /usr/lib/gcc/arm-none-eabi/9.2.1/../../../arm-none-eabi/lib/thumb/v7e-m+fp/hard/libc_nano.a(lib_a-nano-freer.o)
 .debug_ranges  0x0000000000000120       0x38 /usr/lib/gcc/arm-none-eabi/9.2.1/../../../arm-none-eabi/lib/thumb/v7e-m+fp/hard/libc_nano.a(lib_a-nano-mallocr.o)

.debug_loc      0x0000000000000000     0x2792
 .debug_loc     0x0000000000000000       0x6f /usr/lib/gcc/arm-none-eabi/9.2.1/../../../arm-none-eabi/lib/thumb/v7e-m+fp/hard/libc_nano.a(lib_a-atoi.o)
 .debug_loc     0x000000000000006f      0x231 /usr/lib/gcc/arm-none-eabi/9.2.1/../../../arm-none-eabi/lib/thumb/v7e-m+fp/hard/libc_nano.a(lib_a-memset.o)
 .debug_loc     0x00000000000002a0       0xc2 /usr/lib/gcc/arm-none-eabi/9.2.1/../../../arm-none-eabi/lib/thumb/v7e-m+fp/hard/libc_nano.a(lib_a-sprintf.o)
 .debug_loc     0x0000000000000362      0x7ad /usr/lib/gcc/arm-none-eabi/9.2.1/../../../arm-none-eabi/lib/thumb/v7e-m+fp/hard/libc_nano.a(lib_a-strtol.o)
 .debug_loc     0x0000000000000b0f      0x845 /usr/lib/gcc/arm-none-eabi/9.2.1/../../../arm-none-eabi/lib/thumb/v7e-m+fp/hard/libc_nano.a(lib_a-nano-svfprintf.o)
 .debug_loc     0x0000000000001354      0x7ab /usr/lib/gcc/arm-none-eabi/9.2.1/../../../arm-none-eabi/lib/thumb/v7e-m+fp/hard/libc_nano.a(lib_a-nano-vfprintf_i.o)
 .debug_loc     0x0000000000001aff      0x2f1 /usr/lib/gcc/arm-none-eabi/9.2.1/../../../arm-none-eabi/lib/thumb/v7e-m+fp/hard/libc_nano.a(lib_a-memmove.o)
 .debug_loc     0x0000000000001df0      0x211 /usr/lib/gcc/arm-none-eabi/9.2.1/../../../arm-none-eabi/lib/thumb/v7e-m+fp/hard/libc_nano.a(lib_a-nano-freer.o)
 .debug_loc     0x0000000000002001      0x437 /usr/lib/gcc/arm-none-eabi/9.2.1/../../../arm-none-eabi/lib/thumb/v7e-m+fp/hard/libc_nano.a(lib_a-nano-mallocr.o)
 .debug_loc     0x0000000000002438      0x133 /usr/lib/gcc/arm-none-eabi/9.2.1/../../../arm-none-eabi/lib/thumb/v7e-m+fp/hard/libc_nano.a(lib_a-nano-reallocr.o)
 .debug_loc     0x000000000000256b       0x6c /usr/lib/gcc/arm-none-eabi/9.2.1/../../../arm-none-eabi/lib/thumb/v7e-m+fp/hard/libc_nano.a(lib_a-sbrkr.o)
 .debug_loc     0x00000000000025d7       0x86 /usr/lib/gcc/arm-none-eabi/9.2.1/../../../arm-none-eabi/lib/thumb/v7e-m+fp/hard/libc_nano.a(lib_a-nano-msizer.o)
 .debug_loc     0x000000000000265d      0x135 /usr/lib/gcc/arm-none-eabi/9.2.1/../../../arm-none-eabi/lib/thumb/v7e-m+fp/hard/libc_nano.a(lib_a-reent.o)

Cross Reference Table

Symbol                                            File
ABORT                                             Debug/TinyTimber.o
CAN_CancelTransmit                                Debug/stm32f4xx_can.o
CAN_ClearFlag                                     Debug/stm32f4xx_can.o
CAN_ClearITPendingBit                             Debug/stm32f4xx_can.o
CAN_DBGFreeze                                     Debug/stm32f4xx_can.o
CAN_DeInit                                        Debug/stm32f4xx_can.o
                                                  Debug/startup.o
CAN_FIFORelease                                   Debug/stm32f4xx_can.o
CAN_FilterInit                                    Debug/stm32f4xx_can.o
                                                  Debug/startup.o
CAN_GetFlagStatus                                 Debug/stm32f4xx_can.o
                                                  Debug/canTinyTimber.o
CAN_GetITStatus                                   Debug/stm32f4xx_can.o
CAN_GetLSBTransmitErrorCounter                    Debug/stm32f4xx_can.o
CAN_GetLastErrorCode                              Debug/stm32f4xx_can.o
CAN_GetReceiveErrorCounter                        Debug/stm32f4xx_can.o
CAN_ITConfig                                      Debug/stm32f4xx_can.o
                                                  Debug/canTinyTimber.o
CAN_Init                                          Debug/stm32f4xx_can.o
                                                  Debug/canTinyTimber.o
CAN_MessagePending                                Debug/stm32f4xx_can.o
CAN_OperatingModeRequest                          Debug/stm32f4xx_can.o
CAN_Receive                                       Debug/stm32f4xx_can.o
                                                  Debug/canTinyTimber.o
CAN_SlaveStartBank                                Debug/stm32f4xx_can.o
CAN_Sleep                                         Debug/stm32f4xx_can.o
CAN_StructInit                                    Debug/stm32f4xx_can.o
                                                  Debug/canTinyTimber.o
CAN_TTComModeCmd                                  Debug/stm32f4xx_can.o
CAN_Transmit                                      Debug/stm32f4xx_can.o
                                                  Debug/canTinyTimber.o
CAN_TransmitStatus                                Debug/stm32f4xx_can.o
CAN_WakeUp                                        Debug/stm32f4xx_can.o
CURRENT_OFFSET                                    Debug/TinyTimber.o
DAC_ClearFlag                                     Debug/stm32f4xx_dac.o
DAC_ClearITPendingBit                             Debug/stm32f4xx_dac.o
DAC_Cmd                                           Debug/stm32f4xx_dac.o
                                                  Debug/startup.o
DAC_DMACmd                                        Debug/stm32f4xx_dac.o
DAC_DeInit                                        Debug/stm32f4xx_dac.o
                                                  Debug/startup.o
DAC_DualSoftwareTriggerCmd                        Debug/stm32f4xx_dac.o
DAC_GetDataOutputValue                            Debug/stm32f4xx_dac.o
DAC_GetFlagStatus                                 Debug/stm32f4xx_dac.o
DAC_GetITStatus                                   Debug/stm32f4xx_dac.o
DAC_ITConfig                                      Debug/stm32f4xx_dac.o
DAC_Init                                          Debug/stm32f4xx_dac.o
                                                  Debug/startup.o
DAC_SetChannel1Data                               Debug/stm32f4xx_dac.o
DAC_SetChannel2Data                               Debug/stm32f4xx_dac.o
                                                  Debug/startup.o
DAC_SetDualChannelData                            Debug/stm32f4xx_dac.o
DAC_SoftwareTriggerCmd                            Debug/stm32f4xx_dac.o
DAC_StructInit                                    Debug/stm32f4xx_dac.o
                                                  Debug/startup.o
DAC_WaveGenerationCmd                             Debug/stm32f4xx_dac.o
DUMP                                              Debug/TinyTimber.o
                                                  Debug/canTinyTimber.o
                                                  Debug/dispatch.o
DUMPC                                             Debug/TinyTimber.o
DUMPD                                             Debug/TinyTimber.o
                                                  Debug/dispatch.o
DUMPH                                             Debug/TinyTimber.o
                                                  Debug/dispatch.o
EXTI_ClearFlag                                    Debug/stm32f4xx_exti.o
EXTI_ClearITPendingBit                            Debug/stm32f4xx_exti.o
EXTI_DeInit                                       Debug/stm32f4xx_exti.o
                                                  Debug/startup.o
EXTI_GenerateSWInterrupt                          Debug/stm32f4xx_exti.o
EXTI_GetFlagStatus                                Debug/stm32f4xx_exti.o
EXTI_GetITStatus                                  Debug/stm32f4xx_exti.o
EXTI_Init                                         Debug/stm32f4xx_exti.o
                                                  Debug/startup.o
EXTI_StructInit                                   Debug/stm32f4xx_exti.o
                                                  Debug/startup.o
GPIO_DeInit                                       Debug/stm32f4xx_gpio.o
                                                  Debug/startup.o
GPIO_Init                                         Debug/stm32f4xx_gpio.o
                                                  Debug/startup.o
GPIO_PinAFConfig                                  Debug/stm32f4xx_gpio.o
                                                  Debug/startup.o
GPIO_PinLockConfig                                Debug/stm32f4xx_gpio.o
GPIO_ReadInputData                                Debug/stm32f4xx_gpio.o
GPIO_ReadInputDataBit                             Debug/stm32f4xx_gpio.o
GPIO_ReadOutputData                               Debug/stm32f4xx_gpio.o
GPIO_ReadOutputDataBit                            Debug/stm32f4xx_gpio.o
GPIO_ResetBits                                    Debug/stm32f4xx_gpio.o
GPIO_SetBits                                      Debug/stm32f4xx_gpio.o
GPIO_StructInit                                   Debug/stm32f4xx_gpio.o
                                                  Debug/startup.o
GPIO_ToggleBits                                   Debug/stm32f4xx_gpio.o
GPIO_Write                                        Debug/stm32f4xx_gpio.o
GPIO_WriteBit                                     Debug/stm32f4xx_gpio.o
                                                  Debug/startup.o
                                                  Debug/TinyTimber.o
RCC_AHB1PeriphClockCmd                            Debug/stm32f4xx_rcc.o
                                                  Debug/startup.o
RCC_AHB1PeriphClockLPModeCmd                      Debug/stm32f4xx_rcc.o
RCC_AHB1PeriphResetCmd                            Debug/stm32f4xx_rcc.o
                                                  Debug/stm32f4xx_gpio.o
RCC_AHB2PeriphClockCmd                            Debug/stm32f4xx_rcc.o
RCC_AHB2PeriphClockLPModeCmd                      Debug/stm32f4xx_rcc.o
RCC_AHB2PeriphResetCmd                            Debug/stm32f4xx_rcc.o
RCC_AHB3PeriphClockCmd                            Debug/stm32f4xx_rcc.o
RCC_AHB3PeriphClockLPModeCmd                      Debug/stm32f4xx_rcc.o
RCC_AHB3PeriphResetCmd                            Debug/stm32f4xx_rcc.o
RCC_APB1PeriphClockCmd                            Debug/stm32f4xx_rcc.o
                                                  Debug/startup.o
RCC_APB1PeriphClockLPModeCmd                      Debug/stm32f4xx_rcc.o
                                                  Debug/startup.o
RCC_APB1PeriphResetCmd                            Debug/stm32f4xx_rcc.o
                                                  Debug/stm32f4xx_usart.o
                                                  Debug/stm32f4xx_tim.o
                                                  Debug/stm32f4xx_dac.o
                                                  Debug/stm32f4xx_can.o
RCC_APB2PeriphClockCmd                            Debug/stm32f4xx_rcc.o
                                                  Debug/startup.o
RCC_APB2PeriphClockLPModeCmd                      Debug/stm32f4xx_rcc.o
RCC_APB2PeriphResetCmd                            Debug/stm32f4xx_rcc.o
                                                  Debug/stm32f4xx_usart.o
                                                  Debug/stm32f4xx_tim.o
                                                  Debug/stm32f4xx_syscfg.o
RCC_AdjustHSICalibrationValue                     Debug/stm32f4xx_rcc.o
RCC_BackupResetCmd                                Debug/stm32f4xx_rcc.o
RCC_ClearFlag                                     Debug/stm32f4xx_rcc.o
RCC_ClearITPendingBit                             Debug/stm32f4xx_rcc.o
RCC_ClockSecuritySystemCmd                        Debug/stm32f4xx_rcc.o
RCC_DeInit                                        Debug/stm32f4xx_rcc.o
RCC_GetClocksFreq                                 Debug/stm32f4xx_rcc.o
                                                  Debug/stm32f4xx_usart.o
RCC_GetFlagStatus                                 Debug/stm32f4xx_rcc.o
RCC_GetITStatus                                   Debug/stm32f4xx_rcc.o
RCC_GetSYSCLKSource                               Debug/stm32f4xx_rcc.o
RCC_HCLKConfig                                    Debug/stm32f4xx_rcc.o
RCC_HSEConfig                                     Debug/stm32f4xx_rcc.o
RCC_HSICmd                                        Debug/stm32f4xx_rcc.o
RCC_I2SCLKConfig                                  Debug/stm32f4xx_rcc.o
RCC_ITConfig                                      Debug/stm32f4xx_rcc.o
RCC_LSEConfig                                     Debug/stm32f4xx_rcc.o
RCC_LSICmd                                        Debug/stm32f4xx_rcc.o
RCC_LTDCCLKDivConfig                              Debug/stm32f4xx_rcc.o
RCC_MCO1Config                                    Debug/stm32f4xx_rcc.o
RCC_MCO2Config                                    Debug/stm32f4xx_rcc.o
RCC_PCLK1Config                                   Debug/stm32f4xx_rcc.o
RCC_PCLK2Config                                   Debug/stm32f4xx_rcc.o
RCC_PLLCmd                                        Debug/stm32f4xx_rcc.o
RCC_PLLConfig                                     Debug/stm32f4xx_rcc.o
RCC_PLLI2SCmd                                     Debug/stm32f4xx_rcc.o
RCC_PLLI2SConfig                                  Debug/stm32f4xx_rcc.o
RCC_PLLSAICmd                                     Debug/stm32f4xx_rcc.o
RCC_PLLSAIConfig                                  Debug/stm32f4xx_rcc.o
RCC_RTCCLKCmd                                     Debug/stm32f4xx_rcc.o
RCC_RTCCLKConfig                                  Debug/stm32f4xx_rcc.o
RCC_SAIBlockACLKConfig                            Debug/stm32f4xx_rcc.o
RCC_SAIBlockBCLKConfig                            Debug/stm32f4xx_rcc.o
RCC_SAIPLLI2SClkDivConfig                         Debug/stm32f4xx_rcc.o
RCC_SAIPLLSAIClkDivConfig                         Debug/stm32f4xx_rcc.o
RCC_SYSCLKConfig                                  Debug/stm32f4xx_rcc.o
RCC_TIMCLKPresConfig                              Debug/stm32f4xx_rcc.o
RCC_WaitForHSEStartUp                             Debug/stm32f4xx_rcc.o
SETPC                                             Debug/TinyTimber.o
SETSTACK                                          Debug/TinyTimber.o
SYSCFG_CompensationCellCmd                        Debug/stm32f4xx_syscfg.o
SYSCFG_DeInit                                     Debug/stm32f4xx_syscfg.o
SYSCFG_ETH_MediaInterfaceConfig                   Debug/stm32f4xx_syscfg.o
SYSCFG_EXTILineConfig                             Debug/stm32f4xx_syscfg.o
                                                  Debug/startup.o
SYSCFG_GetCompensationCellStatus                  Debug/stm32f4xx_syscfg.o
SYSCFG_MemoryRemapConfig                          Debug/stm32f4xx_syscfg.o
SYSCFG_MemorySwappingBank                         Debug/stm32f4xx_syscfg.o
TIMER_INIT                                        Debug/TinyTimber.o
TIM_ARRPreloadConfig                              Debug/stm32f4xx_tim.o
TIM_BDTRConfig                                    Debug/stm32f4xx_tim.o
TIM_BDTRStructInit                                Debug/stm32f4xx_tim.o
TIM_CCPreloadControl                              Debug/stm32f4xx_tim.o
TIM_CCxCmd                                        Debug/stm32f4xx_tim.o
TIM_CCxNCmd                                       Debug/stm32f4xx_tim.o
TIM_ClearFlag                                     Debug/stm32f4xx_tim.o
TIM_ClearITPendingBit                             Debug/stm32f4xx_tim.o
                                                  Debug/TinyTimber.o
TIM_ClearOC1Ref                                   Debug/stm32f4xx_tim.o
TIM_ClearOC2Ref                                   Debug/stm32f4xx_tim.o
TIM_ClearOC3Ref                                   Debug/stm32f4xx_tim.o
TIM_ClearOC4Ref                                   Debug/stm32f4xx_tim.o
TIM_Cmd                                           Debug/stm32f4xx_tim.o
                                                  Debug/TinyTimber.o
TIM_CounterModeConfig                             Debug/stm32f4xx_tim.o
TIM_CtrlPWMOutputs                                Debug/stm32f4xx_tim.o
TIM_DMACmd                                        Debug/stm32f4xx_tim.o
TIM_DMAConfig                                     Debug/stm32f4xx_tim.o
TIM_DeInit                                        Debug/stm32f4xx_tim.o
                                                  Debug/TinyTimber.o
TIM_ETRClockMode1Config                           Debug/stm32f4xx_tim.o
TIM_ETRClockMode2Config                           Debug/stm32f4xx_tim.o
TIM_ETRConfig                                     Debug/stm32f4xx_tim.o
TIM_EncoderInterfaceConfig                        Debug/stm32f4xx_tim.o
TIM_ForcedOC1Config                               Debug/stm32f4xx_tim.o
TIM_ForcedOC2Config                               Debug/stm32f4xx_tim.o
TIM_ForcedOC3Config                               Debug/stm32f4xx_tim.o
TIM_ForcedOC4Config                               Debug/stm32f4xx_tim.o
TIM_GenerateEvent                                 Debug/stm32f4xx_tim.o
TIM_GetCapture1                                   Debug/stm32f4xx_tim.o
TIM_GetCapture2                                   Debug/stm32f4xx_tim.o
TIM_GetCapture3                                   Debug/stm32f4xx_tim.o
TIM_GetCapture4                                   Debug/stm32f4xx_tim.o
TIM_GetCounter                                    Debug/stm32f4xx_tim.o
                                                  Debug/TinyTimber.o
TIM_GetFlagStatus                                 Debug/stm32f4xx_tim.o
TIM_GetITStatus                                   Debug/stm32f4xx_tim.o
TIM_GetPrescaler                                  Debug/stm32f4xx_tim.o
TIM_ICInit                                        Debug/stm32f4xx_tim.o
TIM_ICStructInit                                  Debug/stm32f4xx_tim.o
TIM_ITConfig                                      Debug/stm32f4xx_tim.o
                                                  Debug/TinyTimber.o
TIM_ITRxExternalClockConfig                       Debug/stm32f4xx_tim.o
TIM_InternalClockConfig                           Debug/stm32f4xx_tim.o
TIM_OC1FastConfig                                 Debug/stm32f4xx_tim.o
TIM_OC1Init                                       Debug/stm32f4xx_tim.o
TIM_OC1NPolarityConfig                            Debug/stm32f4xx_tim.o
TIM_OC1PolarityConfig                             Debug/stm32f4xx_tim.o
TIM_OC1PreloadConfig                              Debug/stm32f4xx_tim.o
TIM_OC2FastConfig                                 Debug/stm32f4xx_tim.o
TIM_OC2Init                                       Debug/stm32f4xx_tim.o
TIM_OC2NPolarityConfig                            Debug/stm32f4xx_tim.o
TIM_OC2PolarityConfig                             Debug/stm32f4xx_tim.o
TIM_OC2PreloadConfig                              Debug/stm32f4xx_tim.o
TIM_OC3FastConfig                                 Debug/stm32f4xx_tim.o
TIM_OC3Init                                       Debug/stm32f4xx_tim.o
TIM_OC3NPolarityConfig                            Debug/stm32f4xx_tim.o
TIM_OC3PolarityConfig                             Debug/stm32f4xx_tim.o
TIM_OC3PreloadConfig                              Debug/stm32f4xx_tim.o
TIM_OC4FastConfig                                 Debug/stm32f4xx_tim.o
TIM_OC4Init                                       Debug/stm32f4xx_tim.o
TIM_OC4PolarityConfig                             Debug/stm32f4xx_tim.o
TIM_OC4PreloadConfig                              Debug/stm32f4xx_tim.o
TIM_OCStructInit                                  Debug/stm32f4xx_tim.o
TIM_PWMIConfig                                    Debug/stm32f4xx_tim.o
TIM_PrescalerConfig                               Debug/stm32f4xx_tim.o
TIM_RemapConfig                                   Debug/stm32f4xx_tim.o
TIM_SelectCCDMA                                   Debug/stm32f4xx_tim.o
TIM_SelectCOM                                     Debug/stm32f4xx_tim.o
TIM_SelectHallSensor                              Debug/stm32f4xx_tim.o
TIM_SelectInputTrigger                            Debug/stm32f4xx_tim.o
TIM_SelectMasterSlaveMode                         Debug/stm32f4xx_tim.o
TIM_SelectOCxM                                    Debug/stm32f4xx_tim.o
TIM_SelectOnePulseMode                            Debug/stm32f4xx_tim.o
TIM_SelectOutputTrigger                           Debug/stm32f4xx_tim.o
TIM_SelectSlaveMode                               Debug/stm32f4xx_tim.o
TIM_SetAutoreload                                 Debug/stm32f4xx_tim.o
TIM_SetClockDivision                              Debug/stm32f4xx_tim.o
TIM_SetCompare1                                   Debug/stm32f4xx_tim.o
                                                  Debug/TinyTimber.o
TIM_SetCompare2                                   Debug/stm32f4xx_tim.o
TIM_SetCompare3                                   Debug/stm32f4xx_tim.o
TIM_SetCompare4                                   Debug/stm32f4xx_tim.o
TIM_SetCounter                                    Debug/stm32f4xx_tim.o
                                                  Debug/TinyTimber.o
TIM_SetIC1Prescaler                               Debug/stm32f4xx_tim.o
TIM_SetIC2Prescaler                               Debug/stm32f4xx_tim.o
TIM_SetIC3Prescaler                               Debug/stm32f4xx_tim.o
TIM_SetIC4Prescaler                               Debug/stm32f4xx_tim.o
TIM_TIxExternalClockConfig                        Debug/stm32f4xx_tim.o
TIM_TimeBaseInit                                  Debug/stm32f4xx_tim.o
                                                  Debug/TinyTimber.o
TIM_TimeBaseStructInit                            Debug/stm32f4xx_tim.o