Archive member included to satisfy reference by file (symbol)

/Applications/ArmGNUToolchain/12.2.rel1/arm-none-eabi/bin/../lib/gcc/arm-none-eabi/12.2.1/../../../../arm-none-eabi/lib/thumb/v7e-m+fp/hard/libc_nano.a(libc_a-atoi.o)
                              Debug/application.o (atoi)
/Applications/ArmGNUToolchain/12.2.rel1/arm-none-eabi/bin/../lib/gcc/arm-none-eabi/12.2.1/../../../../arm-none-eabi/lib/thumb/v7e-m+fp/hard/libc_nano.a(libc_a-sprintf.o)
                              Debug/application.o (sprintf)
/Applications/ArmGNUToolchain/12.2.rel1/arm-none-eabi/bin/../lib/gcc/arm-none-eabi/12.2.1/../../../../arm-none-eabi/lib/thumb/v7e-m+fp/hard/libc_nano.a(libc_a-strtol.o)
                              /Applications/ArmGNUToolchain/12.2.rel1/arm-none-eabi/bin/../lib/gcc/arm-none-eabi/12.2.1/../../../../arm-none-eabi/lib/thumb/v7e-m+fp/hard/libc_nano.a(libc_a-atoi.o) (_strtol_r)
/Applications/ArmGNUToolchain/12.2.rel1/arm-none-eabi/bin/../lib/gcc/arm-none-eabi/12.2.1/../../../../arm-none-eabi/lib/thumb/v7e-m+fp/hard/libc_nano.a(libc_a-memset.o)
                              Debug/application.o (memset)
/Applications/ArmGNUToolchain/12.2.rel1/arm-none-eabi/bin/../lib/gcc/arm-none-eabi/12.2.1/../../../../arm-none-eabi/lib/thumb/v7e-m+fp/hard/libc_nano.a(libc_a-impure.o)
                              /Applications/ArmGNUToolchain/12.2.rel1/arm-none-eabi/bin/../lib/gcc/arm-none-eabi/12.2.1/../../../../arm-none-eabi/lib/thumb/v7e-m+fp/hard/libc_nano.a(libc_a-sprintf.o) (_impure_ptr)
/Applications/ArmGNUToolchain/12.2.rel1/arm-none-eabi/bin/../lib/gcc/arm-none-eabi/12.2.1/../../../../arm-none-eabi/lib/thumb/v7e-m+fp/hard/libc_nano.a(libc_a-errno.o)
                              /Applications/ArmGNUToolchain/12.2.rel1/arm-none-eabi/bin/../lib/gcc/arm-none-eabi/12.2.1/../../../../arm-none-eabi/lib/thumb/v7e-m+fp/hard/libc_nano.a(libc_a-strtol.o) (__errno)
/Applications/ArmGNUToolchain/12.2.rel1/arm-none-eabi/bin/../lib/gcc/arm-none-eabi/12.2.1/../../../../arm-none-eabi/lib/thumb/v7e-m+fp/hard/libc_nano.a(libc_a-ctype_.o)
                              /Applications/ArmGNUToolchain/12.2.rel1/arm-none-eabi/bin/../lib/gcc/arm-none-eabi/12.2.1/../../../../arm-none-eabi/lib/thumb/v7e-m+fp/hard/libc_nano.a(libc_a-strtol.o) (_ctype_)
/Applications/ArmGNUToolchain/12.2.rel1/arm-none-eabi/bin/../lib/gcc/arm-none-eabi/12.2.1/../../../../arm-none-eabi/lib/thumb/v7e-m+fp/hard/libc_nano.a(libc_a-nano-svfprintf.o)
                              /Applications/ArmGNUToolchain/12.2.rel1/arm-none-eabi/bin/../lib/gcc/arm-none-eabi/12.2.1/../../../../arm-none-eabi/lib/thumb/v7e-m+fp/hard/libc_nano.a(libc_a-sprintf.o) (_svfprintf_r)
/Applications/ArmGNUToolchain/12.2.rel1/arm-none-eabi/bin/../lib/gcc/arm-none-eabi/12.2.1/../../../../arm-none-eabi/lib/thumb/v7e-m+fp/hard/libc_nano.a(libc_a-mallocr.o)
                              /Applications/ArmGNUToolchain/12.2.rel1/arm-none-eabi/bin/../lib/gcc/arm-none-eabi/12.2.1/../../../../arm-none-eabi/lib/thumb/v7e-m+fp/hard/libc_nano.a(libc_a-nano-svfprintf.o) (_malloc_r)
/Applications/ArmGNUToolchain/12.2.rel1/arm-none-eabi/bin/../lib/gcc/arm-none-eabi/12.2.1/../../../../arm-none-eabi/lib/thumb/v7e-m+fp/hard/libc_nano.a(libc_a-nano-vfprintf_i.o)
                              /Applications/ArmGNUToolchain/12.2.rel1/arm-none-eabi/bin/../lib/gcc/arm-none-eabi/12.2.1/../../../../arm-none-eabi/lib/thumb/v7e-m+fp/hard/libc_nano.a(libc_a-nano-svfprintf.o) (_printf_i)
/Applications/ArmGNUToolchain/12.2.rel1/arm-none-eabi/bin/../lib/gcc/arm-none-eabi/12.2.1/../../../../arm-none-eabi/lib/thumb/v7e-m+fp/hard/libc_nano.a(libc_a-mlock.o)
                              /Applications/ArmGNUToolchain/12.2.rel1/arm-none-eabi/bin/../lib/gcc/arm-none-eabi/12.2.1/../../../../arm-none-eabi/lib/thumb/v7e-m+fp/hard/libc_nano.a(libc_a-mallocr.o) (__malloc_lock)
/Applications/ArmGNUToolchain/12.2.rel1/arm-none-eabi/bin/../lib/gcc/arm-none-eabi/12.2.1/../../../../arm-none-eabi/lib/thumb/v7e-m+fp/hard/libc_nano.a(libc_a-reallocr.o)
                              /Applications/ArmGNUToolchain/12.2.rel1/arm-none-eabi/bin/../lib/gcc/arm-none-eabi/12.2.1/../../../../arm-none-eabi/lib/thumb/v7e-m+fp/hard/libc_nano.a(libc_a-nano-svfprintf.o) (_realloc_r)
/Applications/ArmGNUToolchain/12.2.rel1/arm-none-eabi/bin/../lib/gcc/arm-none-eabi/12.2.1/../../../../arm-none-eabi/lib/thumb/v7e-m+fp/hard/libc_nano.a(libc_a-memmove.o)
                              /Applications/ArmGNUToolchain/12.2.rel1/arm-none-eabi/bin/../lib/gcc/arm-none-eabi/12.2.1/../../../../arm-none-eabi/lib/thumb/v7e-m+fp/hard/libc_nano.a(libc_a-nano-svfprintf.o) (memmove)
/Applications/ArmGNUToolchain/12.2.rel1/arm-none-eabi/bin/../lib/gcc/arm-none-eabi/12.2.1/../../../../arm-none-eabi/lib/thumb/v7e-m+fp/hard/libc_nano.a(libc_a-sbrkr.o)
                              /Applications/ArmGNUToolchain/12.2.rel1/arm-none-eabi/bin/../lib/gcc/arm-none-eabi/12.2.1/../../../../arm-none-eabi/lib/thumb/v7e-m+fp/hard/libc_nano.a(libc_a-mallocr.o) (_sbrk_r)
[...]
Memory Configuration

Name             Origin             Length             Attributes
RAM              0x0000000020000000 0x000000000001c000 xrw
*default*        0x0000000000000000 0xffffffffffffffff

Linker script and memory map

LOAD Debug/dispatch.o
LOAD Debug/TinyTimber.o
LOAD Debug/canTinyTimber.o
LOAD Debug/sciTinyTimber.o
LOAD Debug/stm32f4xx_can.o
LOAD Debug/stm32f4xx_dac.o
LOAD Debug/stm32f4xx_exti.o
LOAD Debug/stm32f4xx_gpio.o
LOAD Debug/stm32f4xx_rcc.o
LOAD Debug/stm32f4xx_syscfg.o
LOAD Debug/stm32f4xx_tim.o
LOAD Debug/stm32f4xx_usart.o
LOAD Debug/startup.o
LOAD Debug/application.o
LOAD /Applications/ArmGNUToolchain/12.2.rel1/arm-none-eabi/bin/../lib/gcc/arm-none-eabi/12.2.1/../../../../arm-none-eabi/lib/thumb/v7e-m+fp/hard/libstdc++_nano.a
LOAD /Applications/ArmGNUToolchain/12.2.rel1/arm-none-eabi/bin/../lib/gcc/arm-none-eabi/12.2.1/../../../../arm-none-eabi/lib/thumb/v7e-m+fp/hard/libm.a
START GROUP
LOAD /Applications/ArmGNUToolchain/12.2.rel1/arm-none-eabi/bin/../lib/gcc/arm-none-eabi/12.2.1/thumb/v7e-m+fp/hard/libgcc.a
LOAD /Applications/ArmGNUToolchain/12.2.rel1/arm-none-eabi/bin/../lib/gcc/arm-none-eabi/12.2.1/../../../../arm-none-eabi/lib/thumb/v7e-m+fp/hard/libc_nano.a
END GROUP
START GROUP
LOAD /Applications/ArmGNUToolchain/12.2.rel1/arm-none-eabi/bin/../lib/gcc/arm-none-eabi/12.2.1/thumb/v7e-m+fp/hard/libgcc.a
LOAD /Applications/ArmGNUToolchain/12.2.rel1/arm-none-eabi/bin/../lib/gcc/arm-none-eabi/12.2.1/../../../../arm-none-eabi/lib/thumb/v7e-m+fp/hard/libc_nano.a
END GROUP

.text           0x0000000020000000     0x8250
                0x0000000020000000                . = ALIGN (0x4)
 *(.start_section)
 .start_section
                0x0000000020000000       0x1c Debug/startup.o
                0x0000000020000000                startup
 *(.text)
 .text          0x000000002000001c       0xf4 Debug/dispatch.o
                0x000000002000001c                vect_SVCall
                0x0000000020000020                vect_PendSV
 .text          0x0000000020000110      0xf54 Debug/TinyTimber.o
                0x0000000020000198                DUMP
                0x00000000200001d2                DUMPH
                0x0000000020000230                DUMPD
                0x00000000200002d4                sei
                0x00000000200002f2                cli
                0x0000000020000310                _sbrk
                0x0000000020000354                SETSTACK
                0x00000000200003bc                SETPC
                0x00000000200003e0                TIMER_INIT
                0x0000000020000478                DUMPC
                0x00000000200004ac                vect_USART1
                0x0000000020000514                vect_CAN1
                0x000000002000057c                vect_EXTI9_5
                0x00000000200005e4                enqueueByDeadline
                0x000000002000063c                enqueueByBaseline
                0x0000000020000694                dequeue
                0x00000000200006e4                dequeue_pool
                0x0000000020000734                insert
                0x0000000020000758                push
                0x000000002000077c                pop
                0x00000000200007fe                vect_TIM5
                0x0000000020000890                __svc_dispatch
                0x00000000200008a0                __pendSV_dispatch
                0x0000000020000a10                async
                0x0000000020000b4c                sync
                0x0000000020000c58                ABORT
                0x0000000020000d0c                T_RESET
                0x0000000020000d48                T_SAMPLE
                0x0000000020000d88                CURRENT_OFFSET
                0x0000000020000f34                install
                0x0000000020001000                tinytimber
 .text          0x0000000020001064      0x434 Debug/canTinyTimber.o
                0x00000000200010ec                can_init
                0x00000000200011a4                can_interrupt
                0x000000002000132c                can_receive
                0x00000000200013f6                can_send
 .text          0x0000000020001498      0x294 Debug/sciTinyTimber.o
                0x0000000020001520                sci_init
                0x00000000200015c6                sci_write
                0x000000002000161c                sci_writechar
                0x0000000020001652                sci_interrupt
 .text          0x000000002000172c     0x11b4 Debug/stm32f4xx_can.o
                0x000000002000172c                CAN_DeInit
                0x0000000020001774                CAN_Init
                0x0000000020001916                CAN_FilterInit
                0x0000000020001a9c                CAN_StructInit
                0x0000000020001af2                CAN_SlaveStartBank
                0x0000000020001b54                CAN_DBGFreeze
                0x0000000020001b8c                CAN_TTComModeCmd
                0x0000000020001c24                CAN_Transmit
                0x0000000020001dc6                CAN_TransmitStatus
                0x0000000020001ecc                CAN_CancelTransmit
                0x0000000020001f24                CAN_Receive
                0x00000000200020a0                CAN_FIFORelease
                0x00000000200020d8                CAN_MessagePending
                0x0000000020002122                CAN_OperatingModeRequest
                0x000000002000221e                CAN_Sleep
                0x0000000020002258                CAN_WakeUp
                0x00000000200022ae                CAN_GetLastErrorCode
                0x00000000200022d4                CAN_GetReceiveErrorCounter
                0x00000000200022f6                CAN_GetLSBTransmitErrorCounter
                0x0000000020002318                CAN_ITConfig
                0x0000000020002354                CAN_GetFlagStatus
                0x0000000020002422                CAN_ClearFlag
                0x0000000020002494                CAN_GetITStatus
                0x00000000200026f8                CAN_ClearITPendingBit
 .text          0x00000000200028e0      0x450 Debug/stm32f4xx_dac.o
                0x00000000200028e0                DAC_DeInit
                0x00000000200028fc                DAC_Init
                0x0000000020002964                DAC_StructInit
                0x0000000020002990                DAC_Cmd
                0x00000000200029dc                DAC_SoftwareTriggerCmd
                0x0000000020002a2c                DAC_DualSoftwareTriggerCmd
                0x0000000020002a68                DAC_WaveGenerationCmd
                0x0000000020002ab4                DAC_SetChannel1Data
                0x0000000020002aec                DAC_SetChannel2Data
                0x0000000020002b24                DAC_SetDualChannelData
                0x0000000020002b7c                DAC_GetDataOutputValue
                0x0000000020002bb0                DAC_DMACmd
                0x0000000020002c00                DAC_ITConfig
                0x0000000020002c4c                DAC_GetFlagStatus
                0x0000000020002c88                DAC_ClearFlag
                0x0000000020002cb0                DAC_GetITStatus
                0x0000000020002d08                DAC_ClearITPendingBit
 .text          0x0000000020002d30      0x210 Debug/stm32f4xx_exti.o
                0x0000000020002d30                EXTI_DeInit
                0x0000000020002d64                EXTI_Init
                0x0000000020002e48                EXTI_StructInit
                0x0000000020002e74                EXTI_GenerateSWInterrupt
                0x0000000020002e98                EXTI_GetFlagStatus
                0x0000000020002ecc                EXTI_ClearFlag
                0x0000000020002eec                EXTI_GetITStatus
                0x0000000020002f20                EXTI_ClearITPendingBit
 .text          0x0000000020002f40      0x4d8 Debug/stm32f4xx_gpio.o
                0x0000000020002f40                GPIO_DeInit
                0x00000000200030a4                GPIO_Init
                0x00000000200031c2                GPIO_StructInit
                0x00000000200031f6                GPIO_PinLockConfig
                0x000000002000323a                GPIO_ReadInputDataBit
                0x000000002000326e                GPIO_ReadInputData
                0x0000000020003288                GPIO_ReadOutputDataBit
                0x00000000200032bc                GPIO_ReadOutputData
                0x00000000200032d6                GPIO_SetBits
                0x00000000200032f4                GPIO_ResetBits
                0x0000000020003312                GPIO_WriteBit
                0x0000000020003342                GPIO_Write
                0x0000000020003360                GPIO_ToggleBits
                0x0000000020003384                GPIO_PinAFConfig
 .text          0x0000000020003418      0xcb0 Debug/stm32f4xx_rcc.o
                0x0000000020003418                RCC_DeInit
                0x0000000020003488                RCC_HSEConfig
                0x00000000200034b0                RCC_WaitForHSEStartUp
                0x0000000020003500                RCC_AdjustHSICalibrationValue
                0x000000002000353c                RCC_HSICmd
                0x000000002000355c                RCC_LSEConfig
                0x00000000200035a0                RCC_LSICmd
                0x00000000200035c0                RCC_PLLConfig
                0x0000000020003600                RCC_PLLCmd
                0x0000000020003620                RCC_PLLI2SConfig
                0x000000002000364c                RCC_PLLI2SCmd
                0x000000002000366c                RCC_PLLSAIConfig
                0x00000000200036a0                RCC_PLLSAICmd
                0x00000000200036c0                RCC_ClockSecuritySystemCmd
                0x00000000200036e0                RCC_MCO1Config
                0x0000000020003720                RCC_MCO2Config
                0x0000000020003760                RCC_SYSCLKConfig
                0x0000000020003798                RCC_GetSYSCLKSource
                0x00000000200037b8                RCC_HCLKConfig
                0x00000000200037f0                RCC_PCLK1Config
                0x0000000020003828                RCC_PCLK2Config
                0x0000000020003864                RCC_GetClocksFreq
                0x00000000200039c0                RCC_RTCCLKConfig
                0x0000000020003a1c                RCC_RTCCLKCmd
                0x0000000020003a3c                RCC_BackupResetCmd
                0x0000000020003a5c                RCC_I2SCLKConfig
                0x0000000020003a7c                RCC_SAIPLLI2SClkDivConfig
                0x0000000020003abc                RCC_SAIPLLSAIClkDivConfig
                0x0000000020003afc                RCC_SAIBlockACLKConfig
                0x0000000020003b38                RCC_SAIBlockBCLKConfig
                0x0000000020003b74                RCC_LTDCCLKDivConfig
                0x0000000020003bb0                RCC_TIMCLKPresConfig
                0x0000000020003bd0                RCC_AHB1PeriphClockCmd
                0x0000000020003c10                RCC_AHB2PeriphClockCmd
                0x0000000020003c50                RCC_AHB3PeriphClockCmd
                0x0000000020003c90                RCC_APB1PeriphClockCmd
                0x0000000020003cd0                RCC_APB2PeriphClockCmd
                0x0000000020003d10                RCC_AHB1PeriphResetCmd
                0x0000000020003d50                RCC_AHB2PeriphResetCmd
                0x0000000020003d90                RCC_AHB3PeriphResetCmd
                0x0000000020003dd0                RCC_APB1PeriphResetCmd
                0x0000000020003e10                RCC_APB2PeriphResetCmd
                0x0000000020003e50                RCC_AHB1PeriphClockLPModeCmd
                0x0000000020003e90                RCC_AHB2PeriphClockLPModeCmd
                0x0000000020003ed0                RCC_AHB3PeriphClockLPModeCmd
                0x0000000020003f10                RCC_APB1PeriphClockLPModeCmd
                0x0000000020003f50                RCC_APB2PeriphClockLPModeCmd
                0x0000000020003f90                RCC_ITConfig
                0x0000000020003fdc                RCC_GetFlagStatus
                0x0000000020004050                RCC_ClearFlag
                0x0000000020004070                RCC_GetITStatus
                0x00000000200040a8                RCC_ClearITPendingBit
 .text          0x00000000200040c8      0x154 Debug/stm32f4xx_syscfg.o
                0x00000000200040c8                SYSCFG_DeInit
                0x00000000200040e4                SYSCFG_MemoryRemapConfig
                0x0000000020004104                SYSCFG_MemorySwappingBank
                0x0000000020004124                SYSCFG_EXTILineConfig
                0x00000000200041a8                SYSCFG_ETH_MediaInterfaceConfig
                0x00000000200041c8                SYSCFG_CompensationCellCmd
                0x00000000200041e8                SYSCFG_GetCompensationCellStatus
 .text          0x000000002000421c     0x1c1c Debug/stm32f4xx_tim.o
                0x000000002000421c                TIM_DeInit
                0x00000000200043dc                TIM_TimeBaseInit
                0x00000000200044b4                TIM_TimeBaseStructInit
                0x00000000200044e8                TIM_PrescalerConfig
                0x0000000020004510                TIM_CounterModeConfig
                0x0000000020004548                TIM_SetCounter
                0x0000000020004564                TIM_SetAutoreload
                0x0000000020004580                TIM_GetCounter
                0x0000000020004598                TIM_GetPrescaler
                0x00000000200045b2                TIM_UpdateDisableConfig
                0x00000000200045f2                TIM_UpdateRequestConfig
                0x0000000020004632                TIM_ARRPreloadConfig
                0x0000000020004672                TIM_SelectOnePulseMode
                0x00000000200046aa                TIM_SetClockDivision
                0x00000000200046e2                TIM_Cmd
                0x0000000020004722                TIM_OC1Init
                0x0000000020004818                TIM_OC2Init
                0x0000000020004928                TIM_OC3Init
                0x0000000020004a34                TIM_OC4Init
                0x0000000020004b04                TIM_OCStructInit
                0x0000000020004b48                TIM_SelectOCxM
                0x0000000020004bfe                TIM_SetCompare1
                0x0000000020004c1a                TIM_SetCompare2
                0x0000000020004c36                TIM_SetCompare3
                0x0000000020004c52                TIM_SetCompare4
                0x0000000020004c6e                TIM_ForcedOC1Config
                0x0000000020004ca6                TIM_ForcedOC2Config
                0x0000000020004ce2                TIM_ForcedOC3Config
                0x0000000020004d1a                TIM_ForcedOC4Config
                0x0000000020004d56                TIM_OC1PreloadConfig
                0x0000000020004d8e                TIM_OC2PreloadConfig
                0x0000000020004dca                TIM_OC3PreloadConfig
                0x0000000020004e02                TIM_OC4PreloadConfig
                0x0000000020004e3e                TIM_OC1FastConfig
                0x0000000020004e76                TIM_OC2FastConfig
                0x0000000020004eb2                TIM_OC3FastConfig
                0x0000000020004eea                TIM_OC4FastConfig
                0x0000000020004f26                TIM_ClearOC1Ref
                0x0000000020004f5e                TIM_ClearOC2Ref
                0x0000000020004f9a                TIM_ClearOC3Ref
                0x0000000020004fd2                TIM_ClearOC4Ref
                0x000000002000500e                TIM_OC1PolarityConfig
                0x0000000020005046                TIM_OC1NPolarityConfig
                0x000000002000507e                TIM_OC2PolarityConfig
                0x00000000200050ba                TIM_OC2NPolarityConfig
                0x00000000200050f6                TIM_OC3PolarityConfig
                0x0000000020005132                TIM_OC3NPolarityConfig
                0x000000002000516e                TIM_OC4PolarityConfig
                0x00000000200051aa                TIM_CCxCmd
                0x0000000020005200                TIM_CCxNCmd
                0x0000000020005256                TIM_ICInit
                0x00000000200052fe                TIM_ICStructInit
                0x0000000020005330                TIM_PWMIConfig
                0x00000000200053e8                TIM_GetCapture1
                0x0000000020005400                TIM_GetCapture2
                0x0000000020005418                TIM_GetCapture3
                0x0000000020005430                TIM_GetCapture4
                0x0000000020005448                TIM_SetIC1Prescaler
                0x0000000020005480                TIM_SetIC2Prescaler
                0x00000000200054bc                TIM_SetIC3Prescaler
                0x00000000200054f4                TIM_SetIC4Prescaler
                0x0000000020005530                TIM_BDTRConfig
                0x0000000020005580                TIM_BDTRStructInit
                0x00000000200055be                TIM_CtrlPWMOutputs
                0x000000002000560a                TIM_SelectCOM
                0x000000002000564a                TIM_CCPreloadControl
                0x000000002000568a                TIM_ITConfig
                0x00000000200056d2                TIM_GenerateEvent
                0x00000000200056f0                TIM_GetFlagStatus
                0x0000000020005728                TIM_ClearFlag
                0x000000002000574a                TIM_GetITStatus
                0x000000002000579e                TIM_ClearITPendingBit
                0x00000000200057c0                TIM_DMAConfig
                0x00000000200057ea                TIM_DMACmd
                0x0000000020005832                TIM_SelectCCDMA
                0x0000000020005872                TIM_InternalClockConfig
                0x0000000020005896                TIM_ITRxExternalClockConfig
                0x00000000200058c4                TIM_TIxExternalClockConfig
                0x0000000020005920                TIM_ETRClockMode1Config
                0x000000002000597e                TIM_ETRClockMode2Config
                0x00000000200059bc                TIM_SelectInputTrigger
                0x00000000200059f4                TIM_SelectOutputTrigger
                0x0000000020005a2c                TIM_SelectSlaveMode
                0x0000000020005a64                TIM_SelectMasterSlaveMode
                0x0000000020005a9c                TIM_ETRConfig
                0x0000000020005af0                TIM_EncoderInterfaceConfig
                0x0000000020005b88                TIM_SelectHallSensor
                0x0000000020005bc8                TIM_RemapConfig
 .text          0x0000000020005e38      0x970 Debug/stm32f4xx_usart.o
                0x0000000020005e38                USART_DeInit
                0x0000000020005f50                USART_Init
                0x00000000200060c4                USART_StructInit
                0x00000000200060fe                USART_ClockInit
                0x0000000020006154                USART_ClockStructInit
                0x0000000020006180                USART_Cmd
                0x00000000200061c0                USART_SetPrescaler
                0x00000000200061fa                USART_OverSampling8Cmd
                0x000000002000623e                USART_OneBitMethodCmd
                0x000000002000627e                USART_SendData
                0x00000000200062a2                USART_ReceiveData
                0x00000000200062c2                USART_SetAddress
                0x00000000200062fc                USART_ReceiverWakeUpCmd
                0x000000002000633c                USART_WakeUpConfig
                0x0000000020006374                USART_LINBreakDetectLengthConfig
                0x00000000200063ac                USART_LINCmd
                0x00000000200063ec                USART_SendBreak
                0x0000000020006410                USART_HalfDuplexCmd
                0x0000000020006450                USART_SetGuardTime
                0x000000002000648c                USART_SmartCardCmd
                0x00000000200064cc                USART_SmartCardNACKCmd
                0x000000002000650c                USART_IrDAConfig
                0x0000000020006544                USART_IrDACmd
                0x0000000020006584                USART_DMACmd
                0x00000000200065cc                USART_ITConfig
                0x000000002000665c                USART_GetFlagStatus
                0x0000000020006694                USART_ClearFlag
                0x00000000200066b6                USART_GetITStatus
                0x000000002000676c                USART_ClearITPendingBit
 .text          0x00000000200067a8      0x32c Debug/startup.o
 .text          0x0000000020006ad4      0x660 Debug/application.o
                0x0000000020006ad4                playMelody
                0x0000000020006bd4                start
                0x0000000020006c68                stop
                0x0000000020006c84                enablePlay
                0x0000000020006ca0                lowerVolume
                0x0000000020006ccc                raiseVolume
                0x0000000020006cf8                mute
                0x0000000020006d2c                setPeriod
                0x0000000020006d48                controller
                0x00000000200070cc                main
                0x00000000200070fc                startApp
 .text          0x0000000020007134        0x0 /Applications/ArmGNUToolchain/12.2.rel1/arm-none-eabi/bin/../lib/gcc/arm-none-eabi/12.2.1/../../../../arm-none-eabi/lib/thumb/v7e-m+fp/hard/libc_nano.a(libc_a-atoi.o)
 .text          0x0000000020007134        0x0 /Applications/ArmGNUToolchain/12.2.rel1/arm-none-eabi/bin/../lib/gcc/arm-none-eabi/12.2.1/../../../../arm-none-eabi/lib/thumb/v7e-m+fp/hard/libc_nano.a(libc_a-sprintf.o)
 .text          0x0000000020007134        0x0 /Applications/ArmGNUToolchain/12.2.rel1/arm-none-eabi/bin/../lib/gcc/arm-none-eabi/12.2.1/../../../../arm-none-eabi/lib/thumb/v7e-m+fp/hard/libc_nano.a(libc_a-strtol.o)
 .text          0x0000000020007134        0x0 /Applications/ArmGNUToolchain/12.2.rel1/arm-none-eabi/bin/../lib/gcc/arm-none-eabi/12.2.1/../../../../arm-none-eabi/lib/thumb/v7e-m+fp/hard/libc_nano.a(libc_a-memset.o)
 .text          0x0000000020007134        0x0 /Applications/ArmGNUToolchain/12.2.rel1/arm-none-eabi/bin/../lib/gcc/arm-none-eabi/12.2.1/../../../../arm-none-eabi/lib/thumb/v7e-m+fp/hard/libc_nano.a(libc_a-impure.o)
 .text          0x0000000020007134        0x0 /Applications/ArmGNUToolchain/12.2.rel1/arm-none-eabi/bin/../lib/gcc/arm-none-eabi/12.2.1/../../../../arm-none-eabi/lib/thumb/v7e-m+fp/hard/libc_nano.a(libc_a-errno.o)
 .text          0x0000000020007134        0x0 /Applications/ArmGNUToolchain/12.2.rel1/arm-none-eabi/bin/../lib/gcc/arm-none-eabi/12.2.1/../../../../arm-none-eabi/lib/thumb/v7e-m+fp/hard/libc_nano.a(libc_a-ctype_.o)
 .text          0x0000000020007134        0x0 /Applications/ArmGNUToolchain/12.2.rel1/arm-none-eabi/bin/../lib/gcc/arm-none-eabi/12.2.1/../../../../arm-none-eabi/lib/thumb/v7e-m+fp/hard/libc_nano.a(libc_a-nano-svfprintf.o)
 .text          0x0000000020007134        0x0 /Applications/ArmGNUToolchain/12.2.rel1/arm-none-eabi/bin/../lib/gcc/arm-none-eabi/12.2.1/../../../../arm-none-eabi/lib/thumb/v7e-m+fp/hard/libc_nano.a(libc_a-mallocr.o)
 .text          0x0000000020007134        0x0 /Applications/ArmGNUToolchain/12.2.rel1/arm-none-eabi/bin/../lib/gcc/arm-none-eabi/12.2.1/../../../../arm-none-eabi/lib/thumb/v7e-m+fp/hard/libc_nano.a(libc_a-nano-vfprintf_i.o)
 .text          0x0000000020007134        0x0 /Applications/ArmGNUToolchain/12.2.rel1/arm-none-eabi/bin/../lib/gcc/arm-none-eabi/12.2.1/../../../../arm-none-eabi/lib/thumb/v7e-m+fp/hard/libc_nano.a(libc_a-mlock.o)
 .text          0x0000000020007134        0x0 /Applications/ArmGNUToolchain/12.2.rel1/arm-none-eabi/bin/../lib/gcc/arm-none-eabi/12.2.1/../../../../arm-none-eabi/lib/thumb/v7e-m+fp/hard/libc_nano.a(libc_a-reallocr.o)
 .text          0x0000000020007134        0x0 /Applications/ArmGNUToolchain/12.2.rel1/arm-none-eabi/bin/../lib/gcc/arm-none-eabi/12.2.1/../../../../arm-none-eabi/lib/thumb/v7e-m+fp/hard/libc_nano.a(libc_a-memmove.o)
 .text          0x0000000020007134        0x0 /Applications/ArmGNUToolchain/12.2.rel1/arm-none-eabi/bin/../lib/gcc/arm-none-eabi/12.2.1/../../../../arm-none-eabi/lib/thumb/v7e-m+fp/hard/libc_nano.a(libc_a-sbrkr.o)
 .text          0x0000000020007134        0x0 /Applications/ArmGNUToolchain/12.2.rel1/arm-none-eabi/bin/../lib/gcc/arm-none-eabi/12.2.1/../../../../arm-none-eabi/lib/thumb/v7e-m+fp/hard/libc_nano.a(libc_a-lock.o)
 *fill*         0x0000000020007134        0xc 
 .text          0x0000000020007140       0xa0 /Applications/ArmGNUToolchain/12.2.rel1/arm-none-eabi/bin/../lib/gcc/arm-none-eabi/12.2.1/../../../../arm-none-eabi/lib/thumb/v7e-m+fp/hard/libc_nano.a(libc_a-memchr.o)
                0x0000000020007140                memchr
 .text          0x00000000200071e0        0x0 /Applications/ArmGNUToolchain/12.2.rel1/arm-none-eabi/bin/../lib/gcc/arm-none-eabi/12.2.1/../../../../arm-none-eabi/lib/thumb/v7e-m+fp/hard/libc_nano.a(libc_a-memcpy-stub.o)
 .text          0x00000000200071e0        0x0 /Applications/ArmGNUToolchain/12.2.rel1/arm-none-eabi/bin/../lib/gcc/arm-none-eabi/12.2.1/../../../../arm-none-eabi/lib/thumb/v7e-m+fp/hard/libc_nano.a(libc_a-freer.o)
 .text          0x00000000200071e0        0x0 /Applications/ArmGNUToolchain/12.2.rel1/arm-none-eabi/bin/../lib/gcc/arm-none-eabi/12.2.1/../../../../arm-none-eabi/lib/thumb/v7e-m+fp/hard/libc_nano.a(libc_a-msizer.o)
 .text          0x00000000200071e0        0x0 /Applications/ArmGNUToolchain/12.2.rel1/arm-none-eabi/bin/../lib/gcc/arm-none-eabi/12.2.1/../../../../arm-none-eabi/lib/thumb/v7e-m+fp/hard/libc_nano.a(libc_a-reent.o)
 *(.text.*)
 .text.atoi     0x00000000200071e0        0x8 /Applications/ArmGNUToolchain/12.2.rel1/arm-none-eabi/bin/../lib/gcc/arm-none-eabi/12.2.1/../../../../arm-none-eabi/lib/thumb/v7e-m+fp/hard/libc_nano.a(libc_a-atoi.o)
                0x00000000200071e0                atoi
 .text._atoi_r  0x00000000200071e8        0x8 /Applications/ArmGNUToolchain/12.2.rel1/arm-none-eabi/bin/../lib/gcc/arm-none-eabi/12.2.1/../../../../arm-none-eabi/lib/thumb/v7e-m+fp/hard/libc_nano.a(libc_a-atoi.o)
                0x00000000200071e8                _atoi_r
 .text._sprintf_r
                0x00000000200071f0       0x38 /Applications/ArmGNUToolchain/12.2.rel1/arm-none-eabi/bin/../lib/gcc/arm-none-eabi/12.2.1/../../../../arm-none-eabi/lib/thumb/v7e-m+fp/hard/libc_nano.a(libc_a-sprintf.o)
                0x00000000200071f0                _siprintf_r
                0x00000000200071f0                _sprintf_r
 .text.sprintf  0x0000000020007228       0x40 /Applications/ArmGNUToolchain/12.2.rel1/arm-none-eabi/bin/../lib/gcc/arm-none-eabi/12.2.1/../../../../arm-none-eabi/lib/thumb/v7e-m+fp/hard/libc_nano.a(libc_a-sprintf.o)
                0x0000000020007228                sprintf
                0x0000000020007228                siprintf
 .text._strtol_l.constprop.0
                0x0000000020007268       0xfc /Applications/ArmGNUToolchain/12.2.rel1/arm-none-eabi/bin/../lib/gcc/arm-none-eabi/12.2.1/../../../../arm-none-eabi/lib/thumb/v7e-m+fp/hard/libc_nano.a(libc_a-strtol.o)
 .text._strtol_r
                0x0000000020007364        0x4 /Applications/ArmGNUToolchain/12.2.rel1/arm-none-eabi/bin/../lib/gcc/arm-none-eabi/12.2.1/../../../../arm-none-eabi/lib/thumb/v7e-m+fp/hard/libc_nano.a(libc_a-strtol.o)
                0x0000000020007364                _strtol_r
 .text.strtol_l
                0x0000000020007368       0x14 /Applications/ArmGNUToolchain/12.2.rel1/arm-none-eabi/bin/../lib/gcc/arm-none-eabi/12.2.1/../../../../arm-none-eabi/lib/thumb/v7e-m+fp/hard/libc_nano.a(libc_a-strtol.o)
                0x0000000020007368                strtol_l
 .text.strtol   0x000000002000737c       0x14 /Applications/ArmGNUToolchain/12.2.rel1/arm-none-eabi/bin/../lib/gcc/arm-none-eabi/12.2.1/../../../../arm-none-eabi/lib/thumb/v7e-m+fp/hard/libc_nano.a(libc_a-strtol.o)
                0x000000002000737c                strtol
 .text.memset   0x0000000020007390       0x10 /Applications/ArmGNUToolchain/12.2.rel1/arm-none-eabi/bin/../lib/gcc/arm-none-eabi/12.2.1/../../../../arm-none-eabi/lib/thumb/v7e-m+fp/hard/libc_nano.a(libc_a-memset.o)
                0x0000000020007390                memset
 .text.__errno  0x00000000200073a0        0xc /Applications/ArmGNUToolchain/12.2.rel1/arm-none-eabi/bin/../lib/gcc/arm-none-eabi/12.2.1/../../../../arm-none-eabi/lib/thumb/v7e-m+fp/hard/libc_nano.a(libc_a-errno.o)
                0x00000000200073a0                __errno
 .text.__ssputs_r
                0x00000000200073ac       0xb6 /Applications/ArmGNUToolchain/12.2.rel1/arm-none-eabi/bin/../lib/gcc/arm-none-eabi/12.2.1/../../../../arm-none-eabi/lib/thumb/v7e-m+fp/hard/libc_nano.a(libc_a-nano-svfprintf.o)
                0x00000000200073ac                __ssputs_r
 .text.__ssprint_r
                0x0000000020007462       0xfa /Applications/ArmGNUToolchain/12.2.rel1/arm-none-eabi/bin/../lib/gcc/arm-none-eabi/12.2.1/../../../../arm-none-eabi/lib/thumb/v7e-m+fp/hard/libc_nano.a(libc_a-nano-svfprintf.o)
                0x0000000020007462                __ssprint_r
 .text._svfprintf_r
                0x000000002000755c      0x1f8 /Applications/ArmGNUToolchain/12.2.rel1/arm-none-eabi/bin/../lib/gcc/arm-none-eabi/12.2.1/../../../../arm-none-eabi/lib/thumb/v7e-m+fp/hard/libc_nano.a(libc_a-nano-svfprintf.o)
                0x000000002000755c                _svfprintf_r
                0x000000002000755c                _svfiprintf_r
 .text.sbrk_aligned
                0x0000000020007754       0x44 /Applications/ArmGNUToolchain/12.2.rel1/arm-none-eabi/bin/../lib/gcc/arm-none-eabi/12.2.1/../../../../arm-none-eabi/lib/thumb/v7e-m+fp/hard/libc_nano.a(libc_a-mallocr.o)
 .text._malloc_r
                0x0000000020007798       0xf0 /Applications/ArmGNUToolchain/12.2.rel1/arm-none-eabi/bin/../lib/gcc/arm-none-eabi/12.2.1/../../../../arm-none-eabi/lib/thumb/v7e-m+fp/hard/libc_nano.a(libc_a-mallocr.o)
                0x0000000020007798                _malloc_r
 .text._printf_common
                0x0000000020007888       0xda /Applications/ArmGNUToolchain/12.2.rel1/arm-none-eabi/bin/../lib/gcc/arm-none-eabi/12.2.1/../../../../arm-none-eabi/lib/thumb/v7e-m+fp/hard/libc_nano.a(libc_a-nano-vfprintf_i.o)
                0x0000000020007888                _printf_common
 *fill*         0x0000000020007962        0x2 
 .text._printf_i
                0x0000000020007964      0x258 /Applications/ArmGNUToolchain/12.2.rel1/arm-none-eabi/bin/../lib/gcc/arm-none-eabi/12.2.1/../../../../arm-none-eabi/lib/thumb/v7e-m+fp/hard/libc_nano.a(libc_a-nano-vfprintf_i.o)
                0x0000000020007964                _printf_i
 .text.__malloc_lock
                0x0000000020007bbc        0xc /Applications/ArmGNUToolchain/12.2.rel1/arm-none-eabi/bin/../lib/gcc/arm-none-eabi/12.2.1/../../../../arm-none-eabi/lib/thumb/v7e-m+fp/hard/libc_nano.a(libc_a-mlock.o)
                0x0000000020007bbc                __malloc_lock
 .text.__malloc_unlock
                0x0000000020007bc8        0xc /Applications/ArmGNUToolchain/12.2.rel1/arm-none-eabi/bin/../lib/gcc/arm-none-eabi/12.2.1/../../../../arm-none-eabi/lib/thumb/v7e-m+fp/hard/libc_nano.a(libc_a-mlock.o)
                0x0000000020007bc8                __malloc_unlock
 .text._realloc_r
                0x0000000020007bd4       0x5c /Applications/ArmGNUToolchain/12.2.rel1/arm-none-eabi/bin/../lib/gcc/arm-none-eabi/12.2.1/../../../../arm-none-eabi/lib/thumb/v7e-m+fp/hard/libc_nano.a(libc_a-reallocr.o)
                0x0000000020007bd4                _realloc_r
 .text.memmove  0x0000000020007c30       0x34 /Applications/ArmGNUToolchain/12.2.rel1/arm-none-eabi/bin/../lib/gcc/arm-none-eabi/12.2.1/../../../../arm-none-eabi/lib/thumb/v7e-m+fp/hard/libc_nano.a(libc_a-memmove.o)
                0x0000000020007c30                memmove
 .text._sbrk_r  0x0000000020007c64       0x20 /Applications/ArmGNUToolchain/12.2.rel1/arm-none-eabi/bin/../lib/gcc/arm-none-eabi/12.2.1/../../../../arm-none-eabi/lib/thumb/v7e-m+fp/hard/libc_nano.a(libc_a-sbrkr.o)
                0x0000000020007c64                _sbrk_r
 .text.__retarget_lock_init
                0x0000000020007c84        0x2 /Applications/ArmGNUToolchain/12.2.rel1/arm-none-eabi/bin/../lib/gcc/arm-none-eabi/12.2.1/../../../../arm-none-eabi/lib/thumb/v7e-m+fp/hard/libc_nano.a(libc_a-lock.o)
                0x0000000020007c84                __retarget_lock_init
 .text.__retarget_lock_init_recursive
                0x0000000020007c86        0x2 /Applications/ArmGNUToolchain/12.2.rel1/arm-none-eabi/bin/../lib/gcc/arm-none-eabi/12.2.1/../../../../arm-none-eabi/lib/thumb/v7e-m+fp/hard/libc_nano.a(libc_a-lock.o)
                0x0000000020007c86                __retarget_lock_init_recursive
 .text.__retarget_lock_close
                0x0000000020007c88        0x2 /Applications/ArmGNUToolchain/12.2.rel1/arm-none-eabi/bin/../lib/gcc/arm-none-eabi/12.2.1/../../../../arm-none-eabi/lib/thumb/v7e-m+fp/hard/libc_nano.a(libc_a-lock.o)
                0x0000000020007c88                __retarget_lock_close
 .text.__retarget_lock_close_recursive
                0x0000000020007c8a        0x2 /Applications/ArmGNUToolchain/12.2.rel1/arm-none-eabi/bin/../lib/gcc/arm-none-eabi/12.2.1/../../../../arm-none-eabi/lib/thumb/v7e-m+fp/hard/libc_nano.a(libc_a-lock.o)
                0x0000000020007c8a                __retarget_lock_close_recursive
 .text.__retarget_lock_acquire
                0x0000000020007c8c        0x2 /Applications/ArmGNUToolchain/12.2.rel1/arm-none-eabi/bin/../lib/gcc/arm-none-eabi/12.2.1/../../../../arm-none-eabi/lib/thumb/v7e-m+fp/hard/libc_nano.a(libc_a-lock.o)
                0x0000000020007c8c                __retarget_lock_acquire
 .text.__retarget_lock_acquire_recursive
                0x0000000020007c8e        0x2 /Applications/ArmGNUToolchain/12.2.rel1/arm-none-eabi/bin/../lib/gcc/arm-none-eabi/12.2.1/../../../../arm-none-eabi/lib/thumb/v7e-m+fp/hard/libc_nano.a(libc_a-lock.o)
                0x0000000020007c8e                __retarget_lock_acquire_recursive
 .text.__retarget_lock_try_acquire
                0x0000000020007c90        0x4 /Applications/ArmGNUToolchain/12.2.rel1/arm-none-eabi/bin/../lib/gcc/arm-none-eabi/12.2.1/../../../../arm-none-eabi/lib/thumb/v7e-m+fp/hard/libc_nano.a(libc_a-lock.o)
                0x0000000020007c90                __retarget_lock_try_acquire
 .text.__retarget_lock_try_acquire_recursive
                0x0000000020007c94        0x4 /Applications/ArmGNUToolchain/12.2.rel1/arm-none-eabi/bin/../lib/gcc/arm-none-eabi/12.2.1/../../../../arm-none-eabi/lib/thumb/v7e-m+fp/hard/libc_nano.a(libc_a-lock.o)
                0x0000000020007c94                __retarget_lock_try_acquire_recursive
 .text.__retarget_lock_release
                0x0000000020007c98        0x2 /Applications/ArmGNUToolchain/12.2.rel1/arm-none-eabi/bin/../lib/gcc/arm-none-eabi/12.2.1/../../../../arm-none-eabi/lib/thumb/v7e-m+fp/hard/libc_nano.a(libc_a-lock.o)
                0x0000000020007c98                __retarget_lock_release
 .text.__retarget_lock_release_recursive
                0x0000000020007c9a        0x2 /Applications/ArmGNUToolchain/12.2.rel1/arm-none-eabi/bin/../lib/gcc/arm-none-eabi/12.2.1/../../../../arm-none-eabi/lib/thumb/v7e-m+fp/hard/libc_nano.a(libc_a-lock.o)
                0x0000000020007c9a                __retarget_lock_release_recursive
 .text.memcpy   0x0000000020007c9c       0x1c /Applications/ArmGNUToolchain/12.2.rel1/arm-none-eabi/bin/../lib/gcc/arm-none-eabi/12.2.1/../../../../arm-none-eabi/lib/thumb/v7e-m+fp/hard/libc_nano.a(libc_a-memcpy-stub.o)
                0x0000000020007c9c                memcpy
 .text._free_r  0x0000000020007cb8       0x94 /Applications/ArmGNUToolchain/12.2.rel1/arm-none-eabi/bin/../lib/gcc/arm-none-eabi/12.2.1/../../../../arm-none-eabi/lib/thumb/v7e-m+fp/hard/libc_nano.a(libc_a-freer.o)
                0x0000000020007cb8                _free_r
 .text._malloc_usable_size_r
                0x0000000020007d4c       0x10 /Applications/ArmGNUToolchain/12.2.rel1/arm-none-eabi/bin/../lib/gcc/arm-none-eabi/12.2.1/../../../../arm-none-eabi/lib/thumb/v7e-m+fp/hard/libc_nano.a(libc_a-msizer.o)
                0x0000000020007d4c                _malloc_usable_size_r
 .text._reclaim_reent
                0x0000000020007d5c       0xac /Applications/ArmGNUToolchain/12.2.rel1/arm-none-eabi/bin/../lib/gcc/arm-none-eabi/12.2.1/../../../../arm-none-eabi/lib/thumb/v7e-m+fp/hard/libc_nano.a(libc_a-reent.o)
                0x0000000020007d5c                _reclaim_reent
 *(.rodata)
 .rodata        0x0000000020007e08       0x81 Debug/TinyTimber.o
 *fill*         0x0000000020007e89        0x3 
 .rodata        0x0000000020007e8c       0x8a Debug/canTinyTimber.o
 *fill*         0x0000000020007f16        0x2 
 .rodata        0x0000000020007f18      0x204 Debug/application.o
                0x0000000020007f18                melody
                0x0000000020007f98                period
                0x0000000020007ffc                toneLengthFactor
 *(.rodata*)
 .rodata._ctype_
                0x000000002000811c      0x101 /Applications/ArmGNUToolchain/12.2.rel1/arm-none-eabi/bin/../lib/gcc/arm-none-eabi/12.2.1/../../../../arm-none-eabi/lib/thumb/v7e-m+fp/hard/libc_nano.a(libc_a-ctype_.o)
                0x000000002000811c                _ctype_
 .rodata._svfprintf_r.str1.1
                0x000000002000821d       0x11 /Applications/ArmGNUToolchain/12.2.rel1/arm-none-eabi/bin/../lib/gcc/arm-none-eabi/12.2.1/../../../../arm-none-eabi/lib/thumb/v7e-m+fp/hard/libc_nano.a(libc_a-nano-svfprintf.o)
 .rodata._printf_i.str1.1
                0x000000002000822e       0x22 /Applications/ArmGNUToolchain/12.2.rel1/arm-none-eabi/bin/../lib/gcc/arm-none-eabi/12.2.1/../../../../arm-none-eabi/lib/thumb/v7e-m+fp/hard/libc_nano.a(libc_a-nano-vfprintf_i.o)
 *(.glue_7)
 .glue_7        0x0000000020008250        0x0 linker stubs
 *(.glue_7t)
 .glue_7t       0x0000000020008250        0x0 linker stubs
                0x0000000020008250                . = ALIGN (0x4)

.vfp11_veneer   0x0000000020008250        0x0
 .vfp11_veneer  0x0000000020008250        0x0 linker stubs

.v4_bx          0x0000000020008250        0x0
 .v4_bx         0x0000000020008250        0x0 linker stubs

.iplt           0x0000000020008250        0x0
 .iplt          0x0000000020008250        0x0 Debug/dispatch.o

.rel.dyn        0x0000000020008250        0x0
 .rel.iplt      0x0000000020008250        0x0 Debug/dispatch.o

.data           0x0000000020008250      0x570
                0x0000000020008250                . = ALIGN (0x4)
 *(.data)
 .data          0x0000000020008250       0x84 Debug/dispatch.o
 .data          0x00000000200082d4       0x24 Debug/TinyTimber.o
                0x00000000200082d4                hex
                0x00000000200082e8                msgPool
                0x00000000200082ec                threadPool
                0x00000000200082f0                activeStack
                0x00000000200082f4                current
 .data          0x00000000200082f8        0x0 Debug/canTinyTimber.o
 .data          0x00000000200082f8        0x0 Debug/sciTinyTimber.o
 .data          0x00000000200082f8        0x0 Debug/stm32f4xx_can.o
 .data          0x00000000200082f8        0x0 Debug/stm32f4xx_dac.o
 .data          0x00000000200082f8        0x0 Debug/stm32f4xx_exti.o
 .data          0x00000000200082f8        0x0 Debug/stm32f4xx_gpio.o
 .data          0x00000000200082f8       0x10 Debug/stm32f4xx_rcc.o
 .data          0x0000000020008308        0x0 Debug/stm32f4xx_syscfg.o
 .data          0x0000000020008308        0x0 Debug/stm32f4xx_tim.o
 .data          0x0000000020008308        0x0 Debug/stm32f4xx_usart.o
 .data          0x0000000020008308        0x0 Debug/startup.o
 .data          0x0000000020008308      0x468 Debug/application.o
                0x0000000020008308                musicPlayer
                0x0000000020008338                toneGenerator
                0x000000002000834c                addr_dac
                0x0000000020008350                sci0
 .data          0x0000000020008770        0x0 /Applications/ArmGNUToolchain/12.2.rel1/arm-none-eabi/bin/../lib/gcc/arm-none-eabi/12.2.1/../../../../arm-none-eabi/lib/thumb/v7e-m+fp/hard/libc_nano.a(libc_a-atoi.o)
 .data          0x0000000020008770        0x0 /Applications/ArmGNUToolchain/12.2.rel1/arm-none-eabi/bin/../lib/gcc/arm-none-eabi/12.2.1/../../../../arm-none-eabi/lib/thumb/v7e-m+fp/hard/libc_nano.a(libc_a-sprintf.o)
 .data          0x0000000020008770        0x0 /Applications/ArmGNUToolchain/12.2.rel1/arm-none-eabi/bin/../lib/gcc/arm-none-eabi/12.2.1/../../../../arm-none-eabi/lib/thumb/v7e-m+fp/hard/libc_nano.a(libc_a-strtol.o)
 .data          0x0000000020008770        0x0 /Applications/ArmGNUToolchain/12.2.rel1/arm-none-eabi/bin/../lib/gcc/arm-none-eabi/12.2.1/../../../../arm-none-eabi/lib/thumb/v7e-m+fp/hard/libc_nano.a(libc_a-memset.o)
 .data          0x0000000020008770        0x0 /Applications/ArmGNUToolchain/12.2.rel1/arm-none-eabi/bin/../lib/gcc/arm-none-eabi/12.2.1/../../../../arm-none-eabi/lib/thumb/v7e-m+fp/hard/libc_nano.a(libc_a-impure.o)
 .data          0x0000000020008770        0x0 /Applications/ArmGNUToolchain/12.2.rel1/arm-none-eabi/bin/../lib/gcc/arm-none-eabi/12.2.1/../../../../arm-none-eabi/lib/thumb/v7e-m+fp/hard/libc_nano.a(libc_a-errno.o)
 .data          0x0000000020008770        0x0 /Applications/ArmGNUToolchain/12.2.rel1/arm-none-eabi/bin/../lib/gcc/arm-none-eabi/12.2.1/../../../../arm-none-eabi/lib/thumb/v7e-m+fp/hard/libc_nano.a(libc_a-ctype_.o)
 .data          0x0000000020008770        0x0 /Applications/ArmGNUToolchain/12.2.rel1/arm-none-eabi/bin/../lib/gcc/arm-none-eabi/12.2.1/../../../../arm-none-eabi/lib/thumb/v7e-m+fp/hard/libc_nano.a(libc_a-nano-svfprintf.o)
 .data          0x0000000020008770        0x0 /Applications/ArmGNUToolchain/12.2.rel1/arm-none-eabi/bin/../lib/gcc/arm-none-eabi/12.2.1/../../../../arm-none-eabi/lib/thumb/v7e-m+fp/hard/libc_nano.a(libc_a-mallocr.o)
 .data          0x0000000020008770        0x0 /Applications/ArmGNUToolchain/12.2.rel1/arm-none-eabi/bin/../lib/gcc/arm-none-eabi/12.2.1/../../../../arm-none-eabi/lib/thumb/v7e-m+fp/hard/libc_nano.a(libc_a-nano-vfprintf_i.o)
 .data          0x0000000020008770        0x0 /Applications/ArmGNUToolchain/12.2.rel1/arm-none-eabi/bin/../lib/gcc/arm-none-eabi/12.2.1/../../../../arm-none-eabi/lib/thumb/v7e-m+fp/hard/libc_nano.a(libc_a-mlock.o)
 .data          0x0000000020008770        0x0 /Applications/ArmGNUToolchain/12.2.rel1/arm-none-eabi/bin/../lib/gcc/arm-none-eabi/12.2.1/../../../../arm-none-eabi/lib/thumb/v7e-m+fp/hard/libc_nano.a(libc_a-reallocr.o)
 .data          0x0000000020008770        0x0 /Applications/ArmGNUToolchain/12.2.rel1/arm-none-eabi/bin/../lib/gcc/arm-none-eabi/12.2.1/../../../../arm-none-eabi/lib/thumb/v7e-m+fp/hard/libc_nano.a(libc_a-memmove.o)
 .data          0x0000000020008770        0x0 /Applications/ArmGNUToolchain/12.2.rel1/arm-none-eabi/bin/../lib/gcc/arm-none-eabi/12.2.1/../../../../arm-none-eabi/lib/thumb/v7e-m+fp/hard/libc_nano.a(libc_a-sbrkr.o)
 .data          0x0000000020008770        0x0 /Applications/ArmGNUToolchain/12.2.rel1/arm-none-eabi/bin/../lib/gcc/arm-none-eabi/12.2.1/../../../../arm-none-eabi/lib/thumb/v7e-m+fp/hard/libc_nano.a(libc_a-lock.o)
 .data          0x0000000020008770        0x0 /Applications/ArmGNUToolchain/12.2.rel1/arm-none-eabi/bin/../lib/gcc/arm-none-eabi/12.2.1/../../../../arm-none-eabi/lib/thumb/v7e-m+fp/hard/libc_nano.a(libc_a-memchr.o)
 .data          0x0000000020008770        0x0 /Applications/ArmGNUToolchain/12.2.rel1/arm-none-eabi/bin/../lib/gcc/arm-none-eabi/12.2.1/../../../../arm-none-eabi/lib/thumb/v7e-m+fp/hard/libc_nano.a(libc_a-memcpy-stub.o)
 .data          0x0000000020008770        0x0 /Applications/ArmGNUToolchain/12.2.rel1/arm-none-eabi/bin/../lib/gcc/arm-none-eabi/12.2.1/../../../../arm-none-eabi/lib/thumb/v7e-m+fp/hard/libc_nano.a(libc_a-freer.o)
 .data          0x0000000020008770        0x0 /Applications/ArmGNUToolchain/12.2.rel1/arm-none-eabi/bin/../lib/gcc/arm-none-eabi/12.2.1/../../../../arm-none-eabi/lib/thumb/v7e-m+fp/hard/libc_nano.a(libc_a-msizer.o)
 .data          0x0000000020008770        0x0 /Applications/ArmGNUToolchain/12.2.rel1/arm-none-eabi/bin/../lib/gcc/arm-none-eabi/12.2.1/../../../../arm-none-eabi/lib/thumb/v7e-m+fp/hard/libc_nano.a(libc_a-reent.o)
 *(.data.*)
 .data._impure_ptr
                0x0000000020008770        0x4 /Applications/ArmGNUToolchain/12.2.rel1/arm-none-eabi/bin/../lib/gcc/arm-none-eabi/12.2.1/../../../../arm-none-eabi/lib/thumb/v7e-m+fp/hard/libc_nano.a(libc_a-impure.o)
                0x0000000020008770                _impure_ptr
 .data._impure_data
                0x0000000020008774       0x4c /Applications/ArmGNUToolchain/12.2.rel1/arm-none-eabi/bin/../lib/gcc/arm-none-eabi/12.2.1/../../../../arm-none-eabi/lib/thumb/v7e-m+fp/hard/libc_nano.a(libc_a-impure.o)
                0x0000000020008774                _impure_data
                0x00000000200087c0                . = ALIGN (0x4)

.igot.plt       0x00000000200087c0        0x0
 .igot.plt      0x00000000200087c0        0x0 Debug/dispatch.o

.bss            0x00000000200087c0     0x8384
                0x00000000200087c0                . = ALIGN (0x4)
                0x00000000200087c0                _sbss = .
 *(.bss)
 .bss           0x00000000200087c0        0x0 Debug/dispatch.o
 .bss           0x00000000200087c0     0x8370 Debug/TinyTimber.o
                0x00000000200087c0                __heap_end
                0x00000000200087c4                messages
                0x0000000020008a94                threads
                0x0000000020008ae8                stacks
                0x0000000020010ae8                thread0
                0x0000000020010afc                msgQ
                0x0000000020010b00                timerQ
                0x0000000020010b04                runAsHardware
                0x0000000020010b08                doIRQSchedule
                0x0000000020010b0c                timestamp
                0x0000000020010b10                overflows
                0x0000000020010b14                upcoming
                0x0000000020010b18                mtable
                0x0000000020010b24                otable
 .bss           0x0000000020010b30        0x0 Debug/canTinyTimber.o
 .bss           0x0000000020010b30        0x0 Debug/sciTinyTimber.o
 .bss           0x0000000020010b30        0x0 Debug/stm32f4xx_can.o
 .bss           0x0000000020010b30        0x0 Debug/stm32f4xx_dac.o
 .bss           0x0000000020010b30        0x0 Debug/stm32f4xx_exti.o
 .bss           0x0000000020010b30        0x0 Debug/stm32f4xx_gpio.o
 .bss           0x0000000020010b30        0x0 Debug/stm32f4xx_rcc.o
 .bss           0x0000000020010b30        0x0 Debug/stm32f4xx_syscfg.o
 .bss           0x0000000020010b30        0x0 Debug/stm32f4xx_tim.o
 .bss           0x0000000020010b30        0x0 Debug/stm32f4xx_usart.o
 .bss           0x0000000020010b30        0x0 Debug/startup.o
 .bss           0x0000000020010b30        0x0 Debug/application.o
 .bss           0x0000000020010b30        0x0 /Applications/ArmGNUToolchain/12.2.rel1/arm-none-eabi/bin/../lib/gcc/arm-none-eabi/12.2.1/../../../../arm-none-eabi/lib/thumb/v7e-m+fp/hard/libc_nano.a(libc_a-atoi.o)
 .bss           0x0000000020010b30        0x0 /Applications/ArmGNUToolchain/12.2.rel1/arm-none-eabi/bin/../lib/gcc/arm-none-eabi/12.2.1/../../../../arm-none-eabi/lib/thumb/v7e-m+fp/hard/libc_nano.a(libc_a-sprintf.o)
 .bss           0x0000000020010b30        0x0 /Applications/ArmGNUToolchain/12.2.rel1/arm-none-eabi/bin/../lib/gcc/arm-none-eabi/12.2.1/../../../../arm-none-eabi/lib/thumb/v7e-m+fp/hard/libc_nano.a(libc_a-strtol.o)
 .bss           0x0000000020010b30        0x0 /Applications/ArmGNUToolchain/12.2.rel1/arm-none-eabi/bin/../lib/gcc/arm-none-eabi/12.2.1/../../../../arm-none-eabi/lib/thumb/v7e-m+fp/hard/libc_nano.a(libc_a-memset.o)
 .bss           0x0000000020010b30        0x0 /Applications/ArmGNUToolchain/12.2.rel1/arm-none-eabi/bin/../lib/gcc/arm-none-eabi/12.2.1/../../../../arm-none-eabi/lib/thumb/v7e-m+fp/hard/libc_nano.a(libc_a-impure.o)
 .bss           0x0000000020010b30        0x0 /Applications/ArmGNUToolchain/12.2.rel1/arm-none-eabi/bin/../lib/gcc/arm-none-eabi/12.2.1/../../../../arm-none-eabi/lib/thumb/v7e-m+fp/hard/libc_nano.a(libc_a-errno.o)
 .bss           0x0000000020010b30        0x0 /Applications/ArmGNUToolchain/12.2.rel1/arm-none-eabi/bin/../lib/gcc/arm-none-eabi/12.2.1/../../../../arm-none-eabi/lib/thumb/v7e-m+fp/hard/libc_nano.a(libc_a-ctype_.o)
 .bss           0x0000000020010b30        0x0 /Applications/ArmGNUToolchain/12.2.rel1/arm-none-eabi/bin/../lib/gcc/arm-none-eabi/12.2.1/../../../../arm-none-eabi/lib/thumb/v7e-m+fp/hard/libc_nano.a(libc_a-nano-svfprintf.o)
 .bss           0x0000000020010b30        0x0 /Applications/ArmGNUToolchain/12.2.rel1/arm-none-eabi/bin/../lib/gcc/arm-none-eabi/12.2.1/../../../../arm-none-eabi/lib/thumb/v7e-m+fp/hard/libc_nano.a(libc_a-mallocr.o)
 .bss           0x0000000020010b30        0x0 /Applications/ArmGNUToolchain/12.2.rel1/arm-none-eabi/bin/../lib/gcc/arm-none-eabi/12.2.1/../../../../arm-none-eabi/lib/thumb/v7e-m+fp/hard/libc_nano.a(libc_a-nano-vfprintf_i.o)
 .bss           0x0000000020010b30        0x0 /Applications/ArmGNUToolchain/12.2.rel1/arm-none-eabi/bin/../lib/gcc/arm-none-eabi/12.2.1/../../../../arm-none-eabi/lib/thumb/v7e-m+fp/hard/libc_nano.a(libc_a-mlock.o)
 .bss           0x0000000020010b30        0x0 /Applications/ArmGNUToolchain/12.2.rel1/arm-none-eabi/bin/../lib/gcc/arm-none-eabi/12.2.1/../../../../arm-none-eabi/lib/thumb/v7e-m+fp/hard/libc_nano.a(libc_a-reallocr.o)
 .bss           0x0000000020010b30        0x0 /Applications/ArmGNUToolchain/12.2.rel1/arm-none-eabi/bin/../lib/gcc/arm-none-eabi/12.2.1/../../../../arm-none-eabi/lib/thumb/v7e-m+fp/hard/libc_nano.a(libc_a-memmove.o)
 .bss           0x0000000020010b30        0x0 /Applications/ArmGNUToolchain/12.2.rel1/arm-none-eabi/bin/../lib/gcc/arm-none-eabi/12.2.1/../../../../arm-none-eabi/lib/thumb/v7e-m+fp/hard/libc_nano.a(libc_a-sbrkr.o)
 .bss           0x0000000020010b30        0x0 /Applications/ArmGNUToolchain/12.2.rel1/arm-none-eabi/bin/../lib/gcc/arm-none-eabi/12.2.1/../../../../arm-none-eabi/lib/thumb/v7e-m+fp/hard/libc_nano.a(libc_a-lock.o)
 .bss           0x0000000020010b30        0x0 /Applications/ArmGNUToolchain/12.2.rel1/arm-none-eabi/bin/../lib/gcc/arm-none-eabi/12.2.1/../../../../arm-none-eabi/lib/thumb/v7e-m+fp/hard/libc_nano.a(libc_a-memchr.o)
 .bss           0x0000000020010b30        0x0 /Applications/ArmGNUToolchain/12.2.rel1/arm-none-eabi/bin/../lib/gcc/arm-none-eabi/12.2.1/../../../../arm-none-eabi/lib/thumb/v7e-m+fp/hard/libc_nano.a(libc_a-memcpy-stub.o)
 .bss           0x0000000020010b30        0x0 /Applications/ArmGNUToolchain/12.2.rel1/arm-none-eabi/bin/../lib/gcc/arm-none-eabi/12.2.1/../../../../arm-none-eabi/lib/thumb/v7e-m+fp/hard/libc_nano.a(libc_a-freer.o)
 .bss           0x0000000020010b30        0x0 /Applications/ArmGNUToolchain/12.2.rel1/arm-none-eabi/bin/../lib/gcc/arm-none-eabi/12.2.1/../../../../arm-none-eabi/lib/thumb/v7e-m+fp/hard/libc_nano.a(libc_a-msizer.o)
 .bss           0x0000000020010b30        0x0 /Applications/ArmGNUToolchain/12.2.rel1/arm-none-eabi/bin/../lib/gcc/arm-none-eabi/12.2.1/../../../../arm-none-eabi/lib/thumb/v7e-m+fp/hard/libc_nano.a(libc_a-reent.o)
 *(.bss.*)
 .bss.__malloc_sbrk_start
                0x0000000020010b30        0x4 /Applications/ArmGNUToolchain/12.2.rel1/arm-none-eabi/bin/../lib/gcc/arm-none-eabi/12.2.1/../../../../arm-none-eabi/lib/thumb/v7e-m+fp/hard/libc_nano.a(libc_a-mallocr.o)
                0x0000000020010b30                __malloc_sbrk_start
 .bss.__malloc_free_list
                0x0000000020010b34        0x4 /Applications/ArmGNUToolchain/12.2.rel1/arm-none-eabi/bin/../lib/gcc/arm-none-eabi/12.2.1/../../../../arm-none-eabi/lib/thumb/v7e-m+fp/hard/libc_nano.a(libc_a-mallocr.o)
                0x0000000020010b34                __malloc_free_list
 .bss.__lock___arc4random_mutex
                0x0000000020010b38        0x1 /Applications/ArmGNUToolchain/12.2.rel1/arm-none-eabi/bin/../lib/gcc/arm-none-eabi/12.2.1/../../../../arm-none-eabi/lib/thumb/v7e-m+fp/hard/libc_nano.a(libc_a-lock.o)
                0x0000000020010b38                __lock___arc4random_mutex
 .bss.__lock___dd_hash_mutex
                0x0000000020010b39        0x1 /Applications/ArmGNUToolchain/12.2.rel1/arm-none-eabi/bin/../lib/gcc/arm-none-eabi/12.2.1/../../../../arm-none-eabi/lib/thumb/v7e-m+fp/hard/libc_nano.a(libc_a-lock.o)
                0x0000000020010b39                __lock___dd_hash_mutex
 .bss.__lock___tz_mutex
                0x0000000020010b3a        0x1 /Applications/ArmGNUToolchain/12.2.rel1/arm-none-eabi/bin/../lib/gcc/arm-none-eabi/12.2.1/../../../../arm-none-eabi/lib/thumb/v7e-m+fp/hard/libc_nano.a(libc_a-lock.o)
                0x0000000020010b3a                __lock___tz_mutex
 .bss.__lock___env_recursive_mutex
                0x0000000020010b3b        0x1 /Applications/ArmGNUToolchain/12.2.rel1/arm-none-eabi/bin/../lib/gcc/arm-none-eabi/12.2.1/../../../../arm-none-eabi/lib/thumb/v7e-m+fp/hard/libc_nano.a(libc_a-lock.o)
                0x0000000020010b3b                __lock___env_recursive_mutex
 .bss.__lock___malloc_recursive_mutex
                0x0000000020010b3c        0x1 /Applications/ArmGNUToolchain/12.2.rel1/arm-none-eabi/bin/../lib/gcc/arm-none-eabi/12.2.1/../../../../arm-none-eabi/lib/thumb/v7e-m+fp/hard/libc_nano.a(libc_a-lock.o)
                0x0000000020010b3c                __lock___malloc_recursive_mutex
 .bss.__lock___at_quick_exit_mutex
                0x0000000020010b3d        0x1 /Applications/ArmGNUToolchain/12.2.rel1/arm-none-eabi/bin/../lib/gcc/arm-none-eabi/12.2.1/../../../../arm-none-eabi/lib/thumb/v7e-m+fp/hard/libc_nano.a(libc_a-lock.o)
                0x0000000020010b3d                __lock___at_quick_exit_mutex
 .bss.__lock___atexit_recursive_mutex
                0x0000000020010b3e        0x1 /Applications/ArmGNUToolchain/12.2.rel1/arm-none-eabi/bin/../lib/gcc/arm-none-eabi/12.2.1/../../../../arm-none-eabi/lib/thumb/v7e-m+fp/hard/libc_nano.a(libc_a-lock.o)
                0x0000000020010b3e                __lock___atexit_recursive_mutex
 .bss.__lock___sfp_recursive_mutex
                0x0000000020010b3f        0x1 /Applications/ArmGNUToolchain/12.2.rel1/arm-none-eabi/bin/../lib/gcc/arm-none-eabi/12.2.1/../../../../arm-none-eabi/lib/thumb/v7e-m+fp/hard/libc_nano.a(libc_a-lock.o)
                0x0000000020010b3f                __lock___sfp_recursive_mutex
 .bss.errno     0x0000000020010b40        0x4 /Applications/ArmGNUToolchain/12.2.rel1/arm-none-eabi/bin/../lib/gcc/arm-none-eabi/12.2.1/../../../../arm-none-eabi/lib/thumb/v7e-m+fp/hard/libc_nano.a(libc_a-reent.o)
                0x0000000020010b40                errno
 *(COMMON)
                0x0000000020010b44                . = ALIGN (0x4)
                0x0000000020010b44                _ebss = .
                0x0000000020010b44                PROVIDE (end = _ebss)
                [!provide]                        PROVIDE (_end = _ebss)
OUTPUT(Debug/RTS-Lab.elf elf32-littlearm)
LOAD linker stubs

.ARM.attributes
                0x0000000000000000       0x35
 .ARM.attributes
                0x0000000000000000       0x25 Debug/dispatch.o
 .ARM.attributes
                0x0000000000000025       0x34 Debug/TinyTimber.o
 .ARM.attributes
                0x0000000000000059       0x34 Debug/canTinyTimber.o
 .ARM.attributes
                0x000000000000008d       0x34 Debug/sciTinyTimber.o
 .ARM.attributes
                0x00000000000000c1       0x34 Debug/stm32f4xx_can.o
 .ARM.attributes
                0x00000000000000f5       0x34 Debug/stm32f4xx_dac.o
 .ARM.attributes
                0x0000000000000129       0x34 Debug/stm32f4xx_exti.o
 .ARM.attributes
                0x000000000000015d       0x34 Debug/stm32f4xx_gpio.o
 .ARM.attributes
                0x0000000000000191       0x34 Debug/stm32f4xx_rcc.o
 .ARM.attributes
                0x00000000000001c5       0x34 Debug/stm32f4xx_syscfg.o
 .ARM.attributes
                0x00000000000001f9       0x34 Debug/stm32f4xx_tim.o
 .ARM.attributes
                0x000000000000022d       0x34 Debug/stm32f4xx_usart.o
 .ARM.attributes
                0x0000000000000261       0x34 Debug/startup.o
 .ARM.attributes
                0x0000000000000295       0x34 Debug/application.o
 .ARM.attributes
                0x00000000000002c9       0x34 /Applications/ArmGNUToolchain/12.2.rel1/arm-none-eabi/bin/../lib/gcc/arm-none-eabi/12.2.1/../../../../arm-none-eabi/lib/thumb/v7e-m+fp/hard/libc_nano.a(libc_a-atoi.o)
 .ARM.attributes
                0x00000000000002fd       0x34 /Applications/ArmGNUToolchain/12.2.rel1/arm-none-eabi/bin/../lib/gcc/arm-none-eabi/12.2.1/../../../../arm-none-eabi/lib/thumb/v7e-m+fp/hard/libc_nano.a(libc_a-sprintf.o)
 .ARM.attributes
                0x0000000000000331       0x34 /Applications/ArmGNUToolchain/12.2.rel1/arm-none-eabi/bin/../lib/gcc/arm-none-eabi/12.2.1/../../../../arm-none-eabi/lib/thumb/v7e-m+fp/hard/libc_nano.a(libc_a-strtol.o)
 .ARM.attributes
                0x0000000000000365       0x34 /Applications/ArmGNUToolchain/12.2.rel1/arm-none-eabi/bin/../lib/gcc/arm-none-eabi/12.2.1/../../../../arm-none-eabi/lib/thumb/v7e-m+fp/hard/libc_nano.a(libc_a-memset.o)
 .ARM.attributes
                0x0000000000000399       0x34 /Applications/ArmGNUToolchain/12.2.rel1/arm-none-eabi/bin/../lib/gcc/arm-none-eabi/12.2.1/../../../../arm-none-eabi/lib/thumb/v7e-m+fp/hard/libc_nano.a(libc_a-impure.o)
 .ARM.attributes
                0x00000000000003cd       0x34 /Applications/ArmGNUToolchain/12.2.rel1/arm-none-eabi/bin/../lib/gcc/arm-none-eabi/12.2.1/../../../../arm-none-eabi/lib/thumb/v7e-m+fp/hard/libc_nano.a(libc_a-errno.o)
 .ARM.attributes
                0x0000000000000401       0x34 /Applications/ArmGNUToolchain/12.2.rel1/arm-none-eabi/bin/../lib/gcc/arm-none-eabi/12.2.1/../../../../arm-none-eabi/lib/thumb/v7e-m+fp/hard/libc_nano.a(libc_a-ctype_.o)
 .ARM.attributes
                0x0000000000000435       0x34 /Applications/ArmGNUToolchain/12.2.rel1/arm-none-eabi/bin/../lib/gcc/arm-none-eabi/12.2.1/../../../../arm-none-eabi/lib/thumb/v7e-m+fp/hard/libc_nano.a(libc_a-nano-svfprintf.o)
 .ARM.attributes
                0x0000000000000469       0x34 /Applications/ArmGNUToolchain/12.2.rel1/arm-none-eabi/bin/../lib/gcc/arm-none-eabi/12.2.1/../../../../arm-none-eabi/lib/thumb/v7e-m+fp/hard/libc_nano.a(libc_a-mallocr.o)
 .ARM.attributes
                0x000000000000049d       0x34 /Applications/ArmGNUToolchain/12.2.rel1/arm-none-eabi/bin/../lib/gcc/arm-none-eabi/12.2.1/../../../../arm-none-eabi/lib/thumb/v7e-m+fp/hard/libc_nano.a(libc_a-nano-vfprintf_i.o)
 .ARM.attributes
                0x00000000000004d1       0x34 /Applications/ArmGNUToolchain/12.2.rel1/arm-none-eabi/bin/../lib/gcc/arm-none-eabi/12.2.1/../../../../arm-none-eabi/lib/thumb/v7e-m+fp/hard/libc_nano.a(libc_a-mlock.o)
 .ARM.attributes
                0x0000000000000505       0x34 /Applications/ArmGNUToolchain/12.2.rel1/arm-none-eabi/bin/../lib/gcc/arm-none-eabi/12.2.1/../../../../arm-none-eabi/lib/thumb/v7e-m+fp/hard/libc_nano.a(libc_a-reallocr.o)
 .ARM.attributes
                0x0000000000000539       0x34 /Applications/ArmGNUToolchain/12.2.rel1/arm-none-eabi/bin/../lib/gcc/arm-none-eabi/12.2.1/../../../../arm-none-eabi/lib/thumb/v7e-m+fp/hard/libc_nano.a(libc_a-memmove.o)
 .ARM.attributes
                0x000000000000056d       0x34 /Applications/ArmGNUToolchain/12.2.rel1/arm-none-eabi/bin/../lib/gcc/arm-none-eabi/12.2.1/../../../../arm-none-eabi/lib/thumb/v7e-m+fp/hard/libc_nano.a(libc_a-sbrkr.o)
 .ARM.attributes
                0x00000000000005a1       0x34 /Applications/ArmGNUToolchain/12.2.rel1/arm-none-eabi/bin/../lib/gcc/arm-none-eabi/12.2.1/../../../../arm-none-eabi/lib/thumb/v7e-m+fp/hard/libc_nano.a(libc_a-lock.o)
 .ARM.attributes
                0x00000000000005d5       0x1c /Applications/ArmGNUToolchain/12.2.rel1/arm-none-eabi/bin/../lib/gcc/arm-none-eabi/12.2.1/../../../../arm-none-eabi/lib/thumb/v7e-m+fp/hard/libc_nano.a(libc_a-memchr.o)
 .ARM.attributes
                0x00000000000005f1       0x34 /Applications/ArmGNUToolchain/12.2.rel1/arm-none-eabi/bin/../lib/gcc/arm-none-eabi/12.2.1/../../../../arm-none-eabi/lib/thumb/v7e-m+fp/hard/libc_nano.a(libc_a-memcpy-stub.o)
 .ARM.attributes
                0x0000000000000625       0x34 /Applications/ArmGNUToolchain/12.2.rel1/arm-none-eabi/bin/../lib/gcc/arm-none-eabi/12.2.1/../../../../arm-none-eabi/lib/thumb/v7e-m+fp/hard/libc_nano.a(libc_a-freer.o)
 .ARM.attributes
                0x0000000000000659       0x34 /Applications/ArmGNUToolchain/12.2.rel1/arm-none-eabi/bin/../lib/gcc/arm-none-eabi/12.2.1/../../../../arm-none-eabi/lib/thumb/v7e-m+fp/hard/libc_nano.a(libc_a-msizer.o)
 .ARM.attributes
                0x000000000000068d       0x34 /Applications/ArmGNUToolchain/12.2.rel1/arm-none-eabi/bin/../lib/gcc/arm-none-eabi/12.2.1/../../../../arm-none-eabi/lib/thumb/v7e-m+fp/hard/libc_nano.a(libc_a-reent.o)

.comment        0x0000000000000000       0x45
 .comment       0x0000000000000000       0x45 Debug/TinyTimber.o
                                         0x46 (size before relaxing)
 .comment       0x0000000000000045       0x46 Debug/canTinyTimber.o
 .comment       0x0000000000000045       0x46 Debug/sciTinyTimber.o
 .comment       0x0000000000000045       0x46 Debug/stm32f4xx_can.o
 .comment       0x0000000000000045       0x46 Debug/stm32f4xx_dac.o
 .comment       0x0000000000000045       0x46 Debug/stm32f4xx_exti.o
 .comment       0x0000000000000045       0x46 Debug/stm32f4xx_gpio.o
 .comment       0x0000000000000045       0x46 Debug/stm32f4xx_rcc.o
 .comment       0x0000000000000045       0x46 Debug/stm32f4xx_syscfg.o
 .comment       0x0000000000000045       0x46 Debug/stm32f4xx_tim.o
 .comment       0x0000000000000045       0x46 Debug/stm32f4xx_usart.o
 .comment       0x0000000000000045       0x46 Debug/startup.o
 .comment       0x0000000000000045       0x46 Debug/application.o

.debug_info     0x0000000000000000     0x969b
 .debug_info    0x0000000000000000     0x18b3 Debug/TinyTimber.o
 .debug_info    0x00000000000018b3      0xe78 Debug/canTinyTimber.o
 .debug_info    0x000000000000272b      0xa14 Debug/sciTinyTimber.o
 .debug_info    0x000000000000313f      0xb71 Debug/stm32f4xx_can.o
 .debug_info    0x0000000000003cb0      0x61b Debug/stm32f4xx_dac.o
 .debug_info    0x00000000000042cb      0x31b Debug/stm32f4xx_exti.o
 .debug_info    0x00000000000045e6      0x608 Debug/stm32f4xx_gpio.o
 .debug_info    0x0000000000004bee      0xda3 Debug/stm32f4xx_rcc.o
 .debug_info    0x0000000000005991      0x284 Debug/stm32f4xx_syscfg.o
 .debug_info    0x0000000000005c15     0x1bf1 Debug/stm32f4xx_tim.o
 .debug_info    0x0000000000007806      0x9be Debug/stm32f4xx_usart.o
 .debug_info    0x00000000000081c4      0xc29 Debug/startup.o
 .debug_info    0x0000000000008ded      0x8ae Debug/application.o

.debug_abbrev   0x0000000000000000     0x1e53
 .debug_abbrev  0x0000000000000000      0x536 Debug/TinyTimber.o
 .debug_abbrev  0x0000000000000536      0x2c8 Debug/canTinyTimber.o
 .debug_abbrev  0x00000000000007fe      0x2c0 Debug/sciTinyTimber.o
 .debug_abbrev  0x0000000000000abe      0x240 Debug/stm32f4xx_can.o
 .debug_abbrev  0x0000000000000cfe      0x1c0 Debug/stm32f4xx_dac.o
 .debug_abbrev  0x0000000000000ebe      0x1d1 Debug/stm32f4xx_exti.o
 .debug_abbrev  0x000000000000108f      0x1ec Debug/stm32f4xx_gpio.o
 .debug_abbrev  0x000000000000127b      0x1df Debug/stm32f4xx_rcc.o
 .debug_abbrev  0x000000000000145a      0x161 Debug/stm32f4xx_syscfg.o
 .debug_abbrev  0x00000000000015bb      0x1cc Debug/stm32f4xx_tim.o
 .debug_abbrev  0x0000000000001787      0x1af Debug/stm32f4xx_usart.o
 .debug_abbrev  0x0000000000001936      0x2c3 Debug/startup.o
 .debug_abbrev  0x0000000000001bf9      0x25a Debug/application.o

.debug_aranges  0x0000000000000000      0x1a8
 .debug_aranges
                0x0000000000000000       0x20 Debug/TinyTimber.o
 .debug_aranges
                0x0000000000000020       0x20 Debug/canTinyTimber.o
 .debug_aranges
                0x0000000000000040       0x20 Debug/sciTinyTimber.o
 .debug_aranges
                0x0000000000000060       0x20 Debug/stm32f4xx_can.o
 .debug_aranges
                0x0000000000000080       0x20 Debug/stm32f4xx_dac.o
 .debug_aranges
                0x00000000000000a0       0x20 Debug/stm32f4xx_exti.o
 .debug_aranges
                0x00000000000000c0       0x20 Debug/stm32f4xx_gpio.o
 .debug_aranges
                0x00000000000000e0       0x20 Debug/stm32f4xx_rcc.o
 .debug_aranges
                0x0000000000000100       0x20 Debug/stm32f4xx_syscfg.o
 .debug_aranges
                0x0000000000000120       0x20 Debug/stm32f4xx_tim.o
 .debug_aranges
                0x0000000000000140       0x20 Debug/stm32f4xx_usart.o
 .debug_aranges
                0x0000000000000160       0x28 Debug/startup.o
 .debug_aranges
                0x0000000000000188       0x20 Debug/application.o

.debug_line     0x0000000000000000     0x450b
 .debug_line    0x0000000000000000      0xa38 Debug/TinyTimber.o
 .debug_line    0x0000000000000a38      0x3a9 Debug/canTinyTimber.o
 .debug_line    0x0000000000000de1      0x28f Debug/sciTinyTimber.o
 .debug_line    0x0000000000001070      0x946 Debug/stm32f4xx_can.o
 .debug_line    0x00000000000019b6      0x372 Debug/stm32f4xx_dac.o
 .debug_line    0x0000000000001d28      0x289 Debug/stm32f4xx_exti.o
 .debug_line    0x0000000000001fb1      0x3b5 Debug/stm32f4xx_gpio.o
 .debug_line    0x0000000000002366      0x75d Debug/stm32f4xx_rcc.o
 .debug_line    0x0000000000002ac3      0x1e2 Debug/stm32f4xx_syscfg.o
 .debug_line    0x0000000000002ca5      0xbd6 Debug/stm32f4xx_tim.o
 .debug_line    0x000000000000387b      0x567 Debug/stm32f4xx_usart.o
 .debug_line    0x0000000000003de2      0x32d Debug/startup.o
 .debug_line    0x000000000000410f      0x3fc Debug/application.o

.debug_str      0x0000000000000000     0x320e
 .debug_str     0x0000000000000000      0xc9f Debug/TinyTimber.o
                                        0xd36 (size before relaxing)
 .debug_str     0x0000000000000c9f      0x251 Debug/canTinyTimber.o
                                        0xa7c (size before relaxing)
 .debug_str     0x0000000000000ef0       0x6c Debug/sciTinyTimber.o
                                        0x8d5 (size before relaxing)
 .debug_str     0x0000000000000f5c      0x360 Debug/stm32f4xx_can.o
                                        0x736 (size before relaxing)
 .debug_str     0x00000000000012bc      0x272 Debug/stm32f4xx_dac.o
                                        0x44b (size before relaxing)
 .debug_str     0x000000000000152e      0x19f Debug/stm32f4xx_exti.o
                                        0x32d (size before relaxing)
 .debug_str     0x00000000000016cd      0x2a8 Debug/stm32f4xx_gpio.o
                                        0x4ab (size before relaxing)
 .debug_str     0x0000000000001975      0x725 Debug/stm32f4xx_rcc.o
                                        0x976 (size before relaxing)
 .debug_str     0x000000000000209a      0x14f Debug/stm32f4xx_syscfg.o
                                        0x306 (size before relaxing)
 .debug_str     0x00000000000021e9      0x9cc Debug/stm32f4xx_tim.o
                                        0xddf (size before relaxing)
 .debug_str     0x0000000000002bb5      0x3b2 Debug/stm32f4xx_usart.o
                                        0x6b0 (size before relaxing)
 .debug_str     0x0000000000002f67      0x104 Debug/startup.o
                                        0x8b3 (size before relaxing)
 .debug_str     0x000000000000306b      0x1a3 Debug/application.o
                                        0x463 (size before relaxing)

.debug_frame    0x0000000000000000     0x3578
 .debug_frame   0x0000000000000000      0x57c Debug/TinyTimber.o
 .debug_frame   0x000000000000057c      0x100 Debug/canTinyTimber.o
 .debug_frame   0x000000000000067c      0x11c Debug/sciTinyTimber.o
 .debug_frame   0x0000000000000798      0x3f8 Debug/stm32f4xx_can.o
 .debug_frame   0x0000000000000b90      0x2ac Debug/stm32f4xx_dac.o
 .debug_frame   0x0000000000000e3c      0x148 Debug/stm32f4xx_exti.o
 .debug_frame   0x0000000000000f84      0x23c Debug/stm32f4xx_gpio.o
 .debug_frame   0x00000000000011c0      0x814 Debug/stm32f4xx_rcc.o
 .debug_frame   0x00000000000019d4      0x11c Debug/stm32f4xx_syscfg.o
 .debug_frame   0x0000000000001af0      0xe54 Debug/stm32f4xx_tim.o
 .debug_frame   0x0000000000002944      0x490 Debug/stm32f4xx_usart.o
 .debug_frame   0x0000000000002dd4      0x14c Debug/startup.o
 .debug_frame   0x0000000000002f20      0x1b4 Debug/application.o
 .debug_frame   0x00000000000030d4       0x30 /Applications/ArmGNUToolchain/12.2.rel1/arm-none-eabi/bin/../lib/gcc/arm-none-eabi/12.2.1/../../../../arm-none-eabi/lib/thumb/v7e-m+fp/hard/libc_nano.a(libc_a-atoi.o)
 .debug_frame   0x0000000000003104       0x6c /Applications/ArmGNUToolchain/12.2.rel1/arm-none-eabi/bin/../lib/gcc/arm-none-eabi/12.2.1/../../../../arm-none-eabi/lib/thumb/v7e-m+fp/hard/libc_nano.a(libc_a-sprintf.o)
 .debug_frame   0x0000000000003170       0x64 /Applications/ArmGNUToolchain/12.2.rel1/arm-none-eabi/bin/../lib/gcc/arm-none-eabi/12.2.1/../../../../arm-none-eabi/lib/thumb/v7e-m+fp/hard/libc_nano.a(libc_a-strtol.o)
 .debug_frame   0x00000000000031d4       0x20 /Applications/ArmGNUToolchain/12.2.rel1/arm-none-eabi/bin/../lib/gcc/arm-none-eabi/12.2.1/../../../../arm-none-eabi/lib/thumb/v7e-m+fp/hard/libc_nano.a(libc_a-memset.o)
 .debug_frame   0x00000000000031f4       0x20 /Applications/ArmGNUToolchain/12.2.rel1/arm-none-eabi/bin/../lib/gcc/arm-none-eabi/12.2.1/../../../../arm-none-eabi/lib/thumb/v7e-m+fp/hard/libc_nano.a(libc_a-errno.o)
 .debug_frame   0x0000000000003214       0x90 /Applications/ArmGNUToolchain/12.2.rel1/arm-none-eabi/bin/../lib/gcc/arm-none-eabi/12.2.1/../../../../arm-none-eabi/lib/thumb/v7e-m+fp/hard/libc_nano.a(libc_a-nano-svfprintf.o)
 .debug_frame   0x00000000000032a4       0x4c /Applications/ArmGNUToolchain/12.2.rel1/arm-none-eabi/bin/../lib/gcc/arm-none-eabi/12.2.1/../../../../arm-none-eabi/lib/thumb/v7e-m+fp/hard/libc_nano.a(libc_a-mallocr.o)
 .debug_frame   0x00000000000032f0       0x60 /Applications/ArmGNUToolchain/12.2.rel1/arm-none-eabi/bin/../lib/gcc/arm-none-eabi/12.2.1/../../../../arm-none-eabi/lib/thumb/v7e-m+fp/hard/libc_nano.a(libc_a-nano-vfprintf_i.o)
 .debug_frame   0x0000000000003350       0x30 /Applications/ArmGNUToolchain/12.2.rel1/arm-none-eabi/bin/../lib/gcc/arm-none-eabi/12.2.1/../../../../arm-none-eabi/lib/thumb/v7e-m+fp/hard/libc_nano.a(libc_a-mlock.o)
 .debug_frame   0x0000000000003380       0x3c /Applications/ArmGNUToolchain/12.2.rel1/arm-none-eabi/bin/../lib/gcc/arm-none-eabi/12.2.1/../../../../arm-none-eabi/lib/thumb/v7e-m+fp/hard/libc_nano.a(libc_a-reallocr.o)
 .debug_frame   0x00000000000033bc       0x28 /Applications/ArmGNUToolchain/12.2.rel1/arm-none-eabi/bin/../lib/gcc/arm-none-eabi/12.2.1/../../../../arm-none-eabi/lib/thumb/v7e-m+fp/hard/libc_nano.a(libc_a-memmove.o)
 .debug_frame   0x00000000000033e4       0x2c /Applications/ArmGNUToolchain/12.2.rel1/arm-none-eabi/bin/../lib/gcc/arm-none-eabi/12.2.1/../../../../arm-none-eabi/lib/thumb/v7e-m+fp/hard/libc_nano.a(libc_a-sbrkr.o)
 .debug_frame   0x0000000000003410       0xb0 /Applications/ArmGNUToolchain/12.2.rel1/arm-none-eabi/bin/../lib/gcc/arm-none-eabi/12.2.1/../../../../arm-none-eabi/lib/thumb/v7e-m+fp/hard/libc_nano.a(libc_a-lock.o)
 .debug_frame   0x00000000000034c0       0x28 /Applications/ArmGNUToolchain/12.2.rel1/arm-none-eabi/bin/../lib/gcc/arm-none-eabi/12.2.1/../../../../arm-none-eabi/lib/thumb/v7e-m+fp/hard/libc_nano.a(libc_a-memcpy-stub.o)
 .debug_frame   0x00000000000034e8       0x38 /Applications/ArmGNUToolchain/12.2.rel1/arm-none-eabi/bin/../lib/gcc/arm-none-eabi/12.2.1/../../../../arm-none-eabi/lib/thumb/v7e-m+fp/hard/libc_nano.a(libc_a-freer.o)
 .debug_frame   0x0000000000003520       0x20 /Applications/ArmGNUToolchain/12.2.rel1/arm-none-eabi/bin/../lib/gcc/arm-none-eabi/12.2.1/../../../../arm-none-eabi/lib/thumb/v7e-m+fp/hard/libc_nano.a(libc_a-msizer.o)
 .debug_frame   0x0000000000003540       0x38 /Applications/ArmGNUToolchain/12.2.rel1/arm-none-eabi/bin/../lib/gcc/arm-none-eabi/12.2.1/../../../../arm-none-eabi/lib/thumb/v7e-m+fp/hard/libc_nano.a(libc_a-reent.o)

.debug_rnglists
                0x0000000000000000       0x1a
 .debug_rnglists
                0x0000000000000000       0x1a Debug/startup.o

.debug_line_str
                0x0000000000000000       0xea
 .debug_line_str
                0x0000000000000000       0xea /Applications/ArmGNUToolchain/12.2.rel1/arm-none-eabi/bin/../lib/gcc/arm-none-eabi/12.2.1/../../../../arm-none-eabi/lib/thumb/v7e-m+fp/hard/libc_nano.a(libc_a-memchr.o)

Cross Reference Table

Symbol                                            File
ABORT                                             Debug/TinyTimber.o
CAN_CancelTransmit                                Debug/stm32f4xx_can.o
CAN_ClearFlag                                     Debug/stm32f4xx_can.o
CAN_ClearITPendingBit                             Debug/stm32f4xx_can.o
CAN_DBGFreeze                                     Debug/stm32f4xx_can.o
CAN_DeInit                                        Debug/stm32f4xx_can.o
                                                  Debug/startup.o
CAN_FIFORelease                                   Debug/stm32f4xx_can.o
CAN_FilterInit                                    Debug/stm32f4xx_can.o
                                                  Debug/startup.o
CAN_GetFlagStatus                                 Debug/stm32f4xx_can.o
                                                  Debug/canTinyTimber.o
CAN_GetITStatus                                   Debug/stm32f4xx_can.o
CAN_GetLSBTransmitErrorCounter                    Debug/stm32f4xx_can.o
CAN_GetLastErrorCode                              Debug/stm32f4xx_can.o
CAN_GetReceiveErrorCounter                        Debug/stm32f4xx_can.o
CAN_ITConfig                                      Debug/stm32f4xx_can.o
                                                  Debug/canTinyTimber.o
CAN_Init                                          Debug/stm32f4xx_can.o
                                                  Debug/canTinyTimber.o
CAN_MessagePending                                Debug/stm32f4xx_can.o
CAN_OperatingModeRequest                          Debug/stm32f4xx_can.o
CAN_Receive                                       Debug/stm32f4xx_can.o
                                                  Debug/canTinyTimber.o
CAN_SlaveStartBank                                Debug/stm32f4xx_can.o
CAN_Sleep                                         Debug/stm32f4xx_can.o
CAN_StructInit                                    Debug/stm32f4xx_can.o
                                                  Debug/canTinyTimber.o
CAN_TTComModeCmd                                  Debug/stm32f4xx_can.o
CAN_Transmit                                      Debug/stm32f4xx_can.o
                                                  Debug/canTinyTimber.o
CAN_TransmitStatus                                Debug/stm32f4xx_can.o
CAN_WakeUp                                        Debug/stm32f4xx_can.o
CURRENT_OFFSET                                    Debug/TinyTimber.o
DAC_ClearFlag                                     Debug/stm32f4xx_dac.o
DAC_ClearITPendingBit                             Debug/stm32f4xx_dac.o
DAC_Cmd                                           Debug/stm32f4xx_dac.o
                                                  Debug/startup.o
DAC_DMACmd                                        Debug/stm32f4xx_dac.o
DAC_DeInit                                        Debug/stm32f4xx_dac.o
                                                  Debug/startup.o
DAC_DualSoftwareTriggerCmd                        Debug/stm32f4xx_dac.o
DAC_GetDataOutputValue                            Debug/stm32f4xx_dac.o
DAC_GetFlagStatus                                 Debug/stm32f4xx_dac.o
DAC_GetITStatus                                   Debug/stm32f4xx_dac.o
DAC_ITConfig                                      Debug/stm32f4xx_dac.o
DAC_Init                                          Debug/stm32f4xx_dac.o
                                                  Debug/startup.o
DAC_SetChannel1Data                               Debug/stm32f4xx_dac.o
DAC_SetChannel2Data                               Debug/stm32f4xx_dac.o
                                                  Debug/startup.o
DAC_SetDualChannelData                            Debug/stm32f4xx_dac.o
DAC_SoftwareTriggerCmd                            Debug/stm32f4xx_dac.o
DAC_StructInit                                    Debug/stm32f4xx_dac.o
                                                  Debug/startup.o
DAC_WaveGenerationCmd                             Debug/stm32f4xx_dac.o
DUMP                                              Debug/TinyTimber.o
                                                  Debug/canTinyTimber.o
                                                  Debug/dispatch.o
DUMPC                                             Debug/TinyTimber.o
DUMPD                                             Debug/TinyTimber.o
                                                  Debug/dispatch.o
DUMPH                                             Debug/TinyTimber.o
                                                  Debug/dispatch.o
EXTI_ClearFlag                                    Debug/stm32f4xx_exti.o
EXTI_ClearITPendingBit                            Debug/stm32f4xx_exti.o
EXTI_DeInit                                       Debug/stm32f4xx_exti.o
                                                  Debug/startup.o
EXTI_GenerateSWInterrupt                          Debug/stm32f4xx_exti.o
EXTI_GetFlagStatus                                Debug/stm32f4xx_exti.o
EXTI_GetITStatus                                  Debug/stm32f4xx_exti.o
EXTI_Init                                         Debug/stm32f4xx_exti.o
                                                  Debug/startup.o
EXTI_StructInit                                   Debug/stm32f4xx_exti.o
                                                  Debug/startup.o
GPIO_DeInit                                       Debug/stm32f4xx_gpio.o
                                                  Debug/startup.o
GPIO_Init                                         Debug/stm32f4xx_gpio.o
                                                  Debug/startup.o
GPIO_PinAFConfig                                  Debug/stm32f4xx_gpio.o
                                                  Debug/startup.o
GPIO_PinLockConfig                                Debug/stm32f4xx_gpio.o
GPIO_ReadInputData                                Debug/stm32f4xx_gpio.o
GPIO_ReadInputDataBit                             Debug/stm32f4xx_gpio.o
GPIO_ReadOutputData                               Debug/stm32f4xx_gpio.o
GPIO_ReadOutputDataBit                            Debug/stm32f4xx_gpio.o
GPIO_ResetBits                                    Debug/stm32f4xx_gpio.o
GPIO_SetBits                                      Debug/stm32f4xx_gpio.o
GPIO_StructInit                                   Debug/stm32f4xx_gpio.o
                                                  Debug/startup.o
GPIO_ToggleBits                                   Debug/stm32f4xx_gpio.o
GPIO_Write                                        Debug/stm32f4xx_gpio.o
GPIO_WriteBit                                     Debug/stm32f4xx_gpio.o
                                                  Debug/startup.o
                                                  Debug/TinyTimber.o
RCC_AHB1PeriphClockCmd                            Debug/stm32f4xx_rcc.o
                                                  Debug/startup.o
RCC_AHB1PeriphClockLPModeCmd                      Debug/stm32f4xx_rcc.o
RCC_AHB1PeriphResetCmd                            Debug/stm32f4xx_rcc.o
                                                  Debug/stm32f4xx_gpio.o
RCC_AHB2PeriphClockCmd                            Debug/stm32f4xx_rcc.o
RCC_AHB2PeriphClockLPModeCmd                      Debug/stm32f4xx_rcc.o
RCC_AHB2PeriphResetCmd                            Debug/stm32f4xx_rcc.o
RCC_AHB3PeriphClockCmd                            Debug/stm32f4xx_rcc.o
RCC_AHB3PeriphClockLPModeCmd                      Debug/stm32f4xx_rcc.o
RCC_AHB3PeriphResetCmd                            Debug/stm32f4xx_rcc.o
RCC_APB1PeriphClockCmd                            Debug/stm32f4xx_rcc.o
                                                  Debug/startup.o
RCC_APB1PeriphClockLPModeCmd                      Debug/stm32f4xx_rcc.o
                                                  Debug/startup.o
RCC_APB1PeriphResetCmd                            Debug/stm32f4xx_rcc.o
                                                  Debug/stm32f4xx_usart.o
                                                  Debug/stm32f4xx_tim.o
                                                  Debug/stm32f4xx_dac.o
                                                  Debug/stm32f4xx_can.o
RCC_APB2PeriphClockCmd                            Debug/stm32f4xx_rcc.o
                                                  Debug/startup.o
RCC_APB2PeriphClockLPModeCmd                      Debug/stm32f4xx_rcc.o
RCC_APB2PeriphResetCmd                            Debug/stm32f4xx_rcc.o
                                                  Debug/stm32f4xx_usart.o
                                                  Debug/stm32f4xx_tim.o
                                                  Debug/stm32f4xx_syscfg.o
RCC_AdjustHSICalibrationValue                     Debug/stm32f4xx_rcc.o
RCC_BackupResetCmd                                Debug/stm32f4xx_rcc.o
RCC_ClearFlag                                     Debug/stm32f4xx_rcc.o
RCC_ClearITPendingBit                             Debug/stm32f4xx_rcc.o
RCC_ClockSecuritySystemCmd                        Debug/stm32f4xx_rcc.o
RCC_DeInit                                        Debug/stm32f4xx_rcc.o
RCC_GetClocksFreq                                 Debug/stm32f4xx_rcc.o
                                                  Debug/stm32f4xx_usart.o
RCC_GetFlagStatus                                 Debug/stm32f4xx_rcc.o
RCC_GetITStatus                                   Debug/stm32f4xx_rcc.o
RCC_GetSYSCLKSource                               Debug/stm32f4xx_rcc.o
RCC_HCLKConfig                                    Debug/stm32f4xx_rcc.o
RCC_HSEConfig                                     Debug/stm32f4xx_rcc.o
RCC_HSICmd                                        Debug/stm32f4xx_rcc.o
RCC_I2SCLKConfig                                  Debug/stm32f4xx_rcc.o
RCC_ITConfig                                      Debug/stm32f4xx_rcc.o
RCC_LSEConfig                                     Debug/stm32f4xx_rcc.o
RCC_LSICmd                                        Debug/stm32f4xx_rcc.o
RCC_LTDCCLKDivConfig                              Debug/stm32f4xx_rcc.o
RCC_MCO1Config                                    Debug/stm32f4xx_rcc.o
RCC_MCO2Config                                    Debug/stm32f4xx_rcc.o
RCC_PCLK1Config                                   Debug/stm32f4xx_rcc.o
RCC_PCLK2Config                                   Debug/stm32f4xx_rcc.o
RCC_PLLCmd                                        Debug/stm32f4xx_rcc.o
RCC_PLLConfig                                     Debug/stm32f4xx_rcc.o
RCC_PLLI2SCmd                                     Debug/stm32f4xx_rcc.o
RCC_PLLI2SConfig                                  Debug/stm32f4xx_rcc.o
RCC_PLLSAICmd                                     Debug/stm32f4xx_rcc.o
RCC_PLLSAIConfig                                  Debug/stm32f4xx_rcc.o
RCC_RTCCLKCmd                                     Debug/stm32f4xx_rcc.o
RCC_RTCCLKConfig                                  Debug/stm32f4xx_rcc.o
RCC_SAIBlockACLKConfig                            Debug/stm32f4xx_rcc.o
RCC_SAIBlockBCLKConfig                            Debug/stm32f4xx_rcc.o
RCC_SAIPLLI2SClkDivConfig                         Debug/stm32f4xx_rcc.o
RCC_SAIPLLSAIClkDivConfig                         Debug/stm32f4xx_rcc.o
RCC_SYSCLKConfig                                  Debug/stm32f4xx_rcc.o
RCC_TIMCLKPresConfig                              Debug/stm32f4xx_rcc.o
RCC_WaitForHSEStartUp                             Debug/stm32f4xx_rcc.o
SETPC                                             Debug/TinyTimber.o
SETSTACK                                          Debug/TinyTimber.o
SYSCFG_CompensationCellCmd                        Debug/stm32f4xx_syscfg.o
SYSCFG_DeInit                                     Debug/stm32f4xx_syscfg.o
SYSCFG_ETH_MediaInterfaceConfig                   Debug/stm32f4xx_syscfg.o
SYSCFG_EXTILineConfig                             Debug/stm32f4xx_syscfg.o
                                                  Debug/startup.o
SYSCFG_GetCompensationCellStatus                  Debug/stm32f4xx_syscfg.o
SYSCFG_MemoryRemapConfig                          Debug/stm32f4xx_syscfg.o
SYSCFG_MemorySwappingBank                         Debug/stm32f4xx_syscfg.o
TIMER_INIT                                        Debug/TinyTimber.o
TIM_ARRPreloadConfig                              Debug/stm32f4xx_tim.o
TIM_BDTRConfig                                    Debug/stm32f4xx_tim.o
TIM_BDTRStructInit                                Debug/stm32f4xx_tim.o
TIM_CCPreloadControl                              Debug/stm32f4xx_tim.o
TIM_CCxCmd                                        Debug/stm32f4xx_tim.o
TIM_CCxNCmd                                       Debug/stm32f4xx_tim.o
TIM_ClearFlag                                     Debug/stm32f4xx_tim.o
TIM_ClearITPendingBit                             Debug/stm32f4xx_tim.o
                                                  Debug/TinyTimber.o
TIM_ClearOC1Ref                                   Debug/stm32f4xx_tim.o
TIM_ClearOC2Ref                                   Debug/stm32f4xx_tim.o
TIM_ClearOC3Ref                                   Debug/stm32f4xx_tim.o
TIM_ClearOC4Ref                                   Debug/stm32f4xx_tim.o
TIM_Cmd                                           Debug/stm32f4xx_tim.o
                                                  Debug/TinyTimber.o
TIM_CounterModeConfig                             Debug/stm32f4xx_tim.o
TIM_CtrlPWMOutputs                                Debug/stm32f4xx_tim.o
TIM_DMACmd                                        Debug/stm32f4xx_tim.o
TIM_DMAConfig                                     Debug/stm32f4xx_tim.o
TIM_DeInit                                        Debug/stm32f4xx_tim.o
                                                  Debug/TinyTimber.o
TIM_ETRClockMode1Config                           Debug/stm32f4xx_tim.o
TIM_ETRClockMode2Config                           Debug/stm32f4xx_tim.o
TIM_ETRConfig                                     Debug/stm32f4xx_tim.o
TIM_EncoderInterfaceConfig                        Debug/stm32f4xx_tim.o
TIM_ForcedOC1Config                               Debug/stm32f4xx_tim.o
TIM_ForcedOC2Config                               Debug/stm32f4xx_tim.o
TIM_ForcedOC3Config                               Debug/stm32f4xx_tim.o
TIM_ForcedOC4Config                               Debug/stm32f4xx_tim.o
TIM_GenerateEvent                                 Debug/stm32f4xx_tim.o
TIM_GetCapture1                                   Debug/stm32f4xx_tim.o
TIM_GetCapture2                                   Debug/stm32f4xx_tim.o
TIM_GetCapture3                                   Debug/stm32f4xx_tim.o
TIM_GetCapture4                                   Debug/stm32f4xx_tim.o
TIM_GetCounter                                    Debug/stm32f4xx_tim.o
                                                  Debug/TinyTimber.o
TIM_GetFlagStatus                                 Debug/stm32f4xx_tim.o
TIM_GetITStatus                                   Debug/stm32f4xx_tim.o
TIM_GetPrescaler                                  Debug/stm32f4xx_tim.o
TIM_ICInit                                        Debug/stm32f4xx_tim.o
TIM_ICStructInit                                  Debug/stm32f4xx_tim.o
TIM_ITConfig                                      Debug/stm32f4xx_tim.o
                                                  Debug/TinyTimber.o
TIM_ITRxExternalClockConfig                       Debug/stm32f4xx_tim.o
TIM_InternalClockConfig                           Debug/stm32f4xx_tim.o
TIM_OC1FastConfig                                 Debug/stm32f4xx_tim.o
TIM_OC1Init                                       Debug/stm32f4xx_tim.o
TIM_OC1NPolarityConfig                            Debug/stm32f4xx_tim.o
TIM_OC1PolarityConfig                             Debug/stm32f4xx_tim.o
TIM_OC1PreloadConfig                              Debug/stm32f4xx_tim.o
TIM_OC2FastConfig                                 Debug/stm32f4xx_tim.o
TIM_OC2Init                                       Debug/stm32f4xx_tim.o
TIM_OC2NPolarityConfig                            Debug/stm32f4xx_tim.o
TIM_OC2PolarityConfig                             Debug/stm32f4xx_tim.o
TIM_OC2PreloadConfig                              Debug/stm32f4xx_tim.o
TIM_OC3FastConfig                                 Debug/stm32f4xx_tim.o
TIM_OC3Init                                       Debug/stm32f4xx_tim.o
TIM_OC3NPolarityConfig                            Debug/stm32f4xx_tim.o
TIM_OC3PolarityConfig                             Debug/stm32f4xx_tim.o
TIM_OC3PreloadConfig                              Debug/stm32f4xx_tim.o
TIM_OC4FastConfig                                 Debug/stm32f4xx_tim.o
TIM_OC4Init                                       Debug/stm32f4xx_tim.o
TIM_OC4PolarityConfig                             Debug/stm32f4xx_tim.o
TIM_OC4PreloadConfig                              Debug/stm32f4xx_tim.o
TIM_OCStructInit                                  Debug/stm32f4xx_tim.o
TIM_PWMIConfig                                    Debug/stm32f4xx_tim.o
TIM_PrescalerConfig                               Debug/stm32f4xx_tim.o
TIM_RemapConfig                                   Debug/stm32f4xx_tim.o
TIM_SelectCCDMA                                   Debug/stm32f4xx_tim.o
TIM_SelectCOM                                     Debug/stm32f4xx_tim.o
TIM_SelectHallSensor                              Debug/stm32f4xx_tim.o
TIM_SelectInputTrigger                            Debug/stm32f4xx_tim.o
TIM_SelectMasterSlaveMode                         Debug/stm32f4xx_tim.o
TIM_SelectOCxM                                    Debug/stm32f4xx_tim.o
TIM_SelectOnePulseMode                            Debug/stm32f4xx_tim.o
TIM_SelectOutputTrigger                           Debug/stm32f4xx_tim.o
TIM_SelectSlaveMode                               Debug/stm32f4xx_tim.o
TIM_SetAutoreload                                 Debug/stm32f4xx_tim.o
TIM_SetClockDivision                              Debug/stm32f4xx_tim.o
TIM_SetCompare1                                   Debug/stm32f4xx_tim.o
                                                  Debug/TinyTimber.o
TIM_SetCompare2                                   Debug/stm32f4xx_tim.o
TIM_SetCompare3                                   Debug/stm32f4xx_tim.o
TIM_SetCompare4                                   Debug/stm32f4xx_tim.o
TIM_SetCounter                                    Debug/stm32f4xx_tim.o
                                                  Debug/TinyTimber.o
TIM_SetIC1Prescaler                               Debug/stm32f4xx_tim.o
TIM_SetIC2Prescaler                               Debug/stm32f4xx_tim.o
TIM_SetIC3Prescaler                               Debug/stm32f4xx_tim.o
TIM_SetIC4Prescaler                               Debug/stm32f4xx_tim.o
TIM_TIxExternalClockConfig                        Debug/stm32f4xx_tim.o
TIM_TimeBaseInit                                  Debug/stm32f4xx_tim.o
                                                  Debug/TinyTimber.o
TIM_TimeBaseStructInit                            Debug/stm32f4xx_tim.o
                                                  Debug/TinyTimber.o
TIM_UpdateDisableConfig                           Debug/stm32f4xx_tim.o
TIM_UpdateRequestConfig                           Debug/stm32f4xx_tim.o
T_RESET                                           Debug/TinyTimber.o
T_SAMPLE                                          Debug/TinyTimber.o
USART_ClearFlag                                   Debug/stm32f4xx_usart.o
USART_ClearITPendingBit                           Debug/stm32f4xx_usart.o
USART_ClockInit                                   Debug/stm32f4xx_usart.o
USART_ClockStructInit                             Debug/stm32f4xx_usart.o
USART_Cmd                                         Debug/stm32f4xx_usart.o
USART_DMACmd                                      Debug/stm32f4xx_usart.o
USART_DeInit                                      Debug/stm32f4xx_usart.o
USART_GetFlagStatus                               Debug/stm32f4xx_usart.o
                                                  Debug/sciTinyTimber.o
                                                  Debug/TinyTimber.o
USART_GetITStatus                                 Debug/stm32f4xx_usart.o
USART_HalfDuplexCmd                               Debug/stm32f4xx_usart.o
USART_ITConfig                                    Debug/stm32f4xx_usart.o
                                                  Debug/sciTinyTimber.o
USART_Init                                        Debug/stm32f4xx_usart.o
USART_IrDACmd                                     Debug/stm32f4xx_usart.o
USART_IrDAConfig                                  Debug/stm32f4xx_usart.o
USART_LINBreakDetectLengthConfig                  Debug/stm32f4xx_usart.o
USART_LINCmd                                      Debug/stm32f4xx_usart.o
USART_OneBitMethodCmd                             Debug/stm32f4xx_usart.o
USART_OverSampling8Cmd                            Debug/stm32f4xx_usart.o
USART_ReceiveData                                 Debug/stm32f4xx_usart.o