Archive member included to satisfy reference by file (symbol)

/Applications/ArmGNUToolchain/12.2.rel1/arm-none-eabi/bin/../lib/gcc/arm-none-eabi/12.2.1/../../../../arm-none-eabi/lib/thumb/v7e-m+fp/hard/libc_nano.a(libc_a-atoi.o)
                              Debug/application.o (atoi)
/Applications/ArmGNUToolchain/12.2.rel1/arm-none-eabi/bin/../lib/gcc/arm-none-eabi/12.2.1/../../../../arm-none-eabi/lib/thumb/v7e-m+fp/hard/libc_nano.a(libc_a-strtol.o)
                              /Applications/ArmGNUToolchain/12.2.rel1/arm-none-eabi/bin/../lib/gcc/arm-none-eabi/12.2.1/../../../../arm-none-eabi/lib/thumb/v7e-m+fp/hard/libc_nano.a(libc_a-atoi.o) (_strtol_r)
/Applications/ArmGNUToolchain/12.2.rel1/arm-none-eabi/bin/../lib/gcc/arm-none-eabi/12.2.1/../../../../arm-none-eabi/lib/thumb/v7e-m+fp/hard/libc_nano.a(libc_a-memset.o)
                              Debug/application.o (memset)
/Applications/ArmGNUToolchain/12.2.rel1/arm-none-eabi/bin/../lib/gcc/arm-none-eabi/12.2.1/../../../../arm-none-eabi/lib/thumb/v7e-m+fp/hard/libc_nano.a(libc_a-impure.o)
                              /Applications/ArmGNUToolchain/12.2.rel1/arm-none-eabi/bin/../lib/gcc/arm-none-eabi/12.2.1/../../../../arm-none-eabi/lib/thumb/v7e-m+fp/hard/libc_nano.a(libc_a-strtol.o) (_impure_ptr)
/Applications/ArmGNUToolchain/12.2.rel1/arm-none-eabi/bin/../lib/gcc/arm-none-eabi/12.2.1/../../../../arm-none-eabi/lib/thumb/v7e-m+fp/hard/libc_nano.a(libc_a-errno.o)
                              /Applications/ArmGNUToolchain/12.2.rel1/arm-none-eabi/bin/../lib/gcc/arm-none-eabi/12.2.1/../../../../arm-none-eabi/lib/thumb/v7e-m+fp/hard/libc_nano.a(libc_a-strtol.o) (__errno)
/Applications/ArmGNUToolchain/12.2.rel1/arm-none-eabi/bin/../lib/gcc/arm-none-eabi/12.2.1/../../../../arm-none-eabi/lib/thumb/v7e-m+fp/hard/libc_nano.a(libc_a-ctype_.o)
                              /Applications/ArmGNUToolchain/12.2.rel1/arm-none-eabi/bin/../lib/gcc/arm-none-eabi/12.2.1/../../../../arm-none-eabi/lib/thumb/v7e-m+fp/hard/libc_nano.a(libc_a-strtol.o) (_ctype_)

Memory Configuration

Name             Origin             Length             Attributes
RAM              0x0000000020000000 0x000000000001c000 xrw
*default*        0x0000000000000000 0xffffffffffffffff

Linker script and memory map

LOAD Debug/dispatch.o
LOAD Debug/TinyTimber.o
LOAD Debug/canTinyTimber.o
LOAD Debug/sciTinyTimber.o
LOAD Debug/sioTinyTimber.o
LOAD Debug/stm32f4xx_can.o
LOAD Debug/stm32f4xx_dac.o
LOAD Debug/stm32f4xx_exti.o
LOAD Debug/stm32f4xx_gpio.o
LOAD Debug/stm32f4xx_rcc.o
LOAD Debug/stm32f4xx_syscfg.o
LOAD Debug/stm32f4xx_tim.o
LOAD Debug/stm32f4xx_usart.o
LOAD Debug/startup.o
LOAD Debug/application.o
LOAD /Applications/ArmGNUToolchain/12.2.rel1/arm-none-eabi/bin/../lib/gcc/arm-none-eabi/12.2.1/../../../../arm-none-eabi/lib/thumb/v7e-m+fp/hard/libstdc++_nano.a
LOAD /Applications/ArmGNUToolchain/12.2.rel1/arm-none-eabi/bin/../lib/gcc/arm-none-eabi/12.2.1/../../../../arm-none-eabi/lib/thumb/v7e-m+fp/hard/libm.a
START GROUP
LOAD /Applications/ArmGNUToolchain/12.2.rel1/arm-none-eabi/bin/../lib/gcc/arm-none-eabi/12.2.1/thumb/v7e-m+fp/hard/libgcc.a
LOAD /Applications/ArmGNUToolchain/12.2.rel1/arm-none-eabi/bin/../lib/gcc/arm-none-eabi/12.2.1/../../../../arm-none-eabi/lib/thumb/v7e-m+fp/hard/libc_nano.a
END GROUP
START GROUP
LOAD /Applications/ArmGNUToolchain/12.2.rel1/arm-none-eabi/bin/../lib/gcc/arm-none-eabi/12.2.1/thumb/v7e-m+fp/hard/libgcc.a
LOAD /Applications/ArmGNUToolchain/12.2.rel1/arm-none-eabi/bin/../lib/gcc/arm-none-eabi/12.2.1/../../../../arm-none-eabi/lib/thumb/v7e-m+fp/hard/libc_nano.a
END GROUP

.text           0x0000000020000000     0x78a8
                0x0000000020000000                . = ALIGN (0x4)
 *(.start_section)
 .start_section
                0x0000000020000000       0x1c Debug/startup.o
                0x0000000020000000                startup
 *(.text)
 .text          0x000000002000001c       0xf4 Debug/dispatch.o
                0x000000002000001c                vect_SVCall
                0x0000000020000020                vect_PendSV
 .text          0x0000000020000110      0xf54 Debug/TinyTimber.o
                0x0000000020000198                DUMP
                0x00000000200001d2                DUMPH
                0x0000000020000230                DUMPD
                0x00000000200002d4                sei
                0x00000000200002f2                cli
                0x0000000020000310                _sbrk
                0x0000000020000354                SETSTACK
                0x00000000200003bc                SETPC
                0x00000000200003e0                TIMER_INIT
                0x0000000020000478                DUMPC
                0x00000000200004ac                vect_USART1
                0x0000000020000514                vect_CAN1
                0x000000002000057c                vect_EXTI9_5
                0x00000000200005e4                enqueueByDeadline
                0x000000002000063c                enqueueByBaseline
                0x0000000020000694                dequeue
                0x00000000200006e4                dequeue_pool
                0x0000000020000734                insert
                0x0000000020000758                push
                0x000000002000077c                pop
                0x00000000200007fe                vect_TIM5
                0x0000000020000890                __svc_dispatch
                0x00000000200008a0                __pendSV_dispatch
                0x0000000020000a10                async
                0x0000000020000b4c                sync
                0x0000000020000c58                ABORT
                0x0000000020000d0c                T_RESET
                0x0000000020000d48                T_SAMPLE
                0x0000000020000d88                CURRENT_OFFSET
                0x0000000020000f34                install
                0x0000000020001000                tinytimber
 .text          0x0000000020001064      0x444 Debug/canTinyTimber.o
                0x00000000200010ec                can_init
                0x00000000200011ac                can_interrupt
                0x0000000020001334                can_receive
                0x00000000200013fe                can_send
 .text          0x00000000200014a8      0x294 Debug/sciTinyTimber.o
                0x0000000020001530                sci_init
                0x00000000200015d6                sci_write
                0x000000002000162c                sci_writechar
                0x0000000020001662                sci_interrupt
 .text          0x000000002000173c      0x1b0 Debug/sioTinyTimber.o
                0x00000000200017c4                sio_init
                0x00000000200017f4                sio_read
                0x0000000020001814                sio_write
                0x0000000020001836                sio_toggle
                0x0000000020001854                sio_trig
                0x0000000020001894                sio_interrupt
 .text          0x00000000200018ec     0x11b4 Debug/stm32f4xx_can.o
                0x00000000200018ec                CAN_DeInit
                0x0000000020001934                CAN_Init
                0x0000000020001ad6                CAN_FilterInit
                0x0000000020001c5c                CAN_StructInit
                0x0000000020001cb2                CAN_SlaveStartBank
                0x0000000020001d14                CAN_DBGFreeze
                0x0000000020001d4c                CAN_TTComModeCmd
                0x0000000020001de4                CAN_Transmit
                0x0000000020001f86                CAN_TransmitStatus
                0x000000002000208c                CAN_CancelTransmit
                0x00000000200020e4                CAN_Receive
                0x0000000020002260                CAN_FIFORelease
                0x0000000020002298                CAN_MessagePending
                0x00000000200022e2                CAN_OperatingModeRequest
                0x00000000200023de                CAN_Sleep
                0x0000000020002418                CAN_WakeUp
                0x000000002000246e                CAN_GetLastErrorCode
                0x0000000020002494                CAN_GetReceiveErrorCounter
                0x00000000200024b6                CAN_GetLSBTransmitErrorCounter
                0x00000000200024d8                CAN_ITConfig
                0x0000000020002514                CAN_GetFlagStatus
                0x00000000200025e2                CAN_ClearFlag
                0x0000000020002654                CAN_GetITStatus
                0x00000000200028b8                CAN_ClearITPendingBit
 .text          0x0000000020002aa0      0x450 Debug/stm32f4xx_dac.o
                0x0000000020002aa0                DAC_DeInit
                0x0000000020002abc                DAC_Init
                0x0000000020002b24                DAC_StructInit
                0x0000000020002b50                DAC_Cmd
                0x0000000020002b9c                DAC_SoftwareTriggerCmd
                0x0000000020002bec                DAC_DualSoftwareTriggerCmd
                0x0000000020002c28                DAC_WaveGenerationCmd
                0x0000000020002c74                DAC_SetChannel1Data
                0x0000000020002cac                DAC_SetChannel2Data
                0x0000000020002ce4                DAC_SetDualChannelData
                0x0000000020002d3c                DAC_GetDataOutputValue
                0x0000000020002d70                DAC_DMACmd
                0x0000000020002dc0                DAC_ITConfig
                0x0000000020002e0c                DAC_GetFlagStatus
                0x0000000020002e48                DAC_ClearFlag
                0x0000000020002e70                DAC_GetITStatus
                0x0000000020002ec8                DAC_ClearITPendingBit
 .text          0x0000000020002ef0      0x210 Debug/stm32f4xx_exti.o
                0x0000000020002ef0                EXTI_DeInit
                0x0000000020002f24                EXTI_Init
                0x0000000020003008                EXTI_StructInit
                0x0000000020003034                EXTI_GenerateSWInterrupt
                0x0000000020003058                EXTI_GetFlagStatus
                0x000000002000308c                EXTI_ClearFlag
                0x00000000200030ac                EXTI_GetITStatus
                0x00000000200030e0                EXTI_ClearITPendingBit
 .text          0x0000000020003100      0x4d8 Debug/stm32f4xx_gpio.o
                0x0000000020003100                GPIO_DeInit
                0x0000000020003264                GPIO_Init
                0x0000000020003382                GPIO_StructInit
                0x00000000200033b6                GPIO_PinLockConfig
                0x00000000200033fa                GPIO_ReadInputDataBit
                0x000000002000342e                GPIO_ReadInputData
                0x0000000020003448                GPIO_ReadOutputDataBit
                0x000000002000347c                GPIO_ReadOutputData
                0x0000000020003496                GPIO_SetBits
                0x00000000200034b4                GPIO_ResetBits
                0x00000000200034d2                GPIO_WriteBit
                0x0000000020003502                GPIO_Write
                0x0000000020003520                GPIO_ToggleBits
                0x0000000020003544                GPIO_PinAFConfig
 .text          0x00000000200035d8      0xcb0 Debug/stm32f4xx_rcc.o
                0x00000000200035d8                RCC_DeInit
                0x0000000020003648                RCC_HSEConfig
                0x0000000020003670                RCC_WaitForHSEStartUp
                0x00000000200036c0                RCC_AdjustHSICalibrationValue
                0x00000000200036fc                RCC_HSICmd
                0x000000002000371c                RCC_LSEConfig
                0x0000000020003760                RCC_LSICmd
                0x0000000020003780                RCC_PLLConfig
                0x00000000200037c0                RCC_PLLCmd
                0x00000000200037e0                RCC_PLLI2SConfig
                0x000000002000380c                RCC_PLLI2SCmd
                0x000000002000382c                RCC_PLLSAIConfig
                0x0000000020003860                RCC_PLLSAICmd
                0x0000000020003880                RCC_ClockSecuritySystemCmd
                0x00000000200038a0                RCC_MCO1Config
                0x00000000200038e0                RCC_MCO2Config
                0x0000000020003920                RCC_SYSCLKConfig
                0x0000000020003958                RCC_GetSYSCLKSource
                0x0000000020003978                RCC_HCLKConfig
                0x00000000200039b0                RCC_PCLK1Config
                0x00000000200039e8                RCC_PCLK2Config
                0x0000000020003a24                RCC_GetClocksFreq
                0x0000000020003b80                RCC_RTCCLKConfig
                0x0000000020003bdc                RCC_RTCCLKCmd
                0x0000000020003bfc                RCC_BackupResetCmd
                0x0000000020003c1c                RCC_I2SCLKConfig
                0x0000000020003c3c                RCC_SAIPLLI2SClkDivConfig
                0x0000000020003c7c                RCC_SAIPLLSAIClkDivConfig
                0x0000000020003cbc                RCC_SAIBlockACLKConfig
                0x0000000020003cf8                RCC_SAIBlockBCLKConfig
                0x0000000020003d34                RCC_LTDCCLKDivConfig
                0x0000000020003d70                RCC_TIMCLKPresConfig
                0x0000000020003d90                RCC_AHB1PeriphClockCmd
                0x0000000020003dd0                RCC_AHB2PeriphClockCmd
                0x0000000020003e10                RCC_AHB3PeriphClockCmd
                0x0000000020003e50                RCC_APB1PeriphClockCmd
                0x0000000020003e90                RCC_APB2PeriphClockCmd
                0x0000000020003ed0                RCC_AHB1PeriphResetCmd
                0x0000000020003f10                RCC_AHB2PeriphResetCmd
                0x0000000020003f50                RCC_AHB3PeriphResetCmd
                0x0000000020003f90                RCC_APB1PeriphResetCmd
                0x0000000020003fd0                RCC_APB2PeriphResetCmd
                0x0000000020004010                RCC_AHB1PeriphClockLPModeCmd
                0x0000000020004050                RCC_AHB2PeriphClockLPModeCmd
                0x0000000020004090                RCC_AHB3PeriphClockLPModeCmd
                0x00000000200040d0                RCC_APB1PeriphClockLPModeCmd
                0x0000000020004110                RCC_APB2PeriphClockLPModeCmd
                0x0000000020004150                RCC_ITConfig
                0x000000002000419c                RCC_GetFlagStatus
                0x0000000020004210                RCC_ClearFlag
                0x0000000020004230                RCC_GetITStatus
                0x0000000020004268                RCC_ClearITPendingBit
 .text          0x0000000020004288      0x154 Debug/stm32f4xx_syscfg.o
                0x0000000020004288                SYSCFG_DeInit
                0x00000000200042a4                SYSCFG_MemoryRemapConfig
                0x00000000200042c4                SYSCFG_MemorySwappingBank
                0x00000000200042e4                SYSCFG_EXTILineConfig
                0x0000000020004368                SYSCFG_ETH_MediaInterfaceConfig
                0x0000000020004388                SYSCFG_CompensationCellCmd
                0x00000000200043a8                SYSCFG_GetCompensationCellStatus
 .text          0x00000000200043dc     0x1c1c Debug/stm32f4xx_tim.o
                0x00000000200043dc                TIM_DeInit
                0x000000002000459c                TIM_TimeBaseInit
                0x0000000020004674                TIM_TimeBaseStructInit
                0x00000000200046a8                TIM_PrescalerConfig
                0x00000000200046d0                TIM_CounterModeConfig
                0x0000000020004708                TIM_SetCounter
                0x0000000020004724                TIM_SetAutoreload
                0x0000000020004740                TIM_GetCounter
                0x0000000020004758                TIM_GetPrescaler
                0x0000000020004772                TIM_UpdateDisableConfig
                0x00000000200047b2                TIM_UpdateRequestConfig
                0x00000000200047f2                TIM_ARRPreloadConfig
                0x0000000020004832                TIM_SelectOnePulseMode
                0x000000002000486a                TIM_SetClockDivision
                0x00000000200048a2                TIM_Cmd
                0x00000000200048e2                TIM_OC1Init
                0x00000000200049d8                TIM_OC2Init
                0x0000000020004ae8                TIM_OC3Init
                0x0000000020004bf4                TIM_OC4Init
                0x0000000020004cc4                TIM_OCStructInit
                0x0000000020004d08                TIM_SelectOCxM
                0x0000000020004dbe                TIM_SetCompare1
                0x0000000020004dda                TIM_SetCompare2
                0x0000000020004df6                TIM_SetCompare3
                0x0000000020004e12                TIM_SetCompare4
                0x0000000020004e2e                TIM_ForcedOC1Config
                0x0000000020004e66                TIM_ForcedOC2Config
                0x0000000020004ea2                TIM_ForcedOC3Config
                0x0000000020004eda                TIM_ForcedOC4Config
                0x0000000020004f16                TIM_OC1PreloadConfig
                0x0000000020004f4e                TIM_OC2PreloadConfig
                0x0000000020004f8a                TIM_OC3PreloadConfig
                0x0000000020004fc2                TIM_OC4PreloadConfig
                0x0000000020004ffe                TIM_OC1FastConfig
                0x0000000020005036                TIM_OC2FastConfig
                0x0000000020005072                TIM_OC3FastConfig
                0x00000000200050aa                TIM_OC4FastConfig
                0x00000000200050e6                TIM_ClearOC1Ref
                0x000000002000511e                TIM_ClearOC2Ref
                0x000000002000515a                TIM_ClearOC3Ref
                0x0000000020005192                TIM_ClearOC4Ref
                0x00000000200051ce                TIM_OC1PolarityConfig
                0x0000000020005206                TIM_OC1NPolarityConfig
                0x000000002000523e                TIM_OC2PolarityConfig
                0x000000002000527a                TIM_OC2NPolarityConfig
                0x00000000200052b6                TIM_OC3PolarityConfig
                0x00000000200052f2                TIM_OC3NPolarityConfig
                0x000000002000532e                TIM_OC4PolarityConfig
                0x000000002000536a                TIM_CCxCmd
                0x00000000200053c0                TIM_CCxNCmd
                0x0000000020005416                TIM_ICInit
                0x00000000200054be                TIM_ICStructInit
                0x00000000200054f0                TIM_PWMIConfig
                0x00000000200055a8                TIM_GetCapture1
                0x00000000200055c0                TIM_GetCapture2
                0x00000000200055d8                TIM_GetCapture3
                0x00000000200055f0                TIM_GetCapture4
                0x0000000020005608                TIM_SetIC1Prescaler
                0x0000000020005640                TIM_SetIC2Prescaler
                0x000000002000567c                TIM_SetIC3Prescaler
                0x00000000200056b4                TIM_SetIC4Prescaler
                0x00000000200056f0                TIM_BDTRConfig
                0x0000000020005740                TIM_BDTRStructInit
                0x000000002000577e                TIM_CtrlPWMOutputs
                0x00000000200057ca                TIM_SelectCOM
                0x000000002000580a                TIM_CCPreloadControl
                0x000000002000584a                TIM_ITConfig
                0x0000000020005892                TIM_GenerateEvent
                0x00000000200058b0                TIM_GetFlagStatus
                0x00000000200058e8                TIM_ClearFlag
                0x000000002000590a                TIM_GetITStatus
                0x000000002000595e                TIM_ClearITPendingBit
                0x0000000020005980                TIM_DMAConfig
                0x00000000200059aa                TIM_DMACmd
                0x00000000200059f2                TIM_SelectCCDMA
                0x0000000020005a32                TIM_InternalClockConfig
                0x0000000020005a56                TIM_ITRxExternalClockConfig
                0x0000000020005a84                TIM_TIxExternalClockConfig
                0x0000000020005ae0                TIM_ETRClockMode1Config
                0x0000000020005b3e                TIM_ETRClockMode2Config
                0x0000000020005b7c                TIM_SelectInputTrigger
                0x0000000020005bb4                TIM_SelectOutputTrigger
                0x0000000020005bec                TIM_SelectSlaveMode
                0x0000000020005c24                TIM_SelectMasterSlaveMode
                0x0000000020005c5c                TIM_ETRConfig
                0x0000000020005cb0                TIM_EncoderInterfaceConfig
                0x0000000020005d48                TIM_SelectHallSensor
                0x0000000020005d88                TIM_RemapConfig
 .text          0x0000000020005ff8      0x970 Debug/stm32f4xx_usart.o
                0x0000000020005ff8                USART_DeInit
                0x0000000020006110                USART_Init
                0x0000000020006284                USART_StructInit
                0x00000000200062be                USART_ClockInit
                0x0000000020006314                USART_ClockStructInit
                0x0000000020006340                USART_Cmd
                0x0000000020006380                USART_SetPrescaler
                0x00000000200063ba                USART_OverSampling8Cmd
                0x00000000200063fe                USART_OneBitMethodCmd
                0x000000002000643e                USART_SendData
                0x0000000020006462                USART_ReceiveData
                0x0000000020006482                USART_SetAddress
                0x00000000200064bc                USART_ReceiverWakeUpCmd
                0x00000000200064fc                USART_WakeUpConfig
                0x0000000020006534                USART_LINBreakDetectLengthConfig
                0x000000002000656c                USART_LINCmd
                0x00000000200065ac                USART_SendBreak
                0x00000000200065d0                USART_HalfDuplexCmd
                0x0000000020006610                USART_SetGuardTime
                0x000000002000664c                USART_SmartCardCmd
                0x000000002000668c                USART_SmartCardNACKCmd
                0x00000000200066cc                USART_IrDAConfig
                0x0000000020006704                USART_IrDACmd
                0x0000000020006744                USART_DMACmd
                0x000000002000678c                USART_ITConfig
                0x000000002000681c                USART_GetFlagStatus
                0x0000000020006854                USART_ClearFlag
                0x0000000020006876                USART_GetITStatus
                0x000000002000692c                USART_ClearITPendingBit
 .text          0x0000000020006968      0x32c Debug/startup.o
 .text          0x0000000020006c94      0x5e0 Debug/application.o
                0x0000000020006c94                playMelody
                0x0000000020006db4                start
                0x0000000020006ec0                stop
                0x0000000020006edc                enablePlay
                0x0000000020006ef8                lowerVolume
                0x0000000020006f24                raiseVolume
                0x0000000020006f50                mute
                0x0000000020006f84                setPeriod
                0x0000000020006fa0                conductor
                0x0000000020007200                main
                0x0000000020007230                startApp
 .text          0x0000000020007274        0x0 /Applications/ArmGNUToolchain/12.2.rel1/arm-none-eabi/bin/../lib/gcc/arm-none-eabi/12.2.1/../../../../arm-none-eabi/lib/thumb/v7e-m+fp/hard/libc_nano.a(libc_a-atoi.o)
 .text          0x0000000020007274        0x0 /Applications/ArmGNUToolchain/12.2.rel1/arm-none-eabi/bin/../lib/gcc/arm-none-eabi/12.2.1/../../../../arm-none-eabi/lib/thumb/v7e-m+fp/hard/libc_nano.a(libc_a-strtol.o)
 .text          0x0000000020007274        0x0 /Applications/ArmGNUToolchain/12.2.rel1/arm-none-eabi/bin/../lib/gcc/arm-none-eabi/12.2.1/../../../../arm-none-eabi/lib/thumb/v7e-m+fp/hard/libc_nano.a(libc_a-memset.o)
 .text          0x0000000020007274        0x0 /Applications/ArmGNUToolchain/12.2.rel1/arm-none-eabi/bin/../lib/gcc/arm-none-eabi/12.2.1/../../../../arm-none-eabi/lib/thumb/v7e-m+fp/hard/libc_nano.a(libc_a-impure.o)
 .text          0x0000000020007274        0x0 /Applications/ArmGNUToolchain/12.2.rel1/arm-none-eabi/bin/../lib/gcc/arm-none-eabi/12.2.1/../../../../arm-none-eabi/lib/thumb/v7e-m+fp/hard/libc_nano.a(libc_a-errno.o)
 .text          0x0000000020007274        0x0 /Applications/ArmGNUToolchain/12.2.rel1/arm-none-eabi/bin/../lib/gcc/arm-none-eabi/12.2.1/../../../../arm-none-eabi/lib/thumb/v7e-m+fp/hard/libc_nano.a(libc_a-ctype_.o)
 *(.text.*)
 .text.atoi     0x0000000020007274        0x8 /Applications/ArmGNUToolchain/12.2.rel1/arm-none-eabi/bin/../lib/gcc/arm-none-eabi/12.2.1/../../../../arm-none-eabi/lib/thumb/v7e-m+fp/hard/libc_nano.a(libc_a-atoi.o)
                0x0000000020007274                atoi
 .text._atoi_r  0x000000002000727c        0x8 /Applications/ArmGNUToolchain/12.2.rel1/arm-none-eabi/bin/../lib/gcc/arm-none-eabi/12.2.1/../../../../arm-none-eabi/lib/thumb/v7e-m+fp/hard/libc_nano.a(libc_a-atoi.o)
                0x000000002000727c                _atoi_r
 .text._strtol_l.constprop.0
                0x0000000020007284       0xfc /Applications/ArmGNUToolchain/12.2.rel1/arm-none-eabi/bin/../lib/gcc/arm-none-eabi/12.2.1/../../../../arm-none-eabi/lib/thumb/v7e-m+fp/hard/libc_nano.a(libc_a-strtol.o)
 .text._strtol_r
                0x0000000020007380        0x4 /Applications/ArmGNUToolchain/12.2.rel1/arm-none-eabi/bin/../lib/gcc/arm-none-eabi/12.2.1/../../../../arm-none-eabi/lib/thumb/v7e-m+fp/hard/libc_nano.a(libc_a-strtol.o)
                0x0000000020007380                _strtol_r
 .text.strtol_l
                0x0000000020007384       0x14 /Applications/ArmGNUToolchain/12.2.rel1/arm-none-eabi/bin/../lib/gcc/arm-none-eabi/12.2.1/../../../../arm-none-eabi/lib/thumb/v7e-m+fp/hard/libc_nano.a(libc_a-strtol.o)
                0x0000000020007384                strtol_l
 .text.strtol   0x0000000020007398       0x14 /Applications/ArmGNUToolchain/12.2.rel1/arm-none-eabi/bin/../lib/gcc/arm-none-eabi/12.2.1/../../../../arm-none-eabi/lib/thumb/v7e-m+fp/hard/libc_nano.a(libc_a-strtol.o)
                0x0000000020007398                strtol
 .text.memset   0x00000000200073ac       0x10 /Applications/ArmGNUToolchain/12.2.rel1/arm-none-eabi/bin/../lib/gcc/arm-none-eabi/12.2.1/../../../../arm-none-eabi/lib/thumb/v7e-m+fp/hard/libc_nano.a(libc_a-memset.o)
                0x00000000200073ac                memset
 .text.__errno  0x00000000200073bc        0xc /Applications/ArmGNUToolchain/12.2.rel1/arm-none-eabi/bin/../lib/gcc/arm-none-eabi/12.2.1/../../../../arm-none-eabi/lib/thumb/v7e-m+fp/hard/libc_nano.a(libc_a-errno.o)
                0x00000000200073bc                __errno
 *(.rodata)
 .rodata        0x00000000200073c8       0x81 Debug/TinyTimber.o
 *fill*         0x0000000020007449        0x3 
 .rodata        0x000000002000744c       0xb2 Debug/canTinyTimber.o
 *fill*         0x00000000200074fe        0x2 
 .rodata        0x0000000020007500       0x23 Debug/sioTinyTimber.o
 *fill*         0x0000000020007523        0x1 
 .rodata        0x0000000020007524      0x280 Debug/application.o
                0x0000000020007524                midiToPeriod
 *(.rodata*)
 .rodata._ctype_
                0x00000000200077a4      0x101 /Applications/ArmGNUToolchain/12.2.rel1/arm-none-eabi/bin/../lib/gcc/arm-none-eabi/12.2.1/../../../../arm-none-eabi/lib/thumb/v7e-m+fp/hard/libc_nano.a(libc_a-ctype_.o)
                0x00000000200077a4                _ctype_
 *(.glue_7)
 .glue_7        0x00000000200078a5        0x0 linker stubs
 *(.glue_7t)
 .glue_7t       0x00000000200078a5        0x0 linker stubs
                0x00000000200078a8                . = ALIGN (0x4)
 *fill*         0x00000000200078a5        0x3 

.vfp11_veneer   0x00000000200078a8        0x0
 .vfp11_veneer  0x00000000200078a8        0x0 linker stubs

.v4_bx          0x00000000200078a8        0x0
 .v4_bx         0x00000000200078a8        0x0 linker stubs

.iplt           0x00000000200078a8        0x0
 .iplt          0x00000000200078a8        0x0 Debug/dispatch.o

.rel.dyn        0x00000000200078a8        0x0
 .rel.iplt      0x00000000200078a8        0x0 Debug/dispatch.o

.data           0x00000000200078a8      0x7d8
                0x00000000200078a8                . = ALIGN (0x4)
 *(.data)
 .data          0x00000000200078a8       0x84 Debug/dispatch.o
 .data          0x000000002000792c       0x24 Debug/TinyTimber.o
                0x000000002000792c                hex
                0x0000000020007940                msgPool
                0x0000000020007944                threadPool
                0x0000000020007948                activeStack
                0x000000002000794c                current
 .data          0x0000000020007950        0x0 Debug/canTinyTimber.o
 .data          0x0000000020007950        0x0 Debug/sciTinyTimber.o
 .data          0x0000000020007950        0x0 Debug/sioTinyTimber.o
 .data          0x0000000020007950        0x0 Debug/stm32f4xx_can.o
 .data          0x0000000020007950        0x0 Debug/stm32f4xx_dac.o
 .data          0x0000000020007950        0x0 Debug/stm32f4xx_exti.o
 .data          0x0000000020007950        0x0 Debug/stm32f4xx_gpio.o
 .data          0x0000000020007950       0x10 Debug/stm32f4xx_rcc.o
 .data          0x0000000020007960        0x0 Debug/stm32f4xx_syscfg.o
 .data          0x0000000020007960        0x0 Debug/stm32f4xx_tim.o
 .data          0x0000000020007960        0x0 Debug/stm32f4xx_usart.o
 .data          0x0000000020007960        0x0 Debug/startup.o
 .data          0x0000000020007960      0x6d0 Debug/application.o
                0x0000000020007960                p
                0x0000000020007970                g3_4
                0x0000000020007980                c4
                0x0000000020007990                d4_8
                0x00000000200079a0                d4_4
                0x00000000200079b0                e4
                0x00000000200079c0                g4_4
                0x00000000200079d0                fs5_8
                0x00000000200079e0                fs5_4
                0x00000000200079f0                g5_8
                0x0000000020007a00                g5_4
                0x0000000020007a10                b5_4
                0x0000000020007a20                c6_8
                0x0000000020007a30                e6_8
                0x0000000020007a40                e6_4
                0x0000000020007a50                g6_4
                0x0000000020007a60                sopranoMelody
                0x0000000020007aa0                altoMelody
                0x0000000020007ae0                tenorMelody
                0x0000000020007b20                bassMelody
                0x0000000020007b60                music
                0x0000000020007b70                musicPlayer
                0x0000000020007b9c                soprano
                0x0000000020007bb4                alto
                0x0000000020007bcc                tenor
                0x0000000020007be4                bass
                0x0000000020007bfc                harmonies
                0x0000000020007c0c                addr_dac
                0x0000000020007c10                sci0
 .data          0x0000000020008030        0x0 /Applications/ArmGNUToolchain/12.2.rel1/arm-none-eabi/bin/../lib/gcc/arm-none-eabi/12.2.1/../../../../arm-none-eabi/lib/thumb/v7e-m+fp/hard/libc_nano.a(libc_a-atoi.o)
 .data          0x0000000020008030        0x0 /Applications/ArmGNUToolchain/12.2.rel1/arm-none-eabi/bin/../lib/gcc/arm-none-eabi/12.2.1/../../../../arm-none-eabi/lib/thumb/v7e-m+fp/hard/libc_nano.a(libc_a-strtol.o)
 .data          0x0000000020008030        0x0 /Applications/ArmGNUToolchain/12.2.rel1/arm-none-eabi/bin/../lib/gcc/arm-none-eabi/12.2.1/../../../../arm-none-eabi/lib/thumb/v7e-m+fp/hard/libc_nano.a(libc_a-memset.o)
 .data          0x0000000020008030        0x0 /Applications/ArmGNUToolchain/12.2.rel1/arm-none-eabi/bin/../lib/gcc/arm-none-eabi/12.2.1/../../../../arm-none-eabi/lib/thumb/v7e-m+fp/hard/libc_nano.a(libc_a-impure.o)
 .data          0x0000000020008030        0x0 /Applications/ArmGNUToolchain/12.2.rel1/arm-none-eabi/bin/../lib/gcc/arm-none-eabi/12.2.1/../../../../arm-none-eabi/lib/thumb/v7e-m+fp/hard/libc_nano.a(libc_a-errno.o)
 .data          0x0000000020008030        0x0 /Applications/ArmGNUToolchain/12.2.rel1/arm-none-eabi/bin/../lib/gcc/arm-none-eabi/12.2.1/../../../../arm-none-eabi/lib/thumb/v7e-m+fp/hard/libc_nano.a(libc_a-ctype_.o)
 *(.data.*)
 .data._impure_ptr
                0x0000000020008030        0x4 /Applications/ArmGNUToolchain/12.2.rel1/arm-none-eabi/bin/../lib/gcc/arm-none-eabi/12.2.1/../../../../arm-none-eabi/lib/thumb/v7e-m+fp/hard/libc_nano.a(libc_a-impure.o)
                0x0000000020008030                _impure_ptr
 .data._impure_data
                0x0000000020008034       0x4c /Applications/ArmGNUToolchain/12.2.rel1/arm-none-eabi/bin/../lib/gcc/arm-none-eabi/12.2.1/../../../../arm-none-eabi/lib/thumb/v7e-m+fp/hard/libc_nano.a(libc_a-impure.o)
                0x0000000020008034                _impure_data
                0x0000000020008080                . = ALIGN (0x4)

.igot.plt       0x0000000020008080        0x0
 .igot.plt      0x0000000020008080        0x0 Debug/dispatch.o

.bss            0x0000000020008080     0x8370
                0x0000000020008080                . = ALIGN (0x4)
                0x0000000020008080                _sbss = .
 *(.bss)
 .bss           0x0000000020008080        0x0 Debug/dispatch.o
 .bss           0x0000000020008080     0x8370 Debug/TinyTimber.o
                0x0000000020008080                __heap_end
                0x0000000020008084                messages
                0x0000000020008354                threads
                0x00000000200083a8                stacks
                0x00000000200103a8                thread0
                0x00000000200103bc                msgQ
                0x00000000200103c0                timerQ
                0x00000000200103c4                runAsHardware
                0x00000000200103c8                doIRQSchedule
                0x00000000200103cc                timestamp
                0x00000000200103d0                overflows
                0x00000000200103d4                upcoming
                0x00000000200103d8                mtable
                0x00000000200103e4                otable
 .bss           0x00000000200103f0        0x0 Debug/canTinyTimber.o
 .bss           0x00000000200103f0        0x0 Debug/sciTinyTimber.o
 .bss           0x00000000200103f0        0x0 Debug/sioTinyTimber.o
 .bss           0x00000000200103f0        0x0 Debug/stm32f4xx_can.o
 .bss           0x00000000200103f0        0x0 Debug/stm32f4xx_dac.o
 .bss           0x00000000200103f0        0x0 Debug/stm32f4xx_exti.o
 .bss           0x00000000200103f0        0x0 Debug/stm32f4xx_gpio.o
 .bss           0x00000000200103f0        0x0 Debug/stm32f4xx_rcc.o
 .bss           0x00000000200103f0        0x0 Debug/stm32f4xx_syscfg.o
 .bss           0x00000000200103f0        0x0 Debug/stm32f4xx_tim.o
 .bss           0x00000000200103f0        0x0 Debug/stm32f4xx_usart.o
 .bss           0x00000000200103f0        0x0 Debug/startup.o
 .bss           0x00000000200103f0        0x0 Debug/application.o
 .bss           0x00000000200103f0        0x0 /Applications/ArmGNUToolchain/12.2.rel1/arm-none-eabi/bin/../lib/gcc/arm-none-eabi/12.2.1/../../../../arm-none-eabi/lib/thumb/v7e-m+fp/hard/libc_nano.a(libc_a-atoi.o)
 .bss           0x00000000200103f0        0x0 /Applications/ArmGNUToolchain/12.2.rel1/arm-none-eabi/bin/../lib/gcc/arm-none-eabi/12.2.1/../../../../arm-none-eabi/lib/thumb/v7e-m+fp/hard/libc_nano.a(libc_a-strtol.o)
 .bss           0x00000000200103f0        0x0 /Applications/ArmGNUToolchain/12.2.rel1/arm-none-eabi/bin/../lib/gcc/arm-none-eabi/12.2.1/../../../../arm-none-eabi/lib/thumb/v7e-m+fp/hard/libc_nano.a(libc_a-memset.o)
 .bss           0x00000000200103f0        0x0 /Applications/ArmGNUToolchain/12.2.rel1/arm-none-eabi/bin/../lib/gcc/arm-none-eabi/12.2.1/../../../../arm-none-eabi/lib/thumb/v7e-m+fp/hard/libc_nano.a(libc_a-impure.o)
 .bss           0x00000000200103f0        0x0 /Applications/ArmGNUToolchain/12.2.rel1/arm-none-eabi/bin/../lib/gcc/arm-none-eabi/12.2.1/../../../../arm-none-eabi/lib/thumb/v7e-m+fp/hard/libc_nano.a(libc_a-errno.o)
 .bss           0x00000000200103f0        0x0 /Applications/ArmGNUToolchain/12.2.rel1/arm-none-eabi/bin/../lib/gcc/arm-none-eabi/12.2.1/../../../../arm-none-eabi/lib/thumb/v7e-m+fp/hard/libc_nano.a(libc_a-ctype_.o)
 *(.bss.*)
 *(COMMON)
                0x00000000200103f0                . = ALIGN (0x4)
                0x00000000200103f0                _ebss = .
                0x00000000200103f0                PROVIDE (end = _ebss)
                [!provide]                        PROVIDE (_end = _ebss)
OUTPUT(Debug/RTS-Lab.elf elf32-littlearm)
LOAD linker stubs

.ARM.attributes
                0x0000000000000000       0x35
 .ARM.attributes
                0x0000000000000000       0x25 Debug/dispatch.o
 .ARM.attributes
                0x0000000000000025       0x34 Debug/TinyTimber.o
 .ARM.attributes
                0x0000000000000059       0x34 Debug/canTinyTimber.o
 .ARM.attributes
                0x000000000000008d       0x34 Debug/sciTinyTimber.o
 .ARM.attributes
                0x00000000000000c1       0x34 Debug/sioTinyTimber.o
 .ARM.attributes
                0x00000000000000f5       0x34 Debug/stm32f4xx_can.o
 .ARM.attributes
                0x0000000000000129       0x34 Debug/stm32f4xx_dac.o
 .ARM.attributes
                0x000000000000015d       0x34 Debug/stm32f4xx_exti.o
 .ARM.attributes
                0x0000000000000191       0x34 Debug/stm32f4xx_gpio.o
 .ARM.attributes
                0x00000000000001c5       0x34 Debug/stm32f4xx_rcc.o
 .ARM.attributes
                0x00000000000001f9       0x34 Debug/stm32f4xx_syscfg.o
 .ARM.attributes
                0x000000000000022d       0x34 Debug/stm32f4xx_tim.o
 .ARM.attributes
                0x0000000000000261       0x34 Debug/stm32f4xx_usart.o
 .ARM.attributes
                0x0000000000000295       0x34 Debug/startup.o
 .ARM.attributes
                0x00000000000002c9       0x34 Debug/application.o
 .ARM.attributes
                0x00000000000002fd       0x34 /Applications/ArmGNUToolchain/12.2.rel1/arm-none-eabi/bin/../lib/gcc/arm-none-eabi/12.2.1/../../../../arm-none-eabi/lib/thumb/v7e-m+fp/hard/libc_nano.a(libc_a-atoi.o)
 .ARM.attributes
                0x0000000000000331       0x34 /Applications/ArmGNUToolchain/12.2.rel1/arm-none-eabi/bin/../lib/gcc/arm-none-eabi/12.2.1/../../../../arm-none-eabi/lib/thumb/v7e-m+fp/hard/libc_nano.a(libc_a-strtol.o)
 .ARM.attributes
                0x0000000000000365       0x34 /Applications/ArmGNUToolchain/12.2.rel1/arm-none-eabi/bin/../lib/gcc/arm-none-eabi/12.2.1/../../../../arm-none-eabi/lib/thumb/v7e-m+fp/hard/libc_nano.a(libc_a-memset.o)
 .ARM.attributes
                0x0000000000000399       0x34 /Applications/ArmGNUToolchain/12.2.rel1/arm-none-eabi/bin/../lib/gcc/arm-none-eabi/12.2.1/../../../../arm-none-eabi/lib/thumb/v7e-m+fp/hard/libc_nano.a(libc_a-impure.o)
 .ARM.attributes
                0x00000000000003cd       0x34 /Applications/ArmGNUToolchain/12.2.rel1/arm-none-eabi/bin/../lib/gcc/arm-none-eabi/12.2.1/../../../../arm-none-eabi/lib/thumb/v7e-m+fp/hard/libc_nano.a(libc_a-errno.o)
 .ARM.attributes
                0x0000000000000401       0x34 /Applications/ArmGNUToolchain/12.2.rel1/arm-none-eabi/bin/../lib/gcc/arm-none-eabi/12.2.1/../../../../arm-none-eabi/lib/thumb/v7e-m+fp/hard/libc_nano.a(libc_a-ctype_.o)

.comment        0x0000000000000000       0x45
 .comment       0x0000000000000000       0x45 Debug/TinyTimber.o
                                         0x46 (size before relaxing)
 .comment       0x0000000000000045       0x46 Debug/canTinyTimber.o
 .comment       0x0000000000000045       0x46 Debug/sciTinyTimber.o
 .comment       0x0000000000000045       0x46 Debug/sioTinyTimber.o
 .comment       0x0000000000000045       0x46 Debug/stm32f4xx_can.o
 .comment       0x0000000000000045       0x46 Debug/stm32f4xx_dac.o
 .comment       0x0000000000000045       0x46 Debug/stm32f4xx_exti.o
 .comment       0x0000000000000045       0x46 Debug/stm32f4xx_gpio.o
 .comment       0x0000000000000045       0x46 Debug/stm32f4xx_rcc.o
 .comment       0x0000000000000045       0x46 Debug/stm32f4xx_syscfg.o
 .comment       0x0000000000000045       0x46 Debug/stm32f4xx_tim.o
 .comment       0x0000000000000045       0x46 Debug/stm32f4xx_usart.o
 .comment       0x0000000000000045       0x46 Debug/startup.o
 .comment       0x0000000000000045       0x46 Debug/application.o

.debug_info     0x0000000000000000     0xa363
 .debug_info    0x0000000000000000     0x18b3 Debug/TinyTimber.o
 .debug_info    0x00000000000018b3      0xe78 Debug/canTinyTimber.o
 .debug_info    0x000000000000272b      0xa14 Debug/sciTinyTimber.o
 .debug_info    0x000000000000313f      0xae6 Debug/sioTinyTimber.o
 .debug_info    0x0000000000003c25      0xb71 Debug/stm32f4xx_can.o
 .debug_info    0x0000000000004796      0x61b Debug/stm32f4xx_dac.o
 .debug_info    0x0000000000004db1      0x31b Debug/stm32f4xx_exti.o
 .debug_info    0x00000000000050cc      0x608 Debug/stm32f4xx_gpio.o
 .debug_info    0x00000000000056d4      0xda3 Debug/stm32f4xx_rcc.o
 .debug_info    0x0000000000006477      0x284 Debug/stm32f4xx_syscfg.o
 .debug_info    0x00000000000066fb     0x1bf1 Debug/stm32f4xx_tim.o
 .debug_info    0x00000000000082ec      0x9be Debug/stm32f4xx_usart.o
 .debug_info    0x0000000000008caa      0xc29 Debug/startup.o
 .debug_info    0x00000000000098d3      0xa90 Debug/application.o

.debug_abbrev   0x0000000000000000     0x2124
 .debug_abbrev  0x0000000000000000      0x536 Debug/TinyTimber.o
 .debug_abbrev  0x0000000000000536      0x2c8 Debug/canTinyTimber.o
 .debug_abbrev  0x00000000000007fe      0x2c0 Debug/sciTinyTimber.o
 .debug_abbrev  0x0000000000000abe      0x2bb Debug/sioTinyTimber.o
 .debug_abbrev  0x0000000000000d79      0x240 Debug/stm32f4xx_can.o
 .debug_abbrev  0x0000000000000fb9      0x1c0 Debug/stm32f4xx_dac.o
 .debug_abbrev  0x0000000000001179      0x1d1 Debug/stm32f4xx_exti.o
 .debug_abbrev  0x000000000000134a      0x1ec Debug/stm32f4xx_gpio.o
 .debug_abbrev  0x0000000000001536      0x1df Debug/stm32f4xx_rcc.o
 .debug_abbrev  0x0000000000001715      0x161 Debug/stm32f4xx_syscfg.o
 .debug_abbrev  0x0000000000001876      0x1cc Debug/stm32f4xx_tim.o
 .debug_abbrev  0x0000000000001a42      0x1af Debug/stm32f4xx_usart.o
 .debug_abbrev  0x0000000000001bf1      0x2c3 Debug/startup.o
 .debug_abbrev  0x0000000000001eb4      0x270 Debug/application.o

.debug_aranges  0x0000000000000000      0x1c8
 .debug_aranges
                0x0000000000000000       0x20 Debug/TinyTimber.o
 .debug_aranges
                0x0000000000000020       0x20 Debug/canTinyTimber.o
 .debug_aranges
                0x0000000000000040       0x20 Debug/sciTinyTimber.o
 .debug_aranges
                0x0000000000000060       0x20 Debug/sioTinyTimber.o
 .debug_aranges
                0x0000000000000080       0x20 Debug/stm32f4xx_can.o
 .debug_aranges
                0x00000000000000a0       0x20 Debug/stm32f4xx_dac.o
 .debug_aranges
                0x00000000000000c0       0x20 Debug/stm32f4xx_exti.o
 .debug_aranges
                0x00000000000000e0       0x20 Debug/stm32f4xx_gpio.o
 .debug_aranges
                0x0000000000000100       0x20 Debug/stm32f4xx_rcc.o
 .debug_aranges
                0x0000000000000120       0x20 Debug/stm32f4xx_syscfg.o
 .debug_aranges
                0x0000000000000140       0x20 Debug/stm32f4xx_tim.o
 .debug_aranges
                0x0000000000000160       0x20 Debug/stm32f4xx_usart.o
 .debug_aranges
                0x0000000000000180       0x28 Debug/startup.o
 .debug_aranges
                0x00000000000001a8       0x20 Debug/application.o

.debug_line     0x0000000000000000     0x47b9
 .debug_line    0x0000000000000000      0xa38 Debug/TinyTimber.o
 .debug_line    0x0000000000000a38      0x3a9 Debug/canTinyTimber.o
 .debug_line    0x0000000000000de1      0x28f Debug/sciTinyTimber.o
 .debug_line    0x0000000000001070      0x24d Debug/sioTinyTimber.o
 .debug_line    0x00000000000012bd      0x946 Debug/stm32f4xx_can.o
 .debug_line    0x0000000000001c03      0x372 Debug/stm32f4xx_dac.o
 .debug_line    0x0000000000001f75      0x289 Debug/stm32f4xx_exti.o
 .debug_line    0x00000000000021fe      0x3b5 Debug/stm32f4xx_gpio.o
 .debug_line    0x00000000000025b3      0x75d Debug/stm32f4xx_rcc.o
 .debug_line    0x0000000000002d10      0x1e2 Debug/stm32f4xx_syscfg.o
 .debug_line    0x0000000000002ef2      0xbd6 Debug/stm32f4xx_tim.o
 .debug_line    0x0000000000003ac8      0x567 Debug/stm32f4xx_usart.o
 .debug_line    0x000000000000402f      0x32d Debug/startup.o
 .debug_line    0x000000000000435c      0x45d Debug/application.o

.debug_str      0x0000000000000000     0x32e1
 .debug_str     0x0000000000000000      0xc9f Debug/TinyTimber.o
                                        0xd36 (size before relaxing)
 .debug_str     0x0000000000000c9f      0x251 Debug/canTinyTimber.o
                                        0xa7c (size before relaxing)
 .debug_str     0x0000000000000ef0       0x6c Debug/sciTinyTimber.o
                                        0x8d5 (size before relaxing)
 .debug_str     0x0000000000000f5c      0x198 Debug/sioTinyTimber.o
                                        0xa16 (size before relaxing)
 .debug_str     0x00000000000010f4      0x360 Debug/stm32f4xx_can.o
                                        0x736 (size before relaxing)
 .debug_str     0x0000000000001454      0x272 Debug/stm32f4xx_dac.o
                                        0x44b (size before relaxing)
 .debug_str     0x00000000000016c6       0x90 Debug/stm32f4xx_exti.o
                                        0x32d (size before relaxing)
 .debug_str     0x0000000000001756      0x282 Debug/stm32f4xx_gpio.o
                                        0x4ab (size before relaxing)
 .debug_str     0x00000000000019d8      0x725 Debug/stm32f4xx_rcc.o
                                        0x976 (size before relaxing)
 .debug_str     0x00000000000020fd      0x14f Debug/stm32f4xx_syscfg.o
                                        0x306 (size before relaxing)
 .debug_str     0x000000000000224c      0x9cc Debug/stm32f4xx_tim.o
                                        0xddf (size before relaxing)
 .debug_str     0x0000000000002c18      0x3b2 Debug/stm32f4xx_usart.o
                                        0x6b0 (size before relaxing)
 .debug_str     0x0000000000002fca       0xf1 Debug/startup.o
                                        0x8b3 (size before relaxing)
 .debug_str     0x00000000000030bb      0x226 Debug/application.o
                                        0x4fd (size before relaxing)

.debug_frame    0x0000000000000000     0x32e4
 .debug_frame   0x0000000000000000      0x57c Debug/TinyTimber.o
 .debug_frame   0x000000000000057c      0x100 Debug/canTinyTimber.o
 .debug_frame   0x000000000000067c      0x11c Debug/sciTinyTimber.o
 .debug_frame   0x0000000000000798      0x138 Debug/sioTinyTimber.o
 .debug_frame   0x00000000000008d0      0x3f8 Debug/stm32f4xx_can.o
 .debug_frame   0x0000000000000cc8      0x2ac Debug/stm32f4xx_dac.o
 .debug_frame   0x0000000000000f74      0x148 Debug/stm32f4xx_exti.o
 .debug_frame   0x00000000000010bc      0x23c Debug/stm32f4xx_gpio.o
 .debug_frame   0x00000000000012f8      0x814 Debug/stm32f4xx_rcc.o
 .debug_frame   0x0000000000001b0c      0x11c Debug/stm32f4xx_syscfg.o
 .debug_frame   0x0000000000001c28      0xe54 Debug/stm32f4xx_tim.o
 .debug_frame   0x0000000000002a7c      0x490 Debug/stm32f4xx_usart.o
 .debug_frame   0x0000000000002f0c      0x14c Debug/startup.o
 .debug_frame   0x0000000000003058      0x1b8 Debug/application.o
 .debug_frame   0x0000000000003210       0x30 /Applications/ArmGNUToolchain/12.2.rel1/arm-none-eabi/bin/../lib/gcc/arm-none-eabi/12.2.1/../../../../arm-none-eabi/lib/thumb/v7e-m+fp/hard/libc_nano.a(libc_a-atoi.o)
 .debug_frame   0x0000000000003240       0x64 /Applications/ArmGNUToolchain/12.2.rel1/arm-none-eabi/bin/../lib/gcc/arm-none-eabi/12.2.1/../../../../arm-none-eabi/lib/thumb/v7e-m+fp/hard/libc_nano.a(libc_a-strtol.o)
 .debug_frame   0x00000000000032a4       0x20 /Applications/ArmGNUToolchain/12.2.rel1/arm-none-eabi/bin/../lib/gcc/arm-none-eabi/12.2.1/../../../../arm-none-eabi/lib/thumb/v7e-m+fp/hard/libc_nano.a(libc_a-memset.o)
 .debug_frame   0x00000000000032c4       0x20 /Applications/ArmGNUToolchain/12.2.rel1/arm-none-eabi/bin/../lib/gcc/arm-none-eabi/12.2.1/../../../../arm-none-eabi/lib/thumb/v7e-m+fp/hard/libc_nano.a(libc_a-errno.o)

.debug_rnglists
                0x0000000000000000       0x1a
 .debug_rnglists
                0x0000000000000000       0x1a Debug/startup.o

Cross Reference Table

Symbol                                            File
ABORT                                             Debug/TinyTimber.o
CAN_CancelTransmit                                Debug/stm32f4xx_can.o
CAN_ClearFlag                                     Debug/stm32f4xx_can.o
CAN_ClearITPendingBit                             Debug/stm32f4xx_can.o
CAN_DBGFreeze                                     Debug/stm32f4xx_can.o
CAN_DeInit                                        Debug/stm32f4xx_can.o
                                                  Debug/startup.o
CAN_FIFORelease                                   Debug/stm32f4xx_can.o
CAN_FilterInit                                    Debug/stm32f4xx_can.o
                                                  Debug/startup.o
CAN_GetFlagStatus                                 Debug/stm32f4xx_can.o
                                                  Debug/canTinyTimber.o
CAN_GetITStatus                                   Debug/stm32f4xx_can.o
CAN_GetLSBTransmitErrorCounter                    Debug/stm32f4xx_can.o
CAN_GetLastErrorCode                              Debug/stm32f4xx_can.o
CAN_GetReceiveErrorCounter                        Debug/stm32f4xx_can.o
CAN_ITConfig                                      Debug/stm32f4xx_can.o
                                                  Debug/canTinyTimber.o
CAN_Init                                          Debug/stm32f4xx_can.o
                                                  Debug/canTinyTimber.o
CAN_MessagePending                                Debug/stm32f4xx_can.o
CAN_OperatingModeRequest                          Debug/stm32f4xx_can.o
CAN_Receive                                       Debug/stm32f4xx_can.o
                                                  Debug/canTinyTimber.o
CAN_SlaveStartBank                                Debug/stm32f4xx_can.o
CAN_Sleep                                         Debug/stm32f4xx_can.o
CAN_StructInit                                    Debug/stm32f4xx_can.o
                                                  Debug/canTinyTimber.o
CAN_TTComModeCmd                                  Debug/stm32f4xx_can.o
CAN_Transmit                                      Debug/stm32f4xx_can.o
                                                  Debug/canTinyTimber.o
CAN_TransmitStatus                                Debug/stm32f4xx_can.o
CAN_WakeUp                                        Debug/stm32f4xx_can.o
CURRENT_OFFSET                                    Debug/TinyTimber.o
DAC_ClearFlag                                     Debug/stm32f4xx_dac.o
DAC_ClearITPendingBit                             Debug/stm32f4xx_dac.o
DAC_Cmd                                           Debug/stm32f4xx_dac.o
                                                  Debug/startup.o
DAC_DMACmd                                        Debug/stm32f4xx_dac.o
DAC_DeInit                                        Debug/stm32f4xx_dac.o
                                                  Debug/startup.o
DAC_DualSoftwareTriggerCmd                        Debug/stm32f4xx_dac.o
DAC_GetDataOutputValue                            Debug/stm32f4xx_dac.o
DAC_GetFlagStatus                                 Debug/stm32f4xx_dac.o
DAC_GetITStatus                                   Debug/stm32f4xx_dac.o
DAC_ITConfig                                      Debug/stm32f4xx_dac.o
DAC_Init                                          Debug/stm32f4xx_dac.o
                                                  Debug/startup.o
DAC_SetChannel1Data                               Debug/stm32f4xx_dac.o
DAC_SetChannel2Data                               Debug/stm32f4xx_dac.o
                                                  Debug/startup.o
DAC_SetDualChannelData                            Debug/stm32f4xx_dac.o
DAC_SoftwareTriggerCmd                            Debug/stm32f4xx_dac.o
DAC_StructInit                                    Debug/stm32f4xx_dac.o
                                                  Debug/startup.o
DAC_WaveGenerationCmd                             Debug/stm32f4xx_dac.o
DUMP                                              Debug/TinyTimber.o
                                                  Debug/sioTinyTimber.o
                                                  Debug/canTinyTimber.o
                                                  Debug/dispatch.o
DUMPC                                             Debug/TinyTimber.o
DUMPD                                             Debug/TinyTimber.o
                                                  Debug/dispatch.o
DUMPH                                             Debug/TinyTimber.o
                                                  Debug/dispatch.o
EXTI_ClearFlag                                    Debug/stm32f4xx_exti.o
EXTI_ClearITPendingBit                            Debug/stm32f4xx_exti.o
                                                  Debug/sioTinyTimber.o
EXTI_DeInit                                       Debug/stm32f4xx_exti.o
                                                  Debug/startup.o
EXTI_GenerateSWInterrupt                          Debug/stm32f4xx_exti.o
EXTI_GetFlagStatus                                Debug/stm32f4xx_exti.o
EXTI_GetITStatus                                  Debug/stm32f4xx_exti.o
                                                  Debug/sioTinyTimber.o
EXTI_Init                                         Debug/stm32f4xx_exti.o
                                                  Debug/startup.o
                                                  Debug/sioTinyTimber.o
EXTI_StructInit                                   Debug/stm32f4xx_exti.o
                                                  Debug/startup.o
                                                  Debug/sioTinyTimber.o
GPIO_DeInit                                       Debug/stm32f4xx_gpio.o
                                                  Debug/startup.o
GPIO_Init                                         Debug/stm32f4xx_gpio.o
                                                  Debug/startup.o
GPIO_PinAFConfig                                  Debug/stm32f4xx_gpio.o
                                                  Debug/startup.o
GPIO_PinLockConfig                                Debug/stm32f4xx_gpio.o
GPIO_ReadInputData                                Debug/stm32f4xx_gpio.o
GPIO_ReadInputDataBit                             Debug/stm32f4xx_gpio.o
                                                  Debug/sioTinyTimber.o
GPIO_ReadOutputData                               Debug/stm32f4xx_gpio.o
GPIO_ReadOutputDataBit                            Debug/stm32f4xx_gpio.o
GPIO_ResetBits                                    Debug/stm32f4xx_gpio.o
GPIO_SetBits                                      Debug/stm32f4xx_gpio.o
GPIO_StructInit                                   Debug/stm32f4xx_gpio.o
                                                  Debug/startup.o
GPIO_ToggleBits                                   Debug/stm32f4xx_gpio.o
                                                  Debug/sioTinyTimber.o
GPIO_Write                                        Debug/stm32f4xx_gpio.o
GPIO_WriteBit                                     Debug/stm32f4xx_gpio.o
                                                  Debug/startup.o
                                                  Debug/sioTinyTimber.o
                                                  Debug/TinyTimber.o
RCC_AHB1PeriphClockCmd                            Debug/stm32f4xx_rcc.o
                                                  Debug/startup.o
RCC_AHB1PeriphClockLPModeCmd                      Debug/stm32f4xx_rcc.o
RCC_AHB1PeriphResetCmd                            Debug/stm32f4xx_rcc.o
                                                  Debug/stm32f4xx_gpio.o
RCC_AHB2PeriphClockCmd                            Debug/stm32f4xx_rcc.o
RCC_AHB2PeriphClockLPModeCmd                      Debug/stm32f4xx_rcc.o
RCC_AHB2PeriphResetCmd                            Debug/stm32f4xx_rcc.o
RCC_AHB3PeriphClockCmd                            Debug/stm32f4xx_rcc.o
RCC_AHB3PeriphClockLPModeCmd                      Debug/stm32f4xx_rcc.o
RCC_AHB3PeriphResetCmd                            Debug/stm32f4xx_rcc.o
RCC_APB1PeriphClockCmd                            Debug/stm32f4xx_rcc.o
                                                  Debug/startup.o
RCC_APB1PeriphClockLPModeCmd                      Debug/stm32f4xx_rcc.o
                                                  Debug/startup.o
RCC_APB1PeriphResetCmd                            Debug/stm32f4xx_rcc.o
                                                  Debug/stm32f4xx_usart.o
                                                  Debug/stm32f4xx_tim.o
                                                  Debug/stm32f4xx_dac.o
                                                  Debug/stm32f4xx_can.o
RCC_APB2PeriphClockCmd                            Debug/stm32f4xx_rcc.o
                                                  Debug/startup.o
RCC_APB2PeriphClockLPModeCmd                      Debug/stm32f4xx_rcc.o
RCC_APB2PeriphResetCmd                            Debug/stm32f4xx_rcc.o
                                                  Debug/stm32f4xx_usart.o
                                                  Debug/stm32f4xx_tim.o
                                                  Debug/stm32f4xx_syscfg.o
RCC_AdjustHSICalibrationValue                     Debug/stm32f4xx_rcc.o
RCC_BackupResetCmd                                Debug/stm32f4xx_rcc.o
RCC_ClearFlag                                     Debug/stm32f4xx_rcc.o
RCC_ClearITPendingBit                             Debug/stm32f4xx_rcc.o
RCC_ClockSecuritySystemCmd                        Debug/stm32f4xx_rcc.o
RCC_DeInit                                        Debug/stm32f4xx_rcc.o
RCC_GetClocksFreq                                 Debug/stm32f4xx_rcc.o
                                                  Debug/stm32f4xx_usart.o
RCC_GetFlagStatus                                 Debug/stm32f4xx_rcc.o
RCC_GetITStatus                                   Debug/stm32f4xx_rcc.o
RCC_GetSYSCLKSource                               Debug/stm32f4xx_rcc.o
RCC_HCLKConfig                                    Debug/stm32f4xx_rcc.o
RCC_HSEConfig                                     Debug/stm32f4xx_rcc.o
RCC_HSICmd                                        Debug/stm32f4xx_rcc.o
RCC_I2SCLKConfig                                  Debug/stm32f4xx_rcc.o
RCC_ITConfig                                      Debug/stm32f4xx_rcc.o
RCC_LSEConfig                                     Debug/stm32f4xx_rcc.o
RCC_LSICmd                                        Debug/stm32f4xx_rcc.o
RCC_LTDCCLKDivConfig                              Debug/stm32f4xx_rcc.o
RCC_MCO1Config                                    Debug/stm32f4xx_rcc.o
RCC_MCO2Config                                    Debug/stm32f4xx_rcc.o
RCC_PCLK1Config                                   Debug/stm32f4xx_rcc.o
RCC_PCLK2Config                                   Debug/stm32f4xx_rcc.o
RCC_PLLCmd                                        Debug/stm32f4xx_rcc.o
RCC_PLLConfig                                     Debug/stm32f4xx_rcc.o
RCC_PLLI2SCmd                                     Debug/stm32f4xx_rcc.o
RCC_PLLI2SConfig                                  Debug/stm32f4xx_rcc.o
RCC_PLLSAICmd                                     Debug/stm32f4xx_rcc.o
RCC_PLLSAIConfig                                  Debug/stm32f4xx_rcc.o
RCC_RTCCLKCmd                                     Debug/stm32f4xx_rcc.o
RCC_RTCCLKConfig                                  Debug/stm32f4xx_rcc.o
RCC_SAIBlockACLKConfig                            Debug/stm32f4xx_rcc.o
RCC_SAIBlockBCLKConfig                            Debug/stm32f4xx_rcc.o
RCC_SAIPLLI2SClkDivConfig                         Debug/stm32f4xx_rcc.o
RCC_SAIPLLSAIClkDivConfig                         Debug/stm32f4xx_rcc.o
RCC_SYSCLKConfig                                  Debug/stm32f4xx_rcc.o
RCC_TIMCLKPresConfig                              Debug/stm32f4xx_rcc.o
RCC_WaitForHSEStartUp                             Debug/stm32f4xx_rcc.o
SETPC                                             Debug/TinyTimber.o
SETSTACK                                          Debug/TinyTimber.o
SYSCFG_CompensationCellCmd                        Debug/stm32f4xx_syscfg.o
SYSCFG_DeInit                                     Debug/stm32f4xx_syscfg.o
SYSCFG_ETH_MediaInterfaceConfig                   Debug/stm32f4xx_syscfg.o
SYSCFG_EXTILineConfig                             Debug/stm32f4xx_syscfg.o
                                                  Debug/startup.o
SYSCFG_GetCompensationCellStatus                  Debug/stm32f4xx_syscfg.o
SYSCFG_MemoryRemapConfig                          Debug/stm32f4xx_syscfg.o
SYSCFG_MemorySwappingBank                         Debug/stm32f4xx_syscfg.o
TIMER_INIT                                        Debug/TinyTimber.o
TIM_ARRPreloadConfig                              Debug/stm32f4xx_tim.o
TIM_BDTRConfig                                    Debug/stm32f4xx_tim.o
TIM_BDTRStructInit                                Debug/stm32f4xx_tim.o
TIM_CCPreloadControl                              Debug/stm32f4xx_tim.o
TIM_CCxCmd                                        Debug/stm32f4xx_tim.o
TIM_CCxNCmd                                       Debug/stm32f4xx_tim.o
TIM_ClearFlag                                     Debug/stm32f4xx_tim.o
TIM_ClearITPendingBit                             Debug/stm32f4xx_tim.o
                                                  Debug/TinyTimber.o
TIM_ClearOC1Ref                                   Debug/stm32f4xx_tim.o
TIM_ClearOC2Ref                                   Debug/stm32f4xx_tim.o
TIM_ClearOC3Ref                                   Debug/stm32f4xx_tim.o
TIM_ClearOC4Ref                                   Debug/stm32f4xx_tim.o
TIM_Cmd                                           Debug/stm32f4xx_tim.o
                                                  Debug/TinyTimber.o
TIM_CounterModeConfig                             Debug/stm32f4xx_tim.o
TIM_CtrlPWMOutputs                                Debug/stm32f4xx_tim.o
TIM_DMACmd                                        Debug/stm32f4xx_tim.o
TIM_DMAConfig                                     Debug/stm32f4xx_tim.o
TIM_DeInit                                        Debug/stm32f4xx_tim.o
                                                  Debug/TinyTimber.o
TIM_ETRClockMode1Config                           Debug/stm32f4xx_tim.o
TIM_ETRClockMode2Config                           Debug/stm32f4xx_tim.o
TIM_ETRConfig                                     Debug/stm32f4xx_tim.o
TIM_EncoderInterfaceConfig                        Debug/stm32f4xx_tim.o
TIM_ForcedOC1Config                               Debug/stm32f4xx_tim.o
TIM_ForcedOC2Config                               Debug/stm32f4xx_tim.o
TIM_ForcedOC3Config                               Debug/stm32f4xx_tim.o
TIM_ForcedOC4Config                               Debug/stm32f4xx_tim.o
TIM_GenerateEvent                                 Debug/stm32f4xx_tim.o
TIM_GetCapture1                                   Debug/stm32f4xx_tim.o
TIM_GetCapture2                                   Debug/stm32f4xx_tim.o
TIM_GetCapture3                                   Debug/stm32f4xx_tim.o
TIM_GetCapture4                                   Debug/stm32f4xx_tim.o
TIM_GetCounter                                    Debug/stm32f4xx_tim.o
                                                  Debug/TinyTimber.o
TIM_GetFlagStatus                                 Debug/stm32f4xx_tim.o
TIM_GetITStatus                                   Debug/stm32f4xx_tim.o
TIM_GetPrescaler                                  Debug/stm32f4xx_tim.o
TIM_ICInit                                        Debug/stm32f4xx_tim.o
TIM_ICStructInit                                  Debug/stm32f4xx_tim.o
TIM_ITConfig                                      Debug/stm32f4xx_tim.o
                                                  Debug/TinyTimber.o
TIM_ITRxExternalClockConfig                       Debug/stm32f4xx_tim.o
TIM_InternalClockConfig                           Debug/stm32f4xx_tim.o
TIM_OC1FastConfig                                 Debug/stm32f4xx_tim.o
TIM_OC1Init                                       Debug/stm32f4xx_tim.o
TIM_OC1NPolarityConfig                            Debug/stm32f4xx_tim.o
TIM_OC1PolarityConfig                             Debug/stm32f4xx_tim.o
TIM_OC1PreloadConfig                              Debug/stm32f4xx_tim.o
TIM_OC2FastConfig                                 Debug/stm32f4xx_tim.o
TIM_OC2Init                                       Debug/stm32f4xx_tim.o
TIM_OC2NPolarityConfig                            Debug/stm32f4xx_tim.o
TIM_OC2PolarityConfig                             Debug/stm32f4xx_tim.o
TIM_OC2PreloadConfig                              Debug/stm32f4xx_tim.o
TIM_OC3FastConfig                                 Debug/stm32f4xx_tim.o
TIM_OC3Init                                       Debug/stm32f4xx_tim.o
TIM_OC3NPolarityConfig                            Debug/stm32f4xx_tim.o
TIM_OC3PolarityConfig                             Debug/stm32f4xx_tim.o
TIM_OC3PreloadConfig                              Debug/stm32f4xx_tim.o
TIM_OC4FastConfig                                 Debug/stm32f4xx_tim.o
TIM_OC4Init                                       Debug/stm32f4xx_tim.o
TIM_OC4PolarityConfig                             Debug/stm32f4xx_tim.o
TIM_OC4PreloadConfig                              Debug/stm32f4xx_tim.o
TIM_OCStructInit                                  Debug/stm32f4xx_tim.o
TIM_PWMIConfig                                    Debug/stm32f4xx_tim.o
TIM_PrescalerConfig                               Debug/stm32f4xx_tim.o
TIM_RemapConfig                                   Debug/stm32f4xx_tim.o
TIM_SelectCCDMA                                   Debug/stm32f4xx_tim.o
TIM_SelectCOM                                     Debug/stm32f4xx_tim.o
TIM_SelectHallSensor                              Debug/stm32f4xx_tim.o
TIM_SelectInputTrigger                            Debug/stm32f4xx_tim.o
TIM_SelectMasterSlaveMode                         Debug/stm32f4xx_tim.o
TIM_SelectOCxM                                    Debug/stm32f4xx_tim.o
TIM_SelectOnePulseMode                            Debug/stm32f4xx_tim.o
TIM_SelectOutputTrigger                           Debug/stm32f4xx_tim.o
TIM_SelectSlaveMode                               Debug/stm32f4xx_tim.o
TIM_SetAutoreload                                 Debug/stm32f4xx_tim.o
TIM_SetClockDivision                              Debug/stm32f4xx_tim.o
TIM_SetCompare1                                   Debug/stm32f4xx_tim.o
                                                  Debug/TinyTimber.o
TIM_SetCompare2                                   Debug/stm32f4xx_tim.o
TIM_SetCompare3                                   Debug/stm32f4xx_tim.o
TIM_SetCompare4                                   Debug/stm32f4xx_tim.o
TIM_SetCounter                                    Debug/stm32f4xx_tim.o
                                                  Debug/TinyTimber.o
TIM_SetIC1Prescaler                               Debug/stm32f4xx_tim.o
TIM_SetIC2Prescaler                               Debug/stm32f4xx_tim.o
TIM_SetIC3Prescaler                               Debug/stm32f4xx_tim.o
TIM_SetIC4Prescaler                               Debug/stm32f4xx_tim.o
TIM_TIxExternalClockConfig                        Debug/stm32f4xx_tim.o
TIM_TimeBaseInit                                  Debug/stm32f4xx_tim.o
                                                  Debug/TinyTimber.o
TIM_TimeBaseStructInit                            Debug/stm32f4xx_tim.o
                                                  Debug/TinyTimber.o
TIM_UpdateDisableConfig                           Debug/stm32f4xx_tim.o
TIM_UpdateRequestConfig                           Debug/stm32f4xx_tim.o
T_RESET                                           Debug/TinyTimber.o
T_SAMPLE                                          Debug/TinyTimber.o
USART_ClearFlag                                   Debug/stm32f4xx_usart.o
USART_ClearITPendingBit                           Debug/stm32f4xx_usart.o
USART_ClockInit                                   Debug/stm32f4xx_usart.o
USART_ClockStructInit                             Debug/stm32f4xx_usart.o
USART_Cmd                                         Debug/stm32f4xx_usart.o
USART_DMACmd                                      Debug/stm32f4xx_usart.o
USART_DeInit                                      Debug/stm32f4xx_usart.o
USART_GetFlagStatus                               Debug/stm32f4xx_usart.o
                                                  Debug/sciTinyTimber.o
                                                  Debug/TinyTimber.o
USART_GetITStatus                                 Debug/stm32f4xx_usart.o
USART_HalfDuplexCmd                               Debug/stm32f4xx_usart.o
USART_ITConfig                                    Debug/stm32f4xx_usart.o
                                                  Debug/sciTinyTimber.o
USART_Init                                        Debug/stm32f4xx_usart.o
USART_IrDACmd                                     Debug/stm32f4xx_usart.o
USART_IrDAConfig                                  Debug/stm32f4xx_usart.o
USART_LINBreakDetectLengthConfig                  Debug/stm32f4xx_usart.o
USART_LINCmd                                      Debug/stm32f4xx_usart.o
USART_OneBitMethodCmd                             Debug/stm32f4xx_usart.o
USART_OverSampling8Cmd                            Debug/stm32f4xx_usart.o
USART_ReceiveData                                 Debug/stm32f4xx_usart.o
                                                  Debug/sciTinyTimber.o
USART_ReceiverWakeUpCmd                           Debug/stm32f4xx_usart.o
USART_SendBreak                                   Debug/stm32f4xx_usart.o
USART_SendData                                    Debug/stm32f4xx_usart.o
                                                  Debug/sciTinyTimber.o
                                                  Debug/TinyTimber.o
USART_SetAddress                                  Debug/stm32f4xx_usart.o
USART_SetGuardTime                                Debug/stm32f4xx_usart.o
USART_SetPrescaler                                Debug/stm32f4xx_usart.o
USART_SmartCardCmd                                Debug/stm32f4xx_usart.o
USART_SmartCardNACKCmd                            Debug/stm32f4xx_usart.o
USART_StructInit                                  Debug/stm32f4xx_usart.o
USART_WakeUpConfig                                Debug/stm32f4xx_usart.o
__errno                                           /Applications/ArmGNUToolchain/12.2.rel1/arm-none-eabi/bin/../lib/gcc/arm-none-eabi/12.2.1/../../../../arm-none-eabi/lib/thumb/v7e-m+fp/hard/libc_nano.a(libc_a-errno.o)
                                                  /Applications/ArmGNUToolchain/12.2.rel1/arm-none-eabi/bin/../lib/gcc/arm-none-eabi/12.2.1/../../../../arm-none-eabi/lib/thumb/v7e-m+fp/hard/libc_nano.a(libc_a-strtol.o)
__heap_end                                        Debug/TinyTimber.o
__pendSV_dispatch                                 Debug/TinyTimber.o
__sf                                              /Applications/ArmGNUToolchain/12.2.rel1/arm-none-eabi/bin/../lib/gcc/arm-none-eabi/12.2.1/../../../../arm-none-eabi/lib/thumb/v7e-m+fp/hard/libc_nano.a(libc_a-impure.o)
__svc_dispatch                                    Debug/TinyTimber.o
_atoi_r                                           /Applications/ArmGNUToolchain/12.2.rel1/arm-none-eabi/bin/../lib/gcc/arm-none-eabi/12.2.1/../../../../arm-none-eabi/lib/thumb/v7e-m+fp/hard/libc_nano.a(libc_a-atoi.o)
_ctype_                                           /Applications/ArmGNUToolchain/12.2.rel1/arm-none-eabi/bin/../lib/gcc/arm-none-eabi/12.2.1/../../../../arm-none-eabi/lib/thumb/v7e-m+fp/hard/libc_nano.a(libc_a-ctype_.o)
                                                  /Applications/ArmGNUToolchain/12.2.rel1/arm-none-eabi/bin/../lib/gcc/arm-none-eabi/12.2.1/../../../../arm-none-eabi/lib/thumb/v7e-m+fp/hard/libc_nano.a(libc_a-strtol.o)
_ebss                                             Debug/startup.o
_impure_data                                      /Applications/ArmGNUToolchain/12.2.rel1/arm-none-eabi/bin/../lib/gcc/arm-none-eabi/12.2.1/../../../../arm-none-eabi/lib/thumb/v7e-m+fp/hard/libc_nano.a(libc_a-impure.o)
_impure_ptr                                       /Applications/ArmGNUToolchain/12.2.rel1/arm-none-eabi/bin/../lib/gcc/arm-none-eabi/12.2.1/../../../../arm-none-eabi/lib/thumb/v7e-m+fp/hard/libc_nano.a(libc_a-impure.o)
                                                  /Applications/ArmGNUToolchain/12.2.rel1/arm-none-eabi/bin/../lib/gcc/arm-none-eabi/12.2.1/../../../../arm-none-eabi/lib/thumb/v7e-m+fp/hard/libc_nano.a(libc_a-errno.o)
                                                  /Applications/ArmGNUToolchain/12.2.rel1/arm-none-eabi/bin/../lib/gcc/arm-none-eabi/12.2.1/../../../../arm-none-eabi/lib/thumb/v7e-m+fp/hard/libc_nano.a(libc_a-strtol.o)
_sbrk                                             Debug/TinyTimber.o
_sbss                                             Debug/startup.o
_strtol_r                                         /Applications/ArmGNUToolchain/12.2.rel1/arm-none-eabi/bin/../lib/gcc/arm-none-eabi/12.2.1/../../../../arm-none-eabi/lib/thumb/v7e-m+fp/hard/libc_nano.a(libc_a-strtol.o)
                                                  /Applications/ArmGNUToolchain/12.2.rel1/arm-none-eabi/bin/../lib/gcc/arm-none-eabi/12.2.1/../../../../arm-none-eabi/lib/thumb/v7e-m+fp/hard/libc_nano.a(libc_a-atoi.o)
activeStack                                       Debug/TinyTimber.o
addr_dac                                          Debug/application.o
alto                                              Debug/application.o
altoMelody                                        Debug/application.o
async                                             Debug/TinyTimber.o
                                                  Debug/application.o
                                                  Debug/sioTinyTimber.o
                                                  Debug/sciTinyTimber.o
                                                  Debug/canTinyTimber.o
atoi                                              /Applications/ArmGNUToolchain/12.2.rel1/arm-none-eabi/bin/../lib/gcc/arm-none-eabi/12.2.1/../../../../arm-none-eabi/lib/thumb/v7e-m+fp/hard/libc_nano.a(libc_a-atoi.o)
                                                  Debug/application.o
b5_4                                              Debug/application.o
bass                                              Debug/application.o
bassMelody                                        Debug/application.o
c4                                                Debug/application.o
c6_8                                              Debug/application.o
can_init                                          Debug/canTinyTimber.o
can_interrupt                                     Debug/canTinyTimber.o
can_receive                                       Debug/canTinyTimber.o
can_send                                          Debug/canTinyTimber.o
cli                                               Debug/TinyTimber.o
conductor                                         Debug/application.o
current                                           Debug/TinyTimber.o
                                                  Debug/dispatch.o
d4_4                                              Debug/application.o
d4_8                                              Debug/application.o
dequeue                                           Debug/TinyTimber.o
dequeue_pool                                      Debug/TinyTimber.o
doIRQSchedule                                     Debug/TinyTimber.o
                                                  Debug/sioTinyTimber.o
                                                  Debug/sciTinyTimber.o
                                                  Debug/canTinyTimber.o
e4                                                Debug/application.o
e6_4                                              Debug/application.o
e6_8                                              Debug/application.o
enablePlay                                        Debug/application.o
end                                               Debug/TinyTimber.o
enqueueByBaseline                                 Debug/TinyTimber.o
enqueueByDeadline                                 Debug/TinyTimber.o
fs5_4                                             Debug/application.o
fs5_8                                             Debug/application.o
g3_4                                              Debug/application.o
g4_4                                              Debug/application.o
g5_4                                              Debug/application.o
g5_8                                              Debug/application.o
g6_4                                              Debug/application.o
harmonies                                         Debug/application.o
hex                                               Debug/TinyTimber.o
insert                                            Debug/TinyTimber.o
install                                           Debug/TinyTimber.o
                                                  Debug/application.o
lowerVolume                                       Debug/application.o
main                                              Debug/application.o
                                                  Debug/startup.o
memset                                            /Applications/ArmGNUToolchain/12.2.rel1/arm-none-eabi/bin/../lib/gcc/arm-none-eabi/12.2.1/../../../../arm-none-eabi/lib/thumb/v7e-m+fp/hard/libc_nano.a(libc_a-memset.o)
                                                  Debug/application.o
messages                                          Debug/TinyTimber.o
midiToPeriod                                      Debug/application.o
msgPool                                           Debug/TinyTimber.o
msgQ                                              Debug/TinyTimber.o
mtable                                            Debug/TinyTimber.o
music                                             Debug/application.o
musicPlayer                                       Debug/application.o
mute                                              Debug/application.o
otable                                            Debug/TinyTimber.o
overflows                                         Debug/TinyTimber.o
p                                                 Debug/application.o
playMelody                                        Debug/application.o
pop                                               Debug/TinyTimber.o
push                                              Debug/TinyTimber.o
raiseVolume                                       Debug/application.o
runAsHardware                                     Debug/TinyTimber.o
sci0                                              Debug/application.o
sci_init                                          Debug/sciTinyTimber.o
                                                  Debug/application.o
sci_interrupt                                     Debug/sciTinyTimber.o
                                                  Debug/application.o
sci_write                                         Debug/sciTinyTimber.o
                                                  Debug/application.o
sci_writechar                                     Debug/sciTinyTimber.o
                                                  Debug/application.o
sei                                               Debug/TinyTimber.o
setPeriod                                         Debug/application.o
sio_init                                          Debug/sioTinyTimber.o
sio_interrupt                                     Debug/sioTinyTimber.o
sio_read                                          Debug/sioTinyTimber.o
sio_toggle                                        Debug/sioTinyTimber.o
sio_trig                                          Debug/sioTinyTimber.o
sio_write                                         Debug/sioTinyTimber.o
soprano                                           Debug/application.o
sopranoMelody                                     Debug/application.o
stacks                                            Debug/TinyTimber.o
start                                             Debug/application.o
startApp                                          Debug/application.o
startup                                           Debug/startup.o
stop                                              Debug/application.o
strtol                                            /Applications/ArmGNUToolchain/12.2.rel1/arm-none-eabi/bin/../lib/gcc/arm-none-eabi/12.2.1/../../../../arm-none-eabi/lib/thumb/v7e-m+fp/hard/libc_nano.a(libc_a-strtol.o)
                                                  /Applications/ArmGNUToolchain/12.2.rel1/arm-none-eabi/bin/../lib/gcc/arm-none-eabi/12.2.1/../../../../arm-none-eabi/lib/thumb/v7e-m+fp/hard/libc_nano.a(libc_a-atoi.o)
strtol_l                                          /Applications/ArmGNUToolchain/12.2.rel1/arm-none-eabi/bin/../lib/gcc/arm-none-eabi/12.2.1/../../../../arm-none-eabi/lib/thumb/v7e-m+fp/hard/libc_nano.a(libc_a-strtol.o)
sync                                              Debug/TinyTimber.o
                                                  Debug/application.o
tenor                                             Debug/application.o
tenorMelody                                       Debug/application.o
thread0                                           Debug/TinyTimber.o
threadPool                                        Debug/TinyTimber.o
threads                                           Debug/TinyTimber.o
timerQ                                            Debug/TinyTimber.o
timestamp                                         Debug/TinyTimber.o
tinytimber                                        Debug/TinyTimber.o
                                                  Debug/application.o
upcoming                                          Debug/TinyTimber.o
                                                  Debug/dispatch.o
vect_CAN1                                         Debug/TinyTimber.o
vect_EXTI9_5                                      Debug/TinyTimber.o
vect_PendSV                                       Debug/dispatch.o
                                                  Debug/TinyTimber.o
vect_SVCall                                       Debug/dispatch.o
                                                  Debug/TinyTimber.o
vect_TIM5                                         Debug/TinyTimber.o
vect_USART1                                       Debug/TinyTimber.o
